[INFO] Scanning for projects...
[INFO] 
[INFO] -------------------< com.leadflow:leadflow-backend >--------------------
[INFO] Building leadflow-backend 1.0.0
[INFO]   from pom.xml
[INFO] --------------------------------[ jar ]---------------------------------
[INFO] 
[INFO] --- clean:3.4.1:clean (default-clean) @ leadflow-backend ---
[INFO] Deleting C:\Users\Gabri\OneDrive\┴rea de Trabalho\leadflow-backend\target
[INFO] 
[INFO] --- resources:3.3.1:resources (default-resources) @ leadflow-backend ---
[INFO] Copying 7 resources from src\main\resources to target\classes
[INFO] Copying 38 resources from src\main\resources to target\classes
[INFO] 
[INFO] --- compiler:3.11.0:compile (default-compile) @ leadflow-backend ---
[INFO] Changes detected - recompiling the module! :source
[INFO] Compiling 185 source files with javac [debug release 17] to target\classes
[INFO] 
[INFO] --- resources:3.3.1:testResources (default-testResources) @ leadflow-backend ---
[INFO] Copying 6 resources from src\test\resources to target\test-classes
[INFO] 
[INFO] --- compiler:3.11.0:testCompile (default-testCompile) @ leadflow-backend ---
[INFO] Changes detected - recompiling the module! :dependency
[INFO] Compiling 39 source files with javac [debug release 17] to target\test-classes
[INFO] 
[INFO] --- surefire:3.5.4:test (default-test) @ leadflow-backend ---
[INFO] Using auto detected provider org.apache.maven.surefire.junitplatform.JUnitPlatformProvider
[INFO] 
[INFO] -------------------------------------------------------
[INFO]  T E S T S
[INFO] -------------------------------------------------------
[INFO] Running com.leadflow.backend.controller.admin.AdminAuditControllerSecurityTest
Standard Commons Logging discovery in action with spring-jcl: please remove commons-logging.jar from classpath in order to avoid potential conflicts
18:45:08.268 [main] INFO org.springframework.test.context.support.AnnotationConfigContextLoaderUtils -- Could not detect default configuration classes for test class [com.leadflow.backend.controller.admin.AdminAuditControllerSecurityTest]: AdminAuditControllerSecurityTest does not declare any static, non-private, non-final, nested classes annotated with @Configuration.
18:45:08.826 [main] INFO org.springframework.boot.test.context.SpringBootTestContextBootstrapper -- Found @SpringBootConfiguration com.leadflow.BackendApplication for test class com.leadflow.backend.controller.admin.AdminAuditControllerSecurityTest

  .   ____          _            __ _ _
 /\\ / ___'_ __ _ _(_)_ __  __ _ \ \ \ \
( ( )\___ | '_ | '_| | '_ \/ _` | \ \ \ \
 \\/  ___)| |_)| | | | | || (_| |  ) ) ) )
  '  |____| .__|_| |_|_| |_\__, | / / / /
 =========|_|==============|___/=/_/_/_/

 :: Spring Boot ::               (v3.5.11)

2026-03-04 18:45:09 [main] INFO  [] [ ] [] c.l.b.c.a.AdminAuditControllerSecurityTest - Starting AdminAuditControllerSecurityTest using Java 17.0.16 with PID 23204 (started by Gabri in C:\Users\Gabri\OneDrive\┴rea de Trabalho\leadflow-backend)
2026-03-04 18:45:09 [main] DEBUG [] [ ] [] c.l.b.c.a.AdminAuditControllerSecurityTest - Running with Spring Boot v3.5.11, Spring v6.2.16
2026-03-04 18:45:09 [main] INFO  [] [ ] [] c.l.b.c.a.AdminAuditControllerSecurityTest - The following 1 profile is active: "test"
mvn : OpenJDK 64-Bit Server VM warning: Sharing is only supported for boot loader classes because 
bootstrap classpath has been appended
No linha:1 caractere:1
+ mvn clean test *> test_output.txt; Write-Output "MVN_EXIT=$LASTEXITCO ...
+ ~~~~~~~~~~~~~~~~~~~~~~~~~~~~~~~~~
    + CategoryInfo          : NotSpecified: (OpenJDK 64-Bit ...s been appended:String) [], RemoteExce 
   ption
    + FullyQualifiedErrorId : NativeCommandError
 
2026-03-04 18:45:15 [main] WARN  [] [ ] [] o.s.b.a.s.s.UserDetailsServiceAutoConfiguration - 

Using generated security password: 15d53862-1aa7-4f5c-bfcf-d9960a2303ce

This generated password is for development use only. Your security configuration must be updated before running your application in production.

2026-03-04 18:45:16 [main] DEBUG [] [ ] [] c.l.b.i.logging.CorrelationIdFilter - Filter 'correlationIdFilter' configured for use
2026-03-04 18:45:16 [main] DEBUG [] [ ] [] c.l.backend.security.RateLimitFilter - Filter 'rateLimitFilter' configured for use
2026-03-04 18:45:16 [main] INFO  [] [ ] [] c.l.b.c.a.AdminAuditControllerSecurityTest - Started AdminAuditControllerSecurityTest in 7.964 seconds (process running for 10.283)
2026-03-04 18:45:17 [main] INFO  [ed8d45e2-1076-4999-9610-ab58751c06e6] [GET /admin/audit/vendor] [127.0.0.1] c.l.b.c.admin.AdminAuditController - Admin vendor audit query executed - filters: vendorId=b8f3d26e-8f9c-4f11-b07a-102b3a746dcf, acao=LEAD_OWNER_CHANGED, entityType=VendorLead
2026-03-04 18:45:17 [main] WARN  [ed8d45e2-1076-4999-9610-ab58751c06e6] [GET /admin/audit/vendor] [127.0.0.1] o.s.d.w.c.SpringDataJacksonConfiguration$PageModule$WarningLoggingModifier - Serializing PageImpl instances as-is is not supported, meaning that there is no guarantee about the stability of the resulting JSON structure!
	For a stable JSON structure, please use Spring Data's PagedModel (globally via @EnableSpringDataWebSupport(pageSerializationMode = VIA_DTO))
	or Spring HATEOAS and Spring Data's PagedResourcesAssembler as documented in https://docs.spring.io/spring-data/commons/reference/repositories/core-extensions.html#core.web.pageables.

[INFO] Tests run: 4, Failures: 0, Errors: 0, Skipped: 0, Time elapsed: 9.279 s -- in com.leadflow.backend.controller.admin.AdminAuditControllerSecurityTest
[INFO] Running com.leadflow.backend.controller.admin.AdminControllerSecurityTest

  .   ____          _            __ _ _
 /\\ / ___'_ __ _ _(_)_ __  __ _ \ \ \ \
( ( )\___ | '_ | '_| | '_ \/ _` | \ \ \ \
 \\/  ___)| |_)| | | | | || (_| |  ) ) ) )
  '  |____| .__|_| |_|_| |_\__, | / / / /
 =========|_|==============|___/=/_/_/_/

 :: Spring Boot ::               (v3.5.11)

2026-03-04 18:45:17 [main] INFO  [] [ ] [] c.l.b.c.a.AdminControllerSecurityTest - Starting AdminControllerSecurityTest using Java 17.0.16 with PID 23204 (started by Gabri in C:\Users\Gabri\OneDrive\┴rea de Trabalho\leadflow-backend)
2026-03-04 18:45:17 [main] DEBUG [] [ ] [] c.l.b.c.a.AdminControllerSecurityTest - Running with Spring Boot v3.5.11, Spring v6.2.16
2026-03-04 18:45:17 [main] INFO  [] [ ] [] c.l.b.c.a.AdminControllerSecurityTest - The following 1 profile is active: "test"
2026-03-04 18:45:17 [main] WARN  [] [ ] [] o.s.b.a.s.s.UserDetailsServiceAutoConfiguration - 

Using generated security password: 8cf4e0b1-ffbc-4904-bfe2-3fa8ff7bb7a3

This generated password is for development use only. Your security configuration must be updated before running your application in production.

2026-03-04 18:45:18 [main] DEBUG [] [ ] [] c.l.b.i.logging.CorrelationIdFilter - Filter 'correlationIdFilter' configured for use
2026-03-04 18:45:18 [main] DEBUG [] [ ] [] c.l.backend.security.RateLimitFilter - Filter 'rateLimitFilter' configured for use
2026-03-04 18:45:18 [main] INFO  [] [ ] [] c.l.b.c.a.AdminControllerSecurityTest - Started AdminControllerSecurityTest in 0.774 seconds (process running for 11.552)
[INFO] Tests run: 15, Failures: 0, Errors: 0, Skipped: 0, Time elapsed: 0.961 s -- in com.leadflow.backend.controller.admin.AdminControllerSecurityTest
[INFO] Running com.leadflow.backend.controller.admin.AdminOverviewIntegrationTest

  .   ____          _            __ _ _
 /\\ / ___'_ __ _ _(_)_ __  __ _ \ \ \ \
( ( )\___ | '_ | '_| | '_ \/ _` | \ \ \ \
 \\/  ___)| |_)| | | | | || (_| |  ) ) ) )
  '  |____| .__|_| |_|_| |_\__, | / / / /
 =========|_|==============|___/=/_/_/_/

 :: Spring Boot ::               (v3.5.11)

2026-03-04 18:46:00 [main] INFO  [] [ ] [] c.l.b.c.a.AdminOverviewIntegrationTest - Starting AdminOverviewIntegrationTest using Java 17.0.16 with PID 23204 (started by Gabri in C:\Users\Gabri\OneDrive\┴rea de Trabalho\leadflow-backend)
2026-03-04 18:46:00 [main] DEBUG [] [ ] [] c.l.b.c.a.AdminOverviewIntegrationTest - Running with Spring Boot v3.5.11, Spring v6.2.16
2026-03-04 18:46:00 [main] INFO  [] [ ] [] c.l.b.c.a.AdminOverviewIntegrationTest - The following 1 profile is active: "test"
2026-03-04 18:46:03 [main] WARN  [] [ ] [] org.hibernate.orm.deprecation - HHH90000025: PostgreSQLDialect does not need to be specified explicitly using 'hibernate.dialect' (remove the property setting and it will be selected by default)
2026-03-04 18:46:05 [main] DEBUG [] [ ] [] org.hibernate.SQL - 
    set client_min_messages = WARNING
2026-03-04 18:46:05 [main] DEBUG [] [ ] [] org.hibernate.SQL - 
    drop table if exists public.roles cascade
2026-03-04 18:46:05 [main] DEBUG [] [ ] [] org.hibernate.SQL - 
    drop table if exists public.tenants cascade
2026-03-04 18:46:05 [main] DEBUG [] [ ] [] org.hibernate.SQL - 
    alter table if exists lead_status_history 
       drop constraint if exists fk_lsh_user
2026-03-04 18:46:05 [main] DEBUG [] [ ] [] org.hibernate.SQL - 
    alter table if exists lead_status_history 
       drop constraint if exists fk_lsh_lead
2026-03-04 18:46:05 [main] DEBUG [] [ ] [] org.hibernate.SQL - 
    alter table if exists logs 
       drop constraint if exists fk_logs_user
2026-03-04 18:46:05 [main] DEBUG [] [ ] [] org.hibernate.SQL - 
    alter table if exists password_reset_token 
       drop constraint if exists FK83nsrttkwkb6ym0anu051mtxn
2026-03-04 18:46:05 [main] DEBUG [] [ ] [] org.hibernate.SQL - 
    alter table if exists refresh_tokens 
       drop constraint if exists fk_refresh_token_user
2026-03-04 18:46:05 [main] DEBUG [] [ ] [] org.hibernate.SQL - 
    alter table if exists settings 
       drop constraint if exists fk_settings_user
2026-03-04 18:46:05 [main] DEBUG [] [ ] [] org.hibernate.SQL - 
    alter table if exists users 
       drop constraint if exists fk_users_role
2026-03-04 18:46:05 [main] DEBUG [] [ ] [] org.hibernate.SQL - 
    drop table if exists email_events cascade
2026-03-04 18:46:05 [main] DEBUG [] [ ] [] org.hibernate.SQL - 
    drop table if exists lead_status_history cascade
2026-03-04 18:46:05 [main] DEBUG [] [ ] [] org.hibernate.SQL - 
    drop table if exists leads cascade
2026-03-04 18:46:05 [main] DEBUG [] [ ] [] org.hibernate.SQL - 
    drop table if exists login_audit cascade
2026-03-04 18:46:05 [main] DEBUG [] [ ] [] org.hibernate.SQL - 
    drop table if exists logs cascade
2026-03-04 18:46:05 [main] DEBUG [] [ ] [] org.hibernate.SQL - 
    drop table if exists password_reset_token cascade
2026-03-04 18:46:05 [main] DEBUG [] [ ] [] org.hibernate.SQL - 
    drop table if exists refresh_tokens cascade
2026-03-04 18:46:05 [main] DEBUG [] [ ] [] org.hibernate.SQL - 
    drop table if exists security_audit_logs cascade
2026-03-04 18:46:05 [main] DEBUG [] [ ] [] org.hibernate.SQL - 
    drop table if exists settings cascade
2026-03-04 18:46:05 [main] DEBUG [] [ ] [] org.hibernate.SQL - 
    drop table if exists subscription_history cascade
2026-03-04 18:46:05 [main] DEBUG [] [ ] [] org.hibernate.SQL - 
    drop table if exists user_sessions cascade
2026-03-04 18:46:05 [main] DEBUG [] [ ] [] org.hibernate.SQL - 
    drop table if exists users cascade
2026-03-04 18:46:05 [main] DEBUG [] [ ] [] org.hibernate.SQL - 
    drop table if exists vendor_audit_logs cascade
2026-03-04 18:46:05 [main] DEBUG [] [ ] [] org.hibernate.SQL - 
    drop table if exists vendor_features cascade
2026-03-04 18:46:05 [main] DEBUG [] [ ] [] org.hibernate.SQL - 
    drop table if exists vendor_lead_alerts cascade
2026-03-04 18:46:05 [main] DEBUG [] [ ] [] org.hibernate.SQL - 
    drop table if exists vendor_lead_conversations cascade
2026-03-04 18:46:05 [main] DEBUG [] [ ] [] org.hibernate.SQL - 
    drop table if exists vendor_lead_messages cascade
2026-03-04 18:46:05 [main] DEBUG [] [ ] [] org.hibernate.SQL - 
    drop table if exists vendor_lead_stage_history cascade
2026-03-04 18:46:05 [main] DEBUG [] [ ] [] org.hibernate.SQL - 
    drop table if exists vendor_leads cascade
2026-03-04 18:46:05 [main] DEBUG [] [ ] [] org.hibernate.SQL - 
    drop table if exists vendor_risk_alerts cascade
2026-03-04 18:46:05 [main] DEBUG [] [ ] [] org.hibernate.SQL - 
    drop table if exists vendor_usage cascade
2026-03-04 18:46:05 [main] DEBUG [] [ ] [] org.hibernate.SQL - 
    drop table if exists vendors cascade
2026-03-04 18:46:05 [main] DEBUG [] [ ] [] org.hibernate.SQL - 
    drop table if exists webhook_events cascade
2026-03-04 18:46:05 [main] DEBUG [] [ ] [] org.hibernate.SQL - 
    create table public.roles (
        created_at timestamp(6) not null,
        updated_at timestamp(6) not null,
        id uuid not null,
        name varchar(50) not null,
        primary key (id),
        constraint uk_roles_name unique (name)
    )
2026-03-04 18:46:05 [main] DEBUG [] [ ] [] org.hibernate.SQL - 
    create table public.tenants (
        created_at timestamp(6) not null,
        deleted_at timestamp(6),
        updated_at timestamp(6) not null,
        id uuid not null,
        schema_name varchar(50) not null,
        name varchar(100) not null,
        primary key (id),
        constraint uk_tenants_schema_name unique (schema_name)
    )
2026-03-04 18:46:05 [main] DEBUG [] [ ] [] org.hibernate.SQL - 
    create index idx_tenants_schema_name 
       on public.tenants (schema_name)
2026-03-04 18:46:05 [main] DEBUG [] [ ] [] org.hibernate.SQL - 
    create table email_events (
        attempt_count integer not null,
        max_attempts integer not null,
        next_retry_at timestamp(6) with time zone,
        occurred_at timestamp(6) with time zone not null,
        processed_at timestamp(6) with time zone,
        updated_at timestamp(6) with time zone not null,
        id uuid not null,
        email varchar(255) not null,
        event_type varchar(255) not null,
        html_content TEXT,
        reason varchar(255),
        status varchar(255) not null,
        subject varchar(255),
        primary key (id)
    )
2026-03-04 18:46:05 [main] DEBUG [] [ ] [] org.hibernate.SQL - 
    create table lead_status_history (
        changed_at timestamp(6) not null,
        changed_by uuid,
        id uuid not null,
        lead_id uuid not null,
        status varchar(30) not null check (status in ('NEW','CONTACTED','QUALIFIED','CLOSED')),
        primary key (id)
    )
2026-03-04 18:46:05 [main] DEBUG [] [ ] [] org.hibernate.SQL - 
    create table leads (
        created_at timestamp(6) not null,
        deleted_at timestamp(6),
        updated_at timestamp(6) not null,
        id uuid not null,
        user_id uuid not null,
        phone varchar(20),
        status varchar(30) not null check (status in ('NEW','CONTACTED','QUALIFIED','CLOSED')),
        email varchar(150) not null,
        name varchar(150) not null,
        primary key (id),
        constraint uk_leads_email_user unique (email, user_id)
    )
2026-03-04 18:46:05 [main] DEBUG [] [ ] [] org.hibernate.SQL - 
    create table login_audit (
        success boolean not null,
        suspicious boolean not null,
        created_at timestamp(6) with time zone not null,
        id uuid not null,
        tenant_id uuid not null,
        user_id uuid,
        ip_address varchar(45),
        email varchar(320) not null,
        user_agent varchar(512),
        failure_reason varchar(255),
        primary key (id)
    )
2026-03-04 18:46:05 [main] DEBUG [] [ ] [] org.hibernate.SQL - 
    create table logs (
        created_at timestamp(6) not null,
        id uuid not null,
        user_id uuid,
        action TEXT not null,
        primary key (id)
    )
2026-03-04 18:46:05 [main] DEBUG [] [ ] [] org.hibernate.SQL - 
    create table password_reset_token (
        used boolean not null,
        created_at timestamp(6) not null,
        expires_at timestamp(6) not null,
        id uuid not null,
        user_id uuid not null,
        token_hash varchar(255) not null unique,
        primary key (id)
    )
2026-03-04 18:46:05 [main] DEBUG [] [ ] [] org.hibernate.SQL - 
    create table refresh_tokens (
        revoked boolean not null,
        created_at timestamp(6) not null,
        expires_at timestamp(6) not null,
        id uuid not null,
        user_id uuid not null,
        device_fingerprint varchar(255) not null,
        token_hash varchar(255) not null,
        primary key (id),
        constraint uq_refresh_token_hash unique (token_hash)
    )
2026-03-04 18:46:05 [main] DEBUG [] [ ] [] org.hibernate.SQL - 
    create table security_audit_logs (
        success boolean not null,
        created_at timestamp(6) not null,
        id uuid not null,
        action varchar(50) not null check (action in ('LOGIN_SUCCESS','LOGIN_FAILED','ACCOUNT_LOCKED','PASSWORD_RESET_REQUESTED','PASSWORD_RESET_SUCCESS','USER_REGISTERED')),
        correlation_id varchar(100),
        ip_address varchar(100),
        tenant varchar(100) not null,
        email varchar(150) not null,
        user_agent varchar(255),
        primary key (id)
    )
2026-03-04 18:46:05 [main] DEBUG [] [ ] [] org.hibernate.SQL - 
    create table settings (
        created_at timestamp(6) not null,
        deleted_at timestamp(6),
        updated_at timestamp(6) not null,
        whatsapp varchar(15) not null,
        id uuid not null,
        user_id uuid not null,
        company_name varchar(100),
        vendor_name varchar(100) not null,
        logo TEXT,
        welcome_message TEXT,
        primary key (id)
    )
2026-03-04 18:46:05 [main] DEBUG [] [ ] [] org.hibernate.SQL - 
    create table subscription_history (
        changed_at timestamp(6) with time zone not null,
        id uuid not null,
        vendor_id uuid not null,
        external_event_id varchar(255),
        new_status varchar(255) not null check (new_status in ('TRIAL','ATIVA','INADIMPLENTE','SUSPENSA','CANCELADA','EXPIRADA')),
        previous_status varchar(255) not null check (previous_status in ('TRIAL','ATIVA','INADIMPLENTE','SUSPENSA','CANCELADA','EXPIRADA')),
        reason varchar(255),
        primary key (id)
    )
2026-03-04 18:46:05 [main] DEBUG [] [ ] [] org.hibernate.SQL - 
    create table user_sessions (
        active boolean not null,
        suspicious boolean not null,
        created_at timestamp(6) with time zone not null,
        last_access_at timestamp(6) with time zone,
        revoked_at timestamp(6) with time zone,
        id uuid not null,
        tenant_id uuid not null,
        user_id uuid not null,
        token_id varchar(36) not null unique,
        initial_ip_address varchar(45),
        ip_address varchar(45),
        initial_user_agent varchar(512),
        user_agent varchar(512),
        primary key (id)
    )
2026-03-04 18:46:05 [main] DEBUG [] [ ] [] org.hibernate.SQL - 
    create table users (
        failed_attempts integer not null,
        created_at timestamp(6) not null,
        credentials_updated_at timestamp(6),
        deleted_at timestamp(6),
        lock_until timestamp(6),
        updated_at timestamp(6) not null,
        id uuid not null,
        role_id uuid not null,
        email varchar(150) not null,
        name varchar(150) not null,
        password varchar(255) not null,
        primary key (id),
        constraint uq_users_email unique (email)
    )
2026-03-04 18:46:05 [main] DEBUG [] [ ] [] org.hibernate.SQL - 
    create table vendor_audit_logs (
        created_at timestamp(6) with time zone not null,
        entidade_id uuid not null,
        id uuid not null,
        vendor_id uuid not null,
        acao varchar(255) not null,
        detalhes TEXT,
        entity_type varchar(255) not null,
        user_email varchar(255) not null,
        primary key (id)
    )
2026-03-04 18:46:05 [main] DEBUG [] [ ] [] org.hibernate.SQL - 
    create table vendor_features (
        enabled boolean not null,
        created_at timestamp(6) with time zone not null,
        updated_at timestamp(6) with time zone not null,
        id uuid not null,
        vendor_id uuid not null,
        feature_key varchar(255) not null check (feature_key in ('AI_CHAT')),
        primary key (id)
    )
2026-03-04 18:46:05 [main] DEBUG [] [ ] [] org.hibernate.SQL - 
    create table vendor_lead_alerts (
        resolvido boolean not null,
        created_at timestamp(6) with time zone not null,
        id uuid not null,
        vendor_lead_id uuid not null,
        mensagem TEXT not null,
        tipo varchar(255) not null,
        primary key (id)
    )
2026-03-04 18:46:05 [main] DEBUG [] [ ] [] org.hibernate.SQL - 
    create table vendor_lead_conversations (
        created_at timestamp(6) with time zone not null,
        id uuid not null,
        vendor_lead_id uuid not null,
        content TEXT not null,
        role varchar(255) not null,
        primary key (id)
    )
2026-03-04 18:46:05 [main] DEBUG [] [ ] [] org.hibernate.SQL - 
    create table vendor_lead_messages (
        created_at timestamp(6) with time zone not null,
        id uuid not null,
        vendor_lead_id uuid not null,
        role varchar(20) not null check (role in ('USER','AI')),
        message TEXT not null,
        primary key (id)
    )
2026-03-04 18:46:05 [main] DEBUG [] [ ] [] org.hibernate.SQL - 
    create table vendor_lead_stage_history (
        changed_at timestamp(6) with time zone not null,
        id uuid not null,
        vendor_lead_id uuid not null,
        new_stage varchar(255) not null,
        previous_stage varchar(255) not null,
        primary key (id)
    )
2026-03-04 18:46:05 [main] DEBUG [] [ ] [] org.hibernate.SQL - 
    create table vendor_leads (
        score integer not null,
        created_date timestamp(6) with time zone not null,
        id uuid not null,
        vendor_id uuid not null,
        nome_completo varchar(255) not null,
        owner_email varchar(255),
        resumo_estrategico TEXT,
        stage varchar(255) not null check (stage in ('NOVO','CONTATO','PROPOSTA','FECHADO','PERDIDO')),
        status varchar(255) not null,
        tipo_consorcio varchar(255),
        urgencia varchar(255),
        valor_credito varchar(255),
        whatsapp varchar(255) not null,
        primary key (id)
    )
2026-03-04 18:46:05 [main] DEBUG [] [ ] [] org.hibernate.SQL - 
    create table vendor_risk_alerts (
        resolved boolean not null,
        score integer not null,
        created_at timestamp(6) with time zone not null,
        id uuid not null,
        vendor_id uuid not null,
        risk_level varchar(255) not null,
        primary key (id)
    )
2026-03-04 18:46:05 [main] DEBUG [] [ ] [] org.hibernate.SQL - 
    create table vendor_usage (
        alert100sent boolean not null,
        alert80sent boolean not null,
        used integer not null,
        period_end timestamp(6) with time zone not null,
        period_start timestamp(6) with time zone not null,
        id uuid not null,
        vendor_id uuid not null,
        quota_type varchar(255) not null check (quota_type in ('ACTIVE_LEADS','AI_EXECUTIONS')),
        primary key (id)
    )
2026-03-04 18:46:05 [main] DEBUG [] [ ] [] org.hibernate.SQL - 
    create table vendors (
        email_invalid boolean not null,
        created_at timestamp(6) with time zone not null,
        last_payment_at timestamp(6) with time zone,
        next_billing_at timestamp(6) with time zone,
        subscription_expires_at timestamp(6) with time zone,
        subscription_started_at timestamp(6) with time zone,
        updated_at timestamp(6) with time zone,
        id uuid not null,
        cor_destaque varchar(255) not null,
        external_customer_id varchar(255),
        external_subscription_id varchar(255),
        logo_url varchar(255),
        mensagem_boas_vindas TEXT,
        nome_empresa varchar(255),
        nome_vendedor varchar(255) not null,
        slug varchar(255) not null unique,
        subscription_status varchar(255) not null check (subscription_status in ('TRIAL','ATIVA','INADIMPLENTE','SUSPENSA','CANCELADA','EXPIRADA')),
        user_email varchar(255) not null,
        whatsapp_vendedor varchar(255) not null,
        primary key (id)
    )
2026-03-04 18:46:05 [main] DEBUG [] [ ] [] org.hibernate.SQL - 
    create table webhook_events (
        received_at timestamp(6) with time zone not null,
        event_id varchar(255) not null,
        primary key (event_id)
    )
2026-03-04 18:46:05 [main] DEBUG [] [ ] [] org.hibernate.SQL - 
    create index idx_lsh_lead_id 
       on lead_status_history (lead_id)
2026-03-04 18:46:05 [main] DEBUG [] [ ] [] org.hibernate.SQL - 
    create index idx_lsh_lead_changed_at 
       on lead_status_history (lead_id, changed_at)
2026-03-04 18:46:05 [main] DEBUG [] [ ] [] org.hibernate.SQL - 
    create index idx_leads_email 
       on leads (email)
2026-03-04 18:46:05 [main] DEBUG [] [ ] [] org.hibernate.SQL - 
    create index idx_leads_user 
       on leads (user_id)
2026-03-04 18:46:05 [main] DEBUG [] [ ] [] org.hibernate.SQL - 
    create index idx_leads_user_email 
       on leads (user_id, email)
2026-03-04 18:46:05 [main] DEBUG [] [ ] [] org.hibernate.SQL - 
    create index idx_login_user_tenant 
       on login_audit (user_id, tenant_id)
2026-03-04 18:46:05 [main] DEBUG [] [ ] [] org.hibernate.SQL - 
    create index idx_login_email_tenant 
       on login_audit (email, tenant_id)
2026-03-04 18:46:05 [main] DEBUG [] [ ] [] org.hibernate.SQL - 
    create index idx_login_created 
       on login_audit (created_at)
2026-03-04 18:46:05 [main] DEBUG [] [ ] [] org.hibernate.SQL - 
    create index idx_login_success 
       on login_audit (success)
2026-03-04 18:46:05 [main] DEBUG [] [ ] [] org.hibernate.SQL - 
    create index idx_logs_user_id 
       on logs (user_id)
2026-03-04 18:46:05 [main] DEBUG [] [ ] [] org.hibernate.SQL - 
    create index idx_logs_created_at 
       on logs (created_at)
2026-03-04 18:46:05 [main] DEBUG [] [ ] [] org.hibernate.SQL - 
    create index idx_password_reset_token_hash 
       on password_reset_token (token_hash)
2026-03-04 18:46:05 [main] DEBUG [] [ ] [] org.hibernate.SQL - 
    create index idx_password_reset_token_user 
       on password_reset_token (user_id)
2026-03-04 18:46:05 [main] DEBUG [] [ ] [] org.hibernate.SQL - 
    create index idx_password_reset_token_expires 
       on password_reset_token (expires_at)
2026-03-04 18:46:05 [main] DEBUG [] [ ] [] org.hibernate.SQL - 
    create index idx_refresh_token_user 
       on refresh_tokens (user_id)
2026-03-04 18:46:05 [main] DEBUG [] [ ] [] org.hibernate.SQL - 
    create index idx_refresh_token_hash 
       on refresh_tokens (token_hash)
2026-03-04 18:46:05 [main] DEBUG [] [ ] [] org.hibernate.SQL - 
    create index idx_refresh_token_fingerprint 
       on refresh_tokens (device_fingerprint)
2026-03-04 18:46:05 [main] DEBUG [] [ ] [] org.hibernate.SQL - 
    create index idx_audit_email 
       on security_audit_logs (email)
2026-03-04 18:46:05 [main] DEBUG [] [ ] [] org.hibernate.SQL - 
    create index idx_audit_tenant 
       on security_audit_logs (tenant)
2026-03-04 18:46:05 [main] DEBUG [] [ ] [] org.hibernate.SQL - 
    create index idx_audit_created_at 
       on security_audit_logs (created_at)
2026-03-04 18:46:05 [main] DEBUG [] [ ] [] org.hibernate.SQL - 
    create index idx_settings_user 
       on settings (user_id)
2026-03-04 18:46:05 [main] DEBUG [] [ ] [] org.hibernate.SQL - 
    create index idx_session_token_tenant 
       on user_sessions (token_id, tenant_id)
2026-03-04 18:46:05 [main] DEBUG [] [ ] [] org.hibernate.SQL - 
    create index idx_session_user_tenant 
       on user_sessions (user_id, tenant_id)
2026-03-04 18:46:05 [main] DEBUG [] [ ] [] org.hibernate.SQL - 
    create index idx_session_active 
       on user_sessions (active)
2026-03-04 18:46:05 [main] DEBUG [] [ ] [] org.hibernate.SQL - 
    create index idx_session_last_access 
       on user_sessions (last_access_at)
2026-03-04 18:46:05 [main] DEBUG [] [ ] [] org.hibernate.SQL - 
    create index idx_users_email 
       on users (email)
2026-03-04 18:46:05 [main] DEBUG [] [ ] [] org.hibernate.SQL - 
    create index idx_vlm_vendor_lead_id 
       on vendor_lead_messages (vendor_lead_id)
2026-03-04 18:46:05 [main] DEBUG [] [ ] [] org.hibernate.SQL - 
    create index idx_vlm_vendor_lead_created_at 
       on vendor_lead_messages (vendor_lead_id, created_at)
2026-03-04 18:46:05 [main] DEBUG [] [ ] [] org.hibernate.SQL - 
    alter table if exists lead_status_history 
       add constraint fk_lsh_user 
       foreign key (changed_by) 
       references users
2026-03-04 18:46:05 [main] DEBUG [] [ ] [] org.hibernate.SQL - 
    alter table if exists lead_status_history 
       add constraint fk_lsh_lead 
       foreign key (lead_id) 
       references leads
2026-03-04 18:46:05 [main] DEBUG [] [ ] [] org.hibernate.SQL - 
    alter table if exists logs 
       add constraint fk_logs_user 
       foreign key (user_id) 
       references users
2026-03-04 18:46:05 [main] DEBUG [] [ ] [] org.hibernate.SQL - 
    alter table if exists password_reset_token 
       add constraint FK83nsrttkwkb6ym0anu051mtxn 
       foreign key (user_id) 
       references users
2026-03-04 18:46:05 [main] DEBUG [] [ ] [] org.hibernate.SQL - 
    alter table if exists refresh_tokens 
       add constraint fk_refresh_token_user 
       foreign key (user_id) 
       references users
2026-03-04 18:46:05 [main] DEBUG [] [ ] [] org.hibernate.SQL - 
    alter table if exists settings 
       add constraint fk_settings_user 
       foreign key (user_id) 
       references users
2026-03-04 18:46:05 [main] DEBUG [] [ ] [] org.hibernate.SQL - 
    alter table if exists users 
       add constraint fk_users_role 
       foreign key (role_id) 
       references public.roles
2026-03-04 18:46:05 [main] WARN  [] [ ] [] org.hibernate.orm.deprecation - HHH90000025: PostgreSQLDialect does not need to be specified explicitly using 'hibernate.dialect' (remove the property setting and it will be selected by default)
2026-03-04 18:46:05 [main] DEBUG [] [ ] [] org.hibernate.SQL - 
    set client_min_messages = WARNING
2026-03-04 18:46:05 [main] DEBUG [] [ ] [] org.hibernate.SQL - 
    drop table if exists public.roles cascade
2026-03-04 18:46:05 [main] DEBUG [] [ ] [] org.hibernate.SQL - 
    drop table if exists public.tenants cascade
2026-03-04 18:46:05 [main] DEBUG [] [ ] [] org.hibernate.SQL - 
    alter table if exists lead_status_history 
       drop constraint if exists fk_lsh_user
2026-03-04 18:46:05 [main] DEBUG [] [ ] [] org.hibernate.SQL - 
    alter table if exists lead_status_history 
       drop constraint if exists fk_lsh_lead
2026-03-04 18:46:05 [main] DEBUG [] [ ] [] org.hibernate.SQL - 
    alter table if exists logs 
       drop constraint if exists fk_logs_user
2026-03-04 18:46:05 [main] DEBUG [] [ ] [] org.hibernate.SQL - 
    alter table if exists password_reset_token 
       drop constraint if exists FK83nsrttkwkb6ym0anu051mtxn
2026-03-04 18:46:05 [main] DEBUG [] [ ] [] org.hibernate.SQL - 
    alter table if exists refresh_tokens 
       drop constraint if exists fk_refresh_token_user
2026-03-04 18:46:05 [main] DEBUG [] [ ] [] org.hibernate.SQL - 
    alter table if exists settings 
       drop constraint if exists fk_settings_user
2026-03-04 18:46:05 [main] DEBUG [] [ ] [] org.hibernate.SQL - 
    alter table if exists users 
       drop constraint if exists fk_users_role
2026-03-04 18:46:05 [main] DEBUG [] [ ] [] org.hibernate.SQL - 
    drop table if exists email_events cascade
2026-03-04 18:46:05 [main] DEBUG [] [ ] [] org.hibernate.SQL - 
    drop table if exists lead_status_history cascade
2026-03-04 18:46:05 [main] DEBUG [] [ ] [] org.hibernate.SQL - 
    drop table if exists leads cascade
2026-03-04 18:46:05 [main] DEBUG [] [ ] [] org.hibernate.SQL - 
    drop table if exists login_audit cascade
2026-03-04 18:46:05 [main] DEBUG [] [ ] [] org.hibernate.SQL - 
    drop table if exists logs cascade
2026-03-04 18:46:05 [main] DEBUG [] [ ] [] org.hibernate.SQL - 
    drop table if exists password_reset_token cascade
2026-03-04 18:46:05 [main] DEBUG [] [ ] [] org.hibernate.SQL - 
    drop table if exists refresh_tokens cascade
2026-03-04 18:46:05 [main] DEBUG [] [ ] [] org.hibernate.SQL - 
    drop table if exists security_audit_logs cascade
2026-03-04 18:46:05 [main] DEBUG [] [ ] [] org.hibernate.SQL - 
    drop table if exists settings cascade
2026-03-04 18:46:05 [main] DEBUG [] [ ] [] org.hibernate.SQL - 
    drop table if exists subscription_history cascade
2026-03-04 18:46:05 [main] DEBUG [] [ ] [] org.hibernate.SQL - 
    drop table if exists user_sessions cascade
2026-03-04 18:46:05 [main] DEBUG [] [ ] [] org.hibernate.SQL - 
    drop table if exists users cascade
2026-03-04 18:46:05 [main] DEBUG [] [ ] [] org.hibernate.SQL - 
    drop table if exists vendor_audit_logs cascade
2026-03-04 18:46:05 [main] DEBUG [] [ ] [] org.hibernate.SQL - 
    drop table if exists vendor_features cascade
2026-03-04 18:46:05 [main] DEBUG [] [ ] [] org.hibernate.SQL - 
    drop table if exists vendor_lead_alerts cascade
2026-03-04 18:46:05 [main] DEBUG [] [ ] [] org.hibernate.SQL - 
    drop table if exists vendor_lead_conversations cascade
2026-03-04 18:46:05 [main] DEBUG [] [ ] [] org.hibernate.SQL - 
    drop table if exists vendor_lead_messages cascade
2026-03-04 18:46:05 [main] DEBUG [] [ ] [] org.hibernate.SQL - 
    drop table if exists vendor_lead_stage_history cascade
2026-03-04 18:46:05 [main] DEBUG [] [ ] [] org.hibernate.SQL - 
    drop table if exists vendor_leads cascade
2026-03-04 18:46:05 [main] DEBUG [] [ ] [] org.hibernate.SQL - 
    drop table if exists vendor_risk_alerts cascade
2026-03-04 18:46:05 [main] DEBUG [] [ ] [] org.hibernate.SQL - 
    drop table if exists vendor_usage cascade
2026-03-04 18:46:05 [main] DEBUG [] [ ] [] org.hibernate.SQL - 
    drop table if exists vendors cascade
2026-03-04 18:46:05 [main] DEBUG [] [ ] [] org.hibernate.SQL - 
    drop table if exists webhook_events cascade
2026-03-04 18:46:05 [main] DEBUG [] [ ] [] org.hibernate.SQL - 
    create table public.roles (
        created_at timestamp(6) not null,
        updated_at timestamp(6) not null,
        id uuid not null,
        name varchar(50) not null,
        primary key (id),
        constraint uk_roles_name unique (name)
    )
2026-03-04 18:46:05 [main] DEBUG [] [ ] [] org.hibernate.SQL - 
    create table public.tenants (
        created_at timestamp(6) not null,
        deleted_at timestamp(6),
        updated_at timestamp(6) not null,
        id uuid not null,
        schema_name varchar(50) not null,
        name varchar(100) not null,
        primary key (id),
        constraint uk_tenants_schema_name unique (schema_name)
    )
2026-03-04 18:46:05 [main] DEBUG [] [ ] [] org.hibernate.SQL - 
    create index idx_tenants_schema_name 
       on public.tenants (schema_name)
2026-03-04 18:46:05 [main] DEBUG [] [ ] [] org.hibernate.SQL - 
    create table email_events (
        attempt_count integer not null,
        max_attempts integer not null,
        next_retry_at timestamp(6) with time zone,
        occurred_at timestamp(6) with time zone not null,
        processed_at timestamp(6) with time zone,
        updated_at timestamp(6) with time zone not null,
        id uuid not null,
        email varchar(255) not null,
        event_type varchar(255) not null,
        html_content TEXT,
        reason varchar(255),
        status varchar(255) not null,
        subject varchar(255),
        primary key (id)
    )
2026-03-04 18:46:05 [main] DEBUG [] [ ] [] org.hibernate.SQL - 
    create table lead_status_history (
        changed_at timestamp(6) not null,
        changed_by uuid,
        id uuid not null,
        lead_id uuid not null,
        status varchar(30) not null check (status in ('NEW','CONTACTED','QUALIFIED','CLOSED')),
        primary key (id)
    )
2026-03-04 18:46:05 [main] DEBUG [] [ ] [] org.hibernate.SQL - 
    create table leads (
        created_at timestamp(6) not null,
        deleted_at timestamp(6),
        updated_at timestamp(6) not null,
        id uuid not null,
        user_id uuid not null,
        phone varchar(20),
        status varchar(30) not null check (status in ('NEW','CONTACTED','QUALIFIED','CLOSED')),
        email varchar(150) not null,
        name varchar(150) not null,
        primary key (id),
        constraint uk_leads_email_user unique (email, user_id)
    )
2026-03-04 18:46:05 [main] DEBUG [] [ ] [] org.hibernate.SQL - 
    create table login_audit (
        success boolean not null,
        suspicious boolean not null,
        created_at timestamp(6) with time zone not null,
        id uuid not null,
        tenant_id uuid not null,
        user_id uuid,
        ip_address varchar(45),
        email varchar(320) not null,
        user_agent varchar(512),
        failure_reason varchar(255),
        primary key (id)
    )
2026-03-04 18:46:05 [main] DEBUG [] [ ] [] org.hibernate.SQL - 
    create table logs (
        created_at timestamp(6) not null,
        id uuid not null,
        user_id uuid,
        action TEXT not null,
        primary key (id)
    )
2026-03-04 18:46:05 [main] DEBUG [] [ ] [] org.hibernate.SQL - 
    create table password_reset_token (
        used boolean not null,
        created_at timestamp(6) not null,
        expires_at timestamp(6) not null,
        id uuid not null,
        user_id uuid not null,
        token_hash varchar(255) not null unique,
        primary key (id)
    )
2026-03-04 18:46:05 [main] DEBUG [] [ ] [] org.hibernate.SQL - 
    create table refresh_tokens (
        revoked boolean not null,
        created_at timestamp(6) not null,
        expires_at timestamp(6) not null,
        id uuid not null,
        user_id uuid not null,
        device_fingerprint varchar(255) not null,
        token_hash varchar(255) not null,
        primary key (id),
        constraint uq_refresh_token_hash unique (token_hash)
    )
2026-03-04 18:46:06 [main] DEBUG [] [ ] [] org.hibernate.SQL - 
    create table security_audit_logs (
        success boolean not null,
        created_at timestamp(6) not null,
        id uuid not null,
        action varchar(50) not null check (action in ('LOGIN_SUCCESS','LOGIN_FAILED','ACCOUNT_LOCKED','PASSWORD_RESET_REQUESTED','PASSWORD_RESET_SUCCESS','USER_REGISTERED')),
        correlation_id varchar(100),
        ip_address varchar(100),
        tenant varchar(100) not null,
        email varchar(150) not null,
        user_agent varchar(255),
        primary key (id)
    )
2026-03-04 18:46:06 [main] DEBUG [] [ ] [] org.hibernate.SQL - 
    create table settings (
        created_at timestamp(6) not null,
        deleted_at timestamp(6),
        updated_at timestamp(6) not null,
        whatsapp varchar(15) not null,
        id uuid not null,
        user_id uuid not null,
        company_name varchar(100),
        vendor_name varchar(100) not null,
        logo TEXT,
        welcome_message TEXT,
        primary key (id)
    )
2026-03-04 18:46:06 [main] DEBUG [] [ ] [] org.hibernate.SQL - 
    create table subscription_history (
        changed_at timestamp(6) with time zone not null,
        id uuid not null,
        vendor_id uuid not null,
        external_event_id varchar(255),
        new_status varchar(255) not null check (new_status in ('TRIAL','ATIVA','INADIMPLENTE','SUSPENSA','CANCELADA','EXPIRADA')),
        previous_status varchar(255) not null check (previous_status in ('TRIAL','ATIVA','INADIMPLENTE','SUSPENSA','CANCELADA','EXPIRADA')),
        reason varchar(255),
        primary key (id)
    )
2026-03-04 18:46:06 [main] DEBUG [] [ ] [] org.hibernate.SQL - 
    create table user_sessions (
        active boolean not null,
        suspicious boolean not null,
        created_at timestamp(6) with time zone not null,
        last_access_at timestamp(6) with time zone,
        revoked_at timestamp(6) with time zone,
        id uuid not null,
        tenant_id uuid not null,
        user_id uuid not null,
        token_id varchar(36) not null unique,
        initial_ip_address varchar(45),
        ip_address varchar(45),
        initial_user_agent varchar(512),
        user_agent varchar(512),
        primary key (id)
    )
2026-03-04 18:46:06 [main] DEBUG [] [ ] [] org.hibernate.SQL - 
    create table users (
        failed_attempts integer not null,
        created_at timestamp(6) not null,
        credentials_updated_at timestamp(6),
        deleted_at timestamp(6),
        lock_until timestamp(6),
        updated_at timestamp(6) not null,
        id uuid not null,
        role_id uuid not null,
        email varchar(150) not null,
        name varchar(150) not null,
        password varchar(255) not null,
        primary key (id),
        constraint uq_users_email unique (email)
    )
2026-03-04 18:46:06 [main] DEBUG [] [ ] [] org.hibernate.SQL - 
    create table vendor_audit_logs (
        created_at timestamp(6) with time zone not null,
        entidade_id uuid not null,
        id uuid not null,
        vendor_id uuid not null,
        acao varchar(255) not null,
        detalhes TEXT,
        entity_type varchar(255) not null,
        user_email varchar(255) not null,
        primary key (id)
    )
2026-03-04 18:46:06 [main] DEBUG [] [ ] [] org.hibernate.SQL - 
    create table vendor_features (
        enabled boolean not null,
        created_at timestamp(6) with time zone not null,
        updated_at timestamp(6) with time zone not null,
        id uuid not null,
        vendor_id uuid not null,
        feature_key varchar(255) not null check (feature_key in ('AI_CHAT')),
        primary key (id)
    )
2026-03-04 18:46:06 [main] DEBUG [] [ ] [] org.hibernate.SQL - 
    create table vendor_lead_alerts (
        resolvido boolean not null,
        created_at timestamp(6) with time zone not null,
        id uuid not null,
        vendor_lead_id uuid not null,
        mensagem TEXT not null,
        tipo varchar(255) not null,
        primary key (id)
    )
2026-03-04 18:46:06 [main] DEBUG [] [ ] [] org.hibernate.SQL - 
    create table vendor_lead_conversations (
        created_at timestamp(6) with time zone not null,
        id uuid not null,
        vendor_lead_id uuid not null,
        content TEXT not null,
        role varchar(255) not null,
        primary key (id)
    )
2026-03-04 18:46:06 [main] DEBUG [] [ ] [] org.hibernate.SQL - 
    create table vendor_lead_messages (
        created_at timestamp(6) with time zone not null,
        id uuid not null,
        vendor_lead_id uuid not null,
        role varchar(20) not null check (role in ('USER','AI')),
        message TEXT not null,
        primary key (id)
    )
2026-03-04 18:46:06 [main] DEBUG [] [ ] [] org.hibernate.SQL - 
    create table vendor_lead_stage_history (
        changed_at timestamp(6) with time zone not null,
        id uuid not null,
        vendor_lead_id uuid not null,
        new_stage varchar(255) not null,
        previous_stage varchar(255) not null,
        primary key (id)
    )
2026-03-04 18:46:06 [main] DEBUG [] [ ] [] org.hibernate.SQL - 
    create table vendor_leads (
        score integer not null,
        created_date timestamp(6) with time zone not null,
        id uuid not null,
        vendor_id uuid not null,
        nome_completo varchar(255) not null,
        owner_email varchar(255),
        resumo_estrategico TEXT,
        stage varchar(255) not null check (stage in ('NOVO','CONTATO','PROPOSTA','FECHADO','PERDIDO')),
        status varchar(255) not null,
        tipo_consorcio varchar(255),
        urgencia varchar(255),
        valor_credito varchar(255),
        whatsapp varchar(255) not null,
        primary key (id)
    )
2026-03-04 18:46:06 [main] DEBUG [] [ ] [] org.hibernate.SQL - 
    create table vendor_risk_alerts (
        resolved boolean not null,
        score integer not null,
        created_at timestamp(6) with time zone not null,
        id uuid not null,
        vendor_id uuid not null,
        risk_level varchar(255) not null,
        primary key (id)
    )
2026-03-04 18:46:06 [main] DEBUG [] [ ] [] org.hibernate.SQL - 
    create table vendor_usage (
        alert100sent boolean not null,
        alert80sent boolean not null,
        used integer not null,
        period_end timestamp(6) with time zone not null,
        period_start timestamp(6) with time zone not null,
        id uuid not null,
        vendor_id uuid not null,
        quota_type varchar(255) not null check (quota_type in ('ACTIVE_LEADS','AI_EXECUTIONS')),
        primary key (id)
    )
2026-03-04 18:46:06 [main] DEBUG [] [ ] [] org.hibernate.SQL - 
    create table vendors (
        email_invalid boolean not null,
        created_at timestamp(6) with time zone not null,
        last_payment_at timestamp(6) with time zone,
        next_billing_at timestamp(6) with time zone,
        subscription_expires_at timestamp(6) with time zone,
        subscription_started_at timestamp(6) with time zone,
        updated_at timestamp(6) with time zone,
        id uuid not null,
        cor_destaque varchar(255) not null,
        external_customer_id varchar(255),
        external_subscription_id varchar(255),
        logo_url varchar(255),
        mensagem_boas_vindas TEXT,
        nome_empresa varchar(255),
        nome_vendedor varchar(255) not null,
        slug varchar(255) not null unique,
        subscription_status varchar(255) not null check (subscription_status in ('TRIAL','ATIVA','INADIMPLENTE','SUSPENSA','CANCELADA','EXPIRADA')),
        user_email varchar(255) not null,
        whatsapp_vendedor varchar(255) not null,
        primary key (id)
    )
2026-03-04 18:46:06 [main] DEBUG [] [ ] [] org.hibernate.SQL - 
    create table webhook_events (
        received_at timestamp(6) with time zone not null,
        event_id varchar(255) not null,
        primary key (event_id)
    )
2026-03-04 18:46:06 [main] DEBUG [] [ ] [] org.hibernate.SQL - 
    create index idx_lsh_lead_id 
       on lead_status_history (lead_id)
2026-03-04 18:46:06 [main] DEBUG [] [ ] [] org.hibernate.SQL - 
    create index idx_lsh_lead_changed_at 
       on lead_status_history (lead_id, changed_at)
2026-03-04 18:46:06 [main] DEBUG [] [ ] [] org.hibernate.SQL - 
    create index idx_leads_email 
       on leads (email)
2026-03-04 18:46:06 [main] DEBUG [] [ ] [] org.hibernate.SQL - 
    create index idx_leads_user 
       on leads (user_id)
2026-03-04 18:46:06 [main] DEBUG [] [ ] [] org.hibernate.SQL - 
    create index idx_leads_user_email 
       on leads (user_id, email)
2026-03-04 18:46:06 [main] DEBUG [] [ ] [] org.hibernate.SQL - 
    create index idx_login_user_tenant 
       on login_audit (user_id, tenant_id)
2026-03-04 18:46:06 [main] DEBUG [] [ ] [] org.hibernate.SQL - 
    create index idx_login_email_tenant 
       on login_audit (email, tenant_id)
2026-03-04 18:46:06 [main] DEBUG [] [ ] [] org.hibernate.SQL - 
    create index idx_login_created 
       on login_audit (created_at)
2026-03-04 18:46:06 [main] DEBUG [] [ ] [] org.hibernate.SQL - 
    create index idx_login_success 
       on login_audit (success)
2026-03-04 18:46:06 [main] DEBUG [] [ ] [] org.hibernate.SQL - 
    create index idx_logs_user_id 
       on logs (user_id)
2026-03-04 18:46:06 [main] DEBUG [] [ ] [] org.hibernate.SQL - 
    create index idx_logs_created_at 
       on logs (created_at)
2026-03-04 18:46:06 [main] DEBUG [] [ ] [] org.hibernate.SQL - 
    create index idx_password_reset_token_hash 
       on password_reset_token (token_hash)
2026-03-04 18:46:06 [main] DEBUG [] [ ] [] org.hibernate.SQL - 
    create index idx_password_reset_token_user 
       on password_reset_token (user_id)
2026-03-04 18:46:06 [main] DEBUG [] [ ] [] org.hibernate.SQL - 
    create index idx_password_reset_token_expires 
       on password_reset_token (expires_at)
2026-03-04 18:46:06 [main] DEBUG [] [ ] [] org.hibernate.SQL - 
    create index idx_refresh_token_user 
       on refresh_tokens (user_id)
2026-03-04 18:46:06 [main] DEBUG [] [ ] [] org.hibernate.SQL - 
    create index idx_refresh_token_hash 
       on refresh_tokens (token_hash)
2026-03-04 18:46:06 [main] DEBUG [] [ ] [] org.hibernate.SQL - 
    create index idx_refresh_token_fingerprint 
       on refresh_tokens (device_fingerprint)
2026-03-04 18:46:06 [main] DEBUG [] [ ] [] org.hibernate.SQL - 
    create index idx_audit_email 
       on security_audit_logs (email)
2026-03-04 18:46:06 [main] DEBUG [] [ ] [] org.hibernate.SQL - 
    create index idx_audit_tenant 
       on security_audit_logs (tenant)
2026-03-04 18:46:06 [main] DEBUG [] [ ] [] org.hibernate.SQL - 
    create index idx_audit_created_at 
       on security_audit_logs (created_at)
2026-03-04 18:46:06 [main] DEBUG [] [ ] [] org.hibernate.SQL - 
    create index idx_settings_user 
       on settings (user_id)
2026-03-04 18:46:06 [main] DEBUG [] [ ] [] org.hibernate.SQL - 
    create index idx_session_token_tenant 
       on user_sessions (token_id, tenant_id)
2026-03-04 18:46:06 [main] DEBUG [] [ ] [] org.hibernate.SQL - 
    create index idx_session_user_tenant 
       on user_sessions (user_id, tenant_id)
2026-03-04 18:46:06 [main] DEBUG [] [ ] [] org.hibernate.SQL - 
    create index idx_session_active 
       on user_sessions (active)
2026-03-04 18:46:06 [main] DEBUG [] [ ] [] org.hibernate.SQL - 
    create index idx_session_last_access 
       on user_sessions (last_access_at)
2026-03-04 18:46:06 [main] DEBUG [] [ ] [] org.hibernate.SQL - 
    create index idx_users_email 
       on users (email)
2026-03-04 18:46:06 [main] DEBUG [] [ ] [] org.hibernate.SQL - 
    create index idx_vlm_vendor_lead_id 
       on vendor_lead_messages (vendor_lead_id)
2026-03-04 18:46:06 [main] DEBUG [] [ ] [] org.hibernate.SQL - 
    create index idx_vlm_vendor_lead_created_at 
       on vendor_lead_messages (vendor_lead_id, created_at)
2026-03-04 18:46:06 [main] DEBUG [] [ ] [] org.hibernate.SQL - 
    alter table if exists lead_status_history 
       add constraint fk_lsh_user 
       foreign key (changed_by) 
       references users
2026-03-04 18:46:06 [main] DEBUG [] [ ] [] org.hibernate.SQL - 
    alter table if exists lead_status_history 
       add constraint fk_lsh_lead 
       foreign key (lead_id) 
       references leads
2026-03-04 18:46:06 [main] DEBUG [] [ ] [] org.hibernate.SQL - 
    alter table if exists logs 
       add constraint fk_logs_user 
       foreign key (user_id) 
       references users
2026-03-04 18:46:06 [main] DEBUG [] [ ] [] org.hibernate.SQL - 
    alter table if exists password_reset_token 
       add constraint FK83nsrttkwkb6ym0anu051mtxn 
       foreign key (user_id) 
       references users
2026-03-04 18:46:06 [main] DEBUG [] [ ] [] org.hibernate.SQL - 
    alter table if exists refresh_tokens 
       add constraint fk_refresh_token_user 
       foreign key (user_id) 
       references users
2026-03-04 18:46:06 [main] DEBUG [] [ ] [] org.hibernate.SQL - 
    alter table if exists settings 
       add constraint fk_settings_user 
       foreign key (user_id) 
       references users
2026-03-04 18:46:06 [main] DEBUG [] [ ] [] org.hibernate.SQL - 
    alter table if exists users 
       add constraint fk_users_role 
       foreign key (role_id) 
       references public.roles
2026-03-04 18:46:06 [main] WARN  [] [ ] [] org.hibernate.orm.deprecation - HHH90000025: PostgreSQLDialect does not need to be specified explicitly using 'hibernate.dialect' (remove the property setting and it will be selected by default)
2026-03-04 18:46:07 [main] DEBUG [] [ ] [] c.l.backend.security.jwt.JwtService - JWT Secret successfully loaded: 0123456789abcdef0123456789abcdef0123456789abcdef
2026-03-04 18:46:07 [main] DEBUG [] [ ] [] c.l.backend.security.jwt.JwtService - JWT Expiration time: 3600000 ms
2026-03-04 18:46:07 [main] DEBUG [] [ ] [] c.l.backend.security.jwt.JwtService - JWT Issuer: leadflow
2026-03-04 18:46:09 [main] DEBUG [] [ ] [] c.l.b.i.logging.CorrelationIdFilter - Filter 'correlationIdFilter' configured for use
2026-03-04 18:46:09 [main] DEBUG [] [ ] [] c.l.b.m.filter.TenantFilter - Filter 'tenantFilter' configured for use
2026-03-04 18:46:09 [main] DEBUG [] [ ] [] c.l.backend.security.RateLimitFilter - Filter 'rateLimitFilter' configured for use
2026-03-04 18:46:09 [main] DEBUG [] [ ] [] c.l.b.s.jwt.JwtAuthenticationFilter - Filter 'jwtAuthenticationFilter' configured for use
2026-03-04 18:46:09 [main] INFO  [] [ ] [] c.l.b.c.a.AdminOverviewIntegrationTest - Started AdminOverviewIntegrationTest in 8.481 seconds (process running for 62.673)
2026-03-04 18:46:09 [main] DEBUG [] [ ] [] org.hibernate.SQL - 
    select
        t1_0.id 
    from
        public.tenants t1_0 
    where
        upper(t1_0.schema_name)=upper(?) 
        and t1_0.deleted_at is null 
    fetch
        first ? rows only
2026-03-04 18:46:09 [scheduler-1] DEBUG [] [ ] [] org.hibernate.SQL - 
    select
        ee1_0.id,
        ee1_0.attempt_count,
        ee1_0.email,
        ee1_0.event_type,
        ee1_0.html_content,
        ee1_0.max_attempts,
        ee1_0.next_retry_at,
        ee1_0.occurred_at,
        ee1_0.processed_at,
        ee1_0.reason,
        ee1_0.status,
        ee1_0.subject,
        ee1_0.updated_at 
    from
        email_events ee1_0 
    where
        ee1_0.status=? 
        and ee1_0.next_retry_at<=? 
    order by
        ee1_0.occurred_at 
    fetch
        first ? rows only
2026-03-04 18:46:09 [main] TRACE [] [ ] [] org.hibernate.orm.jdbc.bind - binding parameter (1:VARCHAR) <- [tenant_a]
2026-03-04 18:46:09 [main] TRACE [] [ ] [] org.hibernate.orm.jdbc.bind - binding parameter (2:INTEGER) <- [1]
2026-03-04 18:46:09 [scheduler-1] TRACE [] [ ] [] org.hibernate.orm.jdbc.bind - binding parameter (1:VARCHAR) <- [PENDING]
2026-03-04 18:46:09 [scheduler-1] TRACE [] [ ] [] org.hibernate.orm.jdbc.bind - binding parameter (2:TIMESTAMP_UTC) <- [2026-03-04T21:46:09.297492200Z]
2026-03-04 18:46:09 [scheduler-1] TRACE [] [ ] [] org.hibernate.orm.jdbc.bind - binding parameter (3:INTEGER) <- [50]
2026-03-04 18:46:09 [main] DEBUG [] [ ] [] c.l.b.m.s.TenantProvisioningService - Schema created: tenant_a
2026-03-04 18:46:09 [main] WARN  [] [ ] [] o.f.c.i.s.DefaultSqlScriptExecutor - DB: column "device_fingerprint" of relation "refresh_tokens" already exists, skipping (SQL State: 42701 - Error Code: 0)
2026-03-04 18:46:10 [main] DEBUG [] [ ] [] c.l.b.m.s.TenantProvisioningService - Migrations executed for schema: tenant_a
2026-03-04 18:46:10 [main] DEBUG [] [ ] [] org.hibernate.SQL - 
    insert 
    into
        public.tenants
        (created_at, deleted_at, name, schema_name, updated_at, id) 
    values
        (?, ?, ?, ?, ?, ?)
2026-03-04 18:46:10 [main] TRACE [] [ ] [] org.hibernate.orm.jdbc.bind - binding parameter (1:TIMESTAMP) <- [2026-03-04T18:46:10.055873]
2026-03-04 18:46:10 [main] TRACE [] [ ] [] org.hibernate.orm.jdbc.bind - binding parameter (2:TIMESTAMP) <- [null]
2026-03-04 18:46:10 [main] TRACE [] [ ] [] org.hibernate.orm.jdbc.bind - binding parameter (3:VARCHAR) <- [Tenant A]
2026-03-04 18:46:10 [main] TRACE [] [ ] [] org.hibernate.orm.jdbc.bind - binding parameter (4:VARCHAR) <- [tenant_a]
2026-03-04 18:46:10 [main] TRACE [] [ ] [] org.hibernate.orm.jdbc.bind - binding parameter (5:TIMESTAMP) <- [2026-03-04T18:46:10.055873]
2026-03-04 18:46:10 [main] TRACE [] [ ] [] org.hibernate.orm.jdbc.bind - binding parameter (6:UUID) <- [d71ee18f-ca29-4921-9c7a-145c028095a5]
2026-03-04 18:46:10 [main] DEBUG [] [ ] [] c.l.b.m.s.TenantProvisioningService - Tenant registered in public schema: tenant_a
2026-03-04 18:46:10 [main] INFO  [] [ ] [] c.l.b.m.s.TenantProvisioningService - Tenant successfully provisioned: tenant_a
2026-03-04 18:46:10 [main] DEBUG [] [ ] [] org.hibernate.SQL - 
    select
        t1_0.id,
        t1_0.created_at,
        t1_0.deleted_at,
        t1_0.name,
        t1_0.schema_name,
        t1_0.updated_at 
    from
        public.tenants t1_0 
    where
        upper(t1_0.name)=upper(?) 
        and t1_0.deleted_at is null
2026-03-04 18:46:10 [main] TRACE [] [ ] [] org.hibernate.orm.jdbc.bind - binding parameter (1:VARCHAR) <- [Tenant A]
2026-03-04 18:46:10 [main] DEBUG [] [ ] [] c.l.b.m.context.TenantContext - Tenant set to: tenant_a
2026-03-04 18:46:10 [main] DEBUG [] [ ] [] org.hibernate.SQL - 
    select
        r1_0.id,
        r1_0.created_at,
        r1_0.name,
        r1_0.updated_at 
    from
        public.roles r1_0 
    where
        upper(r1_0.name)=upper(?)
2026-03-04 18:46:10 [main] TRACE [] [ ] [] org.hibernate.orm.jdbc.bind - binding parameter (1:VARCHAR) <- [ROLE_ADMIN]
2026-03-04 18:46:10 [main] DEBUG [] [ ] [] org.hibernate.SQL - 
    insert 
    into
        public.roles
        (created_at, name, updated_at, id) 
    values
        (?, ?, ?, ?)
2026-03-04 18:46:10 [main] TRACE [] [ ] [] org.hibernate.orm.jdbc.bind - binding parameter (1:TIMESTAMP) <- [2026-03-04T18:46:10.137787]
2026-03-04 18:46:10 [main] TRACE [] [ ] [] org.hibernate.orm.jdbc.bind - binding parameter (2:VARCHAR) <- [ROLE_ADMIN]
2026-03-04 18:46:10 [main] TRACE [] [ ] [] org.hibernate.orm.jdbc.bind - binding parameter (3:TIMESTAMP) <- [2026-03-04T18:46:10.137787]
2026-03-04 18:46:10 [main] TRACE [] [ ] [] org.hibernate.orm.jdbc.bind - binding parameter (4:UUID) <- [171db5b0-2e8b-4d8e-8b57-86d8a0d96044]
2026-03-04 18:46:10 [main] DEBUG [] [ ] [] org.hibernate.SQL - 
    select
        r1_0.id,
        r1_0.created_at,
        r1_0.name,
        r1_0.updated_at 
    from
        public.roles r1_0 
    where
        upper(r1_0.name)=upper(?)
2026-03-04 18:46:10 [main] TRACE [] [ ] [] org.hibernate.orm.jdbc.bind - binding parameter (1:VARCHAR) <- [ROLE_USER]
2026-03-04 18:46:10 [main] DEBUG [] [ ] [] org.hibernate.SQL - 
    insert 
    into
        public.roles
        (created_at, name, updated_at, id) 
    values
        (?, ?, ?, ?)
2026-03-04 18:46:10 [main] TRACE [] [ ] [] org.hibernate.orm.jdbc.bind - binding parameter (1:TIMESTAMP) <- [2026-03-04T18:46:10.151121]
2026-03-04 18:46:10 [main] TRACE [] [ ] [] org.hibernate.orm.jdbc.bind - binding parameter (2:VARCHAR) <- [ROLE_USER]
2026-03-04 18:46:10 [main] TRACE [] [ ] [] org.hibernate.orm.jdbc.bind - binding parameter (3:TIMESTAMP) <- [2026-03-04T18:46:10.151121]
2026-03-04 18:46:10 [main] TRACE [] [ ] [] org.hibernate.orm.jdbc.bind - binding parameter (4:UUID) <- [002f07ec-03ec-4498-8ed4-bd7c429886e2]
2026-03-04 18:46:10 [main] DEBUG [] [ ] [] org.hibernate.SQL - 
    select
        u1_0.id,
        u1_0.created_at,
        u1_0.credentials_updated_at,
        u1_0.deleted_at,
        u1_0.email,
        u1_0.failed_attempts,
        u1_0.lock_until,
        u1_0.name,
        u1_0.password,
        u1_0.role_id,
        u1_0.updated_at 
    from
        users u1_0 
    where
        upper(u1_0.email)=upper(?)
2026-03-04 18:46:10 [main] TRACE [] [ ] [] org.hibernate.orm.jdbc.bind - binding parameter (1:VARCHAR) <- [admin.integration@test.com]
2026-03-04 18:46:10 [main] DEBUG [] [ ] [] org.hibernate.SQL - 
    select
        null,
        r1_0.created_at,
        r1_0.name,
        r1_0.updated_at 
    from
        public.roles r1_0 
    where
        r1_0.id=?
2026-03-04 18:46:10 [main] TRACE [] [ ] [] org.hibernate.orm.jdbc.bind - binding parameter (1:UUID) <- [171db5b0-2e8b-4d8e-8b57-86d8a0d96044]
2026-03-04 18:46:10 [main] DEBUG [] [ ] [] org.hibernate.SQL - 
    insert 
    into
        users
        (created_at, credentials_updated_at, deleted_at, email, failed_attempts, lock_until, name, password, role_id, updated_at, id) 
    values
        (?, ?, ?, ?, ?, ?, ?, ?, ?, ?, ?)
2026-03-04 18:46:10 [main] TRACE [] [ ] [] org.hibernate.orm.jdbc.bind - binding parameter (1:TIMESTAMP) <- [2026-03-04T18:46:10.246513]
2026-03-04 18:46:10 [main] TRACE [] [ ] [] org.hibernate.orm.jdbc.bind - binding parameter (2:TIMESTAMP) <- [2026-03-04T18:46:10.236875400]
2026-03-04 18:46:10 [main] TRACE [] [ ] [] org.hibernate.orm.jdbc.bind - binding parameter (3:TIMESTAMP) <- [null]
2026-03-04 18:46:10 [main] TRACE [] [ ] [] org.hibernate.orm.jdbc.bind - binding parameter (4:VARCHAR) <- [admin.integration@test.com]
2026-03-04 18:46:10 [main] TRACE [] [ ] [] org.hibernate.orm.jdbc.bind - binding parameter (5:INTEGER) <- [0]
2026-03-04 18:46:10 [main] TRACE [] [ ] [] org.hibernate.orm.jdbc.bind - binding parameter (6:TIMESTAMP) <- [null]
2026-03-04 18:46:10 [main] TRACE [] [ ] [] org.hibernate.orm.jdbc.bind - binding parameter (7:VARCHAR) <- [Admin Integration]
2026-03-04 18:46:10 [main] TRACE [] [ ] [] org.hibernate.orm.jdbc.bind - binding parameter (8:VARCHAR) <- [$2a$10$0HV8EN9CQFpdZ9dLfGdR6.qjDlRTJDVGwWZwogMkKSH.j.tXcG1PO]
2026-03-04 18:46:10 [main] TRACE [] [ ] [] org.hibernate.orm.jdbc.bind - binding parameter (9:UUID) <- [171db5b0-2e8b-4d8e-8b57-86d8a0d96044]
2026-03-04 18:46:10 [main] TRACE [] [ ] [] org.hibernate.orm.jdbc.bind - binding parameter (10:TIMESTAMP) <- [2026-03-04T18:46:10.246513]
2026-03-04 18:46:10 [main] TRACE [] [ ] [] org.hibernate.orm.jdbc.bind - binding parameter (11:UUID) <- [d96bc75d-996b-4e83-827e-fa352e7584bb]
2026-03-04 18:46:10 [main] DEBUG [] [ ] [] org.hibernate.SQL - 
    select
        u1_0.id,
        u1_0.created_at,
        u1_0.credentials_updated_at,
        u1_0.deleted_at,
        u1_0.email,
        u1_0.failed_attempts,
        u1_0.lock_until,
        u1_0.name,
        u1_0.password,
        u1_0.role_id,
        u1_0.updated_at 
    from
        users u1_0 
    where
        upper(u1_0.email)=upper(?)
2026-03-04 18:46:10 [main] TRACE [] [ ] [] org.hibernate.orm.jdbc.bind - binding parameter (1:VARCHAR) <- [user.integration@test.com]
2026-03-04 18:46:10 [main] DEBUG [] [ ] [] org.hibernate.SQL - 
    select
        null,
        r1_0.created_at,
        r1_0.name,
        r1_0.updated_at 
    from
        public.roles r1_0 
    where
        r1_0.id=?
2026-03-04 18:46:10 [main] TRACE [] [ ] [] org.hibernate.orm.jdbc.bind - binding parameter (1:UUID) <- [002f07ec-03ec-4498-8ed4-bd7c429886e2]
2026-03-04 18:46:10 [main] DEBUG [] [ ] [] org.hibernate.SQL - 
    insert 
    into
        users
        (created_at, credentials_updated_at, deleted_at, email, failed_attempts, lock_until, name, password, role_id, updated_at, id) 
    values
        (?, ?, ?, ?, ?, ?, ?, ?, ?, ?, ?)
2026-03-04 18:46:10 [main] TRACE [] [ ] [] org.hibernate.orm.jdbc.bind - binding parameter (1:TIMESTAMP) <- [2026-03-04T18:46:10.322076]
2026-03-04 18:46:10 [main] TRACE [] [ ] [] org.hibernate.orm.jdbc.bind - binding parameter (2:TIMESTAMP) <- [2026-03-04T18:46:10.318128200]
2026-03-04 18:46:10 [main] TRACE [] [ ] [] org.hibernate.orm.jdbc.bind - binding parameter (3:TIMESTAMP) <- [null]
2026-03-04 18:46:10 [main] TRACE [] [ ] [] org.hibernate.orm.jdbc.bind - binding parameter (4:VARCHAR) <- [user.integration@test.com]
2026-03-04 18:46:10 [main] TRACE [] [ ] [] org.hibernate.orm.jdbc.bind - binding parameter (5:INTEGER) <- [0]
2026-03-04 18:46:10 [main] TRACE [] [ ] [] org.hibernate.orm.jdbc.bind - binding parameter (6:TIMESTAMP) <- [null]
2026-03-04 18:46:10 [main] TRACE [] [ ] [] org.hibernate.orm.jdbc.bind - binding parameter (7:VARCHAR) <- [User Integration]
2026-03-04 18:46:10 [main] TRACE [] [ ] [] org.hibernate.orm.jdbc.bind - binding parameter (8:VARCHAR) <- [$2a$10$tNWNr4MRSFjhXFcU4xXmGetMUAbXWpIXEojT81LolHlWXn8jvoJdi]
2026-03-04 18:46:10 [main] TRACE [] [ ] [] org.hibernate.orm.jdbc.bind - binding parameter (9:UUID) <- [002f07ec-03ec-4498-8ed4-bd7c429886e2]
2026-03-04 18:46:10 [main] TRACE [] [ ] [] org.hibernate.orm.jdbc.bind - binding parameter (10:TIMESTAMP) <- [2026-03-04T18:46:10.322076]
2026-03-04 18:46:10 [main] TRACE [] [ ] [] org.hibernate.orm.jdbc.bind - binding parameter (11:UUID) <- [34d36b74-d333-41ad-8912-2fe16334ee46]
2026-03-04 18:46:10 [main] DEBUG [] [ ] [] c.l.b.m.context.TenantContext - Tenant context cleared.
2026-03-04 18:46:10 [main] DEBUG [facaa7ce-f2c9-4c48-92d9-50848d4742b7] [GET /admin/overview] [127.0.0.1] c.l.b.m.context.TenantContext - Tenant set to: tenant_a
2026-03-04 18:46:10 [main] DEBUG [facaa7ce-f2c9-4c48-92d9-50848d4742b7] [GET /admin/overview] [127.0.0.1] c.l.b.m.filter.TenantFilter - Tenant resolved to schema: tenant_a
2026-03-04 18:46:10 [main] DEBUG [facaa7ce-f2c9-4c48-92d9-50848d4742b7] [GET /admin/overview] [127.0.0.1] c.l.b.m.context.TenantContext - Tenant context cleared.
2026-03-04 18:46:10 [main] DEBUG [] [ ] [] org.hibernate.SQL - 
    select
        t1_0.id 
    from
        public.tenants t1_0 
    where
        upper(t1_0.schema_name)=upper(?) 
        and t1_0.deleted_at is null 
    fetch
        first ? rows only
2026-03-04 18:46:10 [main] TRACE [] [ ] [] org.hibernate.orm.jdbc.bind - binding parameter (1:VARCHAR) <- [tenant_a]
2026-03-04 18:46:10 [main] TRACE [] [ ] [] org.hibernate.orm.jdbc.bind - binding parameter (2:INTEGER) <- [1]
2026-03-04 18:46:10 [main] INFO  [] [ ] [] c.l.b.m.s.TenantProvisioningService - Tenant already provisioned: tenant_a
2026-03-04 18:46:10 [main] DEBUG [] [ ] [] org.hibernate.SQL - 
    select
        t1_0.id,
        t1_0.created_at,
        t1_0.deleted_at,
        t1_0.name,
        t1_0.schema_name,
        t1_0.updated_at 
    from
        public.tenants t1_0 
    where
        upper(t1_0.name)=upper(?) 
        and t1_0.deleted_at is null
2026-03-04 18:46:10 [main] TRACE [] [ ] [] org.hibernate.orm.jdbc.bind - binding parameter (1:VARCHAR) <- [Tenant A]
2026-03-04 18:46:10 [main] DEBUG [] [ ] [] c.l.b.m.context.TenantContext - Tenant set to: tenant_a
2026-03-04 18:46:10 [main] DEBUG [] [ ] [] org.hibernate.SQL - 
    select
        r1_0.id,
        r1_0.created_at,
        r1_0.name,
        r1_0.updated_at 
    from
        public.roles r1_0 
    where
        upper(r1_0.name)=upper(?)
2026-03-04 18:46:10 [main] TRACE [] [ ] [] org.hibernate.orm.jdbc.bind - binding parameter (1:VARCHAR) <- [ROLE_ADMIN]
2026-03-04 18:46:10 [main] DEBUG [] [ ] [] org.hibernate.SQL - 
    select
        r1_0.id,
        r1_0.created_at,
        r1_0.name,
        r1_0.updated_at 
    from
        public.roles r1_0 
    where
        upper(r1_0.name)=upper(?)
2026-03-04 18:46:10 [main] TRACE [] [ ] [] org.hibernate.orm.jdbc.bind - binding parameter (1:VARCHAR) <- [ROLE_USER]
2026-03-04 18:46:10 [main] DEBUG [] [ ] [] org.hibernate.SQL - 
    select
        u1_0.id,
        u1_0.created_at,
        u1_0.credentials_updated_at,
        u1_0.deleted_at,
        u1_0.email,
        u1_0.failed_attempts,
        u1_0.lock_until,
        u1_0.name,
        u1_0.password,
        u1_0.role_id,
        u1_0.updated_at 
    from
        users u1_0 
    where
        upper(u1_0.email)=upper(?)
2026-03-04 18:46:10 [main] TRACE [] [ ] [] org.hibernate.orm.jdbc.bind - binding parameter (1:VARCHAR) <- [admin.integration@test.com]
2026-03-04 18:46:10 [main] DEBUG [] [ ] [] org.hibernate.SQL - 
    select
        u1_0.id,
        u1_0.created_at,
        u1_0.credentials_updated_at,
        u1_0.deleted_at,
        u1_0.email,
        u1_0.failed_attempts,
        u1_0.lock_until,
        u1_0.name,
        u1_0.password,
        u1_0.role_id,
        u1_0.updated_at 
    from
        users u1_0 
    where
        upper(u1_0.email)=upper(?)
2026-03-04 18:46:10 [main] TRACE [] [ ] [] org.hibernate.orm.jdbc.bind - binding parameter (1:VARCHAR) <- [user.integration@test.com]
2026-03-04 18:46:10 [main] DEBUG [] [ ] [] c.l.b.m.context.TenantContext - Tenant context cleared.
2026-03-04 18:46:10 [main] DEBUG [572edebf-63ad-4348-9514-a7c7cdcdf6c8] [POST /auth/login] [127.0.0.1] c.l.b.m.context.TenantContext - Tenant set to: tenant_a
2026-03-04 18:46:10 [main] DEBUG [572edebf-63ad-4348-9514-a7c7cdcdf6c8] [POST /auth/login] [127.0.0.1] c.l.b.m.filter.TenantFilter - Tenant resolved to schema: tenant_a
2026-03-04 18:46:10 [scheduler-1] DEBUG [] [ ] [] org.hibernate.SQL - 
    select
        ee1_0.id,
        ee1_0.attempt_count,
        ee1_0.email,
        ee1_0.event_type,
        ee1_0.html_content,
        ee1_0.max_attempts,
        ee1_0.next_retry_at,
        ee1_0.occurred_at,
        ee1_0.processed_at,
        ee1_0.reason,
        ee1_0.status,
        ee1_0.subject,
        ee1_0.updated_at 
    from
        email_events ee1_0 
    where
        ee1_0.status=? 
        and ee1_0.next_retry_at<=? 
    order by
        ee1_0.occurred_at 
    fetch
        first ? rows only
2026-03-04 18:46:10 [scheduler-1] TRACE [] [ ] [] org.hibernate.orm.jdbc.bind - binding parameter (1:VARCHAR) <- [PENDING]
2026-03-04 18:46:10 [scheduler-1] TRACE [] [ ] [] org.hibernate.orm.jdbc.bind - binding parameter (2:TIMESTAMP_UTC) <- [2026-03-04T21:46:10.517928300Z]
2026-03-04 18:46:10 [scheduler-1] TRACE [] [ ] [] org.hibernate.orm.jdbc.bind - binding parameter (3:INTEGER) <- [50]
2026-03-04 18:46:10 [main] DEBUG [572edebf-63ad-4348-9514-a7c7cdcdf6c8] [POST /auth/login] [127.0.0.1] org.hibernate.SQL - 
    select
        u1_0.id,
        u1_0.created_at,
        u1_0.credentials_updated_at,
        u1_0.deleted_at,
        u1_0.email,
        u1_0.failed_attempts,
        u1_0.lock_until,
        u1_0.name,
        u1_0.password,
        u1_0.role_id,
        r1_0.id,
        r1_0.created_at,
        r1_0.name,
        r1_0.updated_at,
        u1_0.updated_at 
    from
        users u1_0 
    join
        public.roles r1_0 
            on r1_0.id=u1_0.role_id 
    where
        upper(u1_0.email)=upper(?) 
        and u1_0.deleted_at is null
2026-03-04 18:46:10 [main] TRACE [572edebf-63ad-4348-9514-a7c7cdcdf6c8] [POST /auth/login] [127.0.0.1] org.hibernate.orm.jdbc.bind - binding parameter (1:VARCHAR) <- [admin.integration@test.com]
2026-03-04 18:46:10 [main] DEBUG [572edebf-63ad-4348-9514-a7c7cdcdf6c8] [POST /auth/login] [127.0.0.1] org.hibernate.SQL - 
    select
        t1_0.id,
        t1_0.created_at,
        t1_0.deleted_at,
        t1_0.name,
        t1_0.schema_name,
        t1_0.updated_at 
    from
        public.tenants t1_0 
    where
        upper(t1_0.schema_name)=upper(?) 
        and t1_0.deleted_at is null
2026-03-04 18:46:11 [main] TRACE [572edebf-63ad-4348-9514-a7c7cdcdf6c8] [POST /auth/login] [127.0.0.1] org.hibernate.orm.jdbc.bind - binding parameter (1:VARCHAR) <- [tenant_a]
2026-03-04 18:46:11 [main] DEBUG [572edebf-63ad-4348-9514-a7c7cdcdf6c8] [POST /auth/login] [127.0.0.1] c.l.b.s.audit.SecurityAuditService - Security audit logged: action=LOGIN_SUCCESS, email=admin.integration@test.com, tenant=tenant_a, success=true
2026-03-04 18:46:11 [main] INFO  [572edebf-63ad-4348-9514-a7c7cdcdf6c8] [POST /auth/login] [127.0.0.1] c.l.backend.service.auth.AuthService - User authenticated successfully: admin.integration@test.com
2026-03-04 18:46:11 [main] DEBUG [572edebf-63ad-4348-9514-a7c7cdcdf6c8] [POST /auth/login] [127.0.0.1] org.hibernate.SQL - 
    insert 
    into
        login_audit
        (created_at, email, failure_reason, ip_address, success, suspicious, tenant_id, user_agent, user_id, id) 
    values
        (?, ?, ?, ?, ?, ?, ?, ?, ?, ?)
2026-03-04 18:46:11 [main] TRACE [572edebf-63ad-4348-9514-a7c7cdcdf6c8] [POST /auth/login] [127.0.0.1] org.hibernate.orm.jdbc.bind - binding parameter (1:TIMESTAMP_UTC) <- [2026-03-04T21:46:11.003689400Z]
2026-03-04 18:46:11 [main] TRACE [572edebf-63ad-4348-9514-a7c7cdcdf6c8] [POST /auth/login] [127.0.0.1] org.hibernate.orm.jdbc.bind - binding parameter (2:VARCHAR) <- [admin.integration@test.com]
2026-03-04 18:46:11 [main] TRACE [572edebf-63ad-4348-9514-a7c7cdcdf6c8] [POST /auth/login] [127.0.0.1] org.hibernate.orm.jdbc.bind - binding parameter (3:VARCHAR) <- [null]
2026-03-04 18:46:11 [main] TRACE [572edebf-63ad-4348-9514-a7c7cdcdf6c8] [POST /auth/login] [127.0.0.1] org.hibernate.orm.jdbc.bind - binding parameter (4:VARCHAR) <- [127.0.0.1]
2026-03-04 18:46:11 [main] TRACE [572edebf-63ad-4348-9514-a7c7cdcdf6c8] [POST /auth/login] [127.0.0.1] org.hibernate.orm.jdbc.bind - binding parameter (5:BOOLEAN) <- [true]
2026-03-04 18:46:11 [main] TRACE [572edebf-63ad-4348-9514-a7c7cdcdf6c8] [POST /auth/login] [127.0.0.1] org.hibernate.orm.jdbc.bind - binding parameter (6:BOOLEAN) <- [false]
2026-03-04 18:46:11 [main] TRACE [572edebf-63ad-4348-9514-a7c7cdcdf6c8] [POST /auth/login] [127.0.0.1] org.hibernate.orm.jdbc.bind - binding parameter (7:UUID) <- [d71ee18f-ca29-4921-9c7a-145c028095a5]
2026-03-04 18:46:11 [main] TRACE [572edebf-63ad-4348-9514-a7c7cdcdf6c8] [POST /auth/login] [127.0.0.1] org.hibernate.orm.jdbc.bind - binding parameter (8:VARCHAR) <- [JUnit-AdminOverviewIntegrationTest]
2026-03-04 18:46:11 [main] TRACE [572edebf-63ad-4348-9514-a7c7cdcdf6c8] [POST /auth/login] [127.0.0.1] org.hibernate.orm.jdbc.bind - binding parameter (9:UUID) <- [d96bc75d-996b-4e83-827e-fa352e7584bb]
2026-03-04 18:46:11 [main] TRACE [572edebf-63ad-4348-9514-a7c7cdcdf6c8] [POST /auth/login] [127.0.0.1] org.hibernate.orm.jdbc.bind - binding parameter (10:UUID) <- [5564495c-a65b-49fc-9b01-8bb513b87f12]
2026-03-04 18:46:11 [main] DEBUG [572edebf-63ad-4348-9514-a7c7cdcdf6c8] [POST /auth/login] [127.0.0.1] org.hibernate.SQL - 
    insert 
    into
        security_audit_logs
        (action, correlation_id, created_at, email, ip_address, success, tenant, user_agent, id) 
    values
        (?, ?, ?, ?, ?, ?, ?, ?, ?)
2026-03-04 18:46:11 [main] TRACE [572edebf-63ad-4348-9514-a7c7cdcdf6c8] [POST /auth/login] [127.0.0.1] org.hibernate.orm.jdbc.bind - binding parameter (1:VARCHAR) <- [LOGIN_SUCCESS]
2026-03-04 18:46:11 [main] TRACE [572edebf-63ad-4348-9514-a7c7cdcdf6c8] [POST /auth/login] [127.0.0.1] org.hibernate.orm.jdbc.bind - binding parameter (2:VARCHAR) <- [572edebf-63ad-4348-9514-a7c7cdcdf6c8]
2026-03-04 18:46:11 [main] TRACE [572edebf-63ad-4348-9514-a7c7cdcdf6c8] [POST /auth/login] [127.0.0.1] org.hibernate.orm.jdbc.bind - binding parameter (3:TIMESTAMP) <- [2026-03-04T18:46:11.008947]
2026-03-04 18:46:11 [main] TRACE [572edebf-63ad-4348-9514-a7c7cdcdf6c8] [POST /auth/login] [127.0.0.1] org.hibernate.orm.jdbc.bind - binding parameter (4:VARCHAR) <- [admin.integration@test.com]
2026-03-04 18:46:11 [main] TRACE [572edebf-63ad-4348-9514-a7c7cdcdf6c8] [POST /auth/login] [127.0.0.1] org.hibernate.orm.jdbc.bind - binding parameter (5:VARCHAR) <- [127.0.0.1]
2026-03-04 18:46:11 [main] TRACE [572edebf-63ad-4348-9514-a7c7cdcdf6c8] [POST /auth/login] [127.0.0.1] org.hibernate.orm.jdbc.bind - binding parameter (6:BOOLEAN) <- [true]
2026-03-04 18:46:11 [main] TRACE [572edebf-63ad-4348-9514-a7c7cdcdf6c8] [POST /auth/login] [127.0.0.1] org.hibernate.orm.jdbc.bind - binding parameter (7:VARCHAR) <- [tenant_a]
2026-03-04 18:46:11 [main] TRACE [572edebf-63ad-4348-9514-a7c7cdcdf6c8] [POST /auth/login] [127.0.0.1] org.hibernate.orm.jdbc.bind - binding parameter (8:VARCHAR) <- [JUnit-AdminOverviewIntegrationTest]
2026-03-04 18:46:11 [main] TRACE [572edebf-63ad-4348-9514-a7c7cdcdf6c8] [POST /auth/login] [127.0.0.1] org.hibernate.orm.jdbc.bind - binding parameter (9:UUID) <- [bba8c1f3-b254-429a-a6e8-5fb9cc27a623]
2026-03-04 18:46:11 [main] DEBUG [572edebf-63ad-4348-9514-a7c7cdcdf6c8] [POST /auth/login] [127.0.0.1] org.hibernate.SQL - 
    select
        count(us1_0.id) 
    from
        user_sessions us1_0 
    where
        us1_0.user_id=? 
        and us1_0.tenant_id=? 
        and us1_0.active
2026-03-04 18:46:11 [main] TRACE [572edebf-63ad-4348-9514-a7c7cdcdf6c8] [POST /auth/login] [127.0.0.1] org.hibernate.orm.jdbc.bind - binding parameter (1:UUID) <- [d96bc75d-996b-4e83-827e-fa352e7584bb]
2026-03-04 18:46:11 [main] TRACE [572edebf-63ad-4348-9514-a7c7cdcdf6c8] [POST /auth/login] [127.0.0.1] org.hibernate.orm.jdbc.bind - binding parameter (2:UUID) <- [d71ee18f-ca29-4921-9c7a-145c028095a5]
2026-03-04 18:46:11 [main] DEBUG [572edebf-63ad-4348-9514-a7c7cdcdf6c8] [POST /auth/login] [127.0.0.1] org.hibernate.SQL - 
    insert 
    into
        user_sessions
        (active, created_at, initial_ip_address, initial_user_agent, ip_address, last_access_at, revoked_at, suspicious, tenant_id, token_id, user_agent, user_id, id) 
    values
        (?, ?, ?, ?, ?, ?, ?, ?, ?, ?, ?, ?, ?)
2026-03-04 18:46:11 [main] TRACE [572edebf-63ad-4348-9514-a7c7cdcdf6c8] [POST /auth/login] [127.0.0.1] org.hibernate.orm.jdbc.bind - binding parameter (1:BOOLEAN) <- [true]
2026-03-04 18:46:11 [main] TRACE [572edebf-63ad-4348-9514-a7c7cdcdf6c8] [POST /auth/login] [127.0.0.1] org.hibernate.orm.jdbc.bind - binding parameter (2:TIMESTAMP_UTC) <- [2026-03-04T21:46:11.045426600Z]
2026-03-04 18:46:11 [main] TRACE [572edebf-63ad-4348-9514-a7c7cdcdf6c8] [POST /auth/login] [127.0.0.1] org.hibernate.orm.jdbc.bind - binding parameter (3:VARCHAR) <- [127.0.0.1]
2026-03-04 18:46:11 [main] TRACE [572edebf-63ad-4348-9514-a7c7cdcdf6c8] [POST /auth/login] [127.0.0.1] org.hibernate.orm.jdbc.bind - binding parameter (4:VARCHAR) <- [JUnit-AdminOverviewIntegrationTest]
2026-03-04 18:46:11 [main] TRACE [572edebf-63ad-4348-9514-a7c7cdcdf6c8] [POST /auth/login] [127.0.0.1] org.hibernate.orm.jdbc.bind - binding parameter (5:VARCHAR) <- [127.0.0.1]
2026-03-04 18:46:11 [main] TRACE [572edebf-63ad-4348-9514-a7c7cdcdf6c8] [POST /auth/login] [127.0.0.1] org.hibernate.orm.jdbc.bind - binding parameter (6:TIMESTAMP_UTC) <- [2026-03-04T21:46:11.045426600Z]
2026-03-04 18:46:11 [main] TRACE [572edebf-63ad-4348-9514-a7c7cdcdf6c8] [POST /auth/login] [127.0.0.1] org.hibernate.orm.jdbc.bind - binding parameter (7:TIMESTAMP_UTC) <- [null]
2026-03-04 18:46:11 [main] TRACE [572edebf-63ad-4348-9514-a7c7cdcdf6c8] [POST /auth/login] [127.0.0.1] org.hibernate.orm.jdbc.bind - binding parameter (8:BOOLEAN) <- [false]
2026-03-04 18:46:11 [main] TRACE [572edebf-63ad-4348-9514-a7c7cdcdf6c8] [POST /auth/login] [127.0.0.1] org.hibernate.orm.jdbc.bind - binding parameter (9:UUID) <- [d71ee18f-ca29-4921-9c7a-145c028095a5]
2026-03-04 18:46:11 [main] TRACE [572edebf-63ad-4348-9514-a7c7cdcdf6c8] [POST /auth/login] [127.0.0.1] org.hibernate.orm.jdbc.bind - binding parameter (10:VARCHAR) <- [2ec4190f-459a-4505-9a25-bf83b5e98bf8]
2026-03-04 18:46:11 [main] TRACE [572edebf-63ad-4348-9514-a7c7cdcdf6c8] [POST /auth/login] [127.0.0.1] org.hibernate.orm.jdbc.bind - binding parameter (11:VARCHAR) <- [JUnit-AdminOverviewIntegrationTest]
2026-03-04 18:46:11 [main] TRACE [572edebf-63ad-4348-9514-a7c7cdcdf6c8] [POST /auth/login] [127.0.0.1] org.hibernate.orm.jdbc.bind - binding parameter (12:UUID) <- [d96bc75d-996b-4e83-827e-fa352e7584bb]
2026-03-04 18:46:11 [main] TRACE [572edebf-63ad-4348-9514-a7c7cdcdf6c8] [POST /auth/login] [127.0.0.1] org.hibernate.orm.jdbc.bind - binding parameter (13:UUID) <- [d84c7cfb-6ad2-4e8b-b2f5-21e659bd7385]
2026-03-04 18:46:11 [main] DEBUG [572edebf-63ad-4348-9514-a7c7cdcdf6c8] [POST /auth/login] [127.0.0.1] org.hibernate.SQL - 
    select
        null,
        u1_0.created_at,
        u1_0.credentials_updated_at,
        u1_0.deleted_at,
        u1_0.email,
        u1_0.failed_attempts,
        u1_0.lock_until,
        u1_0.name,
        u1_0.password,
        u1_0.role_id,
        u1_0.updated_at 
    from
        users u1_0 
    where
        u1_0.id=?
2026-03-04 18:46:11 [main] TRACE [572edebf-63ad-4348-9514-a7c7cdcdf6c8] [POST /auth/login] [127.0.0.1] org.hibernate.orm.jdbc.bind - binding parameter (1:UUID) <- [d96bc75d-996b-4e83-827e-fa352e7584bb]
2026-03-04 18:46:11 [main] DEBUG [572edebf-63ad-4348-9514-a7c7cdcdf6c8] [POST /auth/login] [127.0.0.1] org.hibernate.SQL - 
    insert 
    into
        refresh_tokens
        (created_at, device_fingerprint, expires_at, revoked, token_hash, user_id, id) 
    values
        (?, ?, ?, ?, ?, ?, ?)
2026-03-04 18:46:11 [main] TRACE [572edebf-63ad-4348-9514-a7c7cdcdf6c8] [POST /auth/login] [127.0.0.1] org.hibernate.orm.jdbc.bind - binding parameter (1:TIMESTAMP) <- [2026-03-04T18:46:11.055477]
2026-03-04 18:46:11 [main] TRACE [572edebf-63ad-4348-9514-a7c7cdcdf6c8] [POST /auth/login] [127.0.0.1] org.hibernate.orm.jdbc.bind - binding parameter (2:VARCHAR) <- [QVqFKNqQ3lFPuEhjyBq9TsNIPNP3y53SfshD6lsiWvU=]
2026-03-04 18:46:11 [main] TRACE [572edebf-63ad-4348-9514-a7c7cdcdf6c8] [POST /auth/login] [127.0.0.1] org.hibernate.orm.jdbc.bind - binding parameter (3:TIMESTAMP) <- [2026-03-11T18:46:11.051265600]
2026-03-04 18:46:11 [main] TRACE [572edebf-63ad-4348-9514-a7c7cdcdf6c8] [POST /auth/login] [127.0.0.1] org.hibernate.orm.jdbc.bind - binding parameter (4:BOOLEAN) <- [false]
2026-03-04 18:46:11 [main] TRACE [572edebf-63ad-4348-9514-a7c7cdcdf6c8] [POST /auth/login] [127.0.0.1] org.hibernate.orm.jdbc.bind - binding parameter (5:VARCHAR) <- [ML1DpMaSlCbCXjlGOucM5J//iioydFoKwxfLv3Md0UI=]
2026-03-04 18:46:11 [main] TRACE [572edebf-63ad-4348-9514-a7c7cdcdf6c8] [POST /auth/login] [127.0.0.1] org.hibernate.orm.jdbc.bind - binding parameter (6:UUID) <- [d96bc75d-996b-4e83-827e-fa352e7584bb]
2026-03-04 18:46:11 [main] TRACE [572edebf-63ad-4348-9514-a7c7cdcdf6c8] [POST /auth/login] [127.0.0.1] org.hibernate.orm.jdbc.bind - binding parameter (7:UUID) <- [2ce4df7e-008c-4825-97ea-44b1e66363c5]
2026-03-04 18:46:11 [main] DEBUG [572edebf-63ad-4348-9514-a7c7cdcdf6c8] [POST /auth/login] [127.0.0.1] c.l.b.m.context.TenantContext - Tenant context cleared.
2026-03-04 18:46:11 [main] DEBUG [10c69041-afff-43f7-826a-28b1985e48cb] [GET /admin/overview] [127.0.0.1] c.l.b.m.context.TenantContext - Tenant set to: tenant_a
2026-03-04 18:46:11 [main] DEBUG [10c69041-afff-43f7-826a-28b1985e48cb] [GET /admin/overview] [127.0.0.1] c.l.b.m.filter.TenantFilter - Tenant resolved to schema: tenant_a
2026-03-04 18:46:11 [main] DEBUG [10c69041-afff-43f7-826a-28b1985e48cb] [GET /admin/overview] [127.0.0.1] org.hibernate.SQL - 
    select
        u1_0.id,
        u1_0.created_at,
        u1_0.credentials_updated_at,
        u1_0.deleted_at,
        u1_0.email,
        u1_0.failed_attempts,
        u1_0.lock_until,
        u1_0.name,
        u1_0.password,
        u1_0.role_id,
        r1_0.id,
        r1_0.created_at,
        r1_0.name,
        r1_0.updated_at,
        u1_0.updated_at 
    from
        users u1_0 
    join
        public.roles r1_0 
            on r1_0.id=u1_0.role_id 
    where
        upper(u1_0.email)=upper(?) 
        and u1_0.deleted_at is null
2026-03-04 18:46:11 [main] TRACE [10c69041-afff-43f7-826a-28b1985e48cb] [GET /admin/overview] [127.0.0.1] org.hibernate.orm.jdbc.bind - binding parameter (1:VARCHAR) <- [admin.integration@test.com]
2026-03-04 18:46:11 [main] DEBUG [10c69041-afff-43f7-826a-28b1985e48cb] [GET /admin/overview] [127.0.0.1] c.l.backend.security.jwt.JwtService - Token is valid: eyJhbGciOiJIUzI1NiJ9.eyJqdGkiOiIyZWM0MTkwZi00NTlhLTQ1MDUtOWEyNS1iZjgzYjVlOThiZjgiLCJzdWIiOiJhZG1pbi5pbnRlZ3JhdGlvbkB0ZXN0LmNvbSIsImlzcyI6ImxlYWRmbG93IiwiaWF0IjoxNzcyNjYwNzcxLCJleHAiOjE3NzI2NjQzNzEsInVzZXJJZCI6ImQ5NmJjNzVkLTk5NmItNGU4My04MjdlLWZhMzUyZTc1ODRiYiIsInJvbGUiOiJST0xFX0FETUlOIiwidGVuYW50IjoidGVuYW50X2EifQ.0nVZVViH5i1dXl8310d7p7akA-bUlQjyZeXMtLDUieU
2026-03-04 18:46:11 [main] DEBUG [10c69041-afff-43f7-826a-28b1985e48cb] [GET /admin/overview] [127.0.0.1] org.hibernate.SQL - 
    select
        us1_0.id,
        us1_0.active,
        us1_0.created_at,
        us1_0.initial_ip_address,
        us1_0.initial_user_agent,
        us1_0.ip_address,
        us1_0.last_access_at,
        us1_0.revoked_at,
        us1_0.suspicious,
        us1_0.tenant_id,
        us1_0.token_id,
        us1_0.user_agent,
        us1_0.user_id 
    from
        user_sessions us1_0 
    where
        us1_0.token_id=? 
        and us1_0.tenant_id=? 
        and us1_0.active
2026-03-04 18:46:11 [main] TRACE [10c69041-afff-43f7-826a-28b1985e48cb] [GET /admin/overview] [127.0.0.1] org.hibernate.orm.jdbc.bind - binding parameter (1:VARCHAR) <- [2ec4190f-459a-4505-9a25-bf83b5e98bf8]
2026-03-04 18:46:11 [main] TRACE [10c69041-afff-43f7-826a-28b1985e48cb] [GET /admin/overview] [127.0.0.1] org.hibernate.orm.jdbc.bind - binding parameter (2:UUID) <- [d71ee18f-ca29-4921-9c7a-145c028095a5]
2026-03-04 18:46:11 [main] DEBUG [10c69041-afff-43f7-826a-28b1985e48cb] [GET /admin/overview] [127.0.0.1] org.hibernate.SQL - 
    update
        user_sessions 
    set
        active=?,
        ip_address=?,
        last_access_at=?,
        revoked_at=?,
        suspicious=?,
        user_agent=? 
    where
        id=?
2026-03-04 18:46:11 [main] TRACE [10c69041-afff-43f7-826a-28b1985e48cb] [GET /admin/overview] [127.0.0.1] org.hibernate.orm.jdbc.bind - binding parameter (1:BOOLEAN) <- [true]
2026-03-04 18:46:11 [main] TRACE [10c69041-afff-43f7-826a-28b1985e48cb] [GET /admin/overview] [127.0.0.1] org.hibernate.orm.jdbc.bind - binding parameter (2:VARCHAR) <- [127.0.0.1]
2026-03-04 18:46:11 [main] TRACE [10c69041-afff-43f7-826a-28b1985e48cb] [GET /admin/overview] [127.0.0.1] org.hibernate.orm.jdbc.bind - binding parameter (3:TIMESTAMP_UTC) <- [2026-03-04T21:46:11.117088200Z]
2026-03-04 18:46:11 [main] TRACE [10c69041-afff-43f7-826a-28b1985e48cb] [GET /admin/overview] [127.0.0.1] org.hibernate.orm.jdbc.bind - binding parameter (4:TIMESTAMP_UTC) <- [null]
2026-03-04 18:46:11 [main] TRACE [10c69041-afff-43f7-826a-28b1985e48cb] [GET /admin/overview] [127.0.0.1] org.hibernate.orm.jdbc.bind - binding parameter (5:BOOLEAN) <- [false]
2026-03-04 18:46:11 [main] TRACE [10c69041-afff-43f7-826a-28b1985e48cb] [GET /admin/overview] [127.0.0.1] org.hibernate.orm.jdbc.bind - binding parameter (6:VARCHAR) <- [JUnit-AdminOverviewIntegrationTest]
2026-03-04 18:46:11 [main] TRACE [10c69041-afff-43f7-826a-28b1985e48cb] [GET /admin/overview] [127.0.0.1] org.hibernate.orm.jdbc.bind - binding parameter (7:UUID) <- [d84c7cfb-6ad2-4e8b-b2f5-21e659bd7385]
2026-03-04 18:46:11 [main] DEBUG [10c69041-afff-43f7-826a-28b1985e48cb] [GET /admin/overview] [127.0.0.1] org.hibernate.SQL - 
    SELECT
        COUNT(*) 
    FROM
        public.vendors
2026-03-04 18:46:11 [main] DEBUG [10c69041-afff-43f7-826a-28b1985e48cb] [GET /admin/overview] [127.0.0.1] org.hibernate.SQL - 
    SELECT
        COUNT(*) 
    FROM
        public.vendors 
    WHERE
        subscription_status = ?
2026-03-04 18:46:11 [main] TRACE [10c69041-afff-43f7-826a-28b1985e48cb] [GET /admin/overview] [127.0.0.1] org.hibernate.orm.jdbc.bind - binding parameter (1:VARCHAR) <- [ATIVA]
2026-03-04 18:46:11 [main] DEBUG [10c69041-afff-43f7-826a-28b1985e48cb] [GET /admin/overview] [127.0.0.1] org.hibernate.SQL - 
    SELECT
        COUNT(*) 
    FROM
        public.vendors 
    WHERE
        subscription_status = ?
2026-03-04 18:46:11 [main] TRACE [10c69041-afff-43f7-826a-28b1985e48cb] [GET /admin/overview] [127.0.0.1] org.hibernate.orm.jdbc.bind - binding parameter (1:VARCHAR) <- [TRIAL]
2026-03-04 18:46:11 [main] DEBUG [10c69041-afff-43f7-826a-28b1985e48cb] [GET /admin/overview] [127.0.0.1] org.hibernate.SQL - 
    SELECT
        COUNT(*) 
    FROM
        public.vendors 
    WHERE
        subscription_status = ?
2026-03-04 18:46:11 [main] TRACE [10c69041-afff-43f7-826a-28b1985e48cb] [GET /admin/overview] [127.0.0.1] org.hibernate.orm.jdbc.bind - binding parameter (1:VARCHAR) <- [INADIMPLENTE]
2026-03-04 18:46:11 [main] DEBUG [10c69041-afff-43f7-826a-28b1985e48cb] [GET /admin/overview] [127.0.0.1] org.hibernate.SQL - 
    SELECT
        COUNT(*) 
    FROM
        public.vendors 
    WHERE
        subscription_status = ?
2026-03-04 18:46:11 [main] TRACE [10c69041-afff-43f7-826a-28b1985e48cb] [GET /admin/overview] [127.0.0.1] org.hibernate.orm.jdbc.bind - binding parameter (1:VARCHAR) <- [EXPIRADA]
2026-03-04 18:46:11 [main] DEBUG [10c69041-afff-43f7-826a-28b1985e48cb] [GET /admin/overview] [127.0.0.1] org.hibernate.SQL - 
    SELECT
        COUNT(*) 
    FROM
        public.vendor_leads
2026-03-04 18:46:11 [main] DEBUG [10c69041-afff-43f7-826a-28b1985e48cb] [GET /admin/overview] [127.0.0.1] org.hibernate.SQL - 
    SELECT
        COALESCE(SUM(v.used), 0) 
    FROM
        public.vendor_usage v 
    WHERE
        v.quota_type = ?
2026-03-04 18:46:11 [main] TRACE [10c69041-afff-43f7-826a-28b1985e48cb] [GET /admin/overview] [127.0.0.1] org.hibernate.orm.jdbc.bind - binding parameter (1:VARCHAR) <- [AI_EXECUTIONS]
2026-03-04 18:46:11 [main] DEBUG [10c69041-afff-43f7-826a-28b1985e48cb] [GET /admin/overview] [127.0.0.1] org.hibernate.SQL - 
    SELECT
        COUNT(*) 
    FROM
        public.vendors 
    WHERE
        subscription_status = 'ATIVA'
2026-03-04 18:46:11 [main] DEBUG [10c69041-afff-43f7-826a-28b1985e48cb] [GET /admin/overview] [127.0.0.1] org.hibernate.SQL - 
    SELECT
        COUNT(*) 
    FROM
        public.subscription_history s 
    WHERE
        s.new_status = 'CANCELADA'   
        AND s.changed_at >= ? 
2026-03-04 18:46:11 [main] TRACE [10c69041-afff-43f7-826a-28b1985e48cb] [GET /admin/overview] [127.0.0.1] org.hibernate.orm.jdbc.bind - binding parameter (1:TIMESTAMP_UTC) <- [2026-02-02T21:46:11.226422500Z]
2026-03-04 18:46:11 [main] DEBUG [10c69041-afff-43f7-826a-28b1985e48cb] [GET /admin/overview] [127.0.0.1] org.hibernate.SQL - 
    SELECT
        COUNT(*) 
    FROM
        public.vendors 
    WHERE
        subscription_status = 'ATIVA'
2026-03-04 18:46:11 [main] DEBUG [10c69041-afff-43f7-826a-28b1985e48cb] [GET /admin/overview] [127.0.0.1] org.hibernate.SQL - 
    SELECT
        COUNT(*) 
    FROM
        public.subscription_history s 
    WHERE
        s.previous_status = 'TRIAL'   
        AND s.new_status = 'ATIVA'   
        AND s.changed_at >= ? 
2026-03-04 18:46:11 [main] TRACE [10c69041-afff-43f7-826a-28b1985e48cb] [GET /admin/overview] [127.0.0.1] org.hibernate.orm.jdbc.bind - binding parameter (1:TIMESTAMP_UTC) <- [2026-02-02T21:46:11.237477Z]
2026-03-04 18:46:11 [main] DEBUG [10c69041-afff-43f7-826a-28b1985e48cb] [GET /admin/overview] [127.0.0.1] org.hibernate.SQL - 
    SELECT
        COUNT(*) 
    FROM
        public.vendors 
    WHERE
        subscription_status = ?
2026-03-04 18:46:11 [main] TRACE [10c69041-afff-43f7-826a-28b1985e48cb] [GET /admin/overview] [127.0.0.1] org.hibernate.orm.jdbc.bind - binding parameter (1:VARCHAR) <- [TRIAL]
2026-03-04 18:46:11 [main] DEBUG [10c69041-afff-43f7-826a-28b1985e48cb] [GET /admin/overview] [127.0.0.1] org.hibernate.SQL - 
    SELECT
        COUNT(*) 
    FROM
        public.vendors 
    WHERE
        subscription_status = 'ATIVA'
2026-03-04 18:46:11 [main] DEBUG [10c69041-afff-43f7-826a-28b1985e48cb] [GET /admin/overview] [127.0.0.1] org.hibernate.SQL - 
    SELECT
        COUNT(*) 
    FROM
        public.subscription_history s 
    WHERE
        s.new_status = 'CANCELADA'   
        AND s.changed_at >= ? 
2026-03-04 18:46:11 [main] TRACE [10c69041-afff-43f7-826a-28b1985e48cb] [GET /admin/overview] [127.0.0.1] org.hibernate.orm.jdbc.bind - binding parameter (1:TIMESTAMP_UTC) <- [2026-02-02T21:46:11.251408500Z]
2026-03-04 18:46:11 [main] DEBUG [10c69041-afff-43f7-826a-28b1985e48cb] [GET /admin/overview] [127.0.0.1] org.hibernate.SQL - 
    SELECT
        COUNT(*) 
    FROM
        public.vendors 
    WHERE
        subscription_status = 'ATIVA'
2026-03-04 18:46:11 [main] DEBUG [10c69041-afff-43f7-826a-28b1985e48cb] [GET /admin/overview] [127.0.0.1] org.hibernate.SQL - 
    SELECT
        COUNT(*) 
    FROM
        public.vendors 
    WHERE
        subscription_status = 'ATIVA'
2026-03-04 18:46:11 [main] DEBUG [10c69041-afff-43f7-826a-28b1985e48cb] [GET /admin/overview] [127.0.0.1] org.hibernate.SQL - 
    SELECT
        COUNT(*) 
    FROM
        public.subscription_history s 
    WHERE
        s.new_status = 'CANCELADA'   
        AND s.changed_at >= ? 
2026-03-04 18:46:11 [main] TRACE [10c69041-afff-43f7-826a-28b1985e48cb] [GET /admin/overview] [127.0.0.1] org.hibernate.orm.jdbc.bind - binding parameter (1:TIMESTAMP_UTC) <- [2026-02-02T21:46:11.265285700Z]
2026-03-04 18:46:11 [main] DEBUG [10c69041-afff-43f7-826a-28b1985e48cb] [GET /admin/overview] [127.0.0.1] org.hibernate.SQL - 
    SELECT
        COUNT(*) 
    FROM
        public.vendors 
    WHERE
        subscription_status = 'ATIVA'
2026-03-04 18:46:11 [main] DEBUG [10c69041-afff-43f7-826a-28b1985e48cb] [GET /admin/overview] [127.0.0.1] c.l.b.m.context.TenantContext - Tenant context cleared.
2026-03-04 18:46:11 [main] DEBUG [] [ ] [] org.hibernate.SQL - 
    select
        t1_0.id 
    from
        public.tenants t1_0 
    where
        upper(t1_0.schema_name)=upper(?) 
        and t1_0.deleted_at is null 
    fetch
        first ? rows only
2026-03-04 18:46:11 [main] TRACE [] [ ] [] org.hibernate.orm.jdbc.bind - binding parameter (1:VARCHAR) <- [tenant_a]
2026-03-04 18:46:11 [main] TRACE [] [ ] [] org.hibernate.orm.jdbc.bind - binding parameter (2:INTEGER) <- [1]
2026-03-04 18:46:11 [main] INFO  [] [ ] [] c.l.b.m.s.TenantProvisioningService - Tenant already provisioned: tenant_a
2026-03-04 18:46:11 [main] DEBUG [] [ ] [] org.hibernate.SQL - 
    select
        t1_0.id,
        t1_0.created_at,
        t1_0.deleted_at,
        t1_0.name,
        t1_0.schema_name,
        t1_0.updated_at 
    from
        public.tenants t1_0 
    where
        upper(t1_0.name)=upper(?) 
        and t1_0.deleted_at is null
2026-03-04 18:46:11 [main] TRACE [] [ ] [] org.hibernate.orm.jdbc.bind - binding parameter (1:VARCHAR) <- [Tenant A]
2026-03-04 18:46:11 [main] DEBUG [] [ ] [] c.l.b.m.context.TenantContext - Tenant set to: tenant_a
2026-03-04 18:46:11 [main] DEBUG [] [ ] [] org.hibernate.SQL - 
    select
        r1_0.id,
        r1_0.created_at,
        r1_0.name,
        r1_0.updated_at 
    from
        public.roles r1_0 
    where
        upper(r1_0.name)=upper(?)
2026-03-04 18:46:11 [main] TRACE [] [ ] [] org.hibernate.orm.jdbc.bind - binding parameter (1:VARCHAR) <- [ROLE_ADMIN]
2026-03-04 18:46:11 [main] DEBUG [] [ ] [] org.hibernate.SQL - 
    select
        r1_0.id,
        r1_0.created_at,
        r1_0.name,
        r1_0.updated_at 
    from
        public.roles r1_0 
    where
        upper(r1_0.name)=upper(?)
2026-03-04 18:46:11 [main] TRACE [] [ ] [] org.hibernate.orm.jdbc.bind - binding parameter (1:VARCHAR) <- [ROLE_USER]
2026-03-04 18:46:11 [main] DEBUG [] [ ] [] org.hibernate.SQL - 
    select
        u1_0.id,
        u1_0.created_at,
        u1_0.credentials_updated_at,
        u1_0.deleted_at,
        u1_0.email,
        u1_0.failed_attempts,
        u1_0.lock_until,
        u1_0.name,
        u1_0.password,
        u1_0.role_id,
        u1_0.updated_at 
    from
        users u1_0 
    where
        upper(u1_0.email)=upper(?)
2026-03-04 18:46:11 [main] TRACE [] [ ] [] org.hibernate.orm.jdbc.bind - binding parameter (1:VARCHAR) <- [admin.integration@test.com]
2026-03-04 18:46:11 [main] DEBUG [] [ ] [] org.hibernate.SQL - 
    select
        u1_0.id,
        u1_0.created_at,
        u1_0.credentials_updated_at,
        u1_0.deleted_at,
        u1_0.email,
        u1_0.failed_attempts,
        u1_0.lock_until,
        u1_0.name,
        u1_0.password,
        u1_0.role_id,
        u1_0.updated_at 
    from
        users u1_0 
    where
        upper(u1_0.email)=upper(?)
2026-03-04 18:46:11 [main] TRACE [] [ ] [] org.hibernate.orm.jdbc.bind - binding parameter (1:VARCHAR) <- [user.integration@test.com]
2026-03-04 18:46:11 [main] DEBUG [] [ ] [] c.l.b.m.context.TenantContext - Tenant context cleared.
2026-03-04 18:46:11 [main] DEBUG [8ae2a7fe-4b30-459c-8a7c-c98b2a603937] [POST /auth/login] [127.0.0.1] c.l.b.m.context.TenantContext - Tenant set to: tenant_a
2026-03-04 18:46:11 [main] DEBUG [8ae2a7fe-4b30-459c-8a7c-c98b2a603937] [POST /auth/login] [127.0.0.1] c.l.b.m.filter.TenantFilter - Tenant resolved to schema: tenant_a
2026-03-04 18:46:11 [main] DEBUG [8ae2a7fe-4b30-459c-8a7c-c98b2a603937] [POST /auth/login] [127.0.0.1] org.hibernate.SQL - 
    select
        u1_0.id,
        u1_0.created_at,
        u1_0.credentials_updated_at,
        u1_0.deleted_at,
        u1_0.email,
        u1_0.failed_attempts,
        u1_0.lock_until,
        u1_0.name,
        u1_0.password,
        u1_0.role_id,
        r1_0.id,
        r1_0.created_at,
        r1_0.name,
        r1_0.updated_at,
        u1_0.updated_at 
    from
        users u1_0 
    join
        public.roles r1_0 
            on r1_0.id=u1_0.role_id 
    where
        upper(u1_0.email)=upper(?) 
        and u1_0.deleted_at is null
2026-03-04 18:46:11 [main] TRACE [8ae2a7fe-4b30-459c-8a7c-c98b2a603937] [POST /auth/login] [127.0.0.1] org.hibernate.orm.jdbc.bind - binding parameter (1:VARCHAR) <- [user.integration@test.com]
2026-03-04 18:46:11 [main] DEBUG [8ae2a7fe-4b30-459c-8a7c-c98b2a603937] [POST /auth/login] [127.0.0.1] org.hibernate.SQL - 
    select
        t1_0.id,
        t1_0.created_at,
        t1_0.deleted_at,
        t1_0.name,
        t1_0.schema_name,
        t1_0.updated_at 
    from
        public.tenants t1_0 
    where
        upper(t1_0.schema_name)=upper(?) 
        and t1_0.deleted_at is null
2026-03-04 18:46:11 [main] TRACE [8ae2a7fe-4b30-459c-8a7c-c98b2a603937] [POST /auth/login] [127.0.0.1] org.hibernate.orm.jdbc.bind - binding parameter (1:VARCHAR) <- [tenant_a]
2026-03-04 18:46:11 [main] DEBUG [8ae2a7fe-4b30-459c-8a7c-c98b2a603937] [POST /auth/login] [127.0.0.1] c.l.b.s.audit.SecurityAuditService - Security audit logged: action=LOGIN_SUCCESS, email=user.integration@test.com, tenant=tenant_a, success=true
2026-03-04 18:46:11 [main] INFO  [8ae2a7fe-4b30-459c-8a7c-c98b2a603937] [POST /auth/login] [127.0.0.1] c.l.backend.service.auth.AuthService - User authenticated successfully: user.integration@test.com
2026-03-04 18:46:11 [main] DEBUG [8ae2a7fe-4b30-459c-8a7c-c98b2a603937] [POST /auth/login] [127.0.0.1] org.hibernate.SQL - 
    insert 
    into
        login_audit
        (created_at, email, failure_reason, ip_address, success, suspicious, tenant_id, user_agent, user_id, id) 
    values
        (?, ?, ?, ?, ?, ?, ?, ?, ?, ?)
2026-03-04 18:46:11 [main] TRACE [8ae2a7fe-4b30-459c-8a7c-c98b2a603937] [POST /auth/login] [127.0.0.1] org.hibernate.orm.jdbc.bind - binding parameter (1:TIMESTAMP_UTC) <- [2026-03-04T21:46:11.419654600Z]
2026-03-04 18:46:11 [main] TRACE [8ae2a7fe-4b30-459c-8a7c-c98b2a603937] [POST /auth/login] [127.0.0.1] org.hibernate.orm.jdbc.bind - binding parameter (2:VARCHAR) <- [user.integration@test.com]
2026-03-04 18:46:11 [main] TRACE [8ae2a7fe-4b30-459c-8a7c-c98b2a603937] [POST /auth/login] [127.0.0.1] org.hibernate.orm.jdbc.bind - binding parameter (3:VARCHAR) <- [null]
2026-03-04 18:46:11 [main] TRACE [8ae2a7fe-4b30-459c-8a7c-c98b2a603937] [POST /auth/login] [127.0.0.1] org.hibernate.orm.jdbc.bind - binding parameter (4:VARCHAR) <- [127.0.0.1]
2026-03-04 18:46:11 [main] TRACE [8ae2a7fe-4b30-459c-8a7c-c98b2a603937] [POST /auth/login] [127.0.0.1] org.hibernate.orm.jdbc.bind - binding parameter (5:BOOLEAN) <- [true]
2026-03-04 18:46:11 [main] TRACE [8ae2a7fe-4b30-459c-8a7c-c98b2a603937] [POST /auth/login] [127.0.0.1] org.hibernate.orm.jdbc.bind - binding parameter (6:BOOLEAN) <- [false]
2026-03-04 18:46:11 [main] TRACE [8ae2a7fe-4b30-459c-8a7c-c98b2a603937] [POST /auth/login] [127.0.0.1] org.hibernate.orm.jdbc.bind - binding parameter (7:UUID) <- [d71ee18f-ca29-4921-9c7a-145c028095a5]
2026-03-04 18:46:11 [main] TRACE [8ae2a7fe-4b30-459c-8a7c-c98b2a603937] [POST /auth/login] [127.0.0.1] org.hibernate.orm.jdbc.bind - binding parameter (8:VARCHAR) <- [JUnit-AdminOverviewIntegrationTest]
2026-03-04 18:46:11 [main] TRACE [8ae2a7fe-4b30-459c-8a7c-c98b2a603937] [POST /auth/login] [127.0.0.1] org.hibernate.orm.jdbc.bind - binding parameter (9:UUID) <- [34d36b74-d333-41ad-8912-2fe16334ee46]
2026-03-04 18:46:11 [main] TRACE [8ae2a7fe-4b30-459c-8a7c-c98b2a603937] [POST /auth/login] [127.0.0.1] org.hibernate.orm.jdbc.bind - binding parameter (10:UUID) <- [f86c3ad3-e654-4756-b2be-1b69f3027f7e]
2026-03-04 18:46:11 [main] DEBUG [8ae2a7fe-4b30-459c-8a7c-c98b2a603937] [POST /auth/login] [127.0.0.1] org.hibernate.SQL - 
    insert 
    into
        security_audit_logs
        (action, correlation_id, created_at, email, ip_address, success, tenant, user_agent, id) 
    values
        (?, ?, ?, ?, ?, ?, ?, ?, ?)
2026-03-04 18:46:11 [main] TRACE [8ae2a7fe-4b30-459c-8a7c-c98b2a603937] [POST /auth/login] [127.0.0.1] org.hibernate.orm.jdbc.bind - binding parameter (1:VARCHAR) <- [LOGIN_SUCCESS]
2026-03-04 18:46:11 [main] TRACE [8ae2a7fe-4b30-459c-8a7c-c98b2a603937] [POST /auth/login] [127.0.0.1] org.hibernate.orm.jdbc.bind - binding parameter (2:VARCHAR) <- [8ae2a7fe-4b30-459c-8a7c-c98b2a603937]
2026-03-04 18:46:11 [main] TRACE [8ae2a7fe-4b30-459c-8a7c-c98b2a603937] [POST /auth/login] [127.0.0.1] org.hibernate.orm.jdbc.bind - binding parameter (3:TIMESTAMP) <- [2026-03-04T18:46:11.421746]
2026-03-04 18:46:11 [main] TRACE [8ae2a7fe-4b30-459c-8a7c-c98b2a603937] [POST /auth/login] [127.0.0.1] org.hibernate.orm.jdbc.bind - binding parameter (4:VARCHAR) <- [user.integration@test.com]
2026-03-04 18:46:11 [main] TRACE [8ae2a7fe-4b30-459c-8a7c-c98b2a603937] [POST /auth/login] [127.0.0.1] org.hibernate.orm.jdbc.bind - binding parameter (5:VARCHAR) <- [127.0.0.1]
2026-03-04 18:46:11 [main] TRACE [8ae2a7fe-4b30-459c-8a7c-c98b2a603937] [POST /auth/login] [127.0.0.1] org.hibernate.orm.jdbc.bind - binding parameter (6:BOOLEAN) <- [true]
2026-03-04 18:46:11 [main] TRACE [8ae2a7fe-4b30-459c-8a7c-c98b2a603937] [POST /auth/login] [127.0.0.1] org.hibernate.orm.jdbc.bind - binding parameter (7:VARCHAR) <- [tenant_a]
2026-03-04 18:46:11 [main] TRACE [8ae2a7fe-4b30-459c-8a7c-c98b2a603937] [POST /auth/login] [127.0.0.1] org.hibernate.orm.jdbc.bind - binding parameter (8:VARCHAR) <- [JUnit-AdminOverviewIntegrationTest]
2026-03-04 18:46:11 [main] TRACE [8ae2a7fe-4b30-459c-8a7c-c98b2a603937] [POST /auth/login] [127.0.0.1] org.hibernate.orm.jdbc.bind - binding parameter (9:UUID) <- [e8a39e28-5149-47f8-926a-dc3f0f9b181d]
2026-03-04 18:46:11 [main] DEBUG [8ae2a7fe-4b30-459c-8a7c-c98b2a603937] [POST /auth/login] [127.0.0.1] org.hibernate.SQL - 
    select
        count(us1_0.id) 
    from
        user_sessions us1_0 
    where
        us1_0.user_id=? 
        and us1_0.tenant_id=? 
        and us1_0.active
2026-03-04 18:46:11 [main] TRACE [8ae2a7fe-4b30-459c-8a7c-c98b2a603937] [POST /auth/login] [127.0.0.1] org.hibernate.orm.jdbc.bind - binding parameter (1:UUID) <- [34d36b74-d333-41ad-8912-2fe16334ee46]
2026-03-04 18:46:11 [main] TRACE [8ae2a7fe-4b30-459c-8a7c-c98b2a603937] [POST /auth/login] [127.0.0.1] org.hibernate.orm.jdbc.bind - binding parameter (2:UUID) <- [d71ee18f-ca29-4921-9c7a-145c028095a5]
2026-03-04 18:46:11 [main] DEBUG [8ae2a7fe-4b30-459c-8a7c-c98b2a603937] [POST /auth/login] [127.0.0.1] org.hibernate.SQL - 
    insert 
    into
        user_sessions
        (active, created_at, initial_ip_address, initial_user_agent, ip_address, last_access_at, revoked_at, suspicious, tenant_id, token_id, user_agent, user_id, id) 
    values
        (?, ?, ?, ?, ?, ?, ?, ?, ?, ?, ?, ?, ?)
2026-03-04 18:46:11 [main] TRACE [8ae2a7fe-4b30-459c-8a7c-c98b2a603937] [POST /auth/login] [127.0.0.1] org.hibernate.orm.jdbc.bind - binding parameter (1:BOOLEAN) <- [true]
2026-03-04 18:46:11 [main] TRACE [8ae2a7fe-4b30-459c-8a7c-c98b2a603937] [POST /auth/login] [127.0.0.1] org.hibernate.orm.jdbc.bind - binding parameter (2:TIMESTAMP_UTC) <- [2026-03-04T21:46:11.429114300Z]
2026-03-04 18:46:11 [main] TRACE [8ae2a7fe-4b30-459c-8a7c-c98b2a603937] [POST /auth/login] [127.0.0.1] org.hibernate.orm.jdbc.bind - binding parameter (3:VARCHAR) <- [127.0.0.1]
2026-03-04 18:46:11 [main] TRACE [8ae2a7fe-4b30-459c-8a7c-c98b2a603937] [POST /auth/login] [127.0.0.1] org.hibernate.orm.jdbc.bind - binding parameter (4:VARCHAR) <- [JUnit-AdminOverviewIntegrationTest]
2026-03-04 18:46:11 [main] TRACE [8ae2a7fe-4b30-459c-8a7c-c98b2a603937] [POST /auth/login] [127.0.0.1] org.hibernate.orm.jdbc.bind - binding parameter (5:VARCHAR) <- [127.0.0.1]
2026-03-04 18:46:11 [main] TRACE [8ae2a7fe-4b30-459c-8a7c-c98b2a603937] [POST /auth/login] [127.0.0.1] org.hibernate.orm.jdbc.bind - binding parameter (6:TIMESTAMP_UTC) <- [2026-03-04T21:46:11.429114300Z]
2026-03-04 18:46:11 [main] TRACE [8ae2a7fe-4b30-459c-8a7c-c98b2a603937] [POST /auth/login] [127.0.0.1] org.hibernate.orm.jdbc.bind - binding parameter (7:TIMESTAMP_UTC) <- [null]
2026-03-04 18:46:11 [main] TRACE [8ae2a7fe-4b30-459c-8a7c-c98b2a603937] [POST /auth/login] [127.0.0.1] org.hibernate.orm.jdbc.bind - binding parameter (8:BOOLEAN) <- [false]
2026-03-04 18:46:11 [main] TRACE [8ae2a7fe-4b30-459c-8a7c-c98b2a603937] [POST /auth/login] [127.0.0.1] org.hibernate.orm.jdbc.bind - binding parameter (9:UUID) <- [d71ee18f-ca29-4921-9c7a-145c028095a5]
2026-03-04 18:46:11 [main] TRACE [8ae2a7fe-4b30-459c-8a7c-c98b2a603937] [POST /auth/login] [127.0.0.1] org.hibernate.orm.jdbc.bind - binding parameter (10:VARCHAR) <- [88071e0c-769a-4538-aadf-8b352f6aefa4]
2026-03-04 18:46:11 [main] TRACE [8ae2a7fe-4b30-459c-8a7c-c98b2a603937] [POST /auth/login] [127.0.0.1] org.hibernate.orm.jdbc.bind - binding parameter (11:VARCHAR) <- [JUnit-AdminOverviewIntegrationTest]
2026-03-04 18:46:11 [main] TRACE [8ae2a7fe-4b30-459c-8a7c-c98b2a603937] [POST /auth/login] [127.0.0.1] org.hibernate.orm.jdbc.bind - binding parameter (12:UUID) <- [34d36b74-d333-41ad-8912-2fe16334ee46]
2026-03-04 18:46:11 [main] TRACE [8ae2a7fe-4b30-459c-8a7c-c98b2a603937] [POST /auth/login] [127.0.0.1] org.hibernate.orm.jdbc.bind - binding parameter (13:UUID) <- [1eb5b808-fade-41b6-8384-5188c56228d6]
2026-03-04 18:46:11 [main] DEBUG [8ae2a7fe-4b30-459c-8a7c-c98b2a603937] [POST /auth/login] [127.0.0.1] org.hibernate.SQL - 
    select
        null,
        u1_0.created_at,
        u1_0.credentials_updated_at,
        u1_0.deleted_at,
        u1_0.email,
        u1_0.failed_attempts,
        u1_0.lock_until,
        u1_0.name,
        u1_0.password,
        u1_0.role_id,
        u1_0.updated_at 
    from
        users u1_0 
    where
        u1_0.id=?
2026-03-04 18:46:11 [main] TRACE [8ae2a7fe-4b30-459c-8a7c-c98b2a603937] [POST /auth/login] [127.0.0.1] org.hibernate.orm.jdbc.bind - binding parameter (1:UUID) <- [34d36b74-d333-41ad-8912-2fe16334ee46]
2026-03-04 18:46:11 [main] DEBUG [8ae2a7fe-4b30-459c-8a7c-c98b2a603937] [POST /auth/login] [127.0.0.1] org.hibernate.SQL - 
    insert 
    into
        refresh_tokens
        (created_at, device_fingerprint, expires_at, revoked, token_hash, user_id, id) 
    values
        (?, ?, ?, ?, ?, ?, ?)
2026-03-04 18:46:11 [main] TRACE [8ae2a7fe-4b30-459c-8a7c-c98b2a603937] [POST /auth/login] [127.0.0.1] org.hibernate.orm.jdbc.bind - binding parameter (1:TIMESTAMP) <- [2026-03-04T18:46:11.436951]
2026-03-04 18:46:11 [main] TRACE [8ae2a7fe-4b30-459c-8a7c-c98b2a603937] [POST /auth/login] [127.0.0.1] org.hibernate.orm.jdbc.bind - binding parameter (2:VARCHAR) <- [QVqFKNqQ3lFPuEhjyBq9TsNIPNP3y53SfshD6lsiWvU=]
2026-03-04 18:46:11 [main] TRACE [8ae2a7fe-4b30-459c-8a7c-c98b2a603937] [POST /auth/login] [127.0.0.1] org.hibernate.orm.jdbc.bind - binding parameter (3:TIMESTAMP) <- [2026-03-11T18:46:11.433821]
2026-03-04 18:46:11 [main] TRACE [8ae2a7fe-4b30-459c-8a7c-c98b2a603937] [POST /auth/login] [127.0.0.1] org.hibernate.orm.jdbc.bind - binding parameter (4:BOOLEAN) <- [false]
2026-03-04 18:46:11 [main] TRACE [8ae2a7fe-4b30-459c-8a7c-c98b2a603937] [POST /auth/login] [127.0.0.1] org.hibernate.orm.jdbc.bind - binding parameter (5:VARCHAR) <- [E+KvjyBPp8gFNRpfbnfLQlgaQbqb4VrMVWLeRebHxx4=]
2026-03-04 18:46:11 [main] TRACE [8ae2a7fe-4b30-459c-8a7c-c98b2a603937] [POST /auth/login] [127.0.0.1] org.hibernate.orm.jdbc.bind - binding parameter (6:UUID) <- [34d36b74-d333-41ad-8912-2fe16334ee46]
2026-03-04 18:46:11 [main] TRACE [8ae2a7fe-4b30-459c-8a7c-c98b2a603937] [POST /auth/login] [127.0.0.1] org.hibernate.orm.jdbc.bind - binding parameter (7:UUID) <- [6dc47b16-b860-489e-81da-802f36f054e3]
2026-03-04 18:46:11 [main] DEBUG [8ae2a7fe-4b30-459c-8a7c-c98b2a603937] [POST /auth/login] [127.0.0.1] c.l.b.m.context.TenantContext - Tenant context cleared.
2026-03-04 18:46:11 [main] DEBUG [615b2c65-ab2d-4dd5-b771-adafea5246e2] [GET /admin/overview] [127.0.0.1] c.l.b.m.context.TenantContext - Tenant set to: tenant_a
2026-03-04 18:46:11 [main] DEBUG [615b2c65-ab2d-4dd5-b771-adafea5246e2] [GET /admin/overview] [127.0.0.1] c.l.b.m.filter.TenantFilter - Tenant resolved to schema: tenant_a
2026-03-04 18:46:11 [main] DEBUG [615b2c65-ab2d-4dd5-b771-adafea5246e2] [GET /admin/overview] [127.0.0.1] org.hibernate.SQL - 
    select
        u1_0.id,
        u1_0.created_at,
        u1_0.credentials_updated_at,
        u1_0.deleted_at,
        u1_0.email,
        u1_0.failed_attempts,
        u1_0.lock_until,
        u1_0.name,
        u1_0.password,
        u1_0.role_id,
        r1_0.id,
        r1_0.created_at,
        r1_0.name,
        r1_0.updated_at,
        u1_0.updated_at 
    from
        users u1_0 
    join
        public.roles r1_0 
            on r1_0.id=u1_0.role_id 
    where
        upper(u1_0.email)=upper(?) 
        and u1_0.deleted_at is null
2026-03-04 18:46:11 [main] TRACE [615b2c65-ab2d-4dd5-b771-adafea5246e2] [GET /admin/overview] [127.0.0.1] org.hibernate.orm.jdbc.bind - binding parameter (1:VARCHAR) <- [user.integration@test.com]
2026-03-04 18:46:11 [main] DEBUG [615b2c65-ab2d-4dd5-b771-adafea5246e2] [GET /admin/overview] [127.0.0.1] c.l.backend.security.jwt.JwtService - Token is valid: eyJhbGciOiJIUzI1NiJ9.eyJqdGkiOiI4ODA3MWUwYy03NjlhLTQ1MzgtYWFkZi04YjM1MmY2YWVmYTQiLCJzdWIiOiJ1c2VyLmludGVncmF0aW9uQHRlc3QuY29tIiwiaXNzIjoibGVhZGZsb3ciLCJpYXQiOjE3NzI2NjA3NzEsImV4cCI6MTc3MjY2NDM3MSwidXNlcklkIjoiMzRkMzZiNzQtZDMzMy00MWFkLTg5MTItMmZlMTYzMzRlZTQ2Iiwicm9sZSI6IlJPTEVfVVNFUiIsInRlbmFudCI6InRlbmFudF9hIn0.F4QJrEeavpRKPogIyyACuWgS8DflNcgx1XaGYgiWoAk
2026-03-04 18:46:11 [main] DEBUG [615b2c65-ab2d-4dd5-b771-adafea5246e2] [GET /admin/overview] [127.0.0.1] org.hibernate.SQL - 
    select
        us1_0.id,
        us1_0.active,
        us1_0.created_at,
        us1_0.initial_ip_address,
        us1_0.initial_user_agent,
        us1_0.ip_address,
        us1_0.last_access_at,
        us1_0.revoked_at,
        us1_0.suspicious,
        us1_0.tenant_id,
        us1_0.token_id,
        us1_0.user_agent,
        us1_0.user_id 
    from
        user_sessions us1_0 
    where
        us1_0.token_id=? 
        and us1_0.tenant_id=? 
        and us1_0.active
2026-03-04 18:46:11 [main] TRACE [615b2c65-ab2d-4dd5-b771-adafea5246e2] [GET /admin/overview] [127.0.0.1] org.hibernate.orm.jdbc.bind - binding parameter (1:VARCHAR) <- [88071e0c-769a-4538-aadf-8b352f6aefa4]
2026-03-04 18:46:11 [main] TRACE [615b2c65-ab2d-4dd5-b771-adafea5246e2] [GET /admin/overview] [127.0.0.1] org.hibernate.orm.jdbc.bind - binding parameter (2:UUID) <- [d71ee18f-ca29-4921-9c7a-145c028095a5]
2026-03-04 18:46:11 [main] DEBUG [615b2c65-ab2d-4dd5-b771-adafea5246e2] [GET /admin/overview] [127.0.0.1] org.hibernate.SQL - 
    update
        user_sessions 
    set
        active=?,
        ip_address=?,
        last_access_at=?,
        revoked_at=?,
        suspicious=?,
        user_agent=? 
    where
        id=?
2026-03-04 18:46:11 [main] TRACE [615b2c65-ab2d-4dd5-b771-adafea5246e2] [GET /admin/overview] [127.0.0.1] org.hibernate.orm.jdbc.bind - binding parameter (1:BOOLEAN) <- [true]
2026-03-04 18:46:11 [main] TRACE [615b2c65-ab2d-4dd5-b771-adafea5246e2] [GET /admin/overview] [127.0.0.1] org.hibernate.orm.jdbc.bind - binding parameter (2:VARCHAR) <- [127.0.0.1]
2026-03-04 18:46:11 [main] TRACE [615b2c65-ab2d-4dd5-b771-adafea5246e2] [GET /admin/overview] [127.0.0.1] org.hibernate.orm.jdbc.bind - binding parameter (3:TIMESTAMP_UTC) <- [2026-03-04T21:46:11.467749Z]
2026-03-04 18:46:11 [main] TRACE [615b2c65-ab2d-4dd5-b771-adafea5246e2] [GET /admin/overview] [127.0.0.1] org.hibernate.orm.jdbc.bind - binding parameter (4:TIMESTAMP_UTC) <- [null]
2026-03-04 18:46:11 [main] TRACE [615b2c65-ab2d-4dd5-b771-adafea5246e2] [GET /admin/overview] [127.0.0.1] org.hibernate.orm.jdbc.bind - binding parameter (5:BOOLEAN) <- [false]
2026-03-04 18:46:11 [main] TRACE [615b2c65-ab2d-4dd5-b771-adafea5246e2] [GET /admin/overview] [127.0.0.1] org.hibernate.orm.jdbc.bind - binding parameter (6:VARCHAR) <- [JUnit-AdminOverviewIntegrationTest]
2026-03-04 18:46:11 [main] TRACE [615b2c65-ab2d-4dd5-b771-adafea5246e2] [GET /admin/overview] [127.0.0.1] org.hibernate.orm.jdbc.bind - binding parameter (7:UUID) <- [1eb5b808-fade-41b6-8384-5188c56228d6]
2026-03-04 18:46:11 [main] DEBUG [615b2c65-ab2d-4dd5-b771-adafea5246e2] [GET /admin/overview] [127.0.0.1] c.l.b.m.context.TenantContext - Tenant context cleared.
[INFO] Tests run: 3, Failures: 0, Errors: 0, Skipped: 0, Time elapsed: 53.13 s -- in com.leadflow.backend.controller.admin.AdminOverviewIntegrationTest
[INFO] Running com.leadflow.backend.controller.AiControllerTest
2026-03-04 18:46:11 [scheduler-1] DEBUG [] [ ] [] org.hibernate.SQL - 
    select
        ee1_0.id,
        ee1_0.attempt_count,
        ee1_0.email,
        ee1_0.event_type,
        ee1_0.html_content,
        ee1_0.max_attempts,
        ee1_0.next_retry_at,
        ee1_0.occurred_at,
        ee1_0.processed_at,
        ee1_0.reason,
        ee1_0.status,
        ee1_0.subject,
        ee1_0.updated_at 
    from
        email_events ee1_0 
    where
        ee1_0.status=? 
        and ee1_0.next_retry_at<=? 
    order by
        ee1_0.occurred_at 
    fetch
        first ? rows only
2026-03-04 18:46:11 [scheduler-1] TRACE [] [ ] [] org.hibernate.orm.jdbc.bind - binding parameter (1:VARCHAR) <- [PENDING]
2026-03-04 18:46:11 [scheduler-1] TRACE [] [ ] [] org.hibernate.orm.jdbc.bind - binding parameter (2:TIMESTAMP_UTC) <- [2026-03-04T21:46:11.537372700Z]
2026-03-04 18:46:11 [scheduler-1] TRACE [] [ ] [] org.hibernate.orm.jdbc.bind - binding parameter (3:INTEGER) <- [50]

  .   ____          _            __ _ _
 /\\ / ___'_ __ _ _(_)_ __  __ _ \ \ \ \
( ( )\___ | '_ | '_| | '_ \/ _` | \ \ \ \
 \\/  ___)| |_)| | | | | || (_| |  ) ) ) )
  '  |____| .__|_| |_|_| |_\__, | / / / /
 =========|_|==============|___/=/_/_/_/

 :: Spring Boot ::               (v3.5.11)

2026-03-04 18:46:11 [main] INFO  [] [ ] [] c.l.b.controller.AiControllerTest - Starting AiControllerTest using Java 17.0.16 with PID 23204 (started by Gabri in C:\Users\Gabri\OneDrive\┴rea de Trabalho\leadflow-backend)
2026-03-04 18:46:11 [main] DEBUG [] [ ] [] c.l.b.controller.AiControllerTest - Running with Spring Boot v3.5.11, Spring v6.2.16
2026-03-04 18:46:11 [main] INFO  [] [ ] [] c.l.b.controller.AiControllerTest - The following 1 profile is active: "test"
2026-03-04 18:46:12 [main] WARN  [] [ ] [] o.s.b.a.s.s.UserDetailsServiceAutoConfiguration - 

Using generated security password: 1fab5160-aa1f-41f8-835c-85994063b885

This generated password is for development use only. Your security configuration must be updated before running your application in production.

2026-03-04 18:46:12 [main] INFO  [] [ ] [] c.l.b.controller.AiControllerTest - Started AiControllerTest in 0.783 seconds (process running for 65.731)
[INFO] Tests run: 2, Failures: 0, Errors: 0, Skipped: 0, Time elapsed: 0.903 s -- in com.leadflow.backend.controller.AiControllerTest
[INFO] Running com.leadflow.backend.controller.auth.AuthControllerNegativeTest

  .   ____          _            __ _ _
 /\\ / ___'_ __ _ _(_)_ __  __ _ \ \ \ \
( ( )\___ | '_ | '_| | '_ \/ _` | \ \ \ \
 \\/  ___)| |_)| | | | | || (_| |  ) ) ) )
  '  |____| .__|_| |_|_| |_\__, | / / / /
 =========|_|==============|___/=/_/_/_/

 :: Spring Boot ::               (v3.5.11)

2026-03-04 18:46:12 [main] INFO  [] [ ] [] c.l.b.c.a.AuthControllerNegativeTest - Starting AuthControllerNegativeTest using Java 17.0.16 with PID 23204 (started by Gabri in C:\Users\Gabri\OneDrive\┴rea de Trabalho\leadflow-backend)
2026-03-04 18:46:12 [main] DEBUG [] [ ] [] c.l.b.c.a.AuthControllerNegativeTest - Running with Spring Boot v3.5.11, Spring v6.2.16
2026-03-04 18:46:12 [main] INFO  [] [ ] [] c.l.b.c.a.AuthControllerNegativeTest - The following 1 profile is active: "test"
2026-03-04 18:46:12 [scheduler-1] DEBUG [] [ ] [] org.hibernate.SQL - 
    select
        ee1_0.id,
        ee1_0.attempt_count,
        ee1_0.email,
        ee1_0.event_type,
        ee1_0.html_content,
        ee1_0.max_attempts,
        ee1_0.next_retry_at,
        ee1_0.occurred_at,
        ee1_0.processed_at,
        ee1_0.reason,
        ee1_0.status,
        ee1_0.subject,
        ee1_0.updated_at 
    from
        email_events ee1_0 
    where
        ee1_0.status=? 
        and ee1_0.next_retry_at<=? 
    order by
        ee1_0.occurred_at 
    fetch
        first ? rows only
2026-03-04 18:46:12 [scheduler-1] TRACE [] [ ] [] org.hibernate.orm.jdbc.bind - binding parameter (1:VARCHAR) <- [PENDING]
2026-03-04 18:46:12 [scheduler-1] TRACE [] [ ] [] org.hibernate.orm.jdbc.bind - binding parameter (2:TIMESTAMP_UTC) <- [2026-03-04T21:46:12.550059300Z]
2026-03-04 18:46:12 [scheduler-1] TRACE [] [ ] [] org.hibernate.orm.jdbc.bind - binding parameter (3:INTEGER) <- [50]
2026-03-04 18:46:13 [main] WARN  [] [ ] [] o.s.b.a.s.s.UserDetailsServiceAutoConfiguration - 

Using generated security password: 89472785-36bc-4ff4-a13b-56dc75a2ccc5

This generated password is for development use only. Your security configuration must be updated before running your application in production.

2026-03-04 18:46:13 [main] INFO  [] [ ] [] c.l.b.c.a.AuthControllerNegativeTest - Started AuthControllerNegativeTest in 0.553 seconds (process running for 66.445)
2026-03-04 18:46:13 [main] DEBUG [] [ ] [] c.l.b.m.context.TenantContext - Tenant set to: tenant_id_123
2026-03-04 18:46:13 [main] DEBUG [] [ ] [] c.l.b.m.context.TenantContext - Tenant context cleared.
2026-03-04 18:46:13 [main] DEBUG [] [ ] [] c.l.b.m.context.TenantContext - Tenant set to: tenant_id_123
2026-03-04 18:46:13 [main] DEBUG [] [ ] [] c.l.b.m.context.TenantContext - Tenant context cleared.
2026-03-04 18:46:13 [main] DEBUG [] [ ] [] c.l.b.m.context.TenantContext - Tenant set to: tenant_id_123
2026-03-04 18:46:13 [main] DEBUG [] [ ] [] c.l.b.m.context.TenantContext - Tenant context cleared.
2026-03-04 18:46:13 [main] DEBUG [] [ ] [] c.l.b.m.context.TenantContext - Tenant set to: tenant_id_123
2026-03-04 18:46:13 [main] WARN  [] [ ] [] c.l.b.e.GlobalExceptionHandler - Invalid credentials attempt
2026-03-04 18:46:13 [main] DEBUG [] [ ] [] c.l.b.m.context.TenantContext - Tenant context cleared.
2026-03-04 18:46:13 [main] DEBUG [] [ ] [] c.l.b.m.context.TenantContext - Tenant set to: tenant_id_123
2026-03-04 18:46:13 [main] DEBUG [] [ ] [] c.l.b.m.context.TenantContext - Tenant context cleared.
[INFO] Tests run: 5, Failures: 0, Errors: 0, Skipped: 0, Time elapsed: 0.720 s -- in com.leadflow.backend.controller.auth.AuthControllerNegativeTest
[INFO] Running com.leadflow.backend.controller.auth.AuthControllerTest

  .   ____          _            __ _ _
 /\\ / ___'_ __ _ _(_)_ __  __ _ \ \ \ \
( ( )\___ | '_ | '_| | '_ \/ _` | \ \ \ \
 \\/  ___)| |_)| | | | | || (_| |  ) ) ) )
  '  |____| .__|_| |_|_| |_\__, | / / / /
 =========|_|==============|___/=/_/_/_/

 :: Spring Boot ::               (v3.5.11)

2026-03-04 18:46:13 [main] INFO  [] [ ] [] c.l.b.c.auth.AuthControllerTest - Starting AuthControllerTest using Java 17.0.16 with PID 23204 (started by Gabri in C:\Users\Gabri\OneDrive\┴rea de Trabalho\leadflow-backend)
2026-03-04 18:46:13 [main] DEBUG [] [ ] [] c.l.b.c.auth.AuthControllerTest - Running with Spring Boot v3.5.11, Spring v6.2.16
2026-03-04 18:46:13 [main] INFO  [] [ ] [] c.l.b.c.auth.AuthControllerTest - The following 1 profile is active: "test"
2026-03-04 18:46:13 [main] WARN  [] [ ] [] o.s.b.a.s.s.UserDetailsServiceAutoConfiguration - 

Using generated security password: d18d150e-2ebc-46ef-a6b9-5439e16125c6

This generated password is for development use only. Your security configuration must be updated before running your application in production.

2026-03-04 18:46:13 [main] DEBUG [] [ ] [] c.l.b.i.logging.CorrelationIdFilter - Filter 'correlationIdFilter' configured for use
2026-03-04 18:46:13 [main] DEBUG [] [ ] [] c.l.b.m.filter.TenantFilter - Filter 'tenantFilter' configured for use
2026-03-04 18:46:13 [main] DEBUG [] [ ] [] c.l.backend.security.RateLimitFilter - Filter 'rateLimitFilter' configured for use
2026-03-04 18:46:13 [main] INFO  [] [ ] [] c.l.b.c.auth.AuthControllerTest - Started AuthControllerTest in 0.345 seconds (process running for 66.857)
2026-03-04 18:46:13 [main] DEBUG [] [ ] [] c.l.b.m.context.TenantContext - Tenant set to: tenant_test
2026-03-04 18:46:13 [main] DEBUG [ad2ac594-ad81-4408-b9fc-12c0fe3a7372] [GET /auth/me] [127.0.0.1] c.l.b.m.context.TenantContext - Tenant set to: tenant_test
2026-03-04 18:46:13 [main] DEBUG [ad2ac594-ad81-4408-b9fc-12c0fe3a7372] [GET /auth/me] [127.0.0.1] c.l.b.m.filter.TenantFilter - Tenant resolved to schema: tenant_test
2026-03-04 18:46:13 [main] DEBUG [ad2ac594-ad81-4408-b9fc-12c0fe3a7372] [GET /auth/me] [127.0.0.1] c.l.b.m.context.TenantContext - Tenant context cleared.
2026-03-04 18:46:13 [main] DEBUG [] [ ] [] c.l.b.m.context.TenantContext - Tenant context cleared.
2026-03-04 18:46:13 [main] DEBUG [] [ ] [] c.l.b.m.context.TenantContext - Tenant set to: tenant_test
2026-03-04 18:46:13 [main] DEBUG [d7f2dbc0-e61d-4a77-922f-9a3cfd062ca9] [POST /auth/register] [127.0.0.1] c.l.b.m.context.TenantContext - Tenant set to: tenant_test
2026-03-04 18:46:13 [main] DEBUG [d7f2dbc0-e61d-4a77-922f-9a3cfd062ca9] [POST /auth/register] [127.0.0.1] c.l.b.m.filter.TenantFilter - Tenant resolved to schema: tenant_test
2026-03-04 18:46:13 [main] DEBUG [d7f2dbc0-e61d-4a77-922f-9a3cfd062ca9] [POST /auth/register] [127.0.0.1] c.l.b.m.context.TenantContext - Tenant context cleared.
2026-03-04 18:46:13 [main] DEBUG [] [ ] [] c.l.b.m.context.TenantContext - Tenant context cleared.
2026-03-04 18:46:13 [main] DEBUG [] [ ] [] c.l.b.m.context.TenantContext - Tenant set to: tenant_test
2026-03-04 18:46:13 [main] DEBUG [c07c636d-9dc4-4953-b34a-441d418fa6fc] [POST /auth/login] [127.0.0.1] c.l.b.m.context.TenantContext - Tenant set to: tenant_test
2026-03-04 18:46:13 [main] DEBUG [c07c636d-9dc4-4953-b34a-441d418fa6fc] [POST /auth/login] [127.0.0.1] c.l.b.m.filter.TenantFilter - Tenant resolved to schema: tenant_test
2026-03-04 18:46:13 [main] DEBUG [c07c636d-9dc4-4953-b34a-441d418fa6fc] [POST /auth/login] [127.0.0.1] c.l.b.m.context.TenantContext - Tenant context cleared.
2026-03-04 18:46:13 [main] DEBUG [] [ ] [] c.l.b.m.context.TenantContext - Tenant context cleared.
2026-03-04 18:46:13 [main] DEBUG [] [ ] [] c.l.b.m.context.TenantContext - Tenant set to: tenant_test
2026-03-04 18:46:13 [main] DEBUG [d81e5507-ea90-40a4-99e3-4a995a2f9bd8] [GET /auth/me] [127.0.0.1] c.l.b.m.context.TenantContext - Tenant set to: tenant_test
2026-03-04 18:46:13 [main] DEBUG [d81e5507-ea90-40a4-99e3-4a995a2f9bd8] [GET /auth/me] [127.0.0.1] c.l.b.m.filter.TenantFilter - Tenant resolved to schema: tenant_test
2026-03-04 18:46:13 [main] DEBUG [d81e5507-ea90-40a4-99e3-4a995a2f9bd8] [GET /auth/me] [127.0.0.1] c.l.b.m.context.TenantContext - Tenant context cleared.
2026-03-04 18:46:13 [main] DEBUG [] [ ] [] c.l.b.m.context.TenantContext - Tenant context cleared.
[INFO] Tests run: 4, Failures: 0, Errors: 0, Skipped: 0, Time elapsed: 0.406 s -- in com.leadflow.backend.controller.auth.AuthControllerTest
[INFO] Running com.leadflow.backend.controller.lead.LeadControllerTest
2026-03-04 18:46:13 [scheduler-1] DEBUG [] [ ] [] org.hibernate.SQL - 
    select
        ee1_0.id,
        ee1_0.attempt_count,
        ee1_0.email,
        ee1_0.event_type,
        ee1_0.html_content,
        ee1_0.max_attempts,
        ee1_0.next_retry_at,
        ee1_0.occurred_at,
        ee1_0.processed_at,
        ee1_0.reason,
        ee1_0.status,
        ee1_0.subject,
        ee1_0.updated_at 
    from
        email_events ee1_0 
    where
        ee1_0.status=? 
        and ee1_0.next_retry_at<=? 
    order by
        ee1_0.occurred_at 
    fetch
        first ? rows only
2026-03-04 18:46:13 [scheduler-1] TRACE [] [ ] [] org.hibernate.orm.jdbc.bind - binding parameter (1:VARCHAR) <- [PENDING]
2026-03-04 18:46:13 [scheduler-1] TRACE [] [ ] [] org.hibernate.orm.jdbc.bind - binding parameter (2:TIMESTAMP_UTC) <- [2026-03-04T21:46:13.577119500Z]
2026-03-04 18:46:13 [scheduler-1] TRACE [] [ ] [] org.hibernate.orm.jdbc.bind - binding parameter (3:INTEGER) <- [50]

  .   ____          _            __ _ _
 /\\ / ___'_ __ _ _(_)_ __  __ _ \ \ \ \
( ( )\___ | '_ | '_| | '_ \/ _` | \ \ \ \
 \\/  ___)| |_)| | | | | || (_| |  ) ) ) )
  '  |____| .__|_| |_|_| |_\__, | / / / /
 =========|_|==============|___/=/_/_/_/

 :: Spring Boot ::               (v3.5.11)

2026-03-04 18:46:13 [main] INFO  [] [ ] [] c.l.b.c.lead.LeadControllerTest - Starting LeadControllerTest using Java 17.0.16 with PID 23204 (started by Gabri in C:\Users\Gabri\OneDrive\┴rea de Trabalho\leadflow-backend)
2026-03-04 18:46:13 [main] DEBUG [] [ ] [] c.l.b.c.lead.LeadControllerTest - Running with Spring Boot v3.5.11, Spring v6.2.16
2026-03-04 18:46:13 [main] INFO  [] [ ] [] c.l.b.c.lead.LeadControllerTest - The following 1 profile is active: "test"
2026-03-04 18:46:13 [main] WARN  [] [ ] [] o.s.b.a.s.s.UserDetailsServiceAutoConfiguration - 

Using generated security password: af090294-e248-4936-8808-57e08cc78afc

This generated password is for development use only. Your security configuration must be updated before running your application in production.

2026-03-04 18:46:14 [main] INFO  [] [ ] [] c.l.b.c.lead.LeadControllerTest - Started LeadControllerTest in 0.416 seconds (process running for 67.397)
[INFO] Tests run: 3, Failures: 0, Errors: 0, Skipped: 0, Time elapsed: 0.535 s -- in com.leadflow.backend.controller.lead.LeadControllerTest
[INFO] Running com.leadflow.backend.controller.role.RoleControllerSecurityTest

  .   ____          _            __ _ _
 /\\ / ___'_ __ _ _(_)_ __  __ _ \ \ \ \
( ( )\___ | '_ | '_| | '_ \/ _` | \ \ \ \
 \\/  ___)| |_)| | | | | || (_| |  ) ) ) )
  '  |____| .__|_| |_|_| |_\__, | / / / /
 =========|_|==============|___/=/_/_/_/

 :: Spring Boot ::               (v3.5.11)

2026-03-04 18:46:14 [main] INFO  [] [ ] [] c.l.b.c.r.RoleControllerSecurityTest - Starting RoleControllerSecurityTest using Java 17.0.16 with PID 23204 (started by Gabri in C:\Users\Gabri\OneDrive\┴rea de Trabalho\leadflow-backend)
2026-03-04 18:46:14 [main] DEBUG [] [ ] [] c.l.b.c.r.RoleControllerSecurityTest - Running with Spring Boot v3.5.11, Spring v6.2.16
2026-03-04 18:46:14 [main] INFO  [] [ ] [] c.l.b.c.r.RoleControllerSecurityTest - The following 1 profile is active: "test"
2026-03-04 18:46:14 [main] WARN  [] [ ] [] o.s.b.a.s.s.UserDetailsServiceAutoConfiguration - 

Using generated security password: 9ced3033-4516-434c-a076-7d0ad61b1f9d

This generated password is for development use only. Your security configuration must be updated before running your application in production.

2026-03-04 18:46:14 [main] DEBUG [] [ ] [] c.l.b.i.logging.CorrelationIdFilter - Filter 'correlationIdFilter' configured for use
2026-03-04 18:46:14 [main] DEBUG [] [ ] [] c.l.backend.security.RateLimitFilter - Filter 'rateLimitFilter' configured for use
2026-03-04 18:46:14 [main] INFO  [] [ ] [] c.l.b.c.r.RoleControllerSecurityTest - Started RoleControllerSecurityTest in 0.342 seconds (process running for 67.86)
[INFO] Tests run: 3, Failures: 0, Errors: 0, Skipped: 0, Time elapsed: 0.438 s -- in com.leadflow.backend.controller.role.RoleControllerSecurityTest
[INFO] Running com.leadflow.backend.controller.user.UserControllerSecurityTest

  .   ____          _            __ _ _
 /\\ / ___'_ __ _ _(_)_ __  __ _ \ \ \ \
( ( )\___ | '_ | '_| | '_ \/ _` | \ \ \ \
 \\/  ___)| |_)| | | | | || (_| |  ) ) ) )
  '  |____| .__|_| |_|_| |_\__, | / / / /
 =========|_|==============|___/=/_/_/_/

 :: Spring Boot ::               (v3.5.11)

2026-03-04 18:46:14 [main] INFO  [] [ ] [] c.l.b.c.u.UserControllerSecurityTest - Starting UserControllerSecurityTest using Java 17.0.16 with PID 23204 (started by Gabri in C:\Users\Gabri\OneDrive\┴rea de Trabalho\leadflow-backend)
2026-03-04 18:46:14 [main] DEBUG [] [ ] [] c.l.b.c.u.UserControllerSecurityTest - Running with Spring Boot v3.5.11, Spring v6.2.16
2026-03-04 18:46:14 [main] INFO  [] [ ] [] c.l.b.c.u.UserControllerSecurityTest - The following 1 profile is active: "test"
2026-03-04 18:46:14 [scheduler-1] DEBUG [] [ ] [] org.hibernate.SQL - 
    select
        ee1_0.id,
        ee1_0.attempt_count,
        ee1_0.email,
        ee1_0.event_type,
        ee1_0.html_content,
        ee1_0.max_attempts,
        ee1_0.next_retry_at,
        ee1_0.occurred_at,
        ee1_0.processed_at,
        ee1_0.reason,
        ee1_0.status,
        ee1_0.subject,
        ee1_0.updated_at 
    from
        email_events ee1_0 
    where
        ee1_0.status=? 
        and ee1_0.next_retry_at<=? 
    order by
        ee1_0.occurred_at 
    fetch
        first ? rows only
2026-03-04 18:46:14 [scheduler-1] TRACE [] [ ] [] org.hibernate.orm.jdbc.bind - binding parameter (1:VARCHAR) <- [PENDING]
2026-03-04 18:46:14 [scheduler-1] TRACE [] [ ] [] org.hibernate.orm.jdbc.bind - binding parameter (2:TIMESTAMP_UTC) <- [2026-03-04T21:46:14.589189700Z]
2026-03-04 18:46:14 [scheduler-1] TRACE [] [ ] [] org.hibernate.orm.jdbc.bind - binding parameter (3:INTEGER) <- [50]
2026-03-04 18:46:14 [main] WARN  [] [ ] [] o.s.b.a.s.s.UserDetailsServiceAutoConfiguration - 

Using generated security password: 5c23a48f-51e4-4356-9525-15d1447be2d6

This generated password is for development use only. Your security configuration must be updated before running your application in production.

2026-03-04 18:46:14 [main] DEBUG [] [ ] [] c.l.b.i.logging.CorrelationIdFilter - Filter 'correlationIdFilter' configured for use
2026-03-04 18:46:14 [main] DEBUG [] [ ] [] c.l.backend.security.RateLimitFilter - Filter 'rateLimitFilter' configured for use
2026-03-04 18:46:14 [main] INFO  [] [ ] [] c.l.b.c.u.UserControllerSecurityTest - Started UserControllerSecurityTest in 0.356 seconds (process running for 68.301)
2026-03-04 18:46:14 [main] WARN  [0e449341-0149-48c7-90eb-4084d3795237] [GET /api/users] [127.0.0.1] o.s.d.w.c.SpringDataJacksonConfiguration$PageModule$WarningLoggingModifier - Serializing PageImpl instances as-is is not supported, meaning that there is no guarantee about the stability of the resulting JSON structure!
	For a stable JSON structure, please use Spring Data's PagedModel (globally via @EnableSpringDataWebSupport(pageSerializationMode = VIA_DTO))
	or Spring HATEOAS and Spring Data's PagedResourcesAssembler as documented in https://docs.spring.io/spring-data/commons/reference/repositories/core-extensions.html#core.web.pageables.

[INFO] Tests run: 4, Failures: 0, Errors: 0, Skipped: 0, Time elapsed: 0.443 s -- in com.leadflow.backend.controller.user.UserControllerSecurityTest
[INFO] Running com.leadflow.backend.controller.vendor.DashboardControllerTest

  .   ____          _            __ _ _
 /\\ / ___'_ __ _ _(_)_ __  __ _ \ \ \ \
( ( )\___ | '_ | '_| | '_ \/ _` | \ \ \ \
 \\/  ___)| |_)| | | | | || (_| |  ) ) ) )
  '  |____| .__|_| |_|_| |_\__, | / / / /
 =========|_|==============|___/=/_/_/_/

 :: Spring Boot ::               (v3.5.11)

2026-03-04 18:46:15 [main] INFO  [] [ ] [] c.l.b.c.v.DashboardControllerTest - Starting DashboardControllerTest using Java 17.0.16 with PID 23204 (started by Gabri in C:\Users\Gabri\OneDrive\┴rea de Trabalho\leadflow-backend)
2026-03-04 18:46:15 [main] DEBUG [] [ ] [] c.l.b.c.v.DashboardControllerTest - Running with Spring Boot v3.5.11, Spring v6.2.16
2026-03-04 18:46:15 [main] INFO  [] [ ] [] c.l.b.c.v.DashboardControllerTest - The following 1 profile is active: "test"
2026-03-04 18:46:15 [main] WARN  [] [ ] [] o.s.b.a.s.s.UserDetailsServiceAutoConfiguration - 

Using generated security password: dc0f9000-3991-44e8-a04f-208bd9482ab9

This generated password is for development use only. Your security configuration must be updated before running your application in production.

2026-03-04 18:46:15 [main] INFO  [] [ ] [] c.l.b.c.v.DashboardControllerTest - Started DashboardControllerTest in 0.285 seconds (process running for 68.671)
[INFO] Tests run: 1, Failures: 0, Errors: 0, Skipped: 0, Time elapsed: 0.358 s -- in com.leadflow.backend.controller.vendor.DashboardControllerTest
[INFO] Running com.leadflow.backend.controller.vendor.UsageControllerTest

  .   ____          _            __ _ _
 /\\ / ___'_ __ _ _(_)_ __  __ _ \ \ \ \
( ( )\___ | '_ | '_| | '_ \/ _` | \ \ \ \
 \\/  ___)| |_)| | | | | || (_| |  ) ) ) )
  '  |____| .__|_| |_|_| |_\__, | / / / /
 =========|_|==============|___/=/_/_/_/

 :: Spring Boot ::               (v3.5.11)

2026-03-04 18:46:15 [main] INFO  [] [ ] [] c.l.b.c.vendor.UsageControllerTest - Starting UsageControllerTest using Java 17.0.16 with PID 23204 (started by Gabri in C:\Users\Gabri\OneDrive\┴rea de Trabalho\leadflow-backend)
2026-03-04 18:46:15 [main] DEBUG [] [ ] [] c.l.b.c.vendor.UsageControllerTest - Running with Spring Boot v3.5.11, Spring v6.2.16
2026-03-04 18:46:15 [main] INFO  [] [ ] [] c.l.b.c.vendor.UsageControllerTest - The following 1 profile is active: "test"
2026-03-04 18:46:15 [main] WARN  [] [ ] [] o.s.b.a.s.s.UserDetailsServiceAutoConfiguration - 

Using generated security password: c5aa5f95-93b2-49fe-a5bf-b782db152b98

This generated password is for development use only. Your security configuration must be updated before running your application in production.

2026-03-04 18:46:15 [scheduler-1] DEBUG [] [ ] [] org.hibernate.SQL - 
    select
        ee1_0.id,
        ee1_0.attempt_count,
        ee1_0.email,
        ee1_0.event_type,
        ee1_0.html_content,
        ee1_0.max_attempts,
        ee1_0.next_retry_at,
        ee1_0.occurred_at,
        ee1_0.processed_at,
        ee1_0.reason,
        ee1_0.status,
        ee1_0.subject,
        ee1_0.updated_at 
    from
        email_events ee1_0 
    where
        ee1_0.status=? 
        and ee1_0.next_retry_at<=? 
    order by
        ee1_0.occurred_at 
    fetch
        first ? rows only
2026-03-04 18:46:15 [scheduler-1] TRACE [] [ ] [] org.hibernate.orm.jdbc.bind - binding parameter (1:VARCHAR) <- [PENDING]
2026-03-04 18:46:15 [scheduler-1] TRACE [] [ ] [] org.hibernate.orm.jdbc.bind - binding parameter (2:TIMESTAMP_UTC) <- [2026-03-04T21:46:15.612474Z]
2026-03-04 18:46:15 [scheduler-1] TRACE [] [ ] [] org.hibernate.orm.jdbc.bind - binding parameter (3:INTEGER) <- [50]
2026-03-04 18:46:15 [main] INFO  [] [ ] [] c.l.b.c.vendor.UsageControllerTest - Started UsageControllerTest in 0.314 seconds (process running for 69.011)
[INFO] Tests run: 1, Failures: 0, Errors: 0, Skipped: 0, Time elapsed: 0.334 s -- in com.leadflow.backend.controller.vendor.UsageControllerTest
[INFO] Running com.leadflow.backend.integration.VendorLeadIntegrationTest

  .   ____          _            __ _ _
 /\\ / ___'_ __ _ _(_)_ __  __ _ \ \ \ \
( ( )\___ | '_ | '_| | '_ \/ _` | \ \ \ \
 \\/  ___)| |_)| | | | | || (_| |  ) ) ) )
  '  |____| .__|_| |_|_| |_\__, | / / / /
 =========|_|==============|___/=/_/_/_/

 :: Spring Boot ::               (v3.5.11)

2026-03-04 18:46:15 [main] INFO  [] [ ] [] c.l.b.i.VendorLeadIntegrationTest - Starting VendorLeadIntegrationTest using Java 17.0.16 with PID 23204 (started by Gabri in C:\Users\Gabri\OneDrive\┴rea de Trabalho\leadflow-backend)
2026-03-04 18:46:15 [main] DEBUG [] [ ] [] c.l.b.i.VendorLeadIntegrationTest - Running with Spring Boot v3.5.11, Spring v6.2.16
2026-03-04 18:46:15 [main] INFO  [] [ ] [] c.l.b.i.VendorLeadIntegrationTest - The following 1 profile is active: "test"
2026-03-04 18:46:16 [scheduler-1] DEBUG [] [ ] [] org.hibernate.SQL - 
    select
        ee1_0.id,
        ee1_0.attempt_count,
        ee1_0.email,
        ee1_0.event_type,
        ee1_0.html_content,
        ee1_0.max_attempts,
        ee1_0.next_retry_at,
        ee1_0.occurred_at,
        ee1_0.processed_at,
        ee1_0.reason,
        ee1_0.status,
        ee1_0.subject,
        ee1_0.updated_at 
    from
        email_events ee1_0 
    where
        ee1_0.status=? 
        and ee1_0.next_retry_at<=? 
    order by
        ee1_0.occurred_at 
    fetch
        first ? rows only
2026-03-04 18:46:16 [scheduler-1] TRACE [] [ ] [] org.hibernate.orm.jdbc.bind - binding parameter (1:VARCHAR) <- [PENDING]
2026-03-04 18:46:16 [scheduler-1] TRACE [] [ ] [] org.hibernate.orm.jdbc.bind - binding parameter (2:TIMESTAMP_UTC) <- [2026-03-04T21:46:16.633282700Z]
2026-03-04 18:46:16 [scheduler-1] TRACE [] [ ] [] org.hibernate.orm.jdbc.bind - binding parameter (3:INTEGER) <- [50]
2026-03-04 18:46:17 [scheduler-1] DEBUG [] [ ] [] org.hibernate.SQL - 
    select
        ee1_0.id,
        ee1_0.attempt_count,
        ee1_0.email,
        ee1_0.event_type,
        ee1_0.html_content,
        ee1_0.max_attempts,
        ee1_0.next_retry_at,
        ee1_0.occurred_at,
        ee1_0.processed_at,
        ee1_0.reason,
        ee1_0.status,
        ee1_0.subject,
        ee1_0.updated_at 
    from
        email_events ee1_0 
    where
        ee1_0.status=? 
        and ee1_0.next_retry_at<=? 
    order by
        ee1_0.occurred_at 
    fetch
        first ? rows only
2026-03-04 18:46:17 [scheduler-1] TRACE [] [ ] [] org.hibernate.orm.jdbc.bind - binding parameter (1:VARCHAR) <- [PENDING]
2026-03-04 18:46:17 [scheduler-1] TRACE [] [ ] [] org.hibernate.orm.jdbc.bind - binding parameter (2:TIMESTAMP_UTC) <- [2026-03-04T21:46:17.656993200Z]
2026-03-04 18:46:17 [scheduler-1] TRACE [] [ ] [] org.hibernate.orm.jdbc.bind - binding parameter (3:INTEGER) <- [50]
2026-03-04 18:46:18 [main] WARN  [] [ ] [] org.hibernate.orm.deprecation - HHH90000025: PostgreSQLDialect does not need to be specified explicitly using 'hibernate.dialect' (remove the property setting and it will be selected by default)
2026-03-04 18:46:18 [main] DEBUG [] [ ] [] org.hibernate.SQL - 
    set client_min_messages = WARNING
2026-03-04 18:46:18 [main] DEBUG [] [ ] [] org.hibernate.SQL - 
    drop table if exists public.roles cascade
2026-03-04 18:46:18 [main] DEBUG [] [ ] [] org.hibernate.SQL - 
    drop table if exists public.tenants cascade
2026-03-04 18:46:18 [main] DEBUG [] [ ] [] org.hibernate.SQL - 
    alter table if exists lead_status_history 
       drop constraint if exists fk_lsh_user
2026-03-04 18:46:18 [main] DEBUG [] [ ] [] org.hibernate.SQL - 
    alter table if exists lead_status_history 
       drop constraint if exists fk_lsh_lead
2026-03-04 18:46:18 [main] DEBUG [] [ ] [] org.hibernate.SQL - 
    alter table if exists logs 
       drop constraint if exists fk_logs_user
2026-03-04 18:46:18 [main] DEBUG [] [ ] [] org.hibernate.SQL - 
    alter table if exists password_reset_token 
       drop constraint if exists FK83nsrttkwkb6ym0anu051mtxn
2026-03-04 18:46:18 [main] DEBUG [] [ ] [] org.hibernate.SQL - 
    alter table if exists refresh_tokens 
       drop constraint if exists fk_refresh_token_user
2026-03-04 18:46:18 [main] DEBUG [] [ ] [] org.hibernate.SQL - 
    alter table if exists settings 
       drop constraint if exists fk_settings_user
2026-03-04 18:46:18 [main] DEBUG [] [ ] [] org.hibernate.SQL - 
    alter table if exists users 
       drop constraint if exists fk_users_role
2026-03-04 18:46:18 [main] DEBUG [] [ ] [] org.hibernate.SQL - 
    drop table if exists email_events cascade
2026-03-04 18:46:18 [main] DEBUG [] [ ] [] org.hibernate.SQL - 
    drop table if exists lead_status_history cascade
2026-03-04 18:46:18 [main] DEBUG [] [ ] [] org.hibernate.SQL - 
    drop table if exists leads cascade
2026-03-04 18:46:18 [main] DEBUG [] [ ] [] org.hibernate.SQL - 
    drop table if exists login_audit cascade
2026-03-04 18:46:18 [main] DEBUG [] [ ] [] org.hibernate.SQL - 
    drop table if exists logs cascade
2026-03-04 18:46:18 [main] DEBUG [] [ ] [] org.hibernate.SQL - 
    drop table if exists password_reset_token cascade
2026-03-04 18:46:18 [main] DEBUG [] [ ] [] org.hibernate.SQL - 
    drop table if exists refresh_tokens cascade
2026-03-04 18:46:18 [main] DEBUG [] [ ] [] org.hibernate.SQL - 
    drop table if exists security_audit_logs cascade
2026-03-04 18:46:18 [main] DEBUG [] [ ] [] org.hibernate.SQL - 
    drop table if exists settings cascade
2026-03-04 18:46:18 [main] DEBUG [] [ ] [] org.hibernate.SQL - 
    drop table if exists subscription_history cascade
2026-03-04 18:46:18 [main] DEBUG [] [ ] [] org.hibernate.SQL - 
    drop table if exists user_sessions cascade
2026-03-04 18:46:18 [main] DEBUG [] [ ] [] org.hibernate.SQL - 
    drop table if exists users cascade
2026-03-04 18:46:18 [main] DEBUG [] [ ] [] org.hibernate.SQL - 
    drop table if exists vendor_audit_logs cascade
2026-03-04 18:46:18 [main] DEBUG [] [ ] [] org.hibernate.SQL - 
    drop table if exists vendor_features cascade
2026-03-04 18:46:18 [main] DEBUG [] [ ] [] org.hibernate.SQL - 
    drop table if exists vendor_lead_alerts cascade
2026-03-04 18:46:18 [main] DEBUG [] [ ] [] org.hibernate.SQL - 
    drop table if exists vendor_lead_conversations cascade
2026-03-04 18:46:18 [main] DEBUG [] [ ] [] org.hibernate.SQL - 
    drop table if exists vendor_lead_messages cascade
2026-03-04 18:46:18 [main] DEBUG [] [ ] [] org.hibernate.SQL - 
    drop table if exists vendor_lead_stage_history cascade
2026-03-04 18:46:18 [main] DEBUG [] [ ] [] org.hibernate.SQL - 
    drop table if exists vendor_leads cascade
2026-03-04 18:46:18 [main] DEBUG [] [ ] [] org.hibernate.SQL - 
    drop table if exists vendor_risk_alerts cascade
2026-03-04 18:46:18 [main] DEBUG [] [ ] [] org.hibernate.SQL - 
    drop table if exists vendor_usage cascade
2026-03-04 18:46:18 [main] DEBUG [] [ ] [] org.hibernate.SQL - 
    drop table if exists vendors cascade
2026-03-04 18:46:18 [main] DEBUG [] [ ] [] org.hibernate.SQL - 
    drop table if exists webhook_events cascade
2026-03-04 18:46:18 [main] DEBUG [] [ ] [] org.hibernate.SQL - 
    create table public.roles (
        created_at timestamp(6) not null,
        updated_at timestamp(6) not null,
        id uuid not null,
        name varchar(50) not null,
        primary key (id),
        constraint uk_roles_name unique (name)
    )
2026-03-04 18:46:18 [main] DEBUG [] [ ] [] org.hibernate.SQL - 
    create table public.tenants (
        created_at timestamp(6) not null,
        deleted_at timestamp(6),
        updated_at timestamp(6) not null,
        id uuid not null,
        schema_name varchar(50) not null,
        name varchar(100) not null,
        primary key (id),
        constraint uk_tenants_schema_name unique (schema_name)
    )
2026-03-04 18:46:18 [main] DEBUG [] [ ] [] org.hibernate.SQL - 
    create index idx_tenants_schema_name 
       on public.tenants (schema_name)
2026-03-04 18:46:18 [main] DEBUG [] [ ] [] org.hibernate.SQL - 
    create table email_events (
        attempt_count integer not null,
        max_attempts integer not null,
        next_retry_at timestamp(6) with time zone,
        occurred_at timestamp(6) with time zone not null,
        processed_at timestamp(6) with time zone,
        updated_at timestamp(6) with time zone not null,
        id uuid not null,
        email varchar(255) not null,
        event_type varchar(255) not null,
        html_content TEXT,
        reason varchar(255),
        status varchar(255) not null,
        subject varchar(255),
        primary key (id)
    )
2026-03-04 18:46:18 [main] DEBUG [] [ ] [] org.hibernate.SQL - 
    create table lead_status_history (
        changed_at timestamp(6) not null,
        changed_by uuid,
        id uuid not null,
        lead_id uuid not null,
        status varchar(30) not null check (status in ('NEW','CONTACTED','QUALIFIED','CLOSED')),
        primary key (id)
    )
2026-03-04 18:46:18 [main] DEBUG [] [ ] [] org.hibernate.SQL - 
    create table leads (
        created_at timestamp(6) not null,
        deleted_at timestamp(6),
        updated_at timestamp(6) not null,
        id uuid not null,
        user_id uuid not null,
        phone varchar(20),
        status varchar(30) not null check (status in ('NEW','CONTACTED','QUALIFIED','CLOSED')),
        email varchar(150) not null,
        name varchar(150) not null,
        primary key (id),
        constraint uk_leads_email_user unique (email, user_id)
    )
2026-03-04 18:46:18 [main] DEBUG [] [ ] [] org.hibernate.SQL - 
    create table login_audit (
        success boolean not null,
        suspicious boolean not null,
        created_at timestamp(6) with time zone not null,
        id uuid not null,
        tenant_id uuid not null,
        user_id uuid,
        ip_address varchar(45),
        email varchar(320) not null,
        user_agent varchar(512),
        failure_reason varchar(255),
        primary key (id)
    )
2026-03-04 18:46:18 [main] DEBUG [] [ ] [] org.hibernate.SQL - 
    create table logs (
        created_at timestamp(6) not null,
        id uuid not null,
        user_id uuid,
        action TEXT not null,
        primary key (id)
    )
2026-03-04 18:46:18 [main] DEBUG [] [ ] [] org.hibernate.SQL - 
    create table password_reset_token (
        used boolean not null,
        created_at timestamp(6) not null,
        expires_at timestamp(6) not null,
        id uuid not null,
        user_id uuid not null,
        token_hash varchar(255) not null unique,
        primary key (id)
    )
2026-03-04 18:46:18 [main] DEBUG [] [ ] [] org.hibernate.SQL - 
    create table refresh_tokens (
        revoked boolean not null,
        created_at timestamp(6) not null,
        expires_at timestamp(6) not null,
        id uuid not null,
        user_id uuid not null,
        device_fingerprint varchar(255) not null,
        token_hash varchar(255) not null,
        primary key (id),
        constraint uq_refresh_token_hash unique (token_hash)
    )
2026-03-04 18:46:18 [main] DEBUG [] [ ] [] org.hibernate.SQL - 
    create table security_audit_logs (
        success boolean not null,
        created_at timestamp(6) not null,
        id uuid not null,
        action varchar(50) not null check (action in ('LOGIN_SUCCESS','LOGIN_FAILED','ACCOUNT_LOCKED','PASSWORD_RESET_REQUESTED','PASSWORD_RESET_SUCCESS','USER_REGISTERED')),
        correlation_id varchar(100),
        ip_address varchar(100),
        tenant varchar(100) not null,
        email varchar(150) not null,
        user_agent varchar(255),
        primary key (id)
    )
2026-03-04 18:46:18 [main] DEBUG [] [ ] [] org.hibernate.SQL - 
    create table settings (
        created_at timestamp(6) not null,
        deleted_at timestamp(6),
        updated_at timestamp(6) not null,
        whatsapp varchar(15) not null,
        id uuid not null,
        user_id uuid not null,
        company_name varchar(100),
        vendor_name varchar(100) not null,
        logo TEXT,
        welcome_message TEXT,
        primary key (id)
    )
2026-03-04 18:46:18 [main] DEBUG [] [ ] [] org.hibernate.SQL - 
    create table subscription_history (
        changed_at timestamp(6) with time zone not null,
        id uuid not null,
        vendor_id uuid not null,
        external_event_id varchar(255),
        new_status varchar(255) not null check (new_status in ('TRIAL','ATIVA','INADIMPLENTE','SUSPENSA','CANCELADA','EXPIRADA')),
        previous_status varchar(255) not null check (previous_status in ('TRIAL','ATIVA','INADIMPLENTE','SUSPENSA','CANCELADA','EXPIRADA')),
        reason varchar(255),
        primary key (id)
    )
2026-03-04 18:46:18 [main] DEBUG [] [ ] [] org.hibernate.SQL - 
    create table user_sessions (
        active boolean not null,
        suspicious boolean not null,
        created_at timestamp(6) with time zone not null,
        last_access_at timestamp(6) with time zone,
        revoked_at timestamp(6) with time zone,
        id uuid not null,
        tenant_id uuid not null,
        user_id uuid not null,
        token_id varchar(36) not null unique,
        initial_ip_address varchar(45),
        ip_address varchar(45),
        initial_user_agent varchar(512),
        user_agent varchar(512),
        primary key (id)
    )
2026-03-04 18:46:18 [main] DEBUG [] [ ] [] org.hibernate.SQL - 
    create table users (
        failed_attempts integer not null,
        created_at timestamp(6) not null,
        credentials_updated_at timestamp(6),
        deleted_at timestamp(6),
        lock_until timestamp(6),
        updated_at timestamp(6) not null,
        id uuid not null,
        role_id uuid not null,
        email varchar(150) not null,
        name varchar(150) not null,
        password varchar(255) not null,
        primary key (id),
        constraint uq_users_email unique (email)
    )
2026-03-04 18:46:18 [main] DEBUG [] [ ] [] org.hibernate.SQL - 
    create table vendor_audit_logs (
        created_at timestamp(6) with time zone not null,
        entidade_id uuid not null,
        id uuid not null,
        vendor_id uuid not null,
        acao varchar(255) not null,
        detalhes TEXT,
        entity_type varchar(255) not null,
        user_email varchar(255) not null,
        primary key (id)
    )
2026-03-04 18:46:18 [main] DEBUG [] [ ] [] org.hibernate.SQL - 
    create table vendor_features (
        enabled boolean not null,
        created_at timestamp(6) with time zone not null,
        updated_at timestamp(6) with time zone not null,
        id uuid not null,
        vendor_id uuid not null,
        feature_key varchar(255) not null check (feature_key in ('AI_CHAT')),
        primary key (id)
    )
2026-03-04 18:46:18 [main] DEBUG [] [ ] [] org.hibernate.SQL - 
    create table vendor_lead_alerts (
        resolvido boolean not null,
        created_at timestamp(6) with time zone not null,
        id uuid not null,
        vendor_lead_id uuid not null,
        mensagem TEXT not null,
        tipo varchar(255) not null,
        primary key (id)
    )
2026-03-04 18:46:18 [main] DEBUG [] [ ] [] org.hibernate.SQL - 
    create table vendor_lead_conversations (
        created_at timestamp(6) with time zone not null,
        id uuid not null,
        vendor_lead_id uuid not null,
        content TEXT not null,
        role varchar(255) not null,
        primary key (id)
    )
2026-03-04 18:46:18 [main] DEBUG [] [ ] [] org.hibernate.SQL - 
    create table vendor_lead_messages (
        created_at timestamp(6) with time zone not null,
        id uuid not null,
        vendor_lead_id uuid not null,
        role varchar(20) not null check (role in ('USER','AI')),
        message TEXT not null,
        primary key (id)
    )
2026-03-04 18:46:18 [main] DEBUG [] [ ] [] org.hibernate.SQL - 
    create table vendor_lead_stage_history (
        changed_at timestamp(6) with time zone not null,
        id uuid not null,
        vendor_lead_id uuid not null,
        new_stage varchar(255) not null,
        previous_stage varchar(255) not null,
        primary key (id)
    )
2026-03-04 18:46:18 [main] DEBUG [] [ ] [] org.hibernate.SQL - 
    create table vendor_leads (
        score integer not null,
        created_date timestamp(6) with time zone not null,
        id uuid not null,
        vendor_id uuid not null,
        nome_completo varchar(255) not null,
        owner_email varchar(255),
        resumo_estrategico TEXT,
        stage varchar(255) not null check (stage in ('NOVO','CONTATO','PROPOSTA','FECHADO','PERDIDO')),
        status varchar(255) not null,
        tipo_consorcio varchar(255),
        urgencia varchar(255),
        valor_credito varchar(255),
        whatsapp varchar(255) not null,
        primary key (id)
    )
2026-03-04 18:46:18 [main] DEBUG [] [ ] [] org.hibernate.SQL - 
    create table vendor_risk_alerts (
        resolved boolean not null,
        score integer not null,
        created_at timestamp(6) with time zone not null,
        id uuid not null,
        vendor_id uuid not null,
        risk_level varchar(255) not null,
        primary key (id)
    )
2026-03-04 18:46:18 [main] DEBUG [] [ ] [] org.hibernate.SQL - 
    create table vendor_usage (
        alert100sent boolean not null,
        alert80sent boolean not null,
        used integer not null,
        period_end timestamp(6) with time zone not null,
        period_start timestamp(6) with time zone not null,
        id uuid not null,
        vendor_id uuid not null,
        quota_type varchar(255) not null check (quota_type in ('ACTIVE_LEADS','AI_EXECUTIONS')),
        primary key (id)
    )
2026-03-04 18:46:18 [main] DEBUG [] [ ] [] org.hibernate.SQL - 
    create table vendors (
        email_invalid boolean not null,
        created_at timestamp(6) with time zone not null,
        last_payment_at timestamp(6) with time zone,
        next_billing_at timestamp(6) with time zone,
        subscription_expires_at timestamp(6) with time zone,
        subscription_started_at timestamp(6) with time zone,
        updated_at timestamp(6) with time zone,
        id uuid not null,
        cor_destaque varchar(255) not null,
        external_customer_id varchar(255),
        external_subscription_id varchar(255),
        logo_url varchar(255),
        mensagem_boas_vindas TEXT,
        nome_empresa varchar(255),
        nome_vendedor varchar(255) not null,
        slug varchar(255) not null unique,
        subscription_status varchar(255) not null check (subscription_status in ('TRIAL','ATIVA','INADIMPLENTE','SUSPENSA','CANCELADA','EXPIRADA')),
        user_email varchar(255) not null,
        whatsapp_vendedor varchar(255) not null,
        primary key (id)
    )
2026-03-04 18:46:18 [main] DEBUG [] [ ] [] org.hibernate.SQL - 
    create table webhook_events (
        received_at timestamp(6) with time zone not null,
        event_id varchar(255) not null,
        primary key (event_id)
    )
2026-03-04 18:46:18 [main] DEBUG [] [ ] [] org.hibernate.SQL - 
    create index idx_lsh_lead_id 
       on lead_status_history (lead_id)
2026-03-04 18:46:18 [main] DEBUG [] [ ] [] org.hibernate.SQL - 
    create index idx_lsh_lead_changed_at 
       on lead_status_history (lead_id, changed_at)
2026-03-04 18:46:18 [main] DEBUG [] [ ] [] org.hibernate.SQL - 
    create index idx_leads_email 
       on leads (email)
2026-03-04 18:46:18 [main] DEBUG [] [ ] [] org.hibernate.SQL - 
    create index idx_leads_user 
       on leads (user_id)
2026-03-04 18:46:18 [main] DEBUG [] [ ] [] org.hibernate.SQL - 
    create index idx_leads_user_email 
       on leads (user_id, email)
2026-03-04 18:46:18 [main] DEBUG [] [ ] [] org.hibernate.SQL - 
    create index idx_login_user_tenant 
       on login_audit (user_id, tenant_id)
2026-03-04 18:46:18 [main] DEBUG [] [ ] [] org.hibernate.SQL - 
    create index idx_login_email_tenant 
       on login_audit (email, tenant_id)
2026-03-04 18:46:18 [main] DEBUG [] [ ] [] org.hibernate.SQL - 
    create index idx_login_created 
       on login_audit (created_at)
2026-03-04 18:46:18 [main] DEBUG [] [ ] [] org.hibernate.SQL - 
    create index idx_login_success 
       on login_audit (success)
2026-03-04 18:46:18 [main] DEBUG [] [ ] [] org.hibernate.SQL - 
    create index idx_logs_user_id 
       on logs (user_id)
2026-03-04 18:46:18 [main] DEBUG [] [ ] [] org.hibernate.SQL - 
    create index idx_logs_created_at 
       on logs (created_at)
2026-03-04 18:46:18 [main] DEBUG [] [ ] [] org.hibernate.SQL - 
    create index idx_password_reset_token_hash 
       on password_reset_token (token_hash)
2026-03-04 18:46:18 [main] DEBUG [] [ ] [] org.hibernate.SQL - 
    create index idx_password_reset_token_user 
       on password_reset_token (user_id)
2026-03-04 18:46:18 [main] DEBUG [] [ ] [] org.hibernate.SQL - 
    create index idx_password_reset_token_expires 
       on password_reset_token (expires_at)
2026-03-04 18:46:18 [main] DEBUG [] [ ] [] org.hibernate.SQL - 
    create index idx_refresh_token_user 
       on refresh_tokens (user_id)
2026-03-04 18:46:18 [main] DEBUG [] [ ] [] org.hibernate.SQL - 
    create index idx_refresh_token_hash 
       on refresh_tokens (token_hash)
2026-03-04 18:46:18 [main] DEBUG [] [ ] [] org.hibernate.SQL - 
    create index idx_refresh_token_fingerprint 
       on refresh_tokens (device_fingerprint)
2026-03-04 18:46:18 [main] DEBUG [] [ ] [] org.hibernate.SQL - 
    create index idx_audit_email 
       on security_audit_logs (email)
2026-03-04 18:46:18 [main] DEBUG [] [ ] [] org.hibernate.SQL - 
    create index idx_audit_tenant 
       on security_audit_logs (tenant)
2026-03-04 18:46:18 [main] DEBUG [] [ ] [] org.hibernate.SQL - 
    create index idx_audit_created_at 
       on security_audit_logs (created_at)
2026-03-04 18:46:18 [main] DEBUG [] [ ] [] org.hibernate.SQL - 
    create index idx_settings_user 
       on settings (user_id)
2026-03-04 18:46:18 [main] DEBUG [] [ ] [] org.hibernate.SQL - 
    create index idx_session_token_tenant 
       on user_sessions (token_id, tenant_id)
2026-03-04 18:46:18 [main] DEBUG [] [ ] [] org.hibernate.SQL - 
    create index idx_session_user_tenant 
       on user_sessions (user_id, tenant_id)
2026-03-04 18:46:18 [main] DEBUG [] [ ] [] org.hibernate.SQL - 
    create index idx_session_active 
       on user_sessions (active)
2026-03-04 18:46:18 [main] DEBUG [] [ ] [] org.hibernate.SQL - 
    create index idx_session_last_access 
       on user_sessions (last_access_at)
2026-03-04 18:46:18 [main] DEBUG [] [ ] [] org.hibernate.SQL - 
    create index idx_users_email 
       on users (email)
2026-03-04 18:46:18 [main] DEBUG [] [ ] [] org.hibernate.SQL - 
    create index idx_vlm_vendor_lead_id 
       on vendor_lead_messages (vendor_lead_id)
2026-03-04 18:46:18 [main] DEBUG [] [ ] [] org.hibernate.SQL - 
    create index idx_vlm_vendor_lead_created_at 
       on vendor_lead_messages (vendor_lead_id, created_at)
2026-03-04 18:46:18 [main] DEBUG [] [ ] [] org.hibernate.SQL - 
    alter table if exists lead_status_history 
       add constraint fk_lsh_user 
       foreign key (changed_by) 
       references users
2026-03-04 18:46:18 [main] DEBUG [] [ ] [] org.hibernate.SQL - 
    alter table if exists lead_status_history 
       add constraint fk_lsh_lead 
       foreign key (lead_id) 
       references leads
2026-03-04 18:46:18 [main] DEBUG [] [ ] [] org.hibernate.SQL - 
    alter table if exists logs 
       add constraint fk_logs_user 
       foreign key (user_id) 
       references users
2026-03-04 18:46:18 [main] DEBUG [] [ ] [] org.hibernate.SQL - 
    alter table if exists password_reset_token 
       add constraint FK83nsrttkwkb6ym0anu051mtxn 
       foreign key (user_id) 
       references users
2026-03-04 18:46:18 [main] DEBUG [] [ ] [] org.hibernate.SQL - 
    alter table if exists refresh_tokens 
       add constraint fk_refresh_token_user 
       foreign key (user_id) 
       references users
2026-03-04 18:46:18 [main] DEBUG [] [ ] [] org.hibernate.SQL - 
    alter table if exists settings 
       add constraint fk_settings_user 
       foreign key (user_id) 
       references users
2026-03-04 18:46:18 [main] DEBUG [] [ ] [] org.hibernate.SQL - 
    alter table if exists users 
       add constraint fk_users_role 
       foreign key (role_id) 
       references public.roles
2026-03-04 18:46:18 [main] WARN  [] [ ] [] org.hibernate.orm.deprecation - HHH90000025: PostgreSQLDialect does not need to be specified explicitly using 'hibernate.dialect' (remove the property setting and it will be selected by default)
2026-03-04 18:46:18 [main] DEBUG [] [ ] [] org.hibernate.SQL - 
    set client_min_messages = WARNING
2026-03-04 18:46:18 [main] DEBUG [] [ ] [] org.hibernate.SQL - 
    drop table if exists public.roles cascade
2026-03-04 18:46:18 [main] DEBUG [] [ ] [] org.hibernate.SQL - 
    drop table if exists public.tenants cascade
2026-03-04 18:46:18 [main] DEBUG [] [ ] [] org.hibernate.SQL - 
    alter table if exists lead_status_history 
       drop constraint if exists fk_lsh_user
2026-03-04 18:46:18 [main] DEBUG [] [ ] [] org.hibernate.SQL - 
    alter table if exists lead_status_history 
       drop constraint if exists fk_lsh_lead
2026-03-04 18:46:18 [main] DEBUG [] [ ] [] org.hibernate.SQL - 
    alter table if exists logs 
       drop constraint if exists fk_logs_user
2026-03-04 18:46:18 [main] DEBUG [] [ ] [] org.hibernate.SQL - 
    alter table if exists password_reset_token 
       drop constraint if exists FK83nsrttkwkb6ym0anu051mtxn
2026-03-04 18:46:18 [main] DEBUG [] [ ] [] org.hibernate.SQL - 
    alter table if exists refresh_tokens 
       drop constraint if exists fk_refresh_token_user
2026-03-04 18:46:18 [main] DEBUG [] [ ] [] org.hibernate.SQL - 
    alter table if exists settings 
       drop constraint if exists fk_settings_user
2026-03-04 18:46:18 [main] DEBUG [] [ ] [] org.hibernate.SQL - 
    alter table if exists users 
       drop constraint if exists fk_users_role
2026-03-04 18:46:18 [main] DEBUG [] [ ] [] org.hibernate.SQL - 
    drop table if exists email_events cascade
2026-03-04 18:46:18 [main] DEBUG [] [ ] [] org.hibernate.SQL - 
    drop table if exists lead_status_history cascade
2026-03-04 18:46:18 [main] DEBUG [] [ ] [] org.hibernate.SQL - 
    drop table if exists leads cascade
2026-03-04 18:46:18 [main] DEBUG [] [ ] [] org.hibernate.SQL - 
    drop table if exists login_audit cascade
2026-03-04 18:46:18 [main] DEBUG [] [ ] [] org.hibernate.SQL - 
    drop table if exists logs cascade
2026-03-04 18:46:18 [main] DEBUG [] [ ] [] org.hibernate.SQL - 
    drop table if exists password_reset_token cascade
2026-03-04 18:46:18 [main] DEBUG [] [ ] [] org.hibernate.SQL - 
    drop table if exists refresh_tokens cascade
2026-03-04 18:46:18 [main] DEBUG [] [ ] [] org.hibernate.SQL - 
    drop table if exists security_audit_logs cascade
2026-03-04 18:46:18 [main] DEBUG [] [ ] [] org.hibernate.SQL - 
    drop table if exists settings cascade
2026-03-04 18:46:18 [main] DEBUG [] [ ] [] org.hibernate.SQL - 
    drop table if exists subscription_history cascade
2026-03-04 18:46:18 [main] DEBUG [] [ ] [] org.hibernate.SQL - 
    drop table if exists user_sessions cascade
2026-03-04 18:46:18 [main] DEBUG [] [ ] [] org.hibernate.SQL - 
    drop table if exists users cascade
2026-03-04 18:46:18 [main] DEBUG [] [ ] [] org.hibernate.SQL - 
    drop table if exists vendor_audit_logs cascade
2026-03-04 18:46:18 [main] DEBUG [] [ ] [] org.hibernate.SQL - 
    drop table if exists vendor_features cascade
2026-03-04 18:46:18 [main] DEBUG [] [ ] [] org.hibernate.SQL - 
    drop table if exists vendor_lead_alerts cascade
2026-03-04 18:46:18 [main] DEBUG [] [ ] [] org.hibernate.SQL - 
    drop table if exists vendor_lead_conversations cascade
2026-03-04 18:46:18 [main] DEBUG [] [ ] [] org.hibernate.SQL - 
    drop table if exists vendor_lead_messages cascade
2026-03-04 18:46:18 [main] DEBUG [] [ ] [] org.hibernate.SQL - 
    drop table if exists vendor_lead_stage_history cascade
2026-03-04 18:46:18 [main] DEBUG [] [ ] [] org.hibernate.SQL - 
    drop table if exists vendor_leads cascade
2026-03-04 18:46:18 [main] DEBUG [] [ ] [] org.hibernate.SQL - 
    drop table if exists vendor_risk_alerts cascade
2026-03-04 18:46:18 [main] DEBUG [] [ ] [] org.hibernate.SQL - 
    drop table if exists vendor_usage cascade
2026-03-04 18:46:18 [main] DEBUG [] [ ] [] org.hibernate.SQL - 
    drop table if exists vendors cascade
2026-03-04 18:46:18 [main] DEBUG [] [ ] [] org.hibernate.SQL - 
    drop table if exists webhook_events cascade
2026-03-04 18:46:18 [main] DEBUG [] [ ] [] org.hibernate.SQL - 
    create table public.roles (
        created_at timestamp(6) not null,
        updated_at timestamp(6) not null,
        id uuid not null,
        name varchar(50) not null,
        primary key (id),
        constraint uk_roles_name unique (name)
    )
2026-03-04 18:46:18 [main] DEBUG [] [ ] [] org.hibernate.SQL - 
    create table public.tenants (
        created_at timestamp(6) not null,
        deleted_at timestamp(6),
        updated_at timestamp(6) not null,
        id uuid not null,
        schema_name varchar(50) not null,
        name varchar(100) not null,
        primary key (id),
        constraint uk_tenants_schema_name unique (schema_name)
    )
2026-03-04 18:46:18 [main] DEBUG [] [ ] [] org.hibernate.SQL - 
    create index idx_tenants_schema_name 
       on public.tenants (schema_name)
2026-03-04 18:46:18 [main] DEBUG [] [ ] [] org.hibernate.SQL - 
    create table email_events (
        attempt_count integer not null,
        max_attempts integer not null,
        next_retry_at timestamp(6) with time zone,
        occurred_at timestamp(6) with time zone not null,
        processed_at timestamp(6) with time zone,
        updated_at timestamp(6) with time zone not null,
        id uuid not null,
        email varchar(255) not null,
        event_type varchar(255) not null,
        html_content TEXT,
        reason varchar(255),
        status varchar(255) not null,
        subject varchar(255),
        primary key (id)
    )
2026-03-04 18:46:18 [main] DEBUG [] [ ] [] org.hibernate.SQL - 
    create table lead_status_history (
        changed_at timestamp(6) not null,
        changed_by uuid,
        id uuid not null,
        lead_id uuid not null,
        status varchar(30) not null check (status in ('NEW','CONTACTED','QUALIFIED','CLOSED')),
        primary key (id)
    )
2026-03-04 18:46:18 [main] DEBUG [] [ ] [] org.hibernate.SQL - 
    create table leads (
        created_at timestamp(6) not null,
        deleted_at timestamp(6),
        updated_at timestamp(6) not null,
        id uuid not null,
        user_id uuid not null,
        phone varchar(20),
        status varchar(30) not null check (status in ('NEW','CONTACTED','QUALIFIED','CLOSED')),
        email varchar(150) not null,
        name varchar(150) not null,
        primary key (id),
        constraint uk_leads_email_user unique (email, user_id)
    )
2026-03-04 18:46:18 [main] DEBUG [] [ ] [] org.hibernate.SQL - 
    create table login_audit (
        success boolean not null,
        suspicious boolean not null,
        created_at timestamp(6) with time zone not null,
        id uuid not null,
        tenant_id uuid not null,
        user_id uuid,
        ip_address varchar(45),
        email varchar(320) not null,
        user_agent varchar(512),
        failure_reason varchar(255),
        primary key (id)
    )
2026-03-04 18:46:18 [scheduler-1] DEBUG [] [ ] [] org.hibernate.SQL - 
    select
        ee1_0.id,
        ee1_0.attempt_count,
        ee1_0.email,
        ee1_0.event_type,
        ee1_0.html_content,
        ee1_0.max_attempts,
        ee1_0.next_retry_at,
        ee1_0.occurred_at,
        ee1_0.processed_at,
        ee1_0.reason,
        ee1_0.status,
        ee1_0.subject,
        ee1_0.updated_at 
    from
        email_events ee1_0 
    where
        ee1_0.status=? 
        and ee1_0.next_retry_at<=? 
    order by
        ee1_0.occurred_at 
    fetch
        first ? rows only
2026-03-04 18:46:18 [main] DEBUG [] [ ] [] org.hibernate.SQL - 
    create table logs (
        created_at timestamp(6) not null,
        id uuid not null,
        user_id uuid,
        action TEXT not null,
        primary key (id)
    )
2026-03-04 18:46:18 [scheduler-1] TRACE [] [ ] [] org.hibernate.orm.jdbc.bind - binding parameter (1:VARCHAR) <- [PENDING]
2026-03-04 18:46:18 [main] DEBUG [] [ ] [] org.hibernate.SQL - 
    create table password_reset_token (
        used boolean not null,
        created_at timestamp(6) not null,
        expires_at timestamp(6) not null,
        id uuid not null,
        user_id uuid not null,
        token_hash varchar(255) not null unique,
        primary key (id)
    )
2026-03-04 18:46:18 [scheduler-1] TRACE [] [ ] [] org.hibernate.orm.jdbc.bind - binding parameter (2:TIMESTAMP_UTC) <- [2026-03-04T21:46:18.675543900Z]
2026-03-04 18:46:18 [scheduler-1] TRACE [] [ ] [] org.hibernate.orm.jdbc.bind - binding parameter (3:INTEGER) <- [50]
2026-03-04 18:46:18 [main] DEBUG [] [ ] [] org.hibernate.SQL - 
    create table refresh_tokens (
        revoked boolean not null,
        created_at timestamp(6) not null,
        expires_at timestamp(6) not null,
        id uuid not null,
        user_id uuid not null,
        device_fingerprint varchar(255) not null,
        token_hash varchar(255) not null,
        primary key (id),
        constraint uq_refresh_token_hash unique (token_hash)
    )
2026-03-04 18:46:18 [main] DEBUG [] [ ] [] org.hibernate.SQL - 
    create table security_audit_logs (
        success boolean not null,
        created_at timestamp(6) not null,
        id uuid not null,
        action varchar(50) not null check (action in ('LOGIN_SUCCESS','LOGIN_FAILED','ACCOUNT_LOCKED','PASSWORD_RESET_REQUESTED','PASSWORD_RESET_SUCCESS','USER_REGISTERED')),
        correlation_id varchar(100),
        ip_address varchar(100),
        tenant varchar(100) not null,
        email varchar(150) not null,
        user_agent varchar(255),
        primary key (id)
    )
2026-03-04 18:46:18 [main] DEBUG [] [ ] [] org.hibernate.SQL - 
    create table settings (
        created_at timestamp(6) not null,
        deleted_at timestamp(6),
        updated_at timestamp(6) not null,
        whatsapp varchar(15) not null,
        id uuid not null,
        user_id uuid not null,
        company_name varchar(100),
        vendor_name varchar(100) not null,
        logo TEXT,
        welcome_message TEXT,
        primary key (id)
    )
2026-03-04 18:46:18 [main] DEBUG [] [ ] [] org.hibernate.SQL - 
    create table subscription_history (
        changed_at timestamp(6) with time zone not null,
        id uuid not null,
        vendor_id uuid not null,
        external_event_id varchar(255),
        new_status varchar(255) not null check (new_status in ('TRIAL','ATIVA','INADIMPLENTE','SUSPENSA','CANCELADA','EXPIRADA')),
        previous_status varchar(255) not null check (previous_status in ('TRIAL','ATIVA','INADIMPLENTE','SUSPENSA','CANCELADA','EXPIRADA')),
        reason varchar(255),
        primary key (id)
    )
2026-03-04 18:46:18 [main] DEBUG [] [ ] [] org.hibernate.SQL - 
    create table user_sessions (
        active boolean not null,
        suspicious boolean not null,
        created_at timestamp(6) with time zone not null,
        last_access_at timestamp(6) with time zone,
        revoked_at timestamp(6) with time zone,
        id uuid not null,
        tenant_id uuid not null,
        user_id uuid not null,
        token_id varchar(36) not null unique,
        initial_ip_address varchar(45),
        ip_address varchar(45),
        initial_user_agent varchar(512),
        user_agent varchar(512),
        primary key (id)
    )
2026-03-04 18:46:18 [main] DEBUG [] [ ] [] org.hibernate.SQL - 
    create table users (
        failed_attempts integer not null,
        created_at timestamp(6) not null,
        credentials_updated_at timestamp(6),
        deleted_at timestamp(6),
        lock_until timestamp(6),
        updated_at timestamp(6) not null,
        id uuid not null,
        role_id uuid not null,
        email varchar(150) not null,
        name varchar(150) not null,
        password varchar(255) not null,
        primary key (id),
        constraint uq_users_email unique (email)
    )
2026-03-04 18:46:18 [main] DEBUG [] [ ] [] org.hibernate.SQL - 
    create table vendor_audit_logs (
        created_at timestamp(6) with time zone not null,
        entidade_id uuid not null,
        id uuid not null,
        vendor_id uuid not null,
        acao varchar(255) not null,
        detalhes TEXT,
        entity_type varchar(255) not null,
        user_email varchar(255) not null,
        primary key (id)
    )
2026-03-04 18:46:18 [main] DEBUG [] [ ] [] org.hibernate.SQL - 
    create table vendor_features (
        enabled boolean not null,
        created_at timestamp(6) with time zone not null,
        updated_at timestamp(6) with time zone not null,
        id uuid not null,
        vendor_id uuid not null,
        feature_key varchar(255) not null check (feature_key in ('AI_CHAT')),
        primary key (id)
    )
2026-03-04 18:46:18 [main] DEBUG [] [ ] [] org.hibernate.SQL - 
    create table vendor_lead_alerts (
        resolvido boolean not null,
        created_at timestamp(6) with time zone not null,
        id uuid not null,
        vendor_lead_id uuid not null,
        mensagem TEXT not null,
        tipo varchar(255) not null,
        primary key (id)
    )
2026-03-04 18:46:18 [main] DEBUG [] [ ] [] org.hibernate.SQL - 
    create table vendor_lead_conversations (
        created_at timestamp(6) with time zone not null,
        id uuid not null,
        vendor_lead_id uuid not null,
        content TEXT not null,
        role varchar(255) not null,
        primary key (id)
    )
2026-03-04 18:46:18 [main] DEBUG [] [ ] [] org.hibernate.SQL - 
    create table vendor_lead_messages (
        created_at timestamp(6) with time zone not null,
        id uuid not null,
        vendor_lead_id uuid not null,
        role varchar(20) not null check (role in ('USER','AI')),
        message TEXT not null,
        primary key (id)
    )
2026-03-04 18:46:18 [main] DEBUG [] [ ] [] org.hibernate.SQL - 
    create table vendor_lead_stage_history (
        changed_at timestamp(6) with time zone not null,
        id uuid not null,
        vendor_lead_id uuid not null,
        new_stage varchar(255) not null,
        previous_stage varchar(255) not null,
        primary key (id)
    )
2026-03-04 18:46:18 [main] DEBUG [] [ ] [] org.hibernate.SQL - 
    create table vendor_leads (
        score integer not null,
        created_date timestamp(6) with time zone not null,
        id uuid not null,
        vendor_id uuid not null,
        nome_completo varchar(255) not null,
        owner_email varchar(255),
        resumo_estrategico TEXT,
        stage varchar(255) not null check (stage in ('NOVO','CONTATO','PROPOSTA','FECHADO','PERDIDO')),
        status varchar(255) not null,
        tipo_consorcio varchar(255),
        urgencia varchar(255),
        valor_credito varchar(255),
        whatsapp varchar(255) not null,
        primary key (id)
    )
2026-03-04 18:46:18 [main] DEBUG [] [ ] [] org.hibernate.SQL - 
    create table vendor_risk_alerts (
        resolved boolean not null,
        score integer not null,
        created_at timestamp(6) with time zone not null,
        id uuid not null,
        vendor_id uuid not null,
        risk_level varchar(255) not null,
        primary key (id)
    )
2026-03-04 18:46:18 [main] DEBUG [] [ ] [] org.hibernate.SQL - 
    create table vendor_usage (
        alert100sent boolean not null,
        alert80sent boolean not null,
        used integer not null,
        period_end timestamp(6) with time zone not null,
        period_start timestamp(6) with time zone not null,
        id uuid not null,
        vendor_id uuid not null,
        quota_type varchar(255) not null check (quota_type in ('ACTIVE_LEADS','AI_EXECUTIONS')),
        primary key (id)
    )
2026-03-04 18:46:18 [main] DEBUG [] [ ] [] org.hibernate.SQL - 
    create table vendors (
        email_invalid boolean not null,
        created_at timestamp(6) with time zone not null,
        last_payment_at timestamp(6) with time zone,
        next_billing_at timestamp(6) with time zone,
        subscription_expires_at timestamp(6) with time zone,
        subscription_started_at timestamp(6) with time zone,
        updated_at timestamp(6) with time zone,
        id uuid not null,
        cor_destaque varchar(255) not null,
        external_customer_id varchar(255),
        external_subscription_id varchar(255),
        logo_url varchar(255),
        mensagem_boas_vindas TEXT,
        nome_empresa varchar(255),
        nome_vendedor varchar(255) not null,
        slug varchar(255) not null unique,
        subscription_status varchar(255) not null check (subscription_status in ('TRIAL','ATIVA','INADIMPLENTE','SUSPENSA','CANCELADA','EXPIRADA')),
        user_email varchar(255) not null,
        whatsapp_vendedor varchar(255) not null,
        primary key (id)
    )
2026-03-04 18:46:18 [main] DEBUG [] [ ] [] org.hibernate.SQL - 
    create table webhook_events (
        received_at timestamp(6) with time zone not null,
        event_id varchar(255) not null,
        primary key (event_id)
    )
2026-03-04 18:46:18 [main] DEBUG [] [ ] [] org.hibernate.SQL - 
    create index idx_lsh_lead_id 
       on lead_status_history (lead_id)
2026-03-04 18:46:18 [main] DEBUG [] [ ] [] org.hibernate.SQL - 
    create index idx_lsh_lead_changed_at 
       on lead_status_history (lead_id, changed_at)
2026-03-04 18:46:18 [main] DEBUG [] [ ] [] org.hibernate.SQL - 
    create index idx_leads_email 
       on leads (email)
2026-03-04 18:46:18 [main] DEBUG [] [ ] [] org.hibernate.SQL - 
    create index idx_leads_user 
       on leads (user_id)
2026-03-04 18:46:18 [main] DEBUG [] [ ] [] org.hibernate.SQL - 
    create index idx_leads_user_email 
       on leads (user_id, email)
2026-03-04 18:46:18 [main] DEBUG [] [ ] [] org.hibernate.SQL - 
    create index idx_login_user_tenant 
       on login_audit (user_id, tenant_id)
2026-03-04 18:46:18 [main] DEBUG [] [ ] [] org.hibernate.SQL - 
    create index idx_login_email_tenant 
       on login_audit (email, tenant_id)
2026-03-04 18:46:18 [main] DEBUG [] [ ] [] org.hibernate.SQL - 
    create index idx_login_created 
       on login_audit (created_at)
2026-03-04 18:46:18 [main] DEBUG [] [ ] [] org.hibernate.SQL - 
    create index idx_login_success 
       on login_audit (success)
2026-03-04 18:46:18 [main] DEBUG [] [ ] [] org.hibernate.SQL - 
    create index idx_logs_user_id 
       on logs (user_id)
2026-03-04 18:46:18 [main] DEBUG [] [ ] [] org.hibernate.SQL - 
    create index idx_logs_created_at 
       on logs (created_at)
2026-03-04 18:46:18 [main] DEBUG [] [ ] [] org.hibernate.SQL - 
    create index idx_password_reset_token_hash 
       on password_reset_token (token_hash)
2026-03-04 18:46:18 [main] DEBUG [] [ ] [] org.hibernate.SQL - 
    create index idx_password_reset_token_user 
       on password_reset_token (user_id)
2026-03-04 18:46:18 [main] DEBUG [] [ ] [] org.hibernate.SQL - 
    create index idx_password_reset_token_expires 
       on password_reset_token (expires_at)
2026-03-04 18:46:18 [main] DEBUG [] [ ] [] org.hibernate.SQL - 
    create index idx_refresh_token_user 
       on refresh_tokens (user_id)
2026-03-04 18:46:18 [main] DEBUG [] [ ] [] org.hibernate.SQL - 
    create index idx_refresh_token_hash 
       on refresh_tokens (token_hash)
2026-03-04 18:46:18 [main] DEBUG [] [ ] [] org.hibernate.SQL - 
    create index idx_refresh_token_fingerprint 
       on refresh_tokens (device_fingerprint)
2026-03-04 18:46:18 [main] DEBUG [] [ ] [] org.hibernate.SQL - 
    create index idx_audit_email 
       on security_audit_logs (email)
2026-03-04 18:46:18 [main] DEBUG [] [ ] [] org.hibernate.SQL - 
    create index idx_audit_tenant 
       on security_audit_logs (tenant)
2026-03-04 18:46:18 [main] DEBUG [] [ ] [] org.hibernate.SQL - 
    create index idx_audit_created_at 
       on security_audit_logs (created_at)
2026-03-04 18:46:18 [main] DEBUG [] [ ] [] org.hibernate.SQL - 
    create index idx_settings_user 
       on settings (user_id)
2026-03-04 18:46:18 [main] DEBUG [] [ ] [] org.hibernate.SQL - 
    create index idx_session_token_tenant 
       on user_sessions (token_id, tenant_id)
2026-03-04 18:46:18 [main] DEBUG [] [ ] [] org.hibernate.SQL - 
    create index idx_session_user_tenant 
       on user_sessions (user_id, tenant_id)
2026-03-04 18:46:18 [main] DEBUG [] [ ] [] org.hibernate.SQL - 
    create index idx_session_active 
       on user_sessions (active)
2026-03-04 18:46:18 [main] DEBUG [] [ ] [] org.hibernate.SQL - 
    create index idx_session_last_access 
       on user_sessions (last_access_at)
2026-03-04 18:46:18 [main] DEBUG [] [ ] [] org.hibernate.SQL - 
    create index idx_users_email 
       on users (email)
2026-03-04 18:46:18 [main] DEBUG [] [ ] [] org.hibernate.SQL - 
    create index idx_vlm_vendor_lead_id 
       on vendor_lead_messages (vendor_lead_id)
2026-03-04 18:46:18 [main] DEBUG [] [ ] [] org.hibernate.SQL - 
    create index idx_vlm_vendor_lead_created_at 
       on vendor_lead_messages (vendor_lead_id, created_at)
2026-03-04 18:46:18 [main] DEBUG [] [ ] [] org.hibernate.SQL - 
    alter table if exists lead_status_history 
       add constraint fk_lsh_user 
       foreign key (changed_by) 
       references users
2026-03-04 18:46:18 [main] DEBUG [] [ ] [] org.hibernate.SQL - 
    alter table if exists lead_status_history 
       add constraint fk_lsh_lead 
       foreign key (lead_id) 
       references leads
2026-03-04 18:46:18 [main] DEBUG [] [ ] [] org.hibernate.SQL - 
    alter table if exists logs 
       add constraint fk_logs_user 
       foreign key (user_id) 
       references users
2026-03-04 18:46:18 [main] DEBUG [] [ ] [] org.hibernate.SQL - 
    alter table if exists password_reset_token 
       add constraint FK83nsrttkwkb6ym0anu051mtxn 
       foreign key (user_id) 
       references users
2026-03-04 18:46:18 [main] DEBUG [] [ ] [] org.hibernate.SQL - 
    alter table if exists refresh_tokens 
       add constraint fk_refresh_token_user 
       foreign key (user_id) 
       references users
2026-03-04 18:46:18 [main] DEBUG [] [ ] [] org.hibernate.SQL - 
    alter table if exists settings 
       add constraint fk_settings_user 
       foreign key (user_id) 
       references users
2026-03-04 18:46:18 [main] DEBUG [] [ ] [] org.hibernate.SQL - 
    alter table if exists users 
       add constraint fk_users_role 
       foreign key (role_id) 
       references public.roles
2026-03-04 18:46:18 [main] WARN  [] [ ] [] org.hibernate.orm.deprecation - HHH90000025: PostgreSQLDialect does not need to be specified explicitly using 'hibernate.dialect' (remove the property setting and it will be selected by default)
2026-03-04 18:46:19 [main] DEBUG [] [ ] [] c.l.backend.security.jwt.JwtService - JWT Secret successfully loaded: 0123456789abcdef0123456789abcdef0123456789abcdef
2026-03-04 18:46:19 [main] DEBUG [] [ ] [] c.l.backend.security.jwt.JwtService - JWT Expiration time: 3600000 ms
2026-03-04 18:46:19 [main] DEBUG [] [ ] [] c.l.backend.security.jwt.JwtService - JWT Issuer: leadflow
2026-03-04 18:46:19 [main] INFO  [] [ ] [] c.l.b.i.VendorLeadIntegrationTest - Started VendorLeadIntegrationTest in 3.706 seconds (process running for 72.778)
2026-03-04 18:46:19 [scheduler-5] DEBUG [] [ ] [] org.hibernate.SQL - 
    select
        ee1_0.id,
        ee1_0.attempt_count,
        ee1_0.email,
        ee1_0.event_type,
        ee1_0.html_content,
        ee1_0.max_attempts,
        ee1_0.next_retry_at,
        ee1_0.occurred_at,
        ee1_0.processed_at,
        ee1_0.reason,
        ee1_0.status,
        ee1_0.subject,
        ee1_0.updated_at 
    from
        email_events ee1_0 
    where
        ee1_0.status=? 
        and ee1_0.next_retry_at<=? 
    order by
        ee1_0.occurred_at 
    fetch
        first ? rows only
2026-03-04 18:46:19 [scheduler-5] TRACE [] [ ] [] org.hibernate.orm.jdbc.bind - binding parameter (1:VARCHAR) <- [PENDING]
2026-03-04 18:46:19 [scheduler-5] TRACE [] [ ] [] org.hibernate.orm.jdbc.bind - binding parameter (2:TIMESTAMP_UTC) <- [2026-03-04T21:46:19.384979500Z]
2026-03-04 18:46:19 [scheduler-5] TRACE [] [ ] [] org.hibernate.orm.jdbc.bind - binding parameter (3:INTEGER) <- [50]
2026-03-04 18:46:19 [main] DEBUG [] [ ] [] org.hibernate.SQL - 
    insert 
    into
        vendors
        (cor_destaque, created_at, email_invalid, external_customer_id, external_subscription_id, last_payment_at, logo_url, mensagem_boas_vindas, next_billing_at, nome_empresa, nome_vendedor, slug, subscription_expires_at, subscription_started_at, subscription_status, updated_at, user_email, whatsapp_vendedor, id) 
    values
        (?, ?, ?, ?, ?, ?, ?, ?, ?, ?, ?, ?, ?, ?, ?, ?, ?, ?, ?)
2026-03-04 18:46:19 [main] TRACE [] [ ] [] org.hibernate.orm.jdbc.bind - binding parameter (1:VARCHAR) <- [#FF7A00]
2026-03-04 18:46:19 [main] TRACE [] [ ] [] org.hibernate.orm.jdbc.bind - binding parameter (2:TIMESTAMP_UTC) <- [2026-03-04T21:46:19.399375Z]
2026-03-04 18:46:19 [main] TRACE [] [ ] [] org.hibernate.orm.jdbc.bind - binding parameter (3:BOOLEAN) <- [false]
2026-03-04 18:46:19 [main] TRACE [] [ ] [] org.hibernate.orm.jdbc.bind - binding parameter (4:VARCHAR) <- [null]
2026-03-04 18:46:19 [main] TRACE [] [ ] [] org.hibernate.orm.jdbc.bind - binding parameter (5:VARCHAR) <- [null]
2026-03-04 18:46:19 [main] TRACE [] [ ] [] org.hibernate.orm.jdbc.bind - binding parameter (6:TIMESTAMP_UTC) <- [null]
2026-03-04 18:46:19 [main] TRACE [] [ ] [] org.hibernate.orm.jdbc.bind - binding parameter (7:VARCHAR) <- [null]
2026-03-04 18:46:19 [main] TRACE [] [ ] [] org.hibernate.orm.jdbc.bind - binding parameter (8:VARCHAR) <- [null]
2026-03-04 18:46:19 [main] TRACE [] [ ] [] org.hibernate.orm.jdbc.bind - binding parameter (9:TIMESTAMP_UTC) <- [null]
2026-03-04 18:46:19 [main] TRACE [] [ ] [] org.hibernate.orm.jdbc.bind - binding parameter (10:VARCHAR) <- [null]
2026-03-04 18:46:19 [main] TRACE [] [ ] [] org.hibernate.orm.jdbc.bind - binding parameter (11:VARCHAR) <- [Teste]
2026-03-04 18:46:19 [main] TRACE [] [ ] [] org.hibernate.orm.jdbc.bind - binding parameter (12:VARCHAR) <- [teste]
2026-03-04 18:46:19 [main] TRACE [] [ ] [] org.hibernate.orm.jdbc.bind - binding parameter (13:TIMESTAMP_UTC) <- [null]
2026-03-04 18:46:19 [main] TRACE [] [ ] [] org.hibernate.orm.jdbc.bind - binding parameter (14:TIMESTAMP_UTC) <- [null]
2026-03-04 18:46:19 [main] TRACE [] [ ] [] org.hibernate.orm.jdbc.bind - binding parameter (15:VARCHAR) <- [TRIAL]
2026-03-04 18:46:19 [main] TRACE [] [ ] [] org.hibernate.orm.jdbc.bind - binding parameter (16:TIMESTAMP_UTC) <- [null]
2026-03-04 18:46:19 [main] TRACE [] [ ] [] org.hibernate.orm.jdbc.bind - binding parameter (17:VARCHAR) <- [vendor@test.com]
2026-03-04 18:46:19 [main] TRACE [] [ ] [] org.hibernate.orm.jdbc.bind - binding parameter (18:VARCHAR) <- [99999999]
2026-03-04 18:46:19 [main] TRACE [] [ ] [] org.hibernate.orm.jdbc.bind - binding parameter (19:UUID) <- [a5e660c7-edd4-4982-b6df-2b7b25bacc1b]
2026-03-04 18:46:19 [main] DEBUG [] [ ] [] org.hibernate.SQL - 
    insert 
    into
        vendor_leads
        (created_date, nome_completo, owner_email, resumo_estrategico, score, stage, status, tipo_consorcio, urgencia, valor_credito, vendor_id, whatsapp, id) 
    values
        (?, ?, ?, ?, ?, ?, ?, ?, ?, ?, ?, ?, ?)
2026-03-04 18:46:19 [main] TRACE [] [ ] [] org.hibernate.orm.jdbc.bind - binding parameter (1:TIMESTAMP_UTC) <- [2026-03-04T21:46:19.399897900Z]
2026-03-04 18:46:19 [main] TRACE [] [ ] [] org.hibernate.orm.jdbc.bind - binding parameter (2:VARCHAR) <- [Cliente]
2026-03-04 18:46:19 [main] TRACE [] [ ] [] org.hibernate.orm.jdbc.bind - binding parameter (3:VARCHAR) <- [null]
2026-03-04 18:46:19 [main] TRACE [] [ ] [] org.hibernate.orm.jdbc.bind - binding parameter (4:VARCHAR) <- [null]
2026-03-04 18:46:19 [main] TRACE [] [ ] [] org.hibernate.orm.jdbc.bind - binding parameter (5:INTEGER) <- [0]
2026-03-04 18:46:19 [main] TRACE [] [ ] [] org.hibernate.orm.jdbc.bind - binding parameter (6:VARCHAR) <- [NOVO]
2026-03-04 18:46:19 [main] TRACE [] [ ] [] org.hibernate.orm.jdbc.bind - binding parameter (7:VARCHAR) <- [novo]
2026-03-04 18:46:19 [main] TRACE [] [ ] [] org.hibernate.orm.jdbc.bind - binding parameter (8:VARCHAR) <- [null]
2026-03-04 18:46:19 [main] TRACE [] [ ] [] org.hibernate.orm.jdbc.bind - binding parameter (9:VARCHAR) <- [null]
2026-03-04 18:46:19 [main] TRACE [] [ ] [] org.hibernate.orm.jdbc.bind - binding parameter (10:VARCHAR) <- [null]
2026-03-04 18:46:19 [main] TRACE [] [ ] [] org.hibernate.orm.jdbc.bind - binding parameter (11:UUID) <- [a5e660c7-edd4-4982-b6df-2b7b25bacc1b]
2026-03-04 18:46:19 [main] TRACE [] [ ] [] org.hibernate.orm.jdbc.bind - binding parameter (12:VARCHAR) <- [88888888]
2026-03-04 18:46:19 [main] TRACE [] [ ] [] org.hibernate.orm.jdbc.bind - binding parameter (13:UUID) <- [6b8fe525-86de-40aa-b434-46817c6eee93]
2026-03-04 18:46:19 [main] DEBUG [] [ ] [] org.hibernate.SQL - 
    select
        v1_0.id,
        v1_0.cor_destaque,
        v1_0.created_at,
        v1_0.email_invalid,
        v1_0.external_customer_id,
        v1_0.external_subscription_id,
        v1_0.last_payment_at,
        v1_0.logo_url,
        v1_0.mensagem_boas_vindas,
        v1_0.next_billing_at,
        v1_0.nome_empresa,
        v1_0.nome_vendedor,
        v1_0.slug,
        v1_0.subscription_expires_at,
        v1_0.subscription_started_at,
        v1_0.subscription_status,
        v1_0.updated_at,
        v1_0.user_email,
        v1_0.whatsapp_vendedor 
    from
        vendors v1_0 
    where
        v1_0.user_email=?
2026-03-04 18:46:19 [main] TRACE [] [ ] [] org.hibernate.orm.jdbc.bind - binding parameter (1:VARCHAR) <- [vendor@test.com]
2026-03-04 18:46:19 [main] DEBUG [] [ ] [] org.hibernate.SQL - 
    select
        vl1_0.id,
        vl1_0.created_date,
        vl1_0.nome_completo,
        vl1_0.owner_email,
        vl1_0.resumo_estrategico,
        vl1_0.score,
        vl1_0.stage,
        vl1_0.status,
        vl1_0.tipo_consorcio,
        vl1_0.urgencia,
        vl1_0.valor_credito,
        vl1_0.vendor_id,
        vl1_0.whatsapp 
    from
        vendor_leads vl1_0 
    where
        vl1_0.id=? 
        and vl1_0.vendor_id=?
2026-03-04 18:46:19 [main] TRACE [] [ ] [] org.hibernate.orm.jdbc.bind - binding parameter (1:UUID) <- [6b8fe525-86de-40aa-b434-46817c6eee93]
2026-03-04 18:46:19 [main] TRACE [] [ ] [] org.hibernate.orm.jdbc.bind - binding parameter (2:UUID) <- [a5e660c7-edd4-4982-b6df-2b7b25bacc1b]
2026-03-04 18:46:19 [main] INFO  [] [ ] [] c.l.b.s.vendor.VendorLeadService - lead_stage_changed vendorId=a5e660c7-edd4-4982-b6df-2b7b25bacc1b leadId=6b8fe525-86de-40aa-b434-46817c6eee93 from=NOVO to=CONTATO
2026-03-04 18:46:19 [main] DEBUG [] [ ] [] org.hibernate.SQL - 
    select
        v1_0.id,
        v1_0.cor_destaque,
        v1_0.created_at,
        v1_0.email_invalid,
        v1_0.external_customer_id,
        v1_0.external_subscription_id,
        v1_0.last_payment_at,
        v1_0.logo_url,
        v1_0.mensagem_boas_vindas,
        v1_0.next_billing_at,
        v1_0.nome_empresa,
        v1_0.nome_vendedor,
        v1_0.slug,
        v1_0.subscription_expires_at,
        v1_0.subscription_started_at,
        v1_0.subscription_status,
        v1_0.updated_at,
        v1_0.user_email,
        v1_0.whatsapp_vendedor 
    from
        vendors v1_0 
    where
        v1_0.user_email=?
2026-03-04 18:46:19 [main] TRACE [] [ ] [] org.hibernate.orm.jdbc.bind - binding parameter (1:VARCHAR) <- [vendor@test.com]
2026-03-04 18:46:19 [main] DEBUG [] [ ] [] org.hibernate.SQL - 
    insert 
    into
        vendor_lead_stage_history
        (changed_at, new_stage, previous_stage, vendor_lead_id, id) 
    values
        (?, ?, ?, ?, ?)
2026-03-04 18:46:19 [main] TRACE [] [ ] [] org.hibernate.orm.jdbc.bind - binding parameter (1:TIMESTAMP_UTC) <- [2026-03-04T21:46:19.412275300Z]
2026-03-04 18:46:19 [main] TRACE [] [ ] [] org.hibernate.orm.jdbc.bind - binding parameter (2:VARCHAR) <- [CONTATO]
2026-03-04 18:46:19 [main] TRACE [] [ ] [] org.hibernate.orm.jdbc.bind - binding parameter (3:VARCHAR) <- [NOVO]
2026-03-04 18:46:19 [main] TRACE [] [ ] [] org.hibernate.orm.jdbc.bind - binding parameter (4:UUID) <- [6b8fe525-86de-40aa-b434-46817c6eee93]
2026-03-04 18:46:19 [main] TRACE [] [ ] [] org.hibernate.orm.jdbc.bind - binding parameter (5:UUID) <- [cf222ca4-6065-4574-9b39-ec1a81cd57d3]
2026-03-04 18:46:19 [main] DEBUG [] [ ] [] org.hibernate.SQL - 
    insert 
    into
        vendor_audit_logs
        (acao, created_at, detalhes, entidade_id, entity_type, user_email, vendor_id, id) 
    values
        (?, ?, ?, ?, ?, ?, ?, ?)
2026-03-04 18:46:19 [main] TRACE [] [ ] [] org.hibernate.orm.jdbc.bind - binding parameter (1:VARCHAR) <- [STAGE_CHANGE]
2026-03-04 18:46:19 [main] TRACE [] [ ] [] org.hibernate.orm.jdbc.bind - binding parameter (2:TIMESTAMP_UTC) <- [2026-03-04T21:46:19.415405600Z]
2026-03-04 18:46:19 [main] TRACE [] [ ] [] org.hibernate.orm.jdbc.bind - binding parameter (3:VARCHAR) <- [NOVO ? CONTATO]
2026-03-04 18:46:19 [main] TRACE [] [ ] [] org.hibernate.orm.jdbc.bind - binding parameter (4:UUID) <- [6b8fe525-86de-40aa-b434-46817c6eee93]
2026-03-04 18:46:19 [main] TRACE [] [ ] [] org.hibernate.orm.jdbc.bind - binding parameter (5:VARCHAR) <- [VendorLead]
2026-03-04 18:46:19 [main] TRACE [] [ ] [] org.hibernate.orm.jdbc.bind - binding parameter (6:VARCHAR) <- [vendor@test.com]
2026-03-04 18:46:19 [main] TRACE [] [ ] [] org.hibernate.orm.jdbc.bind - binding parameter (7:UUID) <- [a5e660c7-edd4-4982-b6df-2b7b25bacc1b]
2026-03-04 18:46:19 [main] TRACE [] [ ] [] org.hibernate.orm.jdbc.bind - binding parameter (8:UUID) <- [b0ef059a-6bdb-4c35-b28e-80c94fb52f19]
2026-03-04 18:46:19 [main] DEBUG [] [ ] [] org.hibernate.SQL - 
    update
        vendor_leads 
    set
        nome_completo=?,
        owner_email=?,
        resumo_estrategico=?,
        score=?,
        stage=?,
        status=?,
        tipo_consorcio=?,
        urgencia=?,
        valor_credito=?,
        vendor_id=?,
        whatsapp=? 
    where
        id=?
2026-03-04 18:46:19 [main] TRACE [] [ ] [] org.hibernate.orm.jdbc.bind - binding parameter (1:VARCHAR) <- [Cliente]
2026-03-04 18:46:19 [main] TRACE [] [ ] [] org.hibernate.orm.jdbc.bind - binding parameter (2:VARCHAR) <- [null]
2026-03-04 18:46:19 [main] TRACE [] [ ] [] org.hibernate.orm.jdbc.bind - binding parameter (3:VARCHAR) <- [null]
2026-03-04 18:46:19 [main] TRACE [] [ ] [] org.hibernate.orm.jdbc.bind - binding parameter (4:INTEGER) <- [20]
2026-03-04 18:46:19 [main] TRACE [] [ ] [] org.hibernate.orm.jdbc.bind - binding parameter (5:VARCHAR) <- [CONTATO]
2026-03-04 18:46:19 [main] TRACE [] [ ] [] org.hibernate.orm.jdbc.bind - binding parameter (6:VARCHAR) <- [novo]
2026-03-04 18:46:19 [main] TRACE [] [ ] [] org.hibernate.orm.jdbc.bind - binding parameter (7:VARCHAR) <- [null]
2026-03-04 18:46:19 [main] TRACE [] [ ] [] org.hibernate.orm.jdbc.bind - binding parameter (8:VARCHAR) <- [null]
2026-03-04 18:46:19 [main] TRACE [] [ ] [] org.hibernate.orm.jdbc.bind - binding parameter (9:VARCHAR) <- [null]
2026-03-04 18:46:19 [main] TRACE [] [ ] [] org.hibernate.orm.jdbc.bind - binding parameter (10:UUID) <- [a5e660c7-edd4-4982-b6df-2b7b25bacc1b]
2026-03-04 18:46:19 [main] TRACE [] [ ] [] org.hibernate.orm.jdbc.bind - binding parameter (11:VARCHAR) <- [88888888]
2026-03-04 18:46:19 [main] TRACE [] [ ] [] org.hibernate.orm.jdbc.bind - binding parameter (12:UUID) <- [6b8fe525-86de-40aa-b434-46817c6eee93]
2026-03-04 18:46:19 [main] DEBUG [] [ ] [] org.hibernate.SQL - 
    select
        vlsh1_0.id,
        vlsh1_0.changed_at,
        vlsh1_0.new_stage,
        vlsh1_0.previous_stage,
        vlsh1_0.vendor_lead_id 
    from
        vendor_lead_stage_history vlsh1_0 
    where
        vlsh1_0.vendor_lead_id=? 
    order by
        vlsh1_0.changed_at desc
2026-03-04 18:46:19 [main] TRACE [] [ ] [] org.hibernate.orm.jdbc.bind - binding parameter (1:UUID) <- [6b8fe525-86de-40aa-b434-46817c6eee93]
[INFO] Tests run: 1, Failures: 0, Errors: 0, Skipped: 0, Time elapsed: 3.810 s -- in com.leadflow.backend.integration.VendorLeadIntegrationTest
[INFO] Running com.leadflow.backend.multitenancy.TenantFilterIntegrationTest

  .   ____          _            __ _ _
 /\\ / ___'_ __ _ _(_)_ __  __ _ \ \ \ \
( ( )\___ | '_ | '_| | '_ \/ _` | \ \ \ \
 \\/  ___)| |_)| | | | | || (_| |  ) ) ) )
  '  |____| .__|_| |_|_| |_\__, | / / / /
 =========|_|==============|___/=/_/_/_/

 :: Spring Boot ::               (v3.5.11)

2026-03-04 18:46:19 [main] INFO  [] [ ] [] c.l.b.m.TenantFilterIntegrationTest - Starting TenantFilterIntegrationTest using Java 17.0.16 with PID 23204 (started by Gabri in C:\Users\Gabri\OneDrive\┴rea de Trabalho\leadflow-backend)
2026-03-04 18:46:19 [main] DEBUG [] [ ] [] c.l.b.m.TenantFilterIntegrationTest - Running with Spring Boot v3.5.11, Spring v6.2.16
2026-03-04 18:46:19 [main] INFO  [] [ ] [] c.l.b.m.TenantFilterIntegrationTest - The following 1 profile is active: "test"
2026-03-04 18:46:19 [scheduler-1] DEBUG [] [ ] [] org.hibernate.SQL - 
    select
        ee1_0.id,
        ee1_0.attempt_count,
        ee1_0.email,
        ee1_0.event_type,
        ee1_0.html_content,
        ee1_0.max_attempts,
        ee1_0.next_retry_at,
        ee1_0.occurred_at,
        ee1_0.processed_at,
        ee1_0.reason,
        ee1_0.status,
        ee1_0.subject,
        ee1_0.updated_at 
    from
        email_events ee1_0 
    where
        ee1_0.status=? 
        and ee1_0.next_retry_at<=? 
    order by
        ee1_0.occurred_at 
    fetch
        first ? rows only
2026-03-04 18:46:19 [scheduler-1] TRACE [] [ ] [] org.hibernate.orm.jdbc.bind - binding parameter (1:VARCHAR) <- [PENDING]
2026-03-04 18:46:19 [scheduler-1] TRACE [] [ ] [] org.hibernate.orm.jdbc.bind - binding parameter (2:TIMESTAMP_UTC) <- [2026-03-04T21:46:19.684825400Z]
2026-03-04 18:46:19 [scheduler-1] TRACE [] [ ] [] org.hibernate.orm.jdbc.bind - binding parameter (3:INTEGER) <- [50]
2026-03-04 18:46:20 [main] WARN  [] [ ] [] org.hibernate.orm.deprecation - HHH90000025: PostgreSQLDialect does not need to be specified explicitly using 'hibernate.dialect' (remove the property setting and it will be selected by default)
2026-03-04 18:46:20 [main] DEBUG [] [ ] [] org.hibernate.SQL - 
    set client_min_messages = WARNING
2026-03-04 18:46:20 [main] DEBUG [] [ ] [] org.hibernate.SQL - 
    drop table if exists public.roles cascade
2026-03-04 18:46:20 [main] DEBUG [] [ ] [] org.hibernate.SQL - 
    drop table if exists public.tenants cascade
2026-03-04 18:46:20 [main] DEBUG [] [ ] [] org.hibernate.SQL - 
    alter table if exists lead_status_history 
       drop constraint if exists fk_lsh_user
2026-03-04 18:46:20 [main] DEBUG [] [ ] [] org.hibernate.SQL - 
    alter table if exists lead_status_history 
       drop constraint if exists fk_lsh_lead
2026-03-04 18:46:20 [main] DEBUG [] [ ] [] org.hibernate.SQL - 
    alter table if exists logs 
       drop constraint if exists fk_logs_user
2026-03-04 18:46:20 [main] DEBUG [] [ ] [] org.hibernate.SQL - 
    alter table if exists password_reset_token 
       drop constraint if exists FK83nsrttkwkb6ym0anu051mtxn
2026-03-04 18:46:20 [main] DEBUG [] [ ] [] org.hibernate.SQL - 
    alter table if exists refresh_tokens 
       drop constraint if exists fk_refresh_token_user
2026-03-04 18:46:20 [main] DEBUG [] [ ] [] org.hibernate.SQL - 
    alter table if exists settings 
       drop constraint if exists fk_settings_user
2026-03-04 18:46:20 [main] DEBUG [] [ ] [] org.hibernate.SQL - 
    alter table if exists users 
       drop constraint if exists fk_users_role
2026-03-04 18:46:20 [main] DEBUG [] [ ] [] org.hibernate.SQL - 
    drop table if exists email_events cascade
2026-03-04 18:46:20 [main] DEBUG [] [ ] [] org.hibernate.SQL - 
    drop table if exists lead_status_history cascade
2026-03-04 18:46:20 [main] DEBUG [] [ ] [] org.hibernate.SQL - 
    drop table if exists leads cascade
2026-03-04 18:46:20 [main] DEBUG [] [ ] [] org.hibernate.SQL - 
    drop table if exists login_audit cascade
2026-03-04 18:46:20 [main] DEBUG [] [ ] [] org.hibernate.SQL - 
    drop table if exists logs cascade
2026-03-04 18:46:20 [main] DEBUG [] [ ] [] org.hibernate.SQL - 
    drop table if exists password_reset_token cascade
2026-03-04 18:46:20 [main] DEBUG [] [ ] [] org.hibernate.SQL - 
    drop table if exists refresh_tokens cascade
2026-03-04 18:46:20 [main] DEBUG [] [ ] [] org.hibernate.SQL - 
    drop table if exists security_audit_logs cascade
2026-03-04 18:46:20 [main] DEBUG [] [ ] [] org.hibernate.SQL - 
    drop table if exists settings cascade
2026-03-04 18:46:20 [main] DEBUG [] [ ] [] org.hibernate.SQL - 
    drop table if exists subscription_history cascade
2026-03-04 18:46:20 [main] DEBUG [] [ ] [] org.hibernate.SQL - 
    drop table if exists user_sessions cascade
2026-03-04 18:46:20 [main] DEBUG [] [ ] [] org.hibernate.SQL - 
    drop table if exists users cascade
2026-03-04 18:46:20 [main] DEBUG [] [ ] [] org.hibernate.SQL - 
    drop table if exists vendor_audit_logs cascade
2026-03-04 18:46:20 [main] DEBUG [] [ ] [] org.hibernate.SQL - 
    drop table if exists vendor_features cascade
2026-03-04 18:46:20 [main] DEBUG [] [ ] [] org.hibernate.SQL - 
    drop table if exists vendor_lead_alerts cascade
2026-03-04 18:46:20 [main] DEBUG [] [ ] [] org.hibernate.SQL - 
    drop table if exists vendor_lead_conversations cascade
2026-03-04 18:46:20 [main] DEBUG [] [ ] [] org.hibernate.SQL - 
    drop table if exists vendor_lead_messages cascade
2026-03-04 18:46:20 [main] DEBUG [] [ ] [] org.hibernate.SQL - 
    drop table if exists vendor_lead_stage_history cascade
2026-03-04 18:46:20 [main] DEBUG [] [ ] [] org.hibernate.SQL - 
    drop table if exists vendor_leads cascade
2026-03-04 18:46:20 [main] DEBUG [] [ ] [] org.hibernate.SQL - 
    drop table if exists vendor_risk_alerts cascade
2026-03-04 18:46:20 [main] DEBUG [] [ ] [] org.hibernate.SQL - 
    drop table if exists vendor_usage cascade
2026-03-04 18:46:20 [main] DEBUG [] [ ] [] org.hibernate.SQL - 
    drop table if exists vendors cascade
2026-03-04 18:46:20 [main] DEBUG [] [ ] [] org.hibernate.SQL - 
    drop table if exists webhook_events cascade
2026-03-04 18:46:20 [main] DEBUG [] [ ] [] org.hibernate.SQL - 
    create table public.roles (
        created_at timestamp(6) not null,
        updated_at timestamp(6) not null,
        id uuid not null,
        name varchar(50) not null,
        primary key (id),
        constraint uk_roles_name unique (name)
    )
2026-03-04 18:46:20 [main] DEBUG [] [ ] [] org.hibernate.SQL - 
    create table public.tenants (
        created_at timestamp(6) not null,
        deleted_at timestamp(6),
        updated_at timestamp(6) not null,
        id uuid not null,
        schema_name varchar(50) not null,
        name varchar(100) not null,
        primary key (id),
        constraint uk_tenants_schema_name unique (schema_name)
    )
2026-03-04 18:46:20 [main] DEBUG [] [ ] [] org.hibernate.SQL - 
    create index idx_tenants_schema_name 
       on public.tenants (schema_name)
2026-03-04 18:46:20 [main] DEBUG [] [ ] [] org.hibernate.SQL - 
    create table email_events (
        attempt_count integer not null,
        max_attempts integer not null,
        next_retry_at timestamp(6) with time zone,
        occurred_at timestamp(6) with time zone not null,
        processed_at timestamp(6) with time zone,
        updated_at timestamp(6) with time zone not null,
        id uuid not null,
        email varchar(255) not null,
        event_type varchar(255) not null,
        html_content TEXT,
        reason varchar(255),
        status varchar(255) not null,
        subject varchar(255),
        primary key (id)
    )
2026-03-04 18:46:20 [main] DEBUG [] [ ] [] org.hibernate.SQL - 
    create table lead_status_history (
        changed_at timestamp(6) not null,
        changed_by uuid,
        id uuid not null,
        lead_id uuid not null,
        status varchar(30) not null check (status in ('NEW','CONTACTED','QUALIFIED','CLOSED')),
        primary key (id)
    )
2026-03-04 18:46:20 [main] DEBUG [] [ ] [] org.hibernate.SQL - 
    create table leads (
        created_at timestamp(6) not null,
        deleted_at timestamp(6),
        updated_at timestamp(6) not null,
        id uuid not null,
        user_id uuid not null,
        phone varchar(20),
        status varchar(30) not null check (status in ('NEW','CONTACTED','QUALIFIED','CLOSED')),
        email varchar(150) not null,
        name varchar(150) not null,
        primary key (id),
        constraint uk_leads_email_user unique (email, user_id)
    )
2026-03-04 18:46:20 [main] DEBUG [] [ ] [] org.hibernate.SQL - 
    create table login_audit (
        success boolean not null,
        suspicious boolean not null,
        created_at timestamp(6) with time zone not null,
        id uuid not null,
        tenant_id uuid not null,
        user_id uuid,
        ip_address varchar(45),
        email varchar(320) not null,
        user_agent varchar(512),
        failure_reason varchar(255),
        primary key (id)
    )
2026-03-04 18:46:20 [main] DEBUG [] [ ] [] org.hibernate.SQL - 
    create table logs (
        created_at timestamp(6) not null,
        id uuid not null,
        user_id uuid,
        action TEXT not null,
        primary key (id)
    )
2026-03-04 18:46:20 [main] DEBUG [] [ ] [] org.hibernate.SQL - 
    create table password_reset_token (
        used boolean not null,
        created_at timestamp(6) not null,
        expires_at timestamp(6) not null,
        id uuid not null,
        user_id uuid not null,
        token_hash varchar(255) not null unique,
        primary key (id)
    )
2026-03-04 18:46:20 [main] DEBUG [] [ ] [] org.hibernate.SQL - 
    create table refresh_tokens (
        revoked boolean not null,
        created_at timestamp(6) not null,
        expires_at timestamp(6) not null,
        id uuid not null,
        user_id uuid not null,
        device_fingerprint varchar(255) not null,
        token_hash varchar(255) not null,
        primary key (id),
        constraint uq_refresh_token_hash unique (token_hash)
    )
2026-03-04 18:46:20 [main] DEBUG [] [ ] [] org.hibernate.SQL - 
    create table security_audit_logs (
        success boolean not null,
        created_at timestamp(6) not null,
        id uuid not null,
        action varchar(50) not null check (action in ('LOGIN_SUCCESS','LOGIN_FAILED','ACCOUNT_LOCKED','PASSWORD_RESET_REQUESTED','PASSWORD_RESET_SUCCESS','USER_REGISTERED')),
        correlation_id varchar(100),
        ip_address varchar(100),
        tenant varchar(100) not null,
        email varchar(150) not null,
        user_agent varchar(255),
        primary key (id)
    )
2026-03-04 18:46:20 [main] DEBUG [] [ ] [] org.hibernate.SQL - 
    create table settings (
        created_at timestamp(6) not null,
        deleted_at timestamp(6),
        updated_at timestamp(6) not null,
        whatsapp varchar(15) not null,
        id uuid not null,
        user_id uuid not null,
        company_name varchar(100),
        vendor_name varchar(100) not null,
        logo TEXT,
        welcome_message TEXT,
        primary key (id)
    )
2026-03-04 18:46:20 [main] DEBUG [] [ ] [] org.hibernate.SQL - 
    create table subscription_history (
        changed_at timestamp(6) with time zone not null,
        id uuid not null,
        vendor_id uuid not null,
        external_event_id varchar(255),
        new_status varchar(255) not null check (new_status in ('TRIAL','ATIVA','INADIMPLENTE','SUSPENSA','CANCELADA','EXPIRADA')),
        previous_status varchar(255) not null check (previous_status in ('TRIAL','ATIVA','INADIMPLENTE','SUSPENSA','CANCELADA','EXPIRADA')),
        reason varchar(255),
        primary key (id)
    )
2026-03-04 18:46:20 [main] DEBUG [] [ ] [] org.hibernate.SQL - 
    create table user_sessions (
        active boolean not null,
        suspicious boolean not null,
        created_at timestamp(6) with time zone not null,
        last_access_at timestamp(6) with time zone,
        revoked_at timestamp(6) with time zone,
        id uuid not null,
        tenant_id uuid not null,
        user_id uuid not null,
        token_id varchar(36) not null unique,
        initial_ip_address varchar(45),
        ip_address varchar(45),
        initial_user_agent varchar(512),
        user_agent varchar(512),
        primary key (id)
    )
2026-03-04 18:46:20 [main] DEBUG [] [ ] [] org.hibernate.SQL - 
    create table users (
        failed_attempts integer not null,
        created_at timestamp(6) not null,
        credentials_updated_at timestamp(6),
        deleted_at timestamp(6),
        lock_until timestamp(6),
        updated_at timestamp(6) not null,
        id uuid not null,
        role_id uuid not null,
        email varchar(150) not null,
        name varchar(150) not null,
        password varchar(255) not null,
        primary key (id),
        constraint uq_users_email unique (email)
    )
2026-03-04 18:46:20 [main] DEBUG [] [ ] [] org.hibernate.SQL - 
    create table vendor_audit_logs (
        created_at timestamp(6) with time zone not null,
        entidade_id uuid not null,
        id uuid not null,
        vendor_id uuid not null,
        acao varchar(255) not null,
        detalhes TEXT,
        entity_type varchar(255) not null,
        user_email varchar(255) not null,
        primary key (id)
    )
2026-03-04 18:46:20 [main] DEBUG [] [ ] [] org.hibernate.SQL - 
    create table vendor_features (
        enabled boolean not null,
        created_at timestamp(6) with time zone not null,
        updated_at timestamp(6) with time zone not null,
        id uuid not null,
        vendor_id uuid not null,
        feature_key varchar(255) not null check (feature_key in ('AI_CHAT')),
        primary key (id)
    )
2026-03-04 18:46:20 [main] DEBUG [] [ ] [] org.hibernate.SQL - 
    create table vendor_lead_alerts (
        resolvido boolean not null,
        created_at timestamp(6) with time zone not null,
        id uuid not null,
        vendor_lead_id uuid not null,
        mensagem TEXT not null,
        tipo varchar(255) not null,
        primary key (id)
    )
2026-03-04 18:46:20 [main] DEBUG [] [ ] [] org.hibernate.SQL - 
    create table vendor_lead_conversations (
        created_at timestamp(6) with time zone not null,
        id uuid not null,
        vendor_lead_id uuid not null,
        content TEXT not null,
        role varchar(255) not null,
        primary key (id)
    )
2026-03-04 18:46:20 [main] DEBUG [] [ ] [] org.hibernate.SQL - 
    create table vendor_lead_messages (
        created_at timestamp(6) with time zone not null,
        id uuid not null,
        vendor_lead_id uuid not null,
        role varchar(20) not null check (role in ('USER','AI')),
        message TEXT not null,
        primary key (id)
    )
2026-03-04 18:46:20 [main] DEBUG [] [ ] [] org.hibernate.SQL - 
    create table vendor_lead_stage_history (
        changed_at timestamp(6) with time zone not null,
        id uuid not null,
        vendor_lead_id uuid not null,
        new_stage varchar(255) not null,
        previous_stage varchar(255) not null,
        primary key (id)
    )
2026-03-04 18:46:20 [main] DEBUG [] [ ] [] org.hibernate.SQL - 
    create table vendor_leads (
        score integer not null,
        created_date timestamp(6) with time zone not null,
        id uuid not null,
        vendor_id uuid not null,
        nome_completo varchar(255) not null,
        owner_email varchar(255),
        resumo_estrategico TEXT,
        stage varchar(255) not null check (stage in ('NOVO','CONTATO','PROPOSTA','FECHADO','PERDIDO')),
        status varchar(255) not null,
        tipo_consorcio varchar(255),
        urgencia varchar(255),
        valor_credito varchar(255),
        whatsapp varchar(255) not null,
        primary key (id)
    )
2026-03-04 18:46:20 [main] DEBUG [] [ ] [] org.hibernate.SQL - 
    create table vendor_risk_alerts (
        resolved boolean not null,
        score integer not null,
        created_at timestamp(6) with time zone not null,
        id uuid not null,
        vendor_id uuid not null,
        risk_level varchar(255) not null,
        primary key (id)
    )
2026-03-04 18:46:20 [main] DEBUG [] [ ] [] org.hibernate.SQL - 
    create table vendor_usage (
        alert100sent boolean not null,
        alert80sent boolean not null,
        used integer not null,
        period_end timestamp(6) with time zone not null,
        period_start timestamp(6) with time zone not null,
        id uuid not null,
        vendor_id uuid not null,
        quota_type varchar(255) not null check (quota_type in ('ACTIVE_LEADS','AI_EXECUTIONS')),
        primary key (id)
    )
2026-03-04 18:46:20 [main] DEBUG [] [ ] [] org.hibernate.SQL - 
    create table vendors (
        email_invalid boolean not null,
        created_at timestamp(6) with time zone not null,
        last_payment_at timestamp(6) with time zone,
        next_billing_at timestamp(6) with time zone,
        subscription_expires_at timestamp(6) with time zone,
        subscription_started_at timestamp(6) with time zone,
        updated_at timestamp(6) with time zone,
        id uuid not null,
        cor_destaque varchar(255) not null,
        external_customer_id varchar(255),
        external_subscription_id varchar(255),
        logo_url varchar(255),
        mensagem_boas_vindas TEXT,
        nome_empresa varchar(255),
        nome_vendedor varchar(255) not null,
        slug varchar(255) not null unique,
        subscription_status varchar(255) not null check (subscription_status in ('TRIAL','ATIVA','INADIMPLENTE','SUSPENSA','CANCELADA','EXPIRADA')),
        user_email varchar(255) not null,
        whatsapp_vendedor varchar(255) not null,
        primary key (id)
    )
2026-03-04 18:46:20 [main] DEBUG [] [ ] [] org.hibernate.SQL - 
    create table webhook_events (
        received_at timestamp(6) with time zone not null,
        event_id varchar(255) not null,
        primary key (event_id)
    )
2026-03-04 18:46:20 [main] DEBUG [] [ ] [] org.hibernate.SQL - 
    create index idx_lsh_lead_id 
       on lead_status_history (lead_id)
2026-03-04 18:46:20 [main] DEBUG [] [ ] [] org.hibernate.SQL - 
    create index idx_lsh_lead_changed_at 
       on lead_status_history (lead_id, changed_at)
2026-03-04 18:46:20 [main] DEBUG [] [ ] [] org.hibernate.SQL - 
    create index idx_leads_email 
       on leads (email)
2026-03-04 18:46:20 [main] DEBUG [] [ ] [] org.hibernate.SQL - 
    create index idx_leads_user 
       on leads (user_id)
2026-03-04 18:46:20 [main] DEBUG [] [ ] [] org.hibernate.SQL - 
    create index idx_leads_user_email 
       on leads (user_id, email)
2026-03-04 18:46:20 [main] DEBUG [] [ ] [] org.hibernate.SQL - 
    create index idx_login_user_tenant 
       on login_audit (user_id, tenant_id)
2026-03-04 18:46:20 [main] DEBUG [] [ ] [] org.hibernate.SQL - 
    create index idx_login_email_tenant 
       on login_audit (email, tenant_id)
2026-03-04 18:46:20 [main] DEBUG [] [ ] [] org.hibernate.SQL - 
    create index idx_login_created 
       on login_audit (created_at)
2026-03-04 18:46:20 [main] DEBUG [] [ ] [] org.hibernate.SQL - 
    create index idx_login_success 
       on login_audit (success)
2026-03-04 18:46:20 [main] DEBUG [] [ ] [] org.hibernate.SQL - 
    create index idx_logs_user_id 
       on logs (user_id)
2026-03-04 18:46:20 [main] DEBUG [] [ ] [] org.hibernate.SQL - 
    create index idx_logs_created_at 
       on logs (created_at)
2026-03-04 18:46:20 [main] DEBUG [] [ ] [] org.hibernate.SQL - 
    create index idx_password_reset_token_hash 
       on password_reset_token (token_hash)
2026-03-04 18:46:20 [main] DEBUG [] [ ] [] org.hibernate.SQL - 
    create index idx_password_reset_token_user 
       on password_reset_token (user_id)
2026-03-04 18:46:20 [main] DEBUG [] [ ] [] org.hibernate.SQL - 
    create index idx_password_reset_token_expires 
       on password_reset_token (expires_at)
2026-03-04 18:46:20 [main] DEBUG [] [ ] [] org.hibernate.SQL - 
    create index idx_refresh_token_user 
       on refresh_tokens (user_id)
2026-03-04 18:46:20 [main] DEBUG [] [ ] [] org.hibernate.SQL - 
    create index idx_refresh_token_hash 
       on refresh_tokens (token_hash)
2026-03-04 18:46:20 [main] DEBUG [] [ ] [] org.hibernate.SQL - 
    create index idx_refresh_token_fingerprint 
       on refresh_tokens (device_fingerprint)
2026-03-04 18:46:20 [main] DEBUG [] [ ] [] org.hibernate.SQL - 
    create index idx_audit_email 
       on security_audit_logs (email)
2026-03-04 18:46:20 [main] DEBUG [] [ ] [] org.hibernate.SQL - 
    create index idx_audit_tenant 
       on security_audit_logs (tenant)
2026-03-04 18:46:20 [main] DEBUG [] [ ] [] org.hibernate.SQL - 
    create index idx_audit_created_at 
       on security_audit_logs (created_at)
2026-03-04 18:46:20 [main] DEBUG [] [ ] [] org.hibernate.SQL - 
    create index idx_settings_user 
       on settings (user_id)
2026-03-04 18:46:20 [main] DEBUG [] [ ] [] org.hibernate.SQL - 
    create index idx_session_token_tenant 
       on user_sessions (token_id, tenant_id)
2026-03-04 18:46:20 [main] DEBUG [] [ ] [] org.hibernate.SQL - 
    create index idx_session_user_tenant 
       on user_sessions (user_id, tenant_id)
2026-03-04 18:46:20 [main] DEBUG [] [ ] [] org.hibernate.SQL - 
    create index idx_session_active 
       on user_sessions (active)
2026-03-04 18:46:20 [main] DEBUG [] [ ] [] org.hibernate.SQL - 
    create index idx_session_last_access 
       on user_sessions (last_access_at)
2026-03-04 18:46:20 [main] DEBUG [] [ ] [] org.hibernate.SQL - 
    create index idx_users_email 
       on users (email)
2026-03-04 18:46:20 [main] DEBUG [] [ ] [] org.hibernate.SQL - 
    create index idx_vlm_vendor_lead_id 
       on vendor_lead_messages (vendor_lead_id)
2026-03-04 18:46:20 [main] DEBUG [] [ ] [] org.hibernate.SQL - 
    create index idx_vlm_vendor_lead_created_at 
       on vendor_lead_messages (vendor_lead_id, created_at)
2026-03-04 18:46:20 [main] DEBUG [] [ ] [] org.hibernate.SQL - 
    alter table if exists lead_status_history 
       add constraint fk_lsh_user 
       foreign key (changed_by) 
       references users
2026-03-04 18:46:20 [main] DEBUG [] [ ] [] org.hibernate.SQL - 
    alter table if exists lead_status_history 
       add constraint fk_lsh_lead 
       foreign key (lead_id) 
       references leads
2026-03-04 18:46:20 [main] DEBUG [] [ ] [] org.hibernate.SQL - 
    alter table if exists logs 
       add constraint fk_logs_user 
       foreign key (user_id) 
       references users
2026-03-04 18:46:20 [main] DEBUG [] [ ] [] org.hibernate.SQL - 
    alter table if exists password_reset_token 
       add constraint FK83nsrttkwkb6ym0anu051mtxn 
       foreign key (user_id) 
       references users
2026-03-04 18:46:20 [main] DEBUG [] [ ] [] org.hibernate.SQL - 
    alter table if exists refresh_tokens 
       add constraint fk_refresh_token_user 
       foreign key (user_id) 
       references users
2026-03-04 18:46:20 [scheduler-5] DEBUG [] [ ] [] org.hibernate.SQL - 
    select
        ee1_0.id,
        ee1_0.attempt_count,
        ee1_0.email,
        ee1_0.event_type,
        ee1_0.html_content,
        ee1_0.max_attempts,
        ee1_0.next_retry_at,
        ee1_0.occurred_at,
        ee1_0.processed_at,
        ee1_0.reason,
        ee1_0.status,
        ee1_0.subject,
        ee1_0.updated_at 
    from
        email_events ee1_0 
    where
        ee1_0.status=? 
        and ee1_0.next_retry_at<=? 
    order by
        ee1_0.occurred_at 
    fetch
        first ? rows only
2026-03-04 18:46:20 [scheduler-5] TRACE [] [ ] [] org.hibernate.orm.jdbc.bind - binding parameter (1:VARCHAR) <- [PENDING]
2026-03-04 18:46:20 [scheduler-5] TRACE [] [ ] [] org.hibernate.orm.jdbc.bind - binding parameter (2:TIMESTAMP_UTC) <- [2026-03-04T21:46:20.398038100Z]
2026-03-04 18:46:20 [scheduler-5] TRACE [] [ ] [] org.hibernate.orm.jdbc.bind - binding parameter (3:INTEGER) <- [50]
2026-03-04 18:46:20 [main] DEBUG [] [ ] [] org.hibernate.SQL - 
    alter table if exists settings 
       add constraint fk_settings_user 
       foreign key (user_id) 
       references users
2026-03-04 18:46:20 [main] DEBUG [] [ ] [] org.hibernate.SQL - 
    alter table if exists users 
       add constraint fk_users_role 
       foreign key (role_id) 
       references public.roles
2026-03-04 18:46:20 [main] WARN  [] [ ] [] org.hibernate.orm.deprecation - HHH90000025: PostgreSQLDialect does not need to be specified explicitly using 'hibernate.dialect' (remove the property setting and it will be selected by default)
2026-03-04 18:46:20 [main] DEBUG [] [ ] [] org.hibernate.SQL - 
    set client_min_messages = WARNING
2026-03-04 18:46:20 [main] DEBUG [] [ ] [] org.hibernate.SQL - 
    drop table if exists public.roles cascade
2026-03-04 18:46:20 [main] DEBUG [] [ ] [] org.hibernate.SQL - 
    drop table if exists public.tenants cascade
2026-03-04 18:46:20 [main] DEBUG [] [ ] [] org.hibernate.SQL - 
    alter table if exists lead_status_history 
       drop constraint if exists fk_lsh_user
2026-03-04 18:46:20 [main] DEBUG [] [ ] [] org.hibernate.SQL - 
    alter table if exists lead_status_history 
       drop constraint if exists fk_lsh_lead
2026-03-04 18:46:20 [main] DEBUG [] [ ] [] org.hibernate.SQL - 
    alter table if exists logs 
       drop constraint if exists fk_logs_user
2026-03-04 18:46:20 [main] DEBUG [] [ ] [] org.hibernate.SQL - 
    alter table if exists password_reset_token 
       drop constraint if exists FK83nsrttkwkb6ym0anu051mtxn
2026-03-04 18:46:20 [main] DEBUG [] [ ] [] org.hibernate.SQL - 
    alter table if exists refresh_tokens 
       drop constraint if exists fk_refresh_token_user
2026-03-04 18:46:20 [main] DEBUG [] [ ] [] org.hibernate.SQL - 
    alter table if exists settings 
       drop constraint if exists fk_settings_user
2026-03-04 18:46:20 [main] DEBUG [] [ ] [] org.hibernate.SQL - 
    alter table if exists users 
       drop constraint if exists fk_users_role
2026-03-04 18:46:20 [main] DEBUG [] [ ] [] org.hibernate.SQL - 
    drop table if exists email_events cascade
2026-03-04 18:46:20 [main] DEBUG [] [ ] [] org.hibernate.SQL - 
    drop table if exists lead_status_history cascade
2026-03-04 18:46:20 [main] DEBUG [] [ ] [] org.hibernate.SQL - 
    drop table if exists leads cascade
2026-03-04 18:46:20 [main] DEBUG [] [ ] [] org.hibernate.SQL - 
    drop table if exists login_audit cascade
2026-03-04 18:46:20 [main] DEBUG [] [ ] [] org.hibernate.SQL - 
    drop table if exists logs cascade
2026-03-04 18:46:20 [main] DEBUG [] [ ] [] org.hibernate.SQL - 
    drop table if exists password_reset_token cascade
2026-03-04 18:46:20 [main] DEBUG [] [ ] [] org.hibernate.SQL - 
    drop table if exists refresh_tokens cascade
2026-03-04 18:46:20 [main] DEBUG [] [ ] [] org.hibernate.SQL - 
    drop table if exists security_audit_logs cascade
2026-03-04 18:46:20 [main] DEBUG [] [ ] [] org.hibernate.SQL - 
    drop table if exists settings cascade
2026-03-04 18:46:20 [main] DEBUG [] [ ] [] org.hibernate.SQL - 
    drop table if exists subscription_history cascade
2026-03-04 18:46:20 [main] DEBUG [] [ ] [] org.hibernate.SQL - 
    drop table if exists user_sessions cascade
2026-03-04 18:46:20 [main] DEBUG [] [ ] [] org.hibernate.SQL - 
    drop table if exists users cascade
2026-03-04 18:46:20 [main] DEBUG [] [ ] [] org.hibernate.SQL - 
    drop table if exists vendor_audit_logs cascade
2026-03-04 18:46:20 [main] DEBUG [] [ ] [] org.hibernate.SQL - 
    drop table if exists vendor_features cascade
2026-03-04 18:46:20 [main] DEBUG [] [ ] [] org.hibernate.SQL - 
    drop table if exists vendor_lead_alerts cascade
2026-03-04 18:46:20 [main] DEBUG [] [ ] [] org.hibernate.SQL - 
    drop table if exists vendor_lead_conversations cascade
2026-03-04 18:46:20 [main] DEBUG [] [ ] [] org.hibernate.SQL - 
    drop table if exists vendor_lead_messages cascade
2026-03-04 18:46:20 [main] DEBUG [] [ ] [] org.hibernate.SQL - 
    drop table if exists vendor_lead_stage_history cascade
2026-03-04 18:46:20 [main] DEBUG [] [ ] [] org.hibernate.SQL - 
    drop table if exists vendor_leads cascade
2026-03-04 18:46:20 [main] DEBUG [] [ ] [] org.hibernate.SQL - 
    drop table if exists vendor_risk_alerts cascade
2026-03-04 18:46:20 [main] DEBUG [] [ ] [] org.hibernate.SQL - 
    drop table if exists vendor_usage cascade
2026-03-04 18:46:20 [main] DEBUG [] [ ] [] org.hibernate.SQL - 
    drop table if exists vendors cascade
2026-03-04 18:46:20 [main] DEBUG [] [ ] [] org.hibernate.SQL - 
    drop table if exists webhook_events cascade
2026-03-04 18:46:20 [main] DEBUG [] [ ] [] org.hibernate.SQL - 
    create table public.roles (
        created_at timestamp(6) not null,
        updated_at timestamp(6) not null,
        id uuid not null,
        name varchar(50) not null,
        primary key (id),
        constraint uk_roles_name unique (name)
    )
2026-03-04 18:46:20 [main] DEBUG [] [ ] [] org.hibernate.SQL - 
    create table public.tenants (
        created_at timestamp(6) not null,
        deleted_at timestamp(6),
        updated_at timestamp(6) not null,
        id uuid not null,
        schema_name varchar(50) not null,
        name varchar(100) not null,
        primary key (id),
        constraint uk_tenants_schema_name unique (schema_name)
    )
2026-03-04 18:46:20 [main] DEBUG [] [ ] [] org.hibernate.SQL - 
    create index idx_tenants_schema_name 
       on public.tenants (schema_name)
2026-03-04 18:46:20 [main] DEBUG [] [ ] [] org.hibernate.SQL - 
    create table email_events (
        attempt_count integer not null,
        max_attempts integer not null,
        next_retry_at timestamp(6) with time zone,
        occurred_at timestamp(6) with time zone not null,
        processed_at timestamp(6) with time zone,
        updated_at timestamp(6) with time zone not null,
        id uuid not null,
        email varchar(255) not null,
        event_type varchar(255) not null,
        html_content TEXT,
        reason varchar(255),
        status varchar(255) not null,
        subject varchar(255),
        primary key (id)
    )
2026-03-04 18:46:20 [main] DEBUG [] [ ] [] org.hibernate.SQL - 
    create table lead_status_history (
        changed_at timestamp(6) not null,
        changed_by uuid,
        id uuid not null,
        lead_id uuid not null,
        status varchar(30) not null check (status in ('NEW','CONTACTED','QUALIFIED','CLOSED')),
        primary key (id)
    )
2026-03-04 18:46:20 [main] DEBUG [] [ ] [] org.hibernate.SQL - 
    create table leads (
        created_at timestamp(6) not null,
        deleted_at timestamp(6),
        updated_at timestamp(6) not null,
        id uuid not null,
        user_id uuid not null,
        phone varchar(20),
        status varchar(30) not null check (status in ('NEW','CONTACTED','QUALIFIED','CLOSED')),
        email varchar(150) not null,
        name varchar(150) not null,
        primary key (id),
        constraint uk_leads_email_user unique (email, user_id)
    )
2026-03-04 18:46:20 [main] DEBUG [] [ ] [] org.hibernate.SQL - 
    create table login_audit (
        success boolean not null,
        suspicious boolean not null,
        created_at timestamp(6) with time zone not null,
        id uuid not null,
        tenant_id uuid not null,
        user_id uuid,
        ip_address varchar(45),
        email varchar(320) not null,
        user_agent varchar(512),
        failure_reason varchar(255),
        primary key (id)
    )
2026-03-04 18:46:20 [main] DEBUG [] [ ] [] org.hibernate.SQL - 
    create table logs (
        created_at timestamp(6) not null,
        id uuid not null,
        user_id uuid,
        action TEXT not null,
        primary key (id)
    )
2026-03-04 18:46:20 [main] DEBUG [] [ ] [] org.hibernate.SQL - 
    create table password_reset_token (
        used boolean not null,
        created_at timestamp(6) not null,
        expires_at timestamp(6) not null,
        id uuid not null,
        user_id uuid not null,
        token_hash varchar(255) not null unique,
        primary key (id)
    )
2026-03-04 18:46:20 [main] DEBUG [] [ ] [] org.hibernate.SQL - 
    create table refresh_tokens (
        revoked boolean not null,
        created_at timestamp(6) not null,
        expires_at timestamp(6) not null,
        id uuid not null,
        user_id uuid not null,
        device_fingerprint varchar(255) not null,
        token_hash varchar(255) not null,
        primary key (id),
        constraint uq_refresh_token_hash unique (token_hash)
    )
2026-03-04 18:46:20 [main] DEBUG [] [ ] [] org.hibernate.SQL - 
    create table security_audit_logs (
        success boolean not null,
        created_at timestamp(6) not null,
        id uuid not null,
        action varchar(50) not null check (action in ('LOGIN_SUCCESS','LOGIN_FAILED','ACCOUNT_LOCKED','PASSWORD_RESET_REQUESTED','PASSWORD_RESET_SUCCESS','USER_REGISTERED')),
        correlation_id varchar(100),
        ip_address varchar(100),
        tenant varchar(100) not null,
        email varchar(150) not null,
        user_agent varchar(255),
        primary key (id)
    )
2026-03-04 18:46:20 [main] DEBUG [] [ ] [] org.hibernate.SQL - 
    create table settings (
        created_at timestamp(6) not null,
        deleted_at timestamp(6),
        updated_at timestamp(6) not null,
        whatsapp varchar(15) not null,
        id uuid not null,
        user_id uuid not null,
        company_name varchar(100),
        vendor_name varchar(100) not null,
        logo TEXT,
        welcome_message TEXT,
        primary key (id)
    )
2026-03-04 18:46:20 [main] DEBUG [] [ ] [] org.hibernate.SQL - 
    create table subscription_history (
        changed_at timestamp(6) with time zone not null,
        id uuid not null,
        vendor_id uuid not null,
        external_event_id varchar(255),
        new_status varchar(255) not null check (new_status in ('TRIAL','ATIVA','INADIMPLENTE','SUSPENSA','CANCELADA','EXPIRADA')),
        previous_status varchar(255) not null check (previous_status in ('TRIAL','ATIVA','INADIMPLENTE','SUSPENSA','CANCELADA','EXPIRADA')),
        reason varchar(255),
        primary key (id)
    )
2026-03-04 18:46:20 [main] DEBUG [] [ ] [] org.hibernate.SQL - 
    create table user_sessions (
        active boolean not null,
        suspicious boolean not null,
        created_at timestamp(6) with time zone not null,
        last_access_at timestamp(6) with time zone,
        revoked_at timestamp(6) with time zone,
        id uuid not null,
        tenant_id uuid not null,
        user_id uuid not null,
        token_id varchar(36) not null unique,
        initial_ip_address varchar(45),
        ip_address varchar(45),
        initial_user_agent varchar(512),
        user_agent varchar(512),
        primary key (id)
    )
2026-03-04 18:46:20 [main] DEBUG [] [ ] [] org.hibernate.SQL - 
    create table users (
        failed_attempts integer not null,
        created_at timestamp(6) not null,
        credentials_updated_at timestamp(6),
        deleted_at timestamp(6),
        lock_until timestamp(6),
        updated_at timestamp(6) not null,
        id uuid not null,
        role_id uuid not null,
        email varchar(150) not null,
        name varchar(150) not null,
        password varchar(255) not null,
        primary key (id),
        constraint uq_users_email unique (email)
    )
2026-03-04 18:46:20 [main] DEBUG [] [ ] [] org.hibernate.SQL - 
    create table vendor_audit_logs (
        created_at timestamp(6) with time zone not null,
        entidade_id uuid not null,
        id uuid not null,
        vendor_id uuid not null,
        acao varchar(255) not null,
        detalhes TEXT,
        entity_type varchar(255) not null,
        user_email varchar(255) not null,
        primary key (id)
    )
2026-03-04 18:46:20 [main] DEBUG [] [ ] [] org.hibernate.SQL - 
    create table vendor_features (
        enabled boolean not null,
        created_at timestamp(6) with time zone not null,
        updated_at timestamp(6) with time zone not null,
        id uuid not null,
        vendor_id uuid not null,
        feature_key varchar(255) not null check (feature_key in ('AI_CHAT')),
        primary key (id)
    )
2026-03-04 18:46:20 [main] DEBUG [] [ ] [] org.hibernate.SQL - 
    create table vendor_lead_alerts (
        resolvido boolean not null,
        created_at timestamp(6) with time zone not null,
        id uuid not null,
        vendor_lead_id uuid not null,
        mensagem TEXT not null,
        tipo varchar(255) not null,
        primary key (id)
    )
2026-03-04 18:46:20 [main] DEBUG [] [ ] [] org.hibernate.SQL - 
    create table vendor_lead_conversations (
        created_at timestamp(6) with time zone not null,
        id uuid not null,
        vendor_lead_id uuid not null,
        content TEXT not null,
        role varchar(255) not null,
        primary key (id)
    )
2026-03-04 18:46:20 [main] DEBUG [] [ ] [] org.hibernate.SQL - 
    create table vendor_lead_messages (
        created_at timestamp(6) with time zone not null,
        id uuid not null,
        vendor_lead_id uuid not null,
        role varchar(20) not null check (role in ('USER','AI')),
        message TEXT not null,
        primary key (id)
    )
2026-03-04 18:46:20 [main] DEBUG [] [ ] [] org.hibernate.SQL - 
    create table vendor_lead_stage_history (
        changed_at timestamp(6) with time zone not null,
        id uuid not null,
        vendor_lead_id uuid not null,
        new_stage varchar(255) not null,
        previous_stage varchar(255) not null,
        primary key (id)
    )
2026-03-04 18:46:20 [main] DEBUG [] [ ] [] org.hibernate.SQL - 
    create table vendor_leads (
        score integer not null,
        created_date timestamp(6) with time zone not null,
        id uuid not null,
        vendor_id uuid not null,
        nome_completo varchar(255) not null,
        owner_email varchar(255),
        resumo_estrategico TEXT,
        stage varchar(255) not null check (stage in ('NOVO','CONTATO','PROPOSTA','FECHADO','PERDIDO')),
        status varchar(255) not null,
        tipo_consorcio varchar(255),
        urgencia varchar(255),
        valor_credito varchar(255),
        whatsapp varchar(255) not null,
        primary key (id)
    )
2026-03-04 18:46:20 [main] DEBUG [] [ ] [] org.hibernate.SQL - 
    create table vendor_risk_alerts (
        resolved boolean not null,
        score integer not null,
        created_at timestamp(6) with time zone not null,
        id uuid not null,
        vendor_id uuid not null,
        risk_level varchar(255) not null,
        primary key (id)
    )
2026-03-04 18:46:20 [main] DEBUG [] [ ] [] org.hibernate.SQL - 
    create table vendor_usage (
        alert100sent boolean not null,
        alert80sent boolean not null,
        used integer not null,
        period_end timestamp(6) with time zone not null,
        period_start timestamp(6) with time zone not null,
        id uuid not null,
        vendor_id uuid not null,
        quota_type varchar(255) not null check (quota_type in ('ACTIVE_LEADS','AI_EXECUTIONS')),
        primary key (id)
    )
2026-03-04 18:46:20 [scheduler-1] DEBUG [] [ ] [] org.hibernate.SQL - 
    select
        ee1_0.id,
        ee1_0.attempt_count,
        ee1_0.email,
        ee1_0.event_type,
        ee1_0.html_content,
        ee1_0.max_attempts,
        ee1_0.next_retry_at,
        ee1_0.occurred_at,
        ee1_0.processed_at,
        ee1_0.reason,
        ee1_0.status,
        ee1_0.subject,
        ee1_0.updated_at 
    from
        email_events ee1_0 
    where
        ee1_0.status=? 
        and ee1_0.next_retry_at<=? 
    order by
        ee1_0.occurred_at 
    fetch
        first ? rows only
2026-03-04 18:46:20 [scheduler-1] TRACE [] [ ] [] org.hibernate.orm.jdbc.bind - binding parameter (1:VARCHAR) <- [PENDING]
2026-03-04 18:46:20 [scheduler-1] TRACE [] [ ] [] org.hibernate.orm.jdbc.bind - binding parameter (2:TIMESTAMP_UTC) <- [2026-03-04T21:46:20.705250100Z]
2026-03-04 18:46:20 [scheduler-1] TRACE [] [ ] [] org.hibernate.orm.jdbc.bind - binding parameter (3:INTEGER) <- [50]
2026-03-04 18:46:20 [main] DEBUG [] [ ] [] org.hibernate.SQL - 
    create table vendors (
        email_invalid boolean not null,
        created_at timestamp(6) with time zone not null,
        last_payment_at timestamp(6) with time zone,
        next_billing_at timestamp(6) with time zone,
        subscription_expires_at timestamp(6) with time zone,
        subscription_started_at timestamp(6) with time zone,
        updated_at timestamp(6) with time zone,
        id uuid not null,
        cor_destaque varchar(255) not null,
        external_customer_id varchar(255),
        external_subscription_id varchar(255),
        logo_url varchar(255),
        mensagem_boas_vindas TEXT,
        nome_empresa varchar(255),
        nome_vendedor varchar(255) not null,
        slug varchar(255) not null unique,
        subscription_status varchar(255) not null check (subscription_status in ('TRIAL','ATIVA','INADIMPLENTE','SUSPENSA','CANCELADA','EXPIRADA')),
        user_email varchar(255) not null,
        whatsapp_vendedor varchar(255) not null,
        primary key (id)
    )
2026-03-04 18:46:20 [main] DEBUG [] [ ] [] org.hibernate.SQL - 
    create table webhook_events (
        received_at timestamp(6) with time zone not null,
        event_id varchar(255) not null,
        primary key (event_id)
    )
2026-03-04 18:46:20 [main] DEBUG [] [ ] [] org.hibernate.SQL - 
    create index idx_lsh_lead_id 
       on lead_status_history (lead_id)
2026-03-04 18:46:20 [main] DEBUG [] [ ] [] org.hibernate.SQL - 
    create index idx_lsh_lead_changed_at 
       on lead_status_history (lead_id, changed_at)
2026-03-04 18:46:20 [main] DEBUG [] [ ] [] org.hibernate.SQL - 
    create index idx_leads_email 
       on leads (email)
2026-03-04 18:46:20 [main] DEBUG [] [ ] [] org.hibernate.SQL - 
    create index idx_leads_user 
       on leads (user_id)
2026-03-04 18:46:20 [main] DEBUG [] [ ] [] org.hibernate.SQL - 
    create index idx_leads_user_email 
       on leads (user_id, email)
2026-03-04 18:46:20 [main] DEBUG [] [ ] [] org.hibernate.SQL - 
    create index idx_login_user_tenant 
       on login_audit (user_id, tenant_id)
2026-03-04 18:46:20 [main] DEBUG [] [ ] [] org.hibernate.SQL - 
    create index idx_login_email_tenant 
       on login_audit (email, tenant_id)
2026-03-04 18:46:20 [main] DEBUG [] [ ] [] org.hibernate.SQL - 
    create index idx_login_created 
       on login_audit (created_at)
2026-03-04 18:46:20 [main] DEBUG [] [ ] [] org.hibernate.SQL - 
    create index idx_login_success 
       on login_audit (success)
2026-03-04 18:46:20 [main] DEBUG [] [ ] [] org.hibernate.SQL - 
    create index idx_logs_user_id 
       on logs (user_id)
2026-03-04 18:46:20 [main] DEBUG [] [ ] [] org.hibernate.SQL - 
    create index idx_logs_created_at 
       on logs (created_at)
2026-03-04 18:46:20 [main] DEBUG [] [ ] [] org.hibernate.SQL - 
    create index idx_password_reset_token_hash 
       on password_reset_token (token_hash)
2026-03-04 18:46:20 [main] DEBUG [] [ ] [] org.hibernate.SQL - 
    create index idx_password_reset_token_user 
       on password_reset_token (user_id)
2026-03-04 18:46:20 [main] DEBUG [] [ ] [] org.hibernate.SQL - 
    create index idx_password_reset_token_expires 
       on password_reset_token (expires_at)
2026-03-04 18:46:20 [main] DEBUG [] [ ] [] org.hibernate.SQL - 
    create index idx_refresh_token_user 
       on refresh_tokens (user_id)
2026-03-04 18:46:20 [main] DEBUG [] [ ] [] org.hibernate.SQL - 
    create index idx_refresh_token_hash 
       on refresh_tokens (token_hash)
2026-03-04 18:46:20 [main] DEBUG [] [ ] [] org.hibernate.SQL - 
    create index idx_refresh_token_fingerprint 
       on refresh_tokens (device_fingerprint)
2026-03-04 18:46:20 [main] DEBUG [] [ ] [] org.hibernate.SQL - 
    create index idx_audit_email 
       on security_audit_logs (email)
2026-03-04 18:46:20 [main] DEBUG [] [ ] [] org.hibernate.SQL - 
    create index idx_audit_tenant 
       on security_audit_logs (tenant)
2026-03-04 18:46:20 [main] DEBUG [] [ ] [] org.hibernate.SQL - 
    create index idx_audit_created_at 
       on security_audit_logs (created_at)
2026-03-04 18:46:20 [main] DEBUG [] [ ] [] org.hibernate.SQL - 
    create index idx_settings_user 
       on settings (user_id)
2026-03-04 18:46:20 [main] DEBUG [] [ ] [] org.hibernate.SQL - 
    create index idx_session_token_tenant 
       on user_sessions (token_id, tenant_id)
2026-03-04 18:46:20 [main] DEBUG [] [ ] [] org.hibernate.SQL - 
    create index idx_session_user_tenant 
       on user_sessions (user_id, tenant_id)
2026-03-04 18:46:20 [main] DEBUG [] [ ] [] org.hibernate.SQL - 
    create index idx_session_active 
       on user_sessions (active)
2026-03-04 18:46:20 [main] DEBUG [] [ ] [] org.hibernate.SQL - 
    create index idx_session_last_access 
       on user_sessions (last_access_at)
2026-03-04 18:46:20 [main] DEBUG [] [ ] [] org.hibernate.SQL - 
    create index idx_users_email 
       on users (email)
2026-03-04 18:46:20 [main] DEBUG [] [ ] [] org.hibernate.SQL - 
    create index idx_vlm_vendor_lead_id 
       on vendor_lead_messages (vendor_lead_id)
2026-03-04 18:46:20 [main] DEBUG [] [ ] [] org.hibernate.SQL - 
    create index idx_vlm_vendor_lead_created_at 
       on vendor_lead_messages (vendor_lead_id, created_at)
2026-03-04 18:46:20 [main] DEBUG [] [ ] [] org.hibernate.SQL - 
    alter table if exists lead_status_history 
       add constraint fk_lsh_user 
       foreign key (changed_by) 
       references users
2026-03-04 18:46:20 [main] DEBUG [] [ ] [] org.hibernate.SQL - 
    alter table if exists lead_status_history 
       add constraint fk_lsh_lead 
       foreign key (lead_id) 
       references leads
2026-03-04 18:46:20 [main] DEBUG [] [ ] [] org.hibernate.SQL - 
    alter table if exists logs 
       add constraint fk_logs_user 
       foreign key (user_id) 
       references users
2026-03-04 18:46:20 [main] DEBUG [] [ ] [] org.hibernate.SQL - 
    alter table if exists password_reset_token 
       add constraint FK83nsrttkwkb6ym0anu051mtxn 
       foreign key (user_id) 
       references users
2026-03-04 18:46:20 [main] DEBUG [] [ ] [] org.hibernate.SQL - 
    alter table if exists refresh_tokens 
       add constraint fk_refresh_token_user 
       foreign key (user_id) 
       references users
2026-03-04 18:46:20 [main] DEBUG [] [ ] [] org.hibernate.SQL - 
    alter table if exists settings 
       add constraint fk_settings_user 
       foreign key (user_id) 
       references users
2026-03-04 18:46:20 [main] DEBUG [] [ ] [] org.hibernate.SQL - 
    alter table if exists users 
       add constraint fk_users_role 
       foreign key (role_id) 
       references public.roles
2026-03-04 18:46:20 [main] WARN  [] [ ] [] org.hibernate.orm.deprecation - HHH90000025: PostgreSQLDialect does not need to be specified explicitly using 'hibernate.dialect' (remove the property setting and it will be selected by default)
2026-03-04 18:46:20 [main] DEBUG [] [ ] [] c.l.backend.security.jwt.JwtService - JWT Secret successfully loaded: 0123456789abcdef0123456789abcdef0123456789abcdef
2026-03-04 18:46:20 [main] DEBUG [] [ ] [] c.l.backend.security.jwt.JwtService - JWT Expiration time: 3600000 ms
2026-03-04 18:46:20 [main] DEBUG [] [ ] [] c.l.backend.security.jwt.JwtService - JWT Issuer: leadflow
2026-03-04 18:46:21 [main] DEBUG [] [ ] [] c.l.b.i.logging.CorrelationIdFilter - Filter 'correlationIdFilter' configured for use
2026-03-04 18:46:21 [main] DEBUG [] [ ] [] c.l.b.m.filter.TenantFilter - Filter 'tenantFilter' configured for use
2026-03-04 18:46:21 [main] DEBUG [] [ ] [] c.l.backend.security.RateLimitFilter - Filter 'rateLimitFilter' configured for use
2026-03-04 18:46:21 [main] DEBUG [] [ ] [] c.l.b.s.jwt.JwtAuthenticationFilter - Filter 'jwtAuthenticationFilter' configured for use
2026-03-04 18:46:21 [main] INFO  [] [ ] [] c.l.b.m.TenantFilterIntegrationTest - Started TenantFilterIntegrationTest in 1.834 seconds (process running for 74.723)
2026-03-04 18:46:21 [scheduler-5] DEBUG [] [ ] [] org.hibernate.SQL - 
    select
        ee1_0.id,
        ee1_0.attempt_count,
        ee1_0.email,
        ee1_0.event_type,
        ee1_0.html_content,
        ee1_0.max_attempts,
        ee1_0.next_retry_at,
        ee1_0.occurred_at,
        ee1_0.processed_at,
        ee1_0.reason,
        ee1_0.status,
        ee1_0.subject,
        ee1_0.updated_at 
    from
        email_events ee1_0 
    where
        ee1_0.status=? 
        and ee1_0.next_retry_at<=? 
    order by
        ee1_0.occurred_at 
    fetch
        first ? rows only
2026-03-04 18:46:21 [scheduler-5] TRACE [] [ ] [] org.hibernate.orm.jdbc.bind - binding parameter (1:VARCHAR) <- [PENDING]
2026-03-04 18:46:21 [scheduler-5] TRACE [] [ ] [] org.hibernate.orm.jdbc.bind - binding parameter (2:TIMESTAMP_UTC) <- [2026-03-04T21:46:21.330665Z]
2026-03-04 18:46:21 [scheduler-5] TRACE [] [ ] [] org.hibernate.orm.jdbc.bind - binding parameter (3:INTEGER) <- [50]
2026-03-04 18:46:21 [main] DEBUG [] [ ] [] org.hibernate.SQL - 
    select
        t1_0.id 
    from
        public.tenants t1_0 
    where
        upper(t1_0.schema_name)=upper(?) 
        and t1_0.deleted_at is null 
    fetch
        first ? rows only
2026-03-04 18:46:21 [main] TRACE [] [ ] [] org.hibernate.orm.jdbc.bind - binding parameter (1:VARCHAR) <- [tenant_a]
2026-03-04 18:46:21 [main] TRACE [] [ ] [] org.hibernate.orm.jdbc.bind - binding parameter (2:INTEGER) <- [1]
2026-03-04 18:46:21 [main] DEBUG [] [ ] [] c.l.b.m.s.TenantProvisioningService - Schema created: tenant_a
2026-03-04 18:46:21 [main] DEBUG [] [ ] [] c.l.b.m.s.TenantProvisioningService - Migrations executed for schema: tenant_a
2026-03-04 18:46:21 [main] DEBUG [] [ ] [] org.hibernate.SQL - 
    insert 
    into
        public.tenants
        (created_at, deleted_at, name, schema_name, updated_at, id) 
    values
        (?, ?, ?, ?, ?, ?)
2026-03-04 18:46:21 [main] TRACE [] [ ] [] org.hibernate.orm.jdbc.bind - binding parameter (1:TIMESTAMP) <- [2026-03-04T18:46:21.403862]
2026-03-04 18:46:21 [main] TRACE [] [ ] [] org.hibernate.orm.jdbc.bind - binding parameter (2:TIMESTAMP) <- [null]
2026-03-04 18:46:21 [main] TRACE [] [ ] [] org.hibernate.orm.jdbc.bind - binding parameter (3:VARCHAR) <- [Tenant A]
2026-03-04 18:46:21 [main] TRACE [] [ ] [] org.hibernate.orm.jdbc.bind - binding parameter (4:VARCHAR) <- [tenant_a]
2026-03-04 18:46:21 [main] TRACE [] [ ] [] org.hibernate.orm.jdbc.bind - binding parameter (5:TIMESTAMP) <- [2026-03-04T18:46:21.403862]
2026-03-04 18:46:21 [main] TRACE [] [ ] [] org.hibernate.orm.jdbc.bind - binding parameter (6:UUID) <- [d339ebde-2967-48ad-ae3f-afd004d7af78]
2026-03-04 18:46:21 [main] DEBUG [] [ ] [] c.l.b.m.s.TenantProvisioningService - Tenant registered in public schema: tenant_a
2026-03-04 18:46:21 [main] INFO  [] [ ] [] c.l.b.m.s.TenantProvisioningService - Tenant successfully provisioned: tenant_a
2026-03-04 18:46:21 [main] DEBUG [] [ ] [] org.hibernate.SQL - 
    select
        t1_0.id,
        t1_0.created_at,
        t1_0.deleted_at,
        t1_0.name,
        t1_0.schema_name,
        t1_0.updated_at 
    from
        public.tenants t1_0 
    where
        upper(t1_0.name)=upper(?) 
        and t1_0.deleted_at is null
2026-03-04 18:46:21 [main] TRACE [] [ ] [] org.hibernate.orm.jdbc.bind - binding parameter (1:VARCHAR) <- [Tenant A]
2026-03-04 18:46:21 [main] DEBUG [09e974d7-b1dd-4372-a94f-d20467d027ec] [GET /api/test] [127.0.0.1] c.l.b.m.context.TenantContext - Tenant set to: tenant_a
2026-03-04 18:46:21 [main] DEBUG [09e974d7-b1dd-4372-a94f-d20467d027ec] [GET /api/test] [127.0.0.1] c.l.b.m.filter.TenantFilter - Tenant resolved to schema: tenant_a
2026-03-04 18:46:21 [scheduler-5] DEBUG [] [ ] [] org.hibernate.SQL - 
    select
        ee1_0.id,
        ee1_0.attempt_count,
        ee1_0.email,
        ee1_0.event_type,
        ee1_0.html_content,
        ee1_0.max_attempts,
        ee1_0.next_retry_at,
        ee1_0.occurred_at,
        ee1_0.processed_at,
        ee1_0.reason,
        ee1_0.status,
        ee1_0.subject,
        ee1_0.updated_at 
    from
        email_events ee1_0 
    where
        ee1_0.status=? 
        and ee1_0.next_retry_at<=? 
    order by
        ee1_0.occurred_at 
    fetch
        first ? rows only
2026-03-04 18:46:21 [scheduler-5] TRACE [] [ ] [] org.hibernate.orm.jdbc.bind - binding parameter (1:VARCHAR) <- [PENDING]
2026-03-04 18:46:21 [scheduler-5] TRACE [] [ ] [] org.hibernate.orm.jdbc.bind - binding parameter (2:TIMESTAMP_UTC) <- [2026-03-04T21:46:21.419041300Z]
2026-03-04 18:46:21 [scheduler-5] TRACE [] [ ] [] org.hibernate.orm.jdbc.bind - binding parameter (3:INTEGER) <- [50]
2026-03-04 18:46:21 [main] DEBUG [09e974d7-b1dd-4372-a94f-d20467d027ec] [GET /api/test] [127.0.0.1] c.l.b.m.context.TenantContext - Tenant context cleared.
2026-03-04 18:46:21 [main] DEBUG [] [ ] [] c.l.b.m.context.TenantContext - Tenant context cleared.
[INFO] Tests run: 1, Failures: 0, Errors: 0, Skipped: 0, Time elapsed: 1.987 s -- in com.leadflow.backend.multitenancy.TenantFilterIntegrationTest
[INFO] Running com.leadflow.backend.multitenancy.TenantIsolationTest
2026-03-04 18:46:21 [main] DEBUG [] [ ] [] c.l.b.m.context.TenantContext - Tenant context cleared.
2026-03-04 18:46:21 [main] DEBUG [] [ ] [] org.hibernate.SQL - 
    select
        t1_0.id 
    from
        public.tenants t1_0 
    where
        upper(t1_0.schema_name)=upper(?) 
        and t1_0.deleted_at is null 
    fetch
        first ? rows only
2026-03-04 18:46:21 [main] TRACE [] [ ] [] org.hibernate.orm.jdbc.bind - binding parameter (1:VARCHAR) <- [tenant_a]
2026-03-04 18:46:21 [main] TRACE [] [ ] [] org.hibernate.orm.jdbc.bind - binding parameter (2:INTEGER) <- [1]
2026-03-04 18:46:21 [main] INFO  [] [ ] [] c.l.b.m.s.TenantProvisioningService - Tenant already provisioned: tenant_a
2026-03-04 18:46:21 [main] DEBUG [] [ ] [] org.hibernate.SQL - 
    select
        t1_0.id,
        t1_0.created_at,
        t1_0.deleted_at,
        t1_0.name,
        t1_0.schema_name,
        t1_0.updated_at 
    from
        public.tenants t1_0 
    where
        upper(t1_0.name)=upper(?) 
        and t1_0.deleted_at is null
2026-03-04 18:46:21 [main] TRACE [] [ ] [] org.hibernate.orm.jdbc.bind - binding parameter (1:VARCHAR) <- [Tenant A]
2026-03-04 18:46:21 [main] DEBUG [] [ ] [] org.hibernate.SQL - 
    select
        t1_0.id 
    from
        public.tenants t1_0 
    where
        upper(t1_0.schema_name)=upper(?) 
        and t1_0.deleted_at is null 
    fetch
        first ? rows only
2026-03-04 18:46:21 [main] TRACE [] [ ] [] org.hibernate.orm.jdbc.bind - binding parameter (1:VARCHAR) <- [tenant_b]
2026-03-04 18:46:21 [main] TRACE [] [ ] [] org.hibernate.orm.jdbc.bind - binding parameter (2:INTEGER) <- [1]
2026-03-04 18:46:21 [main] DEBUG [] [ ] [] c.l.b.m.s.TenantProvisioningService - Schema created: tenant_b
2026-03-04 18:46:21 [main] WARN  [] [ ] [] o.f.c.i.s.DefaultSqlScriptExecutor - DB: column "device_fingerprint" of relation "refresh_tokens" already exists, skipping (SQL State: 42701 - Error Code: 0)
2026-03-04 18:46:21 [main] DEBUG [] [ ] [] c.l.b.m.s.TenantProvisioningService - Migrations executed for schema: tenant_b
2026-03-04 18:46:21 [main] DEBUG [] [ ] [] org.hibernate.SQL - 
    insert 
    into
        public.tenants
        (created_at, deleted_at, name, schema_name, updated_at, id) 
    values
        (?, ?, ?, ?, ?, ?)
2026-03-04 18:46:21 [main] TRACE [] [ ] [] org.hibernate.orm.jdbc.bind - binding parameter (1:TIMESTAMP) <- [2026-03-04T18:46:21.646083]
2026-03-04 18:46:21 [main] TRACE [] [ ] [] org.hibernate.orm.jdbc.bind - binding parameter (2:TIMESTAMP) <- [null]
2026-03-04 18:46:21 [main] TRACE [] [ ] [] org.hibernate.orm.jdbc.bind - binding parameter (3:VARCHAR) <- [Tenant B]
2026-03-04 18:46:21 [main] TRACE [] [ ] [] org.hibernate.orm.jdbc.bind - binding parameter (4:VARCHAR) <- [tenant_b]
2026-03-04 18:46:21 [main] TRACE [] [ ] [] org.hibernate.orm.jdbc.bind - binding parameter (5:TIMESTAMP) <- [2026-03-04T18:46:21.646083]
2026-03-04 18:46:21 [main] TRACE [] [ ] [] org.hibernate.orm.jdbc.bind - binding parameter (6:UUID) <- [321183a2-3cf6-49d6-9990-2cd3feeedfe5]
2026-03-04 18:46:21 [main] DEBUG [] [ ] [] c.l.b.m.s.TenantProvisioningService - Tenant registered in public schema: tenant_b
2026-03-04 18:46:21 [main] INFO  [] [ ] [] c.l.b.m.s.TenantProvisioningService - Tenant successfully provisioned: tenant_b
2026-03-04 18:46:21 [main] DEBUG [] [ ] [] org.hibernate.SQL - 
    select
        t1_0.id,
        t1_0.created_at,
        t1_0.deleted_at,
        t1_0.name,
        t1_0.schema_name,
        t1_0.updated_at 
    from
        public.tenants t1_0 
    where
        upper(t1_0.name)=upper(?) 
        and t1_0.deleted_at is null
2026-03-04 18:46:21 [main] TRACE [] [ ] [] org.hibernate.orm.jdbc.bind - binding parameter (1:VARCHAR) <- [Tenant B]
2026-03-04 18:46:21 [main] DEBUG [] [ ] [] org.hibernate.SQL - 
    select
        r1_0.id,
        r1_0.created_at,
        r1_0.name,
        r1_0.updated_at 
    from
        public.roles r1_0 
    where
        upper(r1_0.name)=upper(?)
2026-03-04 18:46:21 [main] TRACE [] [ ] [] org.hibernate.orm.jdbc.bind - binding parameter (1:VARCHAR) <- [ROLE_USER]
2026-03-04 18:46:21 [main] DEBUG [] [ ] [] org.hibernate.SQL - 
    insert 
    into
        public.roles
        (created_at, name, updated_at, id) 
    values
        (?, ?, ?, ?)
2026-03-04 18:46:21 [main] TRACE [] [ ] [] org.hibernate.orm.jdbc.bind - binding parameter (1:TIMESTAMP) <- [2026-03-04T18:46:21.665619]
2026-03-04 18:46:21 [main] TRACE [] [ ] [] org.hibernate.orm.jdbc.bind - binding parameter (2:VARCHAR) <- [ROLE_USER]
2026-03-04 18:46:21 [main] TRACE [] [ ] [] org.hibernate.orm.jdbc.bind - binding parameter (3:TIMESTAMP) <- [2026-03-04T18:46:21.665619]
2026-03-04 18:46:21 [main] TRACE [] [ ] [] org.hibernate.orm.jdbc.bind - binding parameter (4:UUID) <- [e4f57861-8f98-49d8-9dbb-7ed4bae14b2b]
2026-03-04 18:46:21 [main] DEBUG [] [ ] [] c.l.b.m.context.TenantContext - Tenant set to: tenant_a
2026-03-04 18:46:21 [main] DEBUG [] [ ] [] org.hibernate.SQL - 
    select
        count(*) 
    from
        leads l1_0
2026-03-04 18:46:21 [main] DEBUG [] [ ] [] c.l.b.m.context.TenantContext - Tenant set to: tenant_b
2026-03-04 18:46:21 [main] DEBUG [] [ ] [] org.hibernate.SQL - 
    select
        count(*) 
    from
        leads l1_0
2026-03-04 18:46:21 [main] DEBUG [] [ ] [] c.l.b.m.context.TenantContext - Tenant context cleared.
2026-03-04 18:46:21 [main] DEBUG [] [ ] [] c.l.b.m.context.TenantContext - Tenant set to: tenant_a
2026-03-04 18:46:21 [main] DEBUG [] [ ] [] org.hibernate.SQL - 
    select
        r1_0.id,
        r1_0.created_at,
        r1_0.name,
        r1_0.updated_at 
    from
        public.roles r1_0 
    where
        upper(r1_0.name)=upper(?)
2026-03-04 18:46:21 [main] TRACE [] [ ] [] org.hibernate.orm.jdbc.bind - binding parameter (1:VARCHAR) <- [ROLE_USER]
2026-03-04 18:46:21 [main] DEBUG [] [ ] [] org.hibernate.SQL - 
    select
        null,
        r1_0.created_at,
        r1_0.name,
        r1_0.updated_at 
    from
        public.roles r1_0 
    where
        r1_0.id=?
2026-03-04 18:46:21 [main] TRACE [] [ ] [] org.hibernate.orm.jdbc.bind - binding parameter (1:UUID) <- [e4f57861-8f98-49d8-9dbb-7ed4bae14b2b]
2026-03-04 18:46:21 [main] DEBUG [] [ ] [] org.hibernate.SQL - 
    insert 
    into
        users
        (created_at, credentials_updated_at, deleted_at, email, failed_attempts, lock_until, name, password, role_id, updated_at, id) 
    values
        (?, ?, ?, ?, ?, ?, ?, ?, ?, ?, ?)
2026-03-04 18:46:21 [main] TRACE [] [ ] [] org.hibernate.orm.jdbc.bind - binding parameter (1:TIMESTAMP) <- [2026-03-04T18:46:21.694257]
2026-03-04 18:46:21 [main] TRACE [] [ ] [] org.hibernate.orm.jdbc.bind - binding parameter (2:TIMESTAMP) <- [2026-03-04T18:46:21.691128500]
2026-03-04 18:46:21 [main] TRACE [] [ ] [] org.hibernate.orm.jdbc.bind - binding parameter (3:TIMESTAMP) <- [null]
2026-03-04 18:46:21 [main] TRACE [] [ ] [] org.hibernate.orm.jdbc.bind - binding parameter (4:VARCHAR) <- [a_2146d193-1ddf-45e3-802b-940c2343849f@mail.com]
2026-03-04 18:46:21 [main] TRACE [] [ ] [] org.hibernate.orm.jdbc.bind - binding parameter (5:INTEGER) <- [0]
2026-03-04 18:46:21 [main] TRACE [] [ ] [] org.hibernate.orm.jdbc.bind - binding parameter (6:TIMESTAMP) <- [null]
2026-03-04 18:46:21 [main] TRACE [] [ ] [] org.hibernate.orm.jdbc.bind - binding parameter (7:VARCHAR) <- [User A]
2026-03-04 18:46:21 [main] TRACE [] [ ] [] org.hibernate.orm.jdbc.bind - binding parameter (8:VARCHAR) <- [pass12345]
2026-03-04 18:46:21 [main] TRACE [] [ ] [] org.hibernate.orm.jdbc.bind - binding parameter (9:UUID) <- [e4f57861-8f98-49d8-9dbb-7ed4bae14b2b]
2026-03-04 18:46:21 [main] TRACE [] [ ] [] org.hibernate.orm.jdbc.bind - binding parameter (10:TIMESTAMP) <- [2026-03-04T18:46:21.694257]
2026-03-04 18:46:21 [main] TRACE [] [ ] [] org.hibernate.orm.jdbc.bind - binding parameter (11:UUID) <- [e4b0d402-b59a-4e15-aebf-4ecf7d5a8f6a]
2026-03-04 18:46:21 [main] DEBUG [] [ ] [] org.hibernate.SQL - 
    insert 
    into
        leads
        (created_at, deleted_at, email, name, phone, status, updated_at, user_id, id) 
    values
        (?, ?, ?, ?, ?, ?, ?, ?, ?)
2026-03-04 18:46:21 [main] TRACE [] [ ] [] org.hibernate.orm.jdbc.bind - binding parameter (1:TIMESTAMP) <- [2026-03-04T18:46:21.698500]
2026-03-04 18:46:21 [main] TRACE [] [ ] [] org.hibernate.orm.jdbc.bind - binding parameter (2:TIMESTAMP) <- [null]
2026-03-04 18:46:21 [main] TRACE [] [ ] [] org.hibernate.orm.jdbc.bind - binding parameter (3:VARCHAR) <- [lead_a_45c68895-201d-45d9-aa6f-dabc25a8a591@mail.com]
2026-03-04 18:46:21 [main] TRACE [] [ ] [] org.hibernate.orm.jdbc.bind - binding parameter (4:VARCHAR) <- [Lead A]
2026-03-04 18:46:21 [main] TRACE [] [ ] [] org.hibernate.orm.jdbc.bind - binding parameter (5:VARCHAR) <- [111]
2026-03-04 18:46:21 [main] TRACE [] [ ] [] org.hibernate.orm.jdbc.bind - binding parameter (6:VARCHAR) <- [NEW]
2026-03-04 18:46:21 [main] TRACE [] [ ] [] org.hibernate.orm.jdbc.bind - binding parameter (7:TIMESTAMP) <- [2026-03-04T18:46:21.698500]
2026-03-04 18:46:21 [main] TRACE [] [ ] [] org.hibernate.orm.jdbc.bind - binding parameter (8:UUID) <- [e4b0d402-b59a-4e15-aebf-4ecf7d5a8f6a]
2026-03-04 18:46:21 [main] TRACE [] [ ] [] org.hibernate.orm.jdbc.bind - binding parameter (9:UUID) <- [f35142c9-0497-410a-a0cf-a71b5a0133fb]
2026-03-04 18:46:21 [main] DEBUG [] [ ] [] org.hibernate.SQL - 
    select
        count(*) 
    from
        leads l1_0
2026-03-04 18:46:21 [scheduler-1] DEBUG [] [ ] [] org.hibernate.SQL - 
    select
        ee1_0.id,
        ee1_0.attempt_count,
        ee1_0.email,
        ee1_0.event_type,
        ee1_0.html_content,
        ee1_0.max_attempts,
        ee1_0.next_retry_at,
        ee1_0.occurred_at,
        ee1_0.processed_at,
        ee1_0.reason,
        ee1_0.status,
        ee1_0.subject,
        ee1_0.updated_at 
    from
        email_events ee1_0 
    where
        ee1_0.status=? 
        and ee1_0.next_retry_at<=? 
    order by
        ee1_0.occurred_at 
    fetch
        first ? rows only
2026-03-04 18:46:21 [scheduler-1] TRACE [] [ ] [] org.hibernate.orm.jdbc.bind - binding parameter (1:VARCHAR) <- [PENDING]
2026-03-04 18:46:21 [scheduler-1] TRACE [] [ ] [] org.hibernate.orm.jdbc.bind - binding parameter (2:TIMESTAMP_UTC) <- [2026-03-04T21:46:21.726297800Z]
2026-03-04 18:46:21 [scheduler-1] TRACE [] [ ] [] org.hibernate.orm.jdbc.bind - binding parameter (3:INTEGER) <- [50]
2026-03-04 18:46:21 [main] DEBUG [] [ ] [] c.l.b.m.context.TenantContext - Tenant context cleared.
2026-03-04 18:46:21 [main] DEBUG [] [ ] [] c.l.b.m.context.TenantContext - Tenant set to: tenant_b
2026-03-04 18:46:21 [main] DEBUG [] [ ] [] org.hibernate.SQL - 
    select
        count(*) 
    from
        leads l1_0
2026-03-04 18:46:21 [main] DEBUG [] [ ] [] c.l.b.m.context.TenantContext - Tenant context cleared.
2026-03-04 18:46:21 [main] DEBUG [] [ ] [] c.l.b.m.context.TenantContext - Tenant context cleared.
2026-03-04 18:46:21 [main] DEBUG [] [ ] [] org.hibernate.SQL - 
    select
        t1_0.id 
    from
        public.tenants t1_0 
    where
        upper(t1_0.schema_name)=upper(?) 
        and t1_0.deleted_at is null 
    fetch
        first ? rows only
2026-03-04 18:46:21 [main] TRACE [] [ ] [] org.hibernate.orm.jdbc.bind - binding parameter (1:VARCHAR) <- [tenant_a]
2026-03-04 18:46:21 [main] TRACE [] [ ] [] org.hibernate.orm.jdbc.bind - binding parameter (2:INTEGER) <- [1]
2026-03-04 18:46:21 [main] INFO  [] [ ] [] c.l.b.m.s.TenantProvisioningService - Tenant already provisioned: tenant_a
2026-03-04 18:46:21 [main] DEBUG [] [ ] [] org.hibernate.SQL - 
    select
        t1_0.id,
        t1_0.created_at,
        t1_0.deleted_at,
        t1_0.name,
        t1_0.schema_name,
        t1_0.updated_at 
    from
        public.tenants t1_0 
    where
        upper(t1_0.name)=upper(?) 
        and t1_0.deleted_at is null
2026-03-04 18:46:21 [main] TRACE [] [ ] [] org.hibernate.orm.jdbc.bind - binding parameter (1:VARCHAR) <- [Tenant A]
2026-03-04 18:46:21 [main] DEBUG [] [ ] [] org.hibernate.SQL - 
    select
        t1_0.id 
    from
        public.tenants t1_0 
    where
        upper(t1_0.schema_name)=upper(?) 
        and t1_0.deleted_at is null 
    fetch
        first ? rows only
2026-03-04 18:46:21 [main] TRACE [] [ ] [] org.hibernate.orm.jdbc.bind - binding parameter (1:VARCHAR) <- [tenant_b]
2026-03-04 18:46:21 [main] TRACE [] [ ] [] org.hibernate.orm.jdbc.bind - binding parameter (2:INTEGER) <- [1]
2026-03-04 18:46:21 [main] INFO  [] [ ] [] c.l.b.m.s.TenantProvisioningService - Tenant already provisioned: tenant_b
2026-03-04 18:46:21 [main] DEBUG [] [ ] [] org.hibernate.SQL - 
    select
        t1_0.id,
        t1_0.created_at,
        t1_0.deleted_at,
        t1_0.name,
        t1_0.schema_name,
        t1_0.updated_at 
    from
        public.tenants t1_0 
    where
        upper(t1_0.name)=upper(?) 
        and t1_0.deleted_at is null
2026-03-04 18:46:21 [main] TRACE [] [ ] [] org.hibernate.orm.jdbc.bind - binding parameter (1:VARCHAR) <- [Tenant B]
2026-03-04 18:46:21 [main] DEBUG [] [ ] [] org.hibernate.SQL - 
    select
        r1_0.id,
        r1_0.created_at,
        r1_0.name,
        r1_0.updated_at 
    from
        public.roles r1_0 
    where
        upper(r1_0.name)=upper(?)
2026-03-04 18:46:21 [main] TRACE [] [ ] [] org.hibernate.orm.jdbc.bind - binding parameter (1:VARCHAR) <- [ROLE_USER]
2026-03-04 18:46:21 [main] DEBUG [] [ ] [] c.l.b.m.context.TenantContext - Tenant set to: tenant_a
2026-03-04 18:46:21 [main] DEBUG [] [ ] [] org.hibernate.SQL - 
    select
        count(*) 
    from
        leads l1_0
2026-03-04 18:46:21 [main] DEBUG [] [ ] [] c.l.b.m.context.TenantContext - Tenant set to: tenant_b
2026-03-04 18:46:21 [main] DEBUG [] [ ] [] org.hibernate.SQL - 
    select
        count(*) 
    from
        leads l1_0
2026-03-04 18:46:21 [main] DEBUG [] [ ] [] c.l.b.m.context.TenantContext - Tenant context cleared.
2026-03-04 18:46:21 [main] DEBUG [] [ ] [] c.l.b.m.context.TenantContext - Tenant set to: tenant_a
2026-03-04 18:46:21 [main] DEBUG [] [ ] [] org.hibernate.SQL - 
    select
        r1_0.id,
        r1_0.created_at,
        r1_0.name,
        r1_0.updated_at 
    from
        public.roles r1_0 
    where
        upper(r1_0.name)=upper(?)
2026-03-04 18:46:21 [main] TRACE [] [ ] [] org.hibernate.orm.jdbc.bind - binding parameter (1:VARCHAR) <- [ROLE_USER]
2026-03-04 18:46:21 [main] DEBUG [] [ ] [] org.hibernate.SQL - 
    select
        null,
        r1_0.created_at,
        r1_0.name,
        r1_0.updated_at 
    from
        public.roles r1_0 
    where
        r1_0.id=?
2026-03-04 18:46:21 [main] TRACE [] [ ] [] org.hibernate.orm.jdbc.bind - binding parameter (1:UUID) <- [e4f57861-8f98-49d8-9dbb-7ed4bae14b2b]
2026-03-04 18:46:21 [main] DEBUG [] [ ] [] org.hibernate.SQL - 
    insert 
    into
        users
        (created_at, credentials_updated_at, deleted_at, email, failed_attempts, lock_until, name, password, role_id, updated_at, id) 
    values
        (?, ?, ?, ?, ?, ?, ?, ?, ?, ?, ?)
2026-03-04 18:46:21 [main] TRACE [] [ ] [] org.hibernate.orm.jdbc.bind - binding parameter (1:TIMESTAMP) <- [2026-03-04T18:46:21.815556]
2026-03-04 18:46:21 [main] TRACE [] [ ] [] org.hibernate.orm.jdbc.bind - binding parameter (2:TIMESTAMP) <- [2026-03-04T18:46:21.812389300]
2026-03-04 18:46:21 [main] TRACE [] [ ] [] org.hibernate.orm.jdbc.bind - binding parameter (3:TIMESTAMP) <- [null]
2026-03-04 18:46:21 [main] TRACE [] [ ] [] org.hibernate.orm.jdbc.bind - binding parameter (4:VARCHAR) <- [b_0085c5bf-abfa-4c25-8663-1646675963fa@mail.com]
2026-03-04 18:46:21 [main] TRACE [] [ ] [] org.hibernate.orm.jdbc.bind - binding parameter (5:INTEGER) <- [0]
2026-03-04 18:46:21 [main] TRACE [] [ ] [] org.hibernate.orm.jdbc.bind - binding parameter (6:TIMESTAMP) <- [null]
2026-03-04 18:46:21 [main] TRACE [] [ ] [] org.hibernate.orm.jdbc.bind - binding parameter (7:VARCHAR) <- [User B]
2026-03-04 18:46:21 [main] TRACE [] [ ] [] org.hibernate.orm.jdbc.bind - binding parameter (8:VARCHAR) <- [pass12345]
2026-03-04 18:46:21 [main] TRACE [] [ ] [] org.hibernate.orm.jdbc.bind - binding parameter (9:UUID) <- [e4f57861-8f98-49d8-9dbb-7ed4bae14b2b]
2026-03-04 18:46:21 [main] TRACE [] [ ] [] org.hibernate.orm.jdbc.bind - binding parameter (10:TIMESTAMP) <- [2026-03-04T18:46:21.815556]
2026-03-04 18:46:21 [main] TRACE [] [ ] [] org.hibernate.orm.jdbc.bind - binding parameter (11:UUID) <- [f0bd9b37-83e8-4566-9217-d8b9d8765ba4]
2026-03-04 18:46:21 [main] DEBUG [] [ ] [] org.hibernate.SQL - 
    insert 
    into
        leads
        (created_at, deleted_at, email, name, phone, status, updated_at, user_id, id) 
    values
        (?, ?, ?, ?, ?, ?, ?, ?, ?)
2026-03-04 18:46:21 [main] TRACE [] [ ] [] org.hibernate.orm.jdbc.bind - binding parameter (1:TIMESTAMP) <- [2026-03-04T18:46:21.819298]
2026-03-04 18:46:21 [main] TRACE [] [ ] [] org.hibernate.orm.jdbc.bind - binding parameter (2:TIMESTAMP) <- [null]
2026-03-04 18:46:21 [main] TRACE [] [ ] [] org.hibernate.orm.jdbc.bind - binding parameter (3:VARCHAR) <- [lead_b_00b55926-b1c6-4fa8-9457-0ec41c87e3af@mail.com]
2026-03-04 18:46:21 [main] TRACE [] [ ] [] org.hibernate.orm.jdbc.bind - binding parameter (4:VARCHAR) <- [Lead B]
2026-03-04 18:46:21 [main] TRACE [] [ ] [] org.hibernate.orm.jdbc.bind - binding parameter (5:VARCHAR) <- [111]
2026-03-04 18:46:21 [main] TRACE [] [ ] [] org.hibernate.orm.jdbc.bind - binding parameter (6:VARCHAR) <- [NEW]
2026-03-04 18:46:21 [main] TRACE [] [ ] [] org.hibernate.orm.jdbc.bind - binding parameter (7:TIMESTAMP) <- [2026-03-04T18:46:21.819298]
2026-03-04 18:46:21 [main] TRACE [] [ ] [] org.hibernate.orm.jdbc.bind - binding parameter (8:UUID) <- [f0bd9b37-83e8-4566-9217-d8b9d8765ba4]
2026-03-04 18:46:21 [main] TRACE [] [ ] [] org.hibernate.orm.jdbc.bind - binding parameter (9:UUID) <- [bc54884b-aa77-4f82-b9ae-58355c6085e2]
2026-03-04 18:46:21 [main] DEBUG [] [ ] [] c.l.b.m.context.TenantContext - Tenant context cleared.
2026-03-04 18:46:21 [main] DEBUG [] [ ] [] c.l.b.m.context.TenantContext - Tenant set to: tenant_b
2026-03-04 18:46:21 [main] DEBUG [] [ ] [] org.hibernate.SQL - 
    select
        l1_0.id,
        l1_0.created_at,
        l1_0.deleted_at,
        l1_0.email,
        l1_0.name,
        l1_0.phone,
        l1_0.status,
        l1_0.updated_at,
        l1_0.user_id 
    from
        leads l1_0 
    where
        l1_0.id=?
2026-03-04 18:46:21 [main] TRACE [] [ ] [] org.hibernate.orm.jdbc.bind - binding parameter (1:UUID) <- [bc54884b-aa77-4f82-b9ae-58355c6085e2]
2026-03-04 18:46:21 [main] DEBUG [] [ ] [] c.l.b.m.context.TenantContext - Tenant context cleared.
[INFO] Tests run: 2, Failures: 0, Errors: 0, Skipped: 0, Time elapsed: 0.405 s -- in com.leadflow.backend.multitenancy.TenantIsolationTest
[INFO] Running com.leadflow.backend.repository.lead.LeadRepositoryTest

  .   ____          _            __ _ _
 /\\ / ___'_ __ _ _(_)_ __  __ _ \ \ \ \
( ( )\___ | '_ | '_| | '_ \/ _` | \ \ \ \
 \\/  ___)| |_)| | | | | || (_| |  ) ) ) )
  '  |____| .__|_| |_|_| |_\__, | / / / /
 =========|_|==============|___/=/_/_/_/

 :: Spring Boot ::               (v3.5.11)

2026-03-04 18:46:21 [main] INFO  [] [ ] [] c.l.b.r.lead.LeadRepositoryTest - Starting LeadRepositoryTest using Java 17.0.16 with PID 23204 (started by Gabri in C:\Users\Gabri\OneDrive\┴rea de Trabalho\leadflow-backend)
2026-03-04 18:46:21 [main] DEBUG [] [ ] [] c.l.b.r.lead.LeadRepositoryTest - Running with Spring Boot v3.5.11, Spring v6.2.16
2026-03-04 18:46:21 [main] INFO  [] [ ] [] c.l.b.r.lead.LeadRepositoryTest - The following 1 profile is active: "test"
2026-03-04 18:46:22 [main] WARN  [] [ ] [] org.hibernate.orm.deprecation - HHH90000025: PostgreSQLDialect does not need to be specified explicitly using 'hibernate.dialect' (remove the property setting and it will be selected by default)
2026-03-04 18:46:22 [main] DEBUG [] [ ] [] org.hibernate.SQL - 
    set client_min_messages = WARNING
Hibernate: 
    set client_min_messages = WARNING
2026-03-04 18:46:22 [main] DEBUG [] [ ] [] org.hibernate.SQL - 
    drop table if exists public.roles cascade
Hibernate: 
    drop table if exists public.roles cascade
2026-03-04 18:46:22 [main] DEBUG [] [ ] [] org.hibernate.SQL - 
    drop table if exists public.tenants cascade
Hibernate: 
    drop table if exists public.tenants cascade
2026-03-04 18:46:22 [main] DEBUG [] [ ] [] org.hibernate.SQL - 
    alter table if exists lead_status_history 
       drop constraint if exists fk_lsh_user
Hibernate: 
    alter table if exists lead_status_history 
       drop constraint if exists fk_lsh_user
2026-03-04 18:46:22 [main] DEBUG [] [ ] [] org.hibernate.SQL - 
    alter table if exists lead_status_history 
       drop constraint if exists fk_lsh_lead
Hibernate: 
    alter table if exists lead_status_history 
       drop constraint if exists fk_lsh_lead
2026-03-04 18:46:22 [main] DEBUG [] [ ] [] org.hibernate.SQL - 
    alter table if exists logs 
       drop constraint if exists fk_logs_user
Hibernate: 
    alter table if exists logs 
       drop constraint if exists fk_logs_user
2026-03-04 18:46:22 [main] DEBUG [] [ ] [] org.hibernate.SQL - 
    alter table if exists password_reset_token 
       drop constraint if exists FK83nsrttkwkb6ym0anu051mtxn
Hibernate: 
    alter table if exists password_reset_token 
       drop constraint if exists FK83nsrttkwkb6ym0anu051mtxn
2026-03-04 18:46:22 [main] DEBUG [] [ ] [] org.hibernate.SQL - 
    alter table if exists refresh_tokens 
       drop constraint if exists fk_refresh_token_user
Hibernate: 
    alter table if exists refresh_tokens 
       drop constraint if exists fk_refresh_token_user
2026-03-04 18:46:22 [main] DEBUG [] [ ] [] org.hibernate.SQL - 
    alter table if exists settings 
       drop constraint if exists fk_settings_user
Hibernate: 
    alter table if exists settings 
       drop constraint if exists fk_settings_user
2026-03-04 18:46:22 [main] DEBUG [] [ ] [] org.hibernate.SQL - 
    alter table if exists users 
       drop constraint if exists fk_users_role
Hibernate: 
    alter table if exists users 
       drop constraint if exists fk_users_role
2026-03-04 18:46:22 [main] DEBUG [] [ ] [] org.hibernate.SQL - 
    drop table if exists email_events cascade
Hibernate: 
    drop table if exists email_events cascade
2026-03-04 18:46:22 [main] DEBUG [] [ ] [] org.hibernate.SQL - 
    drop table if exists lead_status_history cascade
Hibernate: 
    drop table if exists lead_status_history cascade
2026-03-04 18:46:22 [main] DEBUG [] [ ] [] org.hibernate.SQL - 
    drop table if exists leads cascade
Hibernate: 
    drop table if exists leads cascade
2026-03-04 18:46:22 [main] DEBUG [] [ ] [] org.hibernate.SQL - 
    drop table if exists login_audit cascade
Hibernate: 
    drop table if exists login_audit cascade
2026-03-04 18:46:22 [main] DEBUG [] [ ] [] org.hibernate.SQL - 
    drop table if exists logs cascade
Hibernate: 
    drop table if exists logs cascade
2026-03-04 18:46:22 [main] DEBUG [] [ ] [] org.hibernate.SQL - 
    drop table if exists password_reset_token cascade
Hibernate: 
    drop table if exists password_reset_token cascade
2026-03-04 18:46:22 [main] DEBUG [] [ ] [] org.hibernate.SQL - 
    drop table if exists refresh_tokens cascade
Hibernate: 
    drop table if exists refresh_tokens cascade
2026-03-04 18:46:22 [main] DEBUG [] [ ] [] org.hibernate.SQL - 
    drop table if exists security_audit_logs cascade
Hibernate: 
    drop table if exists security_audit_logs cascade
2026-03-04 18:46:22 [main] DEBUG [] [ ] [] org.hibernate.SQL - 
    drop table if exists settings cascade
Hibernate: 
    drop table if exists settings cascade
2026-03-04 18:46:22 [main] DEBUG [] [ ] [] org.hibernate.SQL - 
    drop table if exists subscription_history cascade
Hibernate: 
    drop table if exists subscription_history cascade
2026-03-04 18:46:22 [main] DEBUG [] [ ] [] org.hibernate.SQL - 
    drop table if exists user_sessions cascade
Hibernate: 
    drop table if exists user_sessions cascade
2026-03-04 18:46:22 [main] DEBUG [] [ ] [] org.hibernate.SQL - 
    drop table if exists users cascade
Hibernate: 
    drop table if exists users cascade
2026-03-04 18:46:22 [main] DEBUG [] [ ] [] org.hibernate.SQL - 
    drop table if exists vendor_audit_logs cascade
Hibernate: 
    drop table if exists vendor_audit_logs cascade
2026-03-04 18:46:22 [main] DEBUG [] [ ] [] org.hibernate.SQL - 
    drop table if exists vendor_features cascade
Hibernate: 
    drop table if exists vendor_features cascade
2026-03-04 18:46:22 [main] DEBUG [] [ ] [] org.hibernate.SQL - 
    drop table if exists vendor_lead_alerts cascade
Hibernate: 
    drop table if exists vendor_lead_alerts cascade
2026-03-04 18:46:22 [main] DEBUG [] [ ] [] org.hibernate.SQL - 
    drop table if exists vendor_lead_conversations cascade
Hibernate: 
    drop table if exists vendor_lead_conversations cascade
2026-03-04 18:46:22 [main] DEBUG [] [ ] [] org.hibernate.SQL - 
    drop table if exists vendor_lead_messages cascade
Hibernate: 
    drop table if exists vendor_lead_messages cascade
2026-03-04 18:46:22 [main] DEBUG [] [ ] [] org.hibernate.SQL - 
    drop table if exists vendor_lead_stage_history cascade
Hibernate: 
    drop table if exists vendor_lead_stage_history cascade
2026-03-04 18:46:22 [main] DEBUG [] [ ] [] org.hibernate.SQL - 
    drop table if exists vendor_leads cascade
Hibernate: 
    drop table if exists vendor_leads cascade
2026-03-04 18:46:22 [main] DEBUG [] [ ] [] org.hibernate.SQL - 
    drop table if exists vendor_risk_alerts cascade
Hibernate: 
    drop table if exists vendor_risk_alerts cascade
2026-03-04 18:46:22 [main] DEBUG [] [ ] [] org.hibernate.SQL - 
    drop table if exists vendor_usage cascade
Hibernate: 
    drop table if exists vendor_usage cascade
2026-03-04 18:46:22 [main] DEBUG [] [ ] [] org.hibernate.SQL - 
    drop table if exists vendors cascade
Hibernate: 
    drop table if exists vendors cascade
2026-03-04 18:46:22 [main] DEBUG [] [ ] [] org.hibernate.SQL - 
    drop table if exists webhook_events cascade
Hibernate: 
    drop table if exists webhook_events cascade
2026-03-04 18:46:22 [main] DEBUG [] [ ] [] org.hibernate.SQL - 
    create table public.roles (
        created_at timestamp(6) not null,
        updated_at timestamp(6) not null,
        id uuid not null,
        name varchar(50) not null,
        primary key (id),
        constraint uk_roles_name unique (name)
    )
Hibernate: 
    create table public.roles (
        created_at timestamp(6) not null,
        updated_at timestamp(6) not null,
        id uuid not null,
        name varchar(50) not null,
        primary key (id),
        constraint uk_roles_name unique (name)
    )
2026-03-04 18:46:22 [main] DEBUG [] [ ] [] org.hibernate.SQL - 
    create table public.tenants (
        created_at timestamp(6) not null,
        deleted_at timestamp(6),
        updated_at timestamp(6) not null,
        id uuid not null,
        schema_name varchar(50) not null,
        name varchar(100) not null,
        primary key (id),
        constraint uk_tenants_schema_name unique (schema_name)
    )
Hibernate: 
    create table public.tenants (
        created_at timestamp(6) not null,
        deleted_at timestamp(6),
        updated_at timestamp(6) not null,
        id uuid not null,
        schema_name varchar(50) not null,
        name varchar(100) not null,
        primary key (id),
        constraint uk_tenants_schema_name unique (schema_name)
    )
2026-03-04 18:46:22 [main] DEBUG [] [ ] [] org.hibernate.SQL - 
    create index idx_tenants_schema_name 
       on public.tenants (schema_name)
Hibernate: 
    create index idx_tenants_schema_name 
       on public.tenants (schema_name)
2026-03-04 18:46:22 [main] DEBUG [] [ ] [] org.hibernate.SQL - 
    create table email_events (
        attempt_count integer not null,
        max_attempts integer not null,
        next_retry_at timestamp(6) with time zone,
        occurred_at timestamp(6) with time zone not null,
        processed_at timestamp(6) with time zone,
        updated_at timestamp(6) with time zone not null,
        id uuid not null,
        email varchar(255) not null,
        event_type varchar(255) not null,
        html_content TEXT,
        reason varchar(255),
        status varchar(255) not null,
        subject varchar(255),
        primary key (id)
    )
Hibernate: 
    create table email_events (
        attempt_count integer not null,
        max_attempts integer not null,
        next_retry_at timestamp(6) with time zone,
        occurred_at timestamp(6) with time zone not null,
        processed_at timestamp(6) with time zone,
        updated_at timestamp(6) with time zone not null,
        id uuid not null,
        email varchar(255) not null,
        event_type varchar(255) not null,
        html_content TEXT,
        reason varchar(255),
        status varchar(255) not null,
        subject varchar(255),
        primary key (id)
    )
2026-03-04 18:46:22 [main] DEBUG [] [ ] [] org.hibernate.SQL - 
    create table lead_status_history (
        changed_at timestamp(6) not null,
        changed_by uuid,
        id uuid not null,
        lead_id uuid not null,
        status varchar(30) not null check (status in ('NEW','CONTACTED','QUALIFIED','CLOSED')),
        primary key (id)
    )
Hibernate: 
    create table lead_status_history (
        changed_at timestamp(6) not null,
        changed_by uuid,
        id uuid not null,
        lead_id uuid not null,
        status varchar(30) not null check (status in ('NEW','CONTACTED','QUALIFIED','CLOSED')),
        primary key (id)
    )
2026-03-04 18:46:22 [main] DEBUG [] [ ] [] org.hibernate.SQL - 
    create table leads (
        created_at timestamp(6) not null,
        deleted_at timestamp(6),
        updated_at timestamp(6) not null,
        id uuid not null,
        user_id uuid not null,
        phone varchar(20),
        status varchar(30) not null check (status in ('NEW','CONTACTED','QUALIFIED','CLOSED')),
        email varchar(150) not null,
        name varchar(150) not null,
        primary key (id),
        constraint uk_leads_email_user unique (email, user_id)
    )
Hibernate: 
    create table leads (
        created_at timestamp(6) not null,
        deleted_at timestamp(6),
        updated_at timestamp(6) not null,
        id uuid not null,
        user_id uuid not null,
        phone varchar(20),
        status varchar(30) not null check (status in ('NEW','CONTACTED','QUALIFIED','CLOSED')),
        email varchar(150) not null,
        name varchar(150) not null,
        primary key (id),
        constraint uk_leads_email_user unique (email, user_id)
    )
2026-03-04 18:46:22 [main] DEBUG [] [ ] [] org.hibernate.SQL - 
    create table login_audit (
        success boolean not null,
        suspicious boolean not null,
        created_at timestamp(6) with time zone not null,
        id uuid not null,
        tenant_id uuid not null,
        user_id uuid,
        ip_address varchar(45),
        email varchar(320) not null,
        user_agent varchar(512),
        failure_reason varchar(255),
        primary key (id)
    )
Hibernate: 
    create table login_audit (
        success boolean not null,
        suspicious boolean not null,
        created_at timestamp(6) with time zone not null,
        id uuid not null,
        tenant_id uuid not null,
        user_id uuid,
        ip_address varchar(45),
        email varchar(320) not null,
        user_agent varchar(512),
        failure_reason varchar(255),
        primary key (id)
    )
2026-03-04 18:46:22 [main] DEBUG [] [ ] [] org.hibernate.SQL - 
    create table logs (
        created_at timestamp(6) not null,
        id uuid not null,
        user_id uuid,
        action TEXT not null,
        primary key (id)
    )
Hibernate: 
    create table logs (
        created_at timestamp(6) not null,
        id uuid not null,
        user_id uuid,
        action TEXT not null,
        primary key (id)
    )
2026-03-04 18:46:22 [main] DEBUG [] [ ] [] org.hibernate.SQL - 
    create table password_reset_token (
        used boolean not null,
        created_at timestamp(6) not null,
        expires_at timestamp(6) not null,
        id uuid not null,
        user_id uuid not null,
        token_hash varchar(255) not null unique,
        primary key (id)
    )
Hibernate: 
    create table password_reset_token (
        used boolean not null,
        created_at timestamp(6) not null,
        expires_at timestamp(6) not null,
        id uuid not null,
        user_id uuid not null,
        token_hash varchar(255) not null unique,
        primary key (id)
    )
2026-03-04 18:46:22 [main] DEBUG [] [ ] [] org.hibernate.SQL - 
    create table refresh_tokens (
        revoked boolean not null,
        created_at timestamp(6) not null,
        expires_at timestamp(6) not null,
        id uuid not null,
        user_id uuid not null,
        device_fingerprint varchar(255) not null,
        token_hash varchar(255) not null,
        primary key (id),
        constraint uq_refresh_token_hash unique (token_hash)
    )
Hibernate: 
    create table refresh_tokens (
        revoked boolean not null,
        created_at timestamp(6) not null,
        expires_at timestamp(6) not null,
        id uuid not null,
        user_id uuid not null,
        device_fingerprint varchar(255) not null,
        token_hash varchar(255) not null,
        primary key (id),
        constraint uq_refresh_token_hash unique (token_hash)
    )
2026-03-04 18:46:22 [main] DEBUG [] [ ] [] org.hibernate.SQL - 
    create table security_audit_logs (
        success boolean not null,
        created_at timestamp(6) not null,
        id uuid not null,
        action varchar(50) not null check (action in ('LOGIN_SUCCESS','LOGIN_FAILED','ACCOUNT_LOCKED','PASSWORD_RESET_REQUESTED','PASSWORD_RESET_SUCCESS','USER_REGISTERED')),
        correlation_id varchar(100),
        ip_address varchar(100),
        tenant varchar(100) not null,
        email varchar(150) not null,
        user_agent varchar(255),
        primary key (id)
    )
Hibernate: 
    create table security_audit_logs (
        success boolean not null,
        created_at timestamp(6) not null,
        id uuid not null,
        action varchar(50) not null check (action in ('LOGIN_SUCCESS','LOGIN_FAILED','ACCOUNT_LOCKED','PASSWORD_RESET_REQUESTED','PASSWORD_RESET_SUCCESS','USER_REGISTERED')),
        correlation_id varchar(100),
        ip_address varchar(100),
        tenant varchar(100) not null,
        email varchar(150) not null,
        user_agent varchar(255),
        primary key (id)
    )
2026-03-04 18:46:22 [main] DEBUG [] [ ] [] org.hibernate.SQL - 
    create table settings (
        created_at timestamp(6) not null,
        deleted_at timestamp(6),
        updated_at timestamp(6) not null,
        whatsapp varchar(15) not null,
        id uuid not null,
        user_id uuid not null,
        company_name varchar(100),
        vendor_name varchar(100) not null,
        logo TEXT,
        welcome_message TEXT,
        primary key (id)
    )
Hibernate: 
    create table settings (
        created_at timestamp(6) not null,
        deleted_at timestamp(6),
        updated_at timestamp(6) not null,
        whatsapp varchar(15) not null,
        id uuid not null,
        user_id uuid not null,
        company_name varchar(100),
        vendor_name varchar(100) not null,
        logo TEXT,
        welcome_message TEXT,
        primary key (id)
    )
2026-03-04 18:46:22 [main] DEBUG [] [ ] [] org.hibernate.SQL - 
    create table subscription_history (
        changed_at timestamp(6) with time zone not null,
        id uuid not null,
        vendor_id uuid not null,
        external_event_id varchar(255),
        new_status varchar(255) not null check (new_status in ('TRIAL','ATIVA','INADIMPLENTE','SUSPENSA','CANCELADA','EXPIRADA')),
        previous_status varchar(255) not null check (previous_status in ('TRIAL','ATIVA','INADIMPLENTE','SUSPENSA','CANCELADA','EXPIRADA')),
        reason varchar(255),
        primary key (id)
    )
Hibernate: 
    create table subscription_history (
        changed_at timestamp(6) with time zone not null,
        id uuid not null,
        vendor_id uuid not null,
        external_event_id varchar(255),
        new_status varchar(255) not null check (new_status in ('TRIAL','ATIVA','INADIMPLENTE','SUSPENSA','CANCELADA','EXPIRADA')),
        previous_status varchar(255) not null check (previous_status in ('TRIAL','ATIVA','INADIMPLENTE','SUSPENSA','CANCELADA','EXPIRADA')),
        reason varchar(255),
        primary key (id)
    )
2026-03-04 18:46:22 [main] DEBUG [] [ ] [] org.hibernate.SQL - 
    create table user_sessions (
        active boolean not null,
        suspicious boolean not null,
        created_at timestamp(6) with time zone not null,
        last_access_at timestamp(6) with time zone,
        revoked_at timestamp(6) with time zone,
        id uuid not null,
        tenant_id uuid not null,
        user_id uuid not null,
        token_id varchar(36) not null unique,
        initial_ip_address varchar(45),
        ip_address varchar(45),
        initial_user_agent varchar(512),
        user_agent varchar(512),
        primary key (id)
    )
Hibernate: 
    create table user_sessions (
        active boolean not null,
        suspicious boolean not null,
        created_at timestamp(6) with time zone not null,
        last_access_at timestamp(6) with time zone,
        revoked_at timestamp(6) with time zone,
        id uuid not null,
        tenant_id uuid not null,
        user_id uuid not null,
        token_id varchar(36) not null unique,
        initial_ip_address varchar(45),
        ip_address varchar(45),
        initial_user_agent varchar(512),
        user_agent varchar(512),
        primary key (id)
    )
2026-03-04 18:46:22 [main] DEBUG [] [ ] [] org.hibernate.SQL - 
    create table users (
        failed_attempts integer not null,
        created_at timestamp(6) not null,
        credentials_updated_at timestamp(6),
        deleted_at timestamp(6),
        lock_until timestamp(6),
        updated_at timestamp(6) not null,
        id uuid not null,
        role_id uuid not null,
        email varchar(150) not null,
        name varchar(150) not null,
        password varchar(255) not null,
        primary key (id),
        constraint uq_users_email unique (email)
    )
Hibernate: 
    create table users (
        failed_attempts integer not null,
        created_at timestamp(6) not null,
        credentials_updated_at timestamp(6),
        deleted_at timestamp(6),
        lock_until timestamp(6),
        updated_at timestamp(6) not null,
        id uuid not null,
        role_id uuid not null,
        email varchar(150) not null,
        name varchar(150) not null,
        password varchar(255) not null,
        primary key (id),
        constraint uq_users_email unique (email)
    )
2026-03-04 18:46:22 [main] DEBUG [] [ ] [] org.hibernate.SQL - 
    create table vendor_audit_logs (
        created_at timestamp(6) with time zone not null,
        entidade_id uuid not null,
        id uuid not null,
        vendor_id uuid not null,
        acao varchar(255) not null,
        detalhes TEXT,
        entity_type varchar(255) not null,
        user_email varchar(255) not null,
        primary key (id)
    )
Hibernate: 
    create table vendor_audit_logs (
        created_at timestamp(6) with time zone not null,
        entidade_id uuid not null,
        id uuid not null,
        vendor_id uuid not null,
        acao varchar(255) not null,
        detalhes TEXT,
        entity_type varchar(255) not null,
        user_email varchar(255) not null,
        primary key (id)
    )
2026-03-04 18:46:22 [main] DEBUG [] [ ] [] org.hibernate.SQL - 
    create table vendor_features (
        enabled boolean not null,
        created_at timestamp(6) with time zone not null,
        updated_at timestamp(6) with time zone not null,
        id uuid not null,
        vendor_id uuid not null,
        feature_key varchar(255) not null check (feature_key in ('AI_CHAT')),
        primary key (id)
    )
Hibernate: 
    create table vendor_features (
        enabled boolean not null,
        created_at timestamp(6) with time zone not null,
        updated_at timestamp(6) with time zone not null,
        id uuid not null,
        vendor_id uuid not null,
        feature_key varchar(255) not null check (feature_key in ('AI_CHAT')),
        primary key (id)
    )
2026-03-04 18:46:22 [scheduler-5] DEBUG [] [ ] [] org.hibernate.SQL - 
    select
        ee1_0.id,
        ee1_0.attempt_count,
        ee1_0.email,
        ee1_0.event_type,
        ee1_0.html_content,
        ee1_0.max_attempts,
        ee1_0.next_retry_at,
        ee1_0.occurred_at,
        ee1_0.processed_at,
        ee1_0.reason,
        ee1_0.status,
        ee1_0.subject,
        ee1_0.updated_at 
    from
        email_events ee1_0 
    where
        ee1_0.status=? 
        and ee1_0.next_retry_at<=? 
    order by
        ee1_0.occurred_at 
    fetch
        first ? rows only
2026-03-04 18:46:22 [main] DEBUG [] [ ] [] org.hibernate.SQL - 
    create table vendor_lead_alerts (
        resolvido boolean not null,
        created_at timestamp(6) with time zone not null,
        id uuid not null,
        vendor_lead_id uuid not null,
        mensagem TEXT not null,
        tipo varchar(255) not null,
        primary key (id)
    )
Hibernate: 
    create table vendor_lead_alerts (
        resolvido boolean not null,
        created_at timestamp(6) with time zone not null,
        id uuid not null,
        vendor_lead_id uuid not null,
        mensagem TEXT not null,
        tipo varchar(255) not null,
        primary key (id)
    )
2026-03-04 18:46:22 [main] DEBUG [] [ ] [] org.hibernate.SQL - 
    create table vendor_lead_conversations (
        created_at timestamp(6) with time zone not null,
        id uuid not null,
        vendor_lead_id uuid not null,
        content TEXT not null,
        role varchar(255) not null,
        primary key (id)
    )
Hibernate: 
    create table vendor_lead_conversations (
        created_at timestamp(6) with time zone not null,
        id uuid not null,
        vendor_lead_id uuid not null,
        content TEXT not null,
        role varchar(255) not null,
        primary key (id)
    )
2026-03-04 18:46:22 [scheduler-5] TRACE [] [ ] [] org.hibernate.orm.jdbc.bind - binding parameter (1:VARCHAR) <- [PENDING]
2026-03-04 18:46:22 [scheduler-5] TRACE [] [ ] [] org.hibernate.orm.jdbc.bind - binding parameter (2:TIMESTAMP_UTC) <- [2026-03-04T21:46:22.344305500Z]
2026-03-04 18:46:22 [scheduler-5] TRACE [] [ ] [] org.hibernate.orm.jdbc.bind - binding parameter (3:INTEGER) <- [50]
2026-03-04 18:46:22 [main] DEBUG [] [ ] [] org.hibernate.SQL - 
    create table vendor_lead_messages (
        created_at timestamp(6) with time zone not null,
        id uuid not null,
        vendor_lead_id uuid not null,
        role varchar(20) not null check (role in ('USER','AI')),
        message TEXT not null,
        primary key (id)
    )
Hibernate: 
    create table vendor_lead_messages (
        created_at timestamp(6) with time zone not null,
        id uuid not null,
        vendor_lead_id uuid not null,
        role varchar(20) not null check (role in ('USER','AI')),
        message TEXT not null,
        primary key (id)
    )
2026-03-04 18:46:22 [main] DEBUG [] [ ] [] org.hibernate.SQL - 
    create table vendor_lead_stage_history (
        changed_at timestamp(6) with time zone not null,
        id uuid not null,
        vendor_lead_id uuid not null,
        new_stage varchar(255) not null,
        previous_stage varchar(255) not null,
        primary key (id)
    )
Hibernate: 
    create table vendor_lead_stage_history (
        changed_at timestamp(6) with time zone not null,
        id uuid not null,
        vendor_lead_id uuid not null,
        new_stage varchar(255) not null,
        previous_stage varchar(255) not null,
        primary key (id)
    )
2026-03-04 18:46:22 [main] DEBUG [] [ ] [] org.hibernate.SQL - 
    create table vendor_leads (
        score integer not null,
        created_date timestamp(6) with time zone not null,
        id uuid not null,
        vendor_id uuid not null,
        nome_completo varchar(255) not null,
        owner_email varchar(255),
        resumo_estrategico TEXT,
        stage varchar(255) not null check (stage in ('NOVO','CONTATO','PROPOSTA','FECHADO','PERDIDO')),
        status varchar(255) not null,
        tipo_consorcio varchar(255),
        urgencia varchar(255),
        valor_credito varchar(255),
        whatsapp varchar(255) not null,
        primary key (id)
    )
Hibernate: 
    create table vendor_leads (
        score integer not null,
        created_date timestamp(6) with time zone not null,
        id uuid not null,
        vendor_id uuid not null,
        nome_completo varchar(255) not null,
        owner_email varchar(255),
        resumo_estrategico TEXT,
        stage varchar(255) not null check (stage in ('NOVO','CONTATO','PROPOSTA','FECHADO','PERDIDO')),
        status varchar(255) not null,
        tipo_consorcio varchar(255),
        urgencia varchar(255),
        valor_credito varchar(255),
        whatsapp varchar(255) not null,
        primary key (id)
    )
2026-03-04 18:46:22 [main] DEBUG [] [ ] [] org.hibernate.SQL - 
    create table vendor_risk_alerts (
        resolved boolean not null,
        score integer not null,
        created_at timestamp(6) with time zone not null,
        id uuid not null,
        vendor_id uuid not null,
        risk_level varchar(255) not null,
        primary key (id)
    )
Hibernate: 
    create table vendor_risk_alerts (
        resolved boolean not null,
        score integer not null,
        created_at timestamp(6) with time zone not null,
        id uuid not null,
        vendor_id uuid not null,
        risk_level varchar(255) not null,
        primary key (id)
    )
2026-03-04 18:46:22 [main] DEBUG [] [ ] [] org.hibernate.SQL - 
    create table vendor_usage (
        alert100sent boolean not null,
        alert80sent boolean not null,
        used integer not null,
        period_end timestamp(6) with time zone not null,
        period_start timestamp(6) with time zone not null,
        id uuid not null,
        vendor_id uuid not null,
        quota_type varchar(255) not null check (quota_type in ('ACTIVE_LEADS','AI_EXECUTIONS')),
        primary key (id)
    )
Hibernate: 
    create table vendor_usage (
        alert100sent boolean not null,
        alert80sent boolean not null,
        used integer not null,
        period_end timestamp(6) with time zone not null,
        period_start timestamp(6) with time zone not null,
        id uuid not null,
        vendor_id uuid not null,
        quota_type varchar(255) not null check (quota_type in ('ACTIVE_LEADS','AI_EXECUTIONS')),
        primary key (id)
    )
2026-03-04 18:46:22 [main] DEBUG [] [ ] [] org.hibernate.SQL - 
    create table vendors (
        email_invalid boolean not null,
        created_at timestamp(6) with time zone not null,
        last_payment_at timestamp(6) with time zone,
        next_billing_at timestamp(6) with time zone,
        subscription_expires_at timestamp(6) with time zone,
        subscription_started_at timestamp(6) with time zone,
        updated_at timestamp(6) with time zone,
        id uuid not null,
        cor_destaque varchar(255) not null,
        external_customer_id varchar(255),
        external_subscription_id varchar(255),
        logo_url varchar(255),
        mensagem_boas_vindas TEXT,
        nome_empresa varchar(255),
        nome_vendedor varchar(255) not null,
        slug varchar(255) not null unique,
        subscription_status varchar(255) not null check (subscription_status in ('TRIAL','ATIVA','INADIMPLENTE','SUSPENSA','CANCELADA','EXPIRADA')),
        user_email varchar(255) not null,
        whatsapp_vendedor varchar(255) not null,
        primary key (id)
    )
Hibernate: 
    create table vendors (
        email_invalid boolean not null,
        created_at timestamp(6) with time zone not null,
        last_payment_at timestamp(6) with time zone,
        next_billing_at timestamp(6) with time zone,
        subscription_expires_at timestamp(6) with time zone,
        subscription_started_at timestamp(6) with time zone,
        updated_at timestamp(6) with time zone,
        id uuid not null,
        cor_destaque varchar(255) not null,
        external_customer_id varchar(255),
        external_subscription_id varchar(255),
        logo_url varchar(255),
        mensagem_boas_vindas TEXT,
        nome_empresa varchar(255),
        nome_vendedor varchar(255) not null,
        slug varchar(255) not null unique,
        subscription_status varchar(255) not null check (subscription_status in ('TRIAL','ATIVA','INADIMPLENTE','SUSPENSA','CANCELADA','EXPIRADA')),
        user_email varchar(255) not null,
        whatsapp_vendedor varchar(255) not null,
        primary key (id)
    )
2026-03-04 18:46:22 [main] DEBUG [] [ ] [] org.hibernate.SQL - 
    create table webhook_events (
        received_at timestamp(6) with time zone not null,
        event_id varchar(255) not null,
        primary key (event_id)
    )
Hibernate: 
    create table webhook_events (
        received_at timestamp(6) with time zone not null,
        event_id varchar(255) not null,
        primary key (event_id)
    )
2026-03-04 18:46:22 [main] DEBUG [] [ ] [] org.hibernate.SQL - 
    create index idx_lsh_lead_id 
       on lead_status_history (lead_id)
Hibernate: 
    create index idx_lsh_lead_id 
       on lead_status_history (lead_id)
2026-03-04 18:46:22 [main] DEBUG [] [ ] [] org.hibernate.SQL - 
    create index idx_lsh_lead_changed_at 
       on lead_status_history (lead_id, changed_at)
Hibernate: 
    create index idx_lsh_lead_changed_at 
       on lead_status_history (lead_id, changed_at)
2026-03-04 18:46:22 [main] DEBUG [] [ ] [] org.hibernate.SQL - 
    create index idx_leads_email 
       on leads (email)
Hibernate: 
    create index idx_leads_email 
       on leads (email)
2026-03-04 18:46:22 [main] DEBUG [] [ ] [] org.hibernate.SQL - 
    create index idx_leads_user 
       on leads (user_id)
Hibernate: 
    create index idx_leads_user 
       on leads (user_id)
2026-03-04 18:46:22 [main] DEBUG [] [ ] [] org.hibernate.SQL - 
    create index idx_leads_user_email 
       on leads (user_id, email)
Hibernate: 
    create index idx_leads_user_email 
       on leads (user_id, email)
2026-03-04 18:46:22 [main] DEBUG [] [ ] [] org.hibernate.SQL - 
    create index idx_login_user_tenant 
       on login_audit (user_id, tenant_id)
Hibernate: 
    create index idx_login_user_tenant 
       on login_audit (user_id, tenant_id)
2026-03-04 18:46:22 [main] DEBUG [] [ ] [] org.hibernate.SQL - 
    create index idx_login_email_tenant 
       on login_audit (email, tenant_id)
Hibernate: 
    create index idx_login_email_tenant 
       on login_audit (email, tenant_id)
2026-03-04 18:46:22 [main] DEBUG [] [ ] [] org.hibernate.SQL - 
    create index idx_login_created 
       on login_audit (created_at)
Hibernate: 
    create index idx_login_created 
       on login_audit (created_at)
2026-03-04 18:46:22 [main] DEBUG [] [ ] [] org.hibernate.SQL - 
    create index idx_login_success 
       on login_audit (success)
Hibernate: 
    create index idx_login_success 
       on login_audit (success)
2026-03-04 18:46:22 [main] DEBUG [] [ ] [] org.hibernate.SQL - 
    create index idx_logs_user_id 
       on logs (user_id)
Hibernate: 
    create index idx_logs_user_id 
       on logs (user_id)
2026-03-04 18:46:22 [main] DEBUG [] [ ] [] org.hibernate.SQL - 
    create index idx_logs_created_at 
       on logs (created_at)
Hibernate: 
    create index idx_logs_created_at 
       on logs (created_at)
2026-03-04 18:46:22 [main] DEBUG [] [ ] [] org.hibernate.SQL - 
    create index idx_password_reset_token_hash 
       on password_reset_token (token_hash)
Hibernate: 
    create index idx_password_reset_token_hash 
       on password_reset_token (token_hash)
2026-03-04 18:46:22 [main] DEBUG [] [ ] [] org.hibernate.SQL - 
    create index idx_password_reset_token_user 
       on password_reset_token (user_id)
Hibernate: 
    create index idx_password_reset_token_user 
       on password_reset_token (user_id)
2026-03-04 18:46:22 [main] DEBUG [] [ ] [] org.hibernate.SQL - 
    create index idx_password_reset_token_expires 
       on password_reset_token (expires_at)
Hibernate: 
    create index idx_password_reset_token_expires 
       on password_reset_token (expires_at)
2026-03-04 18:46:22 [main] DEBUG [] [ ] [] org.hibernate.SQL - 
    create index idx_refresh_token_user 
       on refresh_tokens (user_id)
Hibernate: 
    create index idx_refresh_token_user 
       on refresh_tokens (user_id)
2026-03-04 18:46:22 [main] DEBUG [] [ ] [] org.hibernate.SQL - 
    create index idx_refresh_token_hash 
       on refresh_tokens (token_hash)
Hibernate: 
    create index idx_refresh_token_hash 
       on refresh_tokens (token_hash)
2026-03-04 18:46:22 [main] DEBUG [] [ ] [] org.hibernate.SQL - 
    create index idx_refresh_token_fingerprint 
       on refresh_tokens (device_fingerprint)
Hibernate: 
    create index idx_refresh_token_fingerprint 
       on refresh_tokens (device_fingerprint)
2026-03-04 18:46:22 [main] DEBUG [] [ ] [] org.hibernate.SQL - 
    create index idx_audit_email 
       on security_audit_logs (email)
Hibernate: 
    create index idx_audit_email 
       on security_audit_logs (email)
2026-03-04 18:46:22 [main] DEBUG [] [ ] [] org.hibernate.SQL - 
    create index idx_audit_tenant 
       on security_audit_logs (tenant)
Hibernate: 
    create index idx_audit_tenant 
       on security_audit_logs (tenant)
2026-03-04 18:46:22 [main] DEBUG [] [ ] [] org.hibernate.SQL - 
    create index idx_audit_created_at 
       on security_audit_logs (created_at)
Hibernate: 
    create index idx_audit_created_at 
       on security_audit_logs (created_at)
2026-03-04 18:46:22 [main] DEBUG [] [ ] [] org.hibernate.SQL - 
    create index idx_settings_user 
       on settings (user_id)
Hibernate: 
    create index idx_settings_user 
       on settings (user_id)
2026-03-04 18:46:22 [main] DEBUG [] [ ] [] org.hibernate.SQL - 
    create index idx_session_token_tenant 
       on user_sessions (token_id, tenant_id)
Hibernate: 
    create index idx_session_token_tenant 
       on user_sessions (token_id, tenant_id)
2026-03-04 18:46:22 [main] DEBUG [] [ ] [] org.hibernate.SQL - 
    create index idx_session_user_tenant 
       on user_sessions (user_id, tenant_id)
Hibernate: 
    create index idx_session_user_tenant 
       on user_sessions (user_id, tenant_id)
2026-03-04 18:46:22 [main] DEBUG [] [ ] [] org.hibernate.SQL - 
    create index idx_session_active 
       on user_sessions (active)
Hibernate: 
    create index idx_session_active 
       on user_sessions (active)
2026-03-04 18:46:22 [main] DEBUG [] [ ] [] org.hibernate.SQL - 
    create index idx_session_last_access 
       on user_sessions (last_access_at)
Hibernate: 
    create index idx_session_last_access 
       on user_sessions (last_access_at)
2026-03-04 18:46:22 [main] DEBUG [] [ ] [] org.hibernate.SQL - 
    create index idx_users_email 
       on users (email)
Hibernate: 
    create index idx_users_email 
       on users (email)
2026-03-04 18:46:22 [main] DEBUG [] [ ] [] org.hibernate.SQL - 
    create index idx_vlm_vendor_lead_id 
       on vendor_lead_messages (vendor_lead_id)
Hibernate: 
    create index idx_vlm_vendor_lead_id 
       on vendor_lead_messages (vendor_lead_id)
2026-03-04 18:46:22 [main] DEBUG [] [ ] [] org.hibernate.SQL - 
    create index idx_vlm_vendor_lead_created_at 
       on vendor_lead_messages (vendor_lead_id, created_at)
Hibernate: 
    create index idx_vlm_vendor_lead_created_at 
       on vendor_lead_messages (vendor_lead_id, created_at)
2026-03-04 18:46:22 [main] DEBUG [] [ ] [] org.hibernate.SQL - 
    alter table if exists lead_status_history 
       add constraint fk_lsh_user 
       foreign key (changed_by) 
       references users
Hibernate: 
    alter table if exists lead_status_history 
       add constraint fk_lsh_user 
       foreign key (changed_by) 
       references users
2026-03-04 18:46:22 [main] DEBUG [] [ ] [] org.hibernate.SQL - 
    alter table if exists lead_status_history 
       add constraint fk_lsh_lead 
       foreign key (lead_id) 
       references leads
Hibernate: 
    alter table if exists lead_status_history 
       add constraint fk_lsh_lead 
       foreign key (lead_id) 
       references leads
2026-03-04 18:46:22 [main] DEBUG [] [ ] [] org.hibernate.SQL - 
    alter table if exists logs 
       add constraint fk_logs_user 
       foreign key (user_id) 
       references users
Hibernate: 
    alter table if exists logs 
       add constraint fk_logs_user 
       foreign key (user_id) 
       references users
2026-03-04 18:46:22 [main] DEBUG [] [ ] [] org.hibernate.SQL - 
    alter table if exists password_reset_token 
       add constraint FK83nsrttkwkb6ym0anu051mtxn 
       foreign key (user_id) 
       references users
Hibernate: 
    alter table if exists password_reset_token 
       add constraint FK83nsrttkwkb6ym0anu051mtxn 
       foreign key (user_id) 
       references users
2026-03-04 18:46:22 [main] DEBUG [] [ ] [] org.hibernate.SQL - 
    alter table if exists refresh_tokens 
       add constraint fk_refresh_token_user 
       foreign key (user_id) 
       references users
Hibernate: 
    alter table if exists refresh_tokens 
       add constraint fk_refresh_token_user 
       foreign key (user_id) 
       references users
2026-03-04 18:46:22 [main] DEBUG [] [ ] [] org.hibernate.SQL - 
    alter table if exists settings 
       add constraint fk_settings_user 
       foreign key (user_id) 
       references users
Hibernate: 
    alter table if exists settings 
       add constraint fk_settings_user 
       foreign key (user_id) 
       references users
2026-03-04 18:46:22 [main] DEBUG [] [ ] [] org.hibernate.SQL - 
    alter table if exists users 
       add constraint fk_users_role 
       foreign key (role_id) 
       references public.roles
Hibernate: 
    alter table if exists users 
       add constraint fk_users_role 
       foreign key (role_id) 
       references public.roles
2026-03-04 18:46:22 [scheduler-5] DEBUG [] [ ] [] org.hibernate.SQL - 
    select
        ee1_0.id,
        ee1_0.attempt_count,
        ee1_0.email,
        ee1_0.event_type,
        ee1_0.html_content,
        ee1_0.max_attempts,
        ee1_0.next_retry_at,
        ee1_0.occurred_at,
        ee1_0.processed_at,
        ee1_0.reason,
        ee1_0.status,
        ee1_0.subject,
        ee1_0.updated_at 
    from
        email_events ee1_0 
    where
        ee1_0.status=? 
        and ee1_0.next_retry_at<=? 
    order by
        ee1_0.occurred_at 
    fetch
        first ? rows only
2026-03-04 18:46:22 [scheduler-5] TRACE [] [ ] [] org.hibernate.orm.jdbc.bind - binding parameter (1:VARCHAR) <- [PENDING]
2026-03-04 18:46:22 [scheduler-5] TRACE [] [ ] [] org.hibernate.orm.jdbc.bind - binding parameter (2:TIMESTAMP_UTC) <- [2026-03-04T21:46:22.435356500Z]
2026-03-04 18:46:22 [scheduler-5] TRACE [] [ ] [] org.hibernate.orm.jdbc.bind - binding parameter (3:INTEGER) <- [50]
2026-03-04 18:46:22 [main] INFO  [] [ ] [] c.l.b.r.lead.LeadRepositoryTest - Started LeadRepositoryTest in 0.664 seconds (process running for 75.951)
2026-03-04 18:46:22 [main] DEBUG [] [ ] [] c.l.b.m.context.TenantContext - Tenant set to: public
2026-03-04 18:46:22 [main] DEBUG [] [ ] [] org.hibernate.SQL - 
    select
        r1_0.id,
        r1_0.created_at,
        r1_0.name,
        r1_0.updated_at 
    from
        public.roles r1_0 
    where
        upper(r1_0.name)=upper(?)
Hibernate: 
    select
        r1_0.id,
        r1_0.created_at,
        r1_0.name,
        r1_0.updated_at 
    from
        public.roles r1_0 
    where
        upper(r1_0.name)=upper(?)
2026-03-04 18:46:22 [main] TRACE [] [ ] [] org.hibernate.orm.jdbc.bind - binding parameter (1:VARCHAR) <- [ROLE_USER]
2026-03-04 18:46:22 [main] DEBUG [] [ ] [] org.hibernate.SQL - 
    insert 
    into
        public.roles
        (created_at, name, updated_at, id) 
    values
        (?, ?, ?, ?)
Hibernate: 
    insert 
    into
        public.roles
        (created_at, name, updated_at, id) 
    values
        (?, ?, ?, ?)
2026-03-04 18:46:22 [main] TRACE [] [ ] [] org.hibernate.orm.jdbc.bind - binding parameter (1:TIMESTAMP) <- [2026-03-04T18:46:22.593477]
2026-03-04 18:46:22 [main] TRACE [] [ ] [] org.hibernate.orm.jdbc.bind - binding parameter (2:VARCHAR) <- [ROLE_USER]
2026-03-04 18:46:22 [main] TRACE [] [ ] [] org.hibernate.orm.jdbc.bind - binding parameter (3:TIMESTAMP) <- [2026-03-04T18:46:22.593477]
2026-03-04 18:46:22 [main] TRACE [] [ ] [] org.hibernate.orm.jdbc.bind - binding parameter (4:UUID) <- [2952b48c-d0be-46b1-a4b7-4e21019a9283]
2026-03-04 18:46:22 [main] DEBUG [] [ ] [] org.hibernate.SQL - 
    insert 
    into
        users
        (created_at, credentials_updated_at, deleted_at, email, failed_attempts, lock_until, name, password, role_id, updated_at, id) 
    values
        (?, ?, ?, ?, ?, ?, ?, ?, ?, ?, ?)
Hibernate: 
    insert 
    into
        users
        (created_at, credentials_updated_at, deleted_at, email, failed_attempts, lock_until, name, password, role_id, updated_at, id) 
    values
        (?, ?, ?, ?, ?, ?, ?, ?, ?, ?, ?)
2026-03-04 18:46:22 [main] TRACE [] [ ] [] org.hibernate.orm.jdbc.bind - binding parameter (1:TIMESTAMP) <- [2026-03-04T18:46:22.596655]
2026-03-04 18:46:22 [main] TRACE [] [ ] [] org.hibernate.orm.jdbc.bind - binding parameter (2:TIMESTAMP) <- [2026-03-04T18:46:22.595601800]
2026-03-04 18:46:22 [main] TRACE [] [ ] [] org.hibernate.orm.jdbc.bind - binding parameter (3:TIMESTAMP) <- [null]
2026-03-04 18:46:22 [main] TRACE [] [ ] [] org.hibernate.orm.jdbc.bind - binding parameter (4:VARCHAR) <- [user_2347d380-461f-4464-bb37-cad3b9697782@example.com]
2026-03-04 18:46:22 [main] TRACE [] [ ] [] org.hibernate.orm.jdbc.bind - binding parameter (5:INTEGER) <- [0]
2026-03-04 18:46:22 [main] TRACE [] [ ] [] org.hibernate.orm.jdbc.bind - binding parameter (6:TIMESTAMP) <- [null]
2026-03-04 18:46:22 [main] TRACE [] [ ] [] org.hibernate.orm.jdbc.bind - binding parameter (7:VARCHAR) <- [Test User]
2026-03-04 18:46:22 [main] TRACE [] [ ] [] org.hibernate.orm.jdbc.bind - binding parameter (8:VARCHAR) <- [password]
2026-03-04 18:46:22 [main] TRACE [] [ ] [] org.hibernate.orm.jdbc.bind - binding parameter (9:UUID) <- [2952b48c-d0be-46b1-a4b7-4e21019a9283]
2026-03-04 18:46:22 [main] TRACE [] [ ] [] org.hibernate.orm.jdbc.bind - binding parameter (10:TIMESTAMP) <- [2026-03-04T18:46:22.596655]
2026-03-04 18:46:22 [main] TRACE [] [ ] [] org.hibernate.orm.jdbc.bind - binding parameter (11:UUID) <- [099a278b-6a61-4797-b88a-c3e145e1ebb0]
2026-03-04 18:46:22 [main] DEBUG [] [ ] [] org.hibernate.SQL - 
    insert 
    into
        leads
        (created_at, deleted_at, email, name, phone, status, updated_at, user_id, id) 
    values
        (?, ?, ?, ?, ?, ?, ?, ?, ?)
Hibernate: 
    insert 
    into
        leads
        (created_at, deleted_at, email, name, phone, status, updated_at, user_id, id) 
    values
        (?, ?, ?, ?, ?, ?, ?, ?, ?)
2026-03-04 18:46:22 [main] TRACE [] [ ] [] org.hibernate.orm.jdbc.bind - binding parameter (1:TIMESTAMP) <- [2026-03-04T18:46:22.600355]
2026-03-04 18:46:22 [main] TRACE [] [ ] [] org.hibernate.orm.jdbc.bind - binding parameter (2:TIMESTAMP) <- [null]
2026-03-04 18:46:22 [main] TRACE [] [ ] [] org.hibernate.orm.jdbc.bind - binding parameter (3:VARCHAR) <- [lead1_9d7fb3e2-5745-49d5-887a-9552e18d9f3a@example.com]
2026-03-04 18:46:22 [main] TRACE [] [ ] [] org.hibernate.orm.jdbc.bind - binding parameter (4:VARCHAR) <- [Lead 1]
2026-03-04 18:46:22 [main] TRACE [] [ ] [] org.hibernate.orm.jdbc.bind - binding parameter (5:VARCHAR) <- [123]
2026-03-04 18:46:22 [main] TRACE [] [ ] [] org.hibernate.orm.jdbc.bind - binding parameter (6:VARCHAR) <- [NEW]
2026-03-04 18:46:22 [main] TRACE [] [ ] [] org.hibernate.orm.jdbc.bind - binding parameter (7:TIMESTAMP) <- [2026-03-04T18:46:22.600355]
2026-03-04 18:46:22 [main] TRACE [] [ ] [] org.hibernate.orm.jdbc.bind - binding parameter (8:UUID) <- [099a278b-6a61-4797-b88a-c3e145e1ebb0]
2026-03-04 18:46:22 [main] TRACE [] [ ] [] org.hibernate.orm.jdbc.bind - binding parameter (9:UUID) <- [cdb0a098-f25e-4397-9319-57cbbeaf55e7]
2026-03-04 18:46:22 [main] DEBUG [] [ ] [] org.hibernate.SQL - 
    insert 
    into
        leads
        (created_at, deleted_at, email, name, phone, status, updated_at, user_id, id) 
    values
        (?, ?, ?, ?, ?, ?, ?, ?, ?)
Hibernate: 
    insert 
    into
        leads
        (created_at, deleted_at, email, name, phone, status, updated_at, user_id, id) 
    values
        (?, ?, ?, ?, ?, ?, ?, ?, ?)
2026-03-04 18:46:22 [main] TRACE [] [ ] [] org.hibernate.orm.jdbc.bind - binding parameter (1:TIMESTAMP) <- [2026-03-04T18:46:22.602953]
2026-03-04 18:46:22 [main] TRACE [] [ ] [] org.hibernate.orm.jdbc.bind - binding parameter (2:TIMESTAMP) <- [null]
2026-03-04 18:46:22 [main] TRACE [] [ ] [] org.hibernate.orm.jdbc.bind - binding parameter (3:VARCHAR) <- [lead2_ad60a1a6-8d1b-42da-8b65-0009d4491564@example.com]
2026-03-04 18:46:22 [main] TRACE [] [ ] [] org.hibernate.orm.jdbc.bind - binding parameter (4:VARCHAR) <- [Lead 2]
2026-03-04 18:46:22 [main] TRACE [] [ ] [] org.hibernate.orm.jdbc.bind - binding parameter (5:VARCHAR) <- [456]
2026-03-04 18:46:22 [main] TRACE [] [ ] [] org.hibernate.orm.jdbc.bind - binding parameter (6:VARCHAR) <- [NEW]
2026-03-04 18:46:22 [main] TRACE [] [ ] [] org.hibernate.orm.jdbc.bind - binding parameter (7:TIMESTAMP) <- [2026-03-04T18:46:22.602953]
2026-03-04 18:46:22 [main] TRACE [] [ ] [] org.hibernate.orm.jdbc.bind - binding parameter (8:UUID) <- [099a278b-6a61-4797-b88a-c3e145e1ebb0]
2026-03-04 18:46:22 [main] TRACE [] [ ] [] org.hibernate.orm.jdbc.bind - binding parameter (9:UUID) <- [b513a179-9dcc-43aa-ac01-06ef4761aed1]
2026-03-04 18:46:22 [main] DEBUG [] [ ] [] org.hibernate.SQL - 
    select
        l1_0.id,
        l1_0.created_at,
        l1_0.deleted_at,
        l1_0.email,
        l1_0.name,
        l1_0.phone,
        l1_0.status,
        l1_0.updated_at,
        l1_0.user_id 
    from
        leads l1_0 
    where
        l1_0.user_id=? 
        and l1_0.deleted_at is null
Hibernate: 
    select
        l1_0.id,
        l1_0.created_at,
        l1_0.deleted_at,
        l1_0.email,
        l1_0.name,
        l1_0.phone,
        l1_0.status,
        l1_0.updated_at,
        l1_0.user_id 
    from
        leads l1_0 
    where
        l1_0.user_id=? 
        and l1_0.deleted_at is null
2026-03-04 18:46:22 [main] TRACE [] [ ] [] org.hibernate.orm.jdbc.bind - binding parameter (1:UUID) <- [099a278b-6a61-4797-b88a-c3e145e1ebb0]
2026-03-04 18:46:22 [main] DEBUG [] [ ] [] c.l.b.m.context.TenantContext - Tenant context cleared.
2026-03-04 18:46:22 [main] DEBUG [] [ ] [] c.l.b.m.context.TenantContext - Tenant set to: public
2026-03-04 18:46:22 [main] DEBUG [] [ ] [] org.hibernate.SQL - 
    select
        r1_0.id,
        r1_0.created_at,
        r1_0.name,
        r1_0.updated_at 
    from
        public.roles r1_0 
    where
        upper(r1_0.name)=upper(?)
Hibernate: 
    select
        r1_0.id,
        r1_0.created_at,
        r1_0.name,
        r1_0.updated_at 
    from
        public.roles r1_0 
    where
        upper(r1_0.name)=upper(?)
2026-03-04 18:46:22 [main] TRACE [] [ ] [] org.hibernate.orm.jdbc.bind - binding parameter (1:VARCHAR) <- [ROLE_USER]
2026-03-04 18:46:22 [main] DEBUG [] [ ] [] org.hibernate.SQL - 
    insert 
    into
        public.roles
        (created_at, name, updated_at, id) 
    values
        (?, ?, ?, ?)
Hibernate: 
    insert 
    into
        public.roles
        (created_at, name, updated_at, id) 
    values
        (?, ?, ?, ?)
2026-03-04 18:46:22 [main] TRACE [] [ ] [] org.hibernate.orm.jdbc.bind - binding parameter (1:TIMESTAMP) <- [2026-03-04T18:46:22.628070]
2026-03-04 18:46:22 [main] TRACE [] [ ] [] org.hibernate.orm.jdbc.bind - binding parameter (2:VARCHAR) <- [ROLE_USER]
2026-03-04 18:46:22 [main] TRACE [] [ ] [] org.hibernate.orm.jdbc.bind - binding parameter (3:TIMESTAMP) <- [2026-03-04T18:46:22.628070]
2026-03-04 18:46:22 [main] TRACE [] [ ] [] org.hibernate.orm.jdbc.bind - binding parameter (4:UUID) <- [080cfd41-dc09-4269-9e97-fcecae951872]
2026-03-04 18:46:22 [main] DEBUG [] [ ] [] org.hibernate.SQL - 
    insert 
    into
        users
        (created_at, credentials_updated_at, deleted_at, email, failed_attempts, lock_until, name, password, role_id, updated_at, id) 
    values
        (?, ?, ?, ?, ?, ?, ?, ?, ?, ?, ?)
Hibernate: 
    insert 
    into
        users
        (created_at, credentials_updated_at, deleted_at, email, failed_attempts, lock_until, name, password, role_id, updated_at, id) 
    values
        (?, ?, ?, ?, ?, ?, ?, ?, ?, ?, ?)
2026-03-04 18:46:22 [main] TRACE [] [ ] [] org.hibernate.orm.jdbc.bind - binding parameter (1:TIMESTAMP) <- [2026-03-04T18:46:22.630702]
2026-03-04 18:46:22 [main] TRACE [] [ ] [] org.hibernate.orm.jdbc.bind - binding parameter (2:TIMESTAMP) <- [2026-03-04T18:46:22.630177500]
2026-03-04 18:46:22 [main] TRACE [] [ ] [] org.hibernate.orm.jdbc.bind - binding parameter (3:TIMESTAMP) <- [null]
2026-03-04 18:46:22 [main] TRACE [] [ ] [] org.hibernate.orm.jdbc.bind - binding parameter (4:VARCHAR) <- [user_99690ab9-3c1d-4e5e-bd80-c0e2fc4bafb5@example.com]
2026-03-04 18:46:22 [main] TRACE [] [ ] [] org.hibernate.orm.jdbc.bind - binding parameter (5:INTEGER) <- [0]
2026-03-04 18:46:22 [main] TRACE [] [ ] [] org.hibernate.orm.jdbc.bind - binding parameter (6:TIMESTAMP) <- [null]
2026-03-04 18:46:22 [main] TRACE [] [ ] [] org.hibernate.orm.jdbc.bind - binding parameter (7:VARCHAR) <- [Test User]
2026-03-04 18:46:22 [main] TRACE [] [ ] [] org.hibernate.orm.jdbc.bind - binding parameter (8:VARCHAR) <- [password]
2026-03-04 18:46:22 [main] TRACE [] [ ] [] org.hibernate.orm.jdbc.bind - binding parameter (9:UUID) <- [080cfd41-dc09-4269-9e97-fcecae951872]
2026-03-04 18:46:22 [main] TRACE [] [ ] [] org.hibernate.orm.jdbc.bind - binding parameter (10:TIMESTAMP) <- [2026-03-04T18:46:22.630702]
2026-03-04 18:46:22 [main] TRACE [] [ ] [] org.hibernate.orm.jdbc.bind - binding parameter (11:UUID) <- [c97c3002-8af9-46fd-99cc-f34d68925316]
2026-03-04 18:46:22 [main] DEBUG [] [ ] [] org.hibernate.SQL - 
    insert 
    into
        leads
        (created_at, deleted_at, email, name, phone, status, updated_at, user_id, id) 
    values
        (?, ?, ?, ?, ?, ?, ?, ?, ?)
Hibernate: 
    insert 
    into
        leads
        (created_at, deleted_at, email, name, phone, status, updated_at, user_id, id) 
    values
        (?, ?, ?, ?, ?, ?, ?, ?, ?)
2026-03-04 18:46:22 [main] TRACE [] [ ] [] org.hibernate.orm.jdbc.bind - binding parameter (1:TIMESTAMP) <- [2026-03-04T18:46:22.633351]
2026-03-04 18:46:22 [main] TRACE [] [ ] [] org.hibernate.orm.jdbc.bind - binding parameter (2:TIMESTAMP) <- [null]
2026-03-04 18:46:22 [main] TRACE [] [ ] [] org.hibernate.orm.jdbc.bind - binding parameter (3:VARCHAR) <- [soft_295b8978-bddd-474b-b931-36856ef9c845@example.com]
2026-03-04 18:46:22 [main] TRACE [] [ ] [] org.hibernate.orm.jdbc.bind - binding parameter (4:VARCHAR) <- [Lead]
2026-03-04 18:46:22 [main] TRACE [] [ ] [] org.hibernate.orm.jdbc.bind - binding parameter (5:VARCHAR) <- [123456789]
2026-03-04 18:46:22 [main] TRACE [] [ ] [] org.hibernate.orm.jdbc.bind - binding parameter (6:VARCHAR) <- [NEW]
2026-03-04 18:46:22 [main] TRACE [] [ ] [] org.hibernate.orm.jdbc.bind - binding parameter (7:TIMESTAMP) <- [2026-03-04T18:46:22.633351]
2026-03-04 18:46:22 [main] TRACE [] [ ] [] org.hibernate.orm.jdbc.bind - binding parameter (8:UUID) <- [c97c3002-8af9-46fd-99cc-f34d68925316]
2026-03-04 18:46:22 [main] TRACE [] [ ] [] org.hibernate.orm.jdbc.bind - binding parameter (9:UUID) <- [e6b3fc96-1e17-464d-9dd8-cc452534f350]
2026-03-04 18:46:22 [main] DEBUG [] [ ] [] org.hibernate.SQL - 
    update
        leads 
    set
        deleted_at=?,
        email=?,
        name=?,
        phone=?,
        status=?,
        updated_at=?,
        user_id=? 
    where
        id=?
Hibernate: 
    update
        leads 
    set
        deleted_at=?,
        email=?,
        name=?,
        phone=?,
        status=?,
        updated_at=?,
        user_id=? 
    where
        id=?
2026-03-04 18:46:22 [main] TRACE [] [ ] [] org.hibernate.orm.jdbc.bind - binding parameter (1:TIMESTAMP) <- [2026-03-04T18:46:22.635464300]
2026-03-04 18:46:22 [main] TRACE [] [ ] [] org.hibernate.orm.jdbc.bind - binding parameter (2:VARCHAR) <- [soft_295b8978-bddd-474b-b931-36856ef9c845@example.com]
2026-03-04 18:46:22 [main] TRACE [] [ ] [] org.hibernate.orm.jdbc.bind - binding parameter (3:VARCHAR) <- [Lead]
2026-03-04 18:46:22 [main] TRACE [] [ ] [] org.hibernate.orm.jdbc.bind - binding parameter (4:VARCHAR) <- [123456789]
2026-03-04 18:46:22 [main] TRACE [] [ ] [] org.hibernate.orm.jdbc.bind - binding parameter (5:VARCHAR) <- [NEW]
2026-03-04 18:46:22 [main] TRACE [] [ ] [] org.hibernate.orm.jdbc.bind - binding parameter (6:TIMESTAMP) <- [2026-03-04T18:46:22.635464]
2026-03-04 18:46:22 [main] TRACE [] [ ] [] org.hibernate.orm.jdbc.bind - binding parameter (7:UUID) <- [c97c3002-8af9-46fd-99cc-f34d68925316]
2026-03-04 18:46:22 [main] TRACE [] [ ] [] org.hibernate.orm.jdbc.bind - binding parameter (8:UUID) <- [e6b3fc96-1e17-464d-9dd8-cc452534f350]
2026-03-04 18:46:22 [main] DEBUG [] [ ] [] org.hibernate.SQL - 
    select
        l1_0.id,
        l1_0.created_at,
        l1_0.deleted_at,
        l1_0.email,
        l1_0.name,
        l1_0.phone,
        l1_0.status,
        l1_0.updated_at,
        l1_0.user_id 
    from
        leads l1_0 
    where
        l1_0.user_id=? 
        and l1_0.deleted_at is null
Hibernate: 
    select
        l1_0.id,
        l1_0.created_at,
        l1_0.deleted_at,
        l1_0.email,
        l1_0.name,
        l1_0.phone,
        l1_0.status,
        l1_0.updated_at,
        l1_0.user_id 
    from
        leads l1_0 
    where
        l1_0.user_id=? 
        and l1_0.deleted_at is null
2026-03-04 18:46:22 [main] TRACE [] [ ] [] org.hibernate.orm.jdbc.bind - binding parameter (1:UUID) <- [c97c3002-8af9-46fd-99cc-f34d68925316]
2026-03-04 18:46:22 [main] DEBUG [] [ ] [] c.l.b.m.context.TenantContext - Tenant context cleared.
2026-03-04 18:46:22 [main] DEBUG [] [ ] [] c.l.b.m.context.TenantContext - Tenant set to: public
2026-03-04 18:46:22 [main] DEBUG [] [ ] [] org.hibernate.SQL - 
    select
        r1_0.id,
        r1_0.created_at,
        r1_0.name,
        r1_0.updated_at 
    from
        public.roles r1_0 
    where
        upper(r1_0.name)=upper(?)
Hibernate: 
    select
        r1_0.id,
        r1_0.created_at,
        r1_0.name,
        r1_0.updated_at 
    from
        public.roles r1_0 
    where
        upper(r1_0.name)=upper(?)
2026-03-04 18:46:22 [main] TRACE [] [ ] [] org.hibernate.orm.jdbc.bind - binding parameter (1:VARCHAR) <- [ROLE_USER]
2026-03-04 18:46:22 [main] DEBUG [] [ ] [] org.hibernate.SQL - 
    insert 
    into
        public.roles
        (created_at, name, updated_at, id) 
    values
        (?, ?, ?, ?)
Hibernate: 
    insert 
    into
        public.roles
        (created_at, name, updated_at, id) 
    values
        (?, ?, ?, ?)
2026-03-04 18:46:22 [main] TRACE [] [ ] [] org.hibernate.orm.jdbc.bind - binding parameter (1:TIMESTAMP) <- [2026-03-04T18:46:22.648898]
2026-03-04 18:46:22 [main] TRACE [] [ ] [] org.hibernate.orm.jdbc.bind - binding parameter (2:VARCHAR) <- [ROLE_USER]
2026-03-04 18:46:22 [main] TRACE [] [ ] [] org.hibernate.orm.jdbc.bind - binding parameter (3:TIMESTAMP) <- [2026-03-04T18:46:22.648898]
2026-03-04 18:46:22 [main] TRACE [] [ ] [] org.hibernate.orm.jdbc.bind - binding parameter (4:UUID) <- [d0e6afee-6202-4727-a231-9f831d061074]
2026-03-04 18:46:22 [main] DEBUG [] [ ] [] org.hibernate.SQL - 
    insert 
    into
        users
        (created_at, credentials_updated_at, deleted_at, email, failed_attempts, lock_until, name, password, role_id, updated_at, id) 
    values
        (?, ?, ?, ?, ?, ?, ?, ?, ?, ?, ?)
Hibernate: 
    insert 
    into
        users
        (created_at, credentials_updated_at, deleted_at, email, failed_attempts, lock_until, name, password, role_id, updated_at, id) 
    values
        (?, ?, ?, ?, ?, ?, ?, ?, ?, ?, ?)
2026-03-04 18:46:22 [main] TRACE [] [ ] [] org.hibernate.orm.jdbc.bind - binding parameter (1:TIMESTAMP) <- [2026-03-04T18:46:22.650488]
2026-03-04 18:46:22 [main] TRACE [] [ ] [] org.hibernate.orm.jdbc.bind - binding parameter (2:TIMESTAMP) <- [2026-03-04T18:46:22.650488400]
2026-03-04 18:46:22 [main] TRACE [] [ ] [] org.hibernate.orm.jdbc.bind - binding parameter (3:TIMESTAMP) <- [null]
2026-03-04 18:46:22 [main] TRACE [] [ ] [] org.hibernate.orm.jdbc.bind - binding parameter (4:VARCHAR) <- [user_a6fe1da5-2fbc-413e-a17d-1ff07a84bd5c@example.com]
2026-03-04 18:46:22 [main] TRACE [] [ ] [] org.hibernate.orm.jdbc.bind - binding parameter (5:INTEGER) <- [0]
2026-03-04 18:46:22 [main] TRACE [] [ ] [] org.hibernate.orm.jdbc.bind - binding parameter (6:TIMESTAMP) <- [null]
2026-03-04 18:46:22 [main] TRACE [] [ ] [] org.hibernate.orm.jdbc.bind - binding parameter (7:VARCHAR) <- [Test User]
2026-03-04 18:46:22 [main] TRACE [] [ ] [] org.hibernate.orm.jdbc.bind - binding parameter (8:VARCHAR) <- [password]
2026-03-04 18:46:22 [main] TRACE [] [ ] [] org.hibernate.orm.jdbc.bind - binding parameter (9:UUID) <- [d0e6afee-6202-4727-a231-9f831d061074]
2026-03-04 18:46:22 [main] TRACE [] [ ] [] org.hibernate.orm.jdbc.bind - binding parameter (10:TIMESTAMP) <- [2026-03-04T18:46:22.650488]
2026-03-04 18:46:22 [main] TRACE [] [ ] [] org.hibernate.orm.jdbc.bind - binding parameter (11:UUID) <- [fc3537c4-a8ef-4aef-915a-4157b2b28e1e]
2026-03-04 18:46:22 [main] DEBUG [] [ ] [] org.hibernate.SQL - 
    insert 
    into
        leads
        (created_at, deleted_at, email, name, phone, status, updated_at, user_id, id) 
    values
        (?, ?, ?, ?, ?, ?, ?, ?, ?)
Hibernate: 
    insert 
    into
        leads
        (created_at, deleted_at, email, name, phone, status, updated_at, user_id, id) 
    values
        (?, ?, ?, ?, ?, ?, ?, ?, ?)
2026-03-04 18:46:22 [main] TRACE [] [ ] [] org.hibernate.orm.jdbc.bind - binding parameter (1:TIMESTAMP) <- [2026-03-04T18:46:22.653011]
2026-03-04 18:46:22 [main] TRACE [] [ ] [] org.hibernate.orm.jdbc.bind - binding parameter (2:TIMESTAMP) <- [null]
2026-03-04 18:46:22 [main] TRACE [] [ ] [] org.hibernate.orm.jdbc.bind - binding parameter (3:VARCHAR) <- [lead_00853cfc-a367-4c3c-99a3-a8cb4fec0935@example.com]
2026-03-04 18:46:22 [main] TRACE [] [ ] [] org.hibernate.orm.jdbc.bind - binding parameter (4:VARCHAR) <- [Test Lead]
2026-03-04 18:46:22 [main] TRACE [] [ ] [] org.hibernate.orm.jdbc.bind - binding parameter (5:VARCHAR) <- [123456789]
2026-03-04 18:46:22 [main] TRACE [] [ ] [] org.hibernate.orm.jdbc.bind - binding parameter (6:VARCHAR) <- [NEW]
2026-03-04 18:46:22 [main] TRACE [] [ ] [] org.hibernate.orm.jdbc.bind - binding parameter (7:TIMESTAMP) <- [2026-03-04T18:46:22.653011]
2026-03-04 18:46:22 [main] TRACE [] [ ] [] org.hibernate.orm.jdbc.bind - binding parameter (8:UUID) <- [fc3537c4-a8ef-4aef-915a-4157b2b28e1e]
2026-03-04 18:46:22 [main] TRACE [] [ ] [] org.hibernate.orm.jdbc.bind - binding parameter (9:UUID) <- [5c15fa80-a86e-44ed-a8de-f1ee4174a026]
2026-03-04 18:46:22 [main] DEBUG [] [ ] [] c.l.b.m.context.TenantContext - Tenant context cleared.
2026-03-04 18:46:22 [main] DEBUG [] [ ] [] c.l.b.m.context.TenantContext - Tenant set to: public
2026-03-04 18:46:22 [main] DEBUG [] [ ] [] org.hibernate.SQL - 
    select
        r1_0.id,
        r1_0.created_at,
        r1_0.name,
        r1_0.updated_at 
    from
        public.roles r1_0 
    where
        upper(r1_0.name)=upper(?)
Hibernate: 
    select
        r1_0.id,
        r1_0.created_at,
        r1_0.name,
        r1_0.updated_at 
    from
        public.roles r1_0 
    where
        upper(r1_0.name)=upper(?)
2026-03-04 18:46:22 [main] TRACE [] [ ] [] org.hibernate.orm.jdbc.bind - binding parameter (1:VARCHAR) <- [ROLE_USER]
2026-03-04 18:46:22 [main] DEBUG [] [ ] [] org.hibernate.SQL - 
    insert 
    into
        public.roles
        (created_at, name, updated_at, id) 
    values
        (?, ?, ?, ?)
Hibernate: 
    insert 
    into
        public.roles
        (created_at, name, updated_at, id) 
    values
        (?, ?, ?, ?)
2026-03-04 18:46:22 [main] TRACE [] [ ] [] org.hibernate.orm.jdbc.bind - binding parameter (1:TIMESTAMP) <- [2026-03-04T18:46:22.665519]
2026-03-04 18:46:22 [main] TRACE [] [ ] [] org.hibernate.orm.jdbc.bind - binding parameter (2:VARCHAR) <- [ROLE_USER]
2026-03-04 18:46:22 [main] TRACE [] [ ] [] org.hibernate.orm.jdbc.bind - binding parameter (3:TIMESTAMP) <- [2026-03-04T18:46:22.665519]
2026-03-04 18:46:22 [main] TRACE [] [ ] [] org.hibernate.orm.jdbc.bind - binding parameter (4:UUID) <- [d66de771-0883-40d6-b7ca-e96fd32c95be]
2026-03-04 18:46:22 [main] DEBUG [] [ ] [] org.hibernate.SQL - 
    insert 
    into
        users
        (created_at, credentials_updated_at, deleted_at, email, failed_attempts, lock_until, name, password, role_id, updated_at, id) 
    values
        (?, ?, ?, ?, ?, ?, ?, ?, ?, ?, ?)
Hibernate: 
    insert 
    into
        users
        (created_at, credentials_updated_at, deleted_at, email, failed_attempts, lock_until, name, password, role_id, updated_at, id) 
    values
        (?, ?, ?, ?, ?, ?, ?, ?, ?, ?, ?)
2026-03-04 18:46:22 [main] TRACE [] [ ] [] org.hibernate.orm.jdbc.bind - binding parameter (1:TIMESTAMP) <- [2026-03-04T18:46:22.667642]
2026-03-04 18:46:22 [main] TRACE [] [ ] [] org.hibernate.orm.jdbc.bind - binding parameter (2:TIMESTAMP) <- [2026-03-04T18:46:22.667110300]
2026-03-04 18:46:22 [main] TRACE [] [ ] [] org.hibernate.orm.jdbc.bind - binding parameter (3:TIMESTAMP) <- [null]
2026-03-04 18:46:22 [main] TRACE [] [ ] [] org.hibernate.orm.jdbc.bind - binding parameter (4:VARCHAR) <- [user_a36c2637-3f75-4a2d-b0cd-5ead9316adc1@example.com]
2026-03-04 18:46:22 [main] TRACE [] [ ] [] org.hibernate.orm.jdbc.bind - binding parameter (5:INTEGER) <- [0]
2026-03-04 18:46:22 [main] TRACE [] [ ] [] org.hibernate.orm.jdbc.bind - binding parameter (6:TIMESTAMP) <- [null]
2026-03-04 18:46:22 [main] TRACE [] [ ] [] org.hibernate.orm.jdbc.bind - binding parameter (7:VARCHAR) <- [Test User]
2026-03-04 18:46:22 [main] TRACE [] [ ] [] org.hibernate.orm.jdbc.bind - binding parameter (8:VARCHAR) <- [password]
2026-03-04 18:46:22 [main] TRACE [] [ ] [] org.hibernate.orm.jdbc.bind - binding parameter (9:UUID) <- [d66de771-0883-40d6-b7ca-e96fd32c95be]
2026-03-04 18:46:22 [main] TRACE [] [ ] [] org.hibernate.orm.jdbc.bind - binding parameter (10:TIMESTAMP) <- [2026-03-04T18:46:22.667642]
2026-03-04 18:46:22 [main] TRACE [] [ ] [] org.hibernate.orm.jdbc.bind - binding parameter (11:UUID) <- [213b3379-86f7-49bc-9adf-0c0af45635ae]
2026-03-04 18:46:22 [main] DEBUG [] [ ] [] org.hibernate.SQL - 
    insert 
    into
        leads
        (created_at, deleted_at, email, name, phone, status, updated_at, user_id, id) 
    values
        (?, ?, ?, ?, ?, ?, ?, ?, ?)
Hibernate: 
    insert 
    into
        leads
        (created_at, deleted_at, email, name, phone, status, updated_at, user_id, id) 
    values
        (?, ?, ?, ?, ?, ?, ?, ?, ?)
2026-03-04 18:46:22 [main] TRACE [] [ ] [] org.hibernate.orm.jdbc.bind - binding parameter (1:TIMESTAMP) <- [2026-03-04T18:46:22.670333]
2026-03-04 18:46:22 [main] TRACE [] [ ] [] org.hibernate.orm.jdbc.bind - binding parameter (2:TIMESTAMP) <- [null]
2026-03-04 18:46:22 [main] TRACE [] [ ] [] org.hibernate.orm.jdbc.bind - binding parameter (3:VARCHAR) <- [duplicate_e3c06dcb-0097-4645-a17b-92b23434a698@example.com]
2026-03-04 18:46:22 [main] TRACE [] [ ] [] org.hibernate.orm.jdbc.bind - binding parameter (4:VARCHAR) <- [Lead 1]
2026-03-04 18:46:22 [main] TRACE [] [ ] [] org.hibernate.orm.jdbc.bind - binding parameter (5:VARCHAR) <- [111]
2026-03-04 18:46:22 [main] TRACE [] [ ] [] org.hibernate.orm.jdbc.bind - binding parameter (6:VARCHAR) <- [NEW]
2026-03-04 18:46:22 [main] TRACE [] [ ] [] org.hibernate.orm.jdbc.bind - binding parameter (7:TIMESTAMP) <- [2026-03-04T18:46:22.670333]
2026-03-04 18:46:22 [main] TRACE [] [ ] [] org.hibernate.orm.jdbc.bind - binding parameter (8:UUID) <- [213b3379-86f7-49bc-9adf-0c0af45635ae]
2026-03-04 18:46:22 [main] TRACE [] [ ] [] org.hibernate.orm.jdbc.bind - binding parameter (9:UUID) <- [a81320bc-ad0f-4658-b3c4-cfd3888217c4]
2026-03-04 18:46:22 [main] DEBUG [] [ ] [] org.hibernate.SQL - 
    insert 
    into
        leads
        (created_at, deleted_at, email, name, phone, status, updated_at, user_id, id) 
    values
        (?, ?, ?, ?, ?, ?, ?, ?, ?)
Hibernate: 
    insert 
    into
        leads
        (created_at, deleted_at, email, name, phone, status, updated_at, user_id, id) 
    values
        (?, ?, ?, ?, ?, ?, ?, ?, ?)
2026-03-04 18:46:22 [main] TRACE [] [ ] [] org.hibernate.orm.jdbc.bind - binding parameter (1:TIMESTAMP) <- [2026-03-04T18:46:22.672931]
2026-03-04 18:46:22 [main] TRACE [] [ ] [] org.hibernate.orm.jdbc.bind - binding parameter (2:TIMESTAMP) <- [null]
2026-03-04 18:46:22 [main] TRACE [] [ ] [] org.hibernate.orm.jdbc.bind - binding parameter (3:VARCHAR) <- [duplicate_e3c06dcb-0097-4645-a17b-92b23434a698@example.com]
2026-03-04 18:46:22 [main] TRACE [] [ ] [] org.hibernate.orm.jdbc.bind - binding parameter (4:VARCHAR) <- [Lead 2]
2026-03-04 18:46:22 [main] TRACE [] [ ] [] org.hibernate.orm.jdbc.bind - binding parameter (5:VARCHAR) <- [222]
2026-03-04 18:46:22 [main] TRACE [] [ ] [] org.hibernate.orm.jdbc.bind - binding parameter (6:VARCHAR) <- [NEW]
2026-03-04 18:46:22 [main] TRACE [] [ ] [] org.hibernate.orm.jdbc.bind - binding parameter (7:TIMESTAMP) <- [2026-03-04T18:46:22.672931]
2026-03-04 18:46:22 [main] TRACE [] [ ] [] org.hibernate.orm.jdbc.bind - binding parameter (8:UUID) <- [213b3379-86f7-49bc-9adf-0c0af45635ae]
2026-03-04 18:46:22 [main] TRACE [] [ ] [] org.hibernate.orm.jdbc.bind - binding parameter (9:UUID) <- [e965c543-9787-4268-bd5d-cb8b0a1b0743]
2026-03-04 18:46:22 [main] WARN  [] [ ] [] o.h.e.jdbc.spi.SqlExceptionHelper - SQL Error: 0, SQLState: 23505
2026-03-04 18:46:22 [main] ERROR [] [ ] [] o.h.e.jdbc.spi.SqlExceptionHelper - ERROR: duplicate key value violates unique constraint "uk_leads_email_user"
  Detalhe: Key (email, user_id)=(duplicate_e3c06dcb-0097-4645-a17b-92b23434a698@example.com, 213b3379-86f7-49bc-9adf-0c0af45635ae) already exists.
2026-03-04 18:46:22 [main] DEBUG [] [ ] [] c.l.b.m.context.TenantContext - Tenant context cleared.
2026-03-04 18:46:22 [main] DEBUG [] [ ] [] c.l.b.m.context.TenantContext - Tenant set to: public
2026-03-04 18:46:22 [main] DEBUG [] [ ] [] org.hibernate.SQL - 
    select
        r1_0.id,
        r1_0.created_at,
        r1_0.name,
        r1_0.updated_at 
    from
        public.roles r1_0 
    where
        upper(r1_0.name)=upper(?)
Hibernate: 
    select
        r1_0.id,
        r1_0.created_at,
        r1_0.name,
        r1_0.updated_at 
    from
        public.roles r1_0 
    where
        upper(r1_0.name)=upper(?)
2026-03-04 18:46:22 [main] TRACE [] [ ] [] org.hibernate.orm.jdbc.bind - binding parameter (1:VARCHAR) <- [ROLE_USER]
2026-03-04 18:46:22 [main] DEBUG [] [ ] [] org.hibernate.SQL - 
    insert 
    into
        public.roles
        (created_at, name, updated_at, id) 
    values
        (?, ?, ?, ?)
Hibernate: 
    insert 
    into
        public.roles
        (created_at, name, updated_at, id) 
    values
        (?, ?, ?, ?)
2026-03-04 18:46:22 [main] TRACE [] [ ] [] org.hibernate.orm.jdbc.bind - binding parameter (1:TIMESTAMP) <- [2026-03-04T18:46:22.696197]
2026-03-04 18:46:22 [main] TRACE [] [ ] [] org.hibernate.orm.jdbc.bind - binding parameter (2:VARCHAR) <- [ROLE_USER]
2026-03-04 18:46:22 [main] TRACE [] [ ] [] org.hibernate.orm.jdbc.bind - binding parameter (3:TIMESTAMP) <- [2026-03-04T18:46:22.696197]
2026-03-04 18:46:22 [main] TRACE [] [ ] [] org.hibernate.orm.jdbc.bind - binding parameter (4:UUID) <- [ea9bb2fa-2f71-4af7-ac21-91354420872a]
2026-03-04 18:46:22 [main] DEBUG [] [ ] [] org.hibernate.SQL - 
    insert 
    into
        users
        (created_at, credentials_updated_at, deleted_at, email, failed_attempts, lock_until, name, password, role_id, updated_at, id) 
    values
        (?, ?, ?, ?, ?, ?, ?, ?, ?, ?, ?)
Hibernate: 
    insert 
    into
        users
        (created_at, credentials_updated_at, deleted_at, email, failed_attempts, lock_until, name, password, role_id, updated_at, id) 
    values
        (?, ?, ?, ?, ?, ?, ?, ?, ?, ?, ?)
2026-03-04 18:46:22 [main] TRACE [] [ ] [] org.hibernate.orm.jdbc.bind - binding parameter (1:TIMESTAMP) <- [2026-03-04T18:46:22.698849]
2026-03-04 18:46:22 [main] TRACE [] [ ] [] org.hibernate.orm.jdbc.bind - binding parameter (2:TIMESTAMP) <- [2026-03-04T18:46:22.698325400]
2026-03-04 18:46:22 [main] TRACE [] [ ] [] org.hibernate.orm.jdbc.bind - binding parameter (3:TIMESTAMP) <- [null]
2026-03-04 18:46:22 [main] TRACE [] [ ] [] org.hibernate.orm.jdbc.bind - binding parameter (4:VARCHAR) <- [user_3a5d28a5-ec61-4c3c-9d1f-c852406f12c2@example.com]
2026-03-04 18:46:22 [main] TRACE [] [ ] [] org.hibernate.orm.jdbc.bind - binding parameter (5:INTEGER) <- [0]
2026-03-04 18:46:22 [main] TRACE [] [ ] [] org.hibernate.orm.jdbc.bind - binding parameter (6:TIMESTAMP) <- [null]
2026-03-04 18:46:22 [main] TRACE [] [ ] [] org.hibernate.orm.jdbc.bind - binding parameter (7:VARCHAR) <- [Test User]
2026-03-04 18:46:22 [main] TRACE [] [ ] [] org.hibernate.orm.jdbc.bind - binding parameter (8:VARCHAR) <- [password]
2026-03-04 18:46:22 [main] TRACE [] [ ] [] org.hibernate.orm.jdbc.bind - binding parameter (9:UUID) <- [ea9bb2fa-2f71-4af7-ac21-91354420872a]
2026-03-04 18:46:22 [main] TRACE [] [ ] [] org.hibernate.orm.jdbc.bind - binding parameter (10:TIMESTAMP) <- [2026-03-04T18:46:22.698849]
2026-03-04 18:46:22 [main] TRACE [] [ ] [] org.hibernate.orm.jdbc.bind - binding parameter (11:UUID) <- [80d4acaa-c8c6-42ef-a501-1c3d8db652ef]
2026-03-04 18:46:22 [main] DEBUG [] [ ] [] org.hibernate.SQL - 
    insert 
    into
        leads
        (created_at, deleted_at, email, name, phone, status, updated_at, user_id, id) 
    values
        (?, ?, ?, ?, ?, ?, ?, ?, ?)
Hibernate: 
    insert 
    into
        leads
        (created_at, deleted_at, email, name, phone, status, updated_at, user_id, id) 
    values
        (?, ?, ?, ?, ?, ?, ?, ?, ?)
2026-03-04 18:46:22 [main] TRACE [] [ ] [] org.hibernate.orm.jdbc.bind - binding parameter (1:TIMESTAMP) <- [2026-03-04T18:46:22.702632]
2026-03-04 18:46:22 [main] TRACE [] [ ] [] org.hibernate.orm.jdbc.bind - binding parameter (2:TIMESTAMP) <- [null]
2026-03-04 18:46:22 [main] TRACE [] [ ] [] org.hibernate.orm.jdbc.bind - binding parameter (3:VARCHAR) <- [c1_00bd84ea-10e0-425a-890d-39560e69da6f@example.com]
2026-03-04 18:46:22 [main] TRACE [] [ ] [] org.hibernate.orm.jdbc.bind - binding parameter (4:VARCHAR) <- [Lead 1]
2026-03-04 18:46:22 [main] TRACE [] [ ] [] org.hibernate.orm.jdbc.bind - binding parameter (5:VARCHAR) <- [123]
2026-03-04 18:46:22 [main] TRACE [] [ ] [] org.hibernate.orm.jdbc.bind - binding parameter (6:VARCHAR) <- [NEW]
2026-03-04 18:46:22 [main] TRACE [] [ ] [] org.hibernate.orm.jdbc.bind - binding parameter (7:TIMESTAMP) <- [2026-03-04T18:46:22.702632]
2026-03-04 18:46:22 [main] TRACE [] [ ] [] org.hibernate.orm.jdbc.bind - binding parameter (8:UUID) <- [80d4acaa-c8c6-42ef-a501-1c3d8db652ef]
2026-03-04 18:46:22 [main] TRACE [] [ ] [] org.hibernate.orm.jdbc.bind - binding parameter (9:UUID) <- [f6d4f8b9-4c4a-445e-8d52-23f4b86e0443]
2026-03-04 18:46:22 [main] DEBUG [] [ ] [] org.hibernate.SQL - 
    insert 
    into
        leads
        (created_at, deleted_at, email, name, phone, status, updated_at, user_id, id) 
    values
        (?, ?, ?, ?, ?, ?, ?, ?, ?)
Hibernate: 
    insert 
    into
        leads
        (created_at, deleted_at, email, name, phone, status, updated_at, user_id, id) 
    values
        (?, ?, ?, ?, ?, ?, ?, ?, ?)
2026-03-04 18:46:22 [main] TRACE [] [ ] [] org.hibernate.orm.jdbc.bind - binding parameter (1:TIMESTAMP) <- [2026-03-04T18:46:22.704222]
2026-03-04 18:46:22 [main] TRACE [] [ ] [] org.hibernate.orm.jdbc.bind - binding parameter (2:TIMESTAMP) <- [null]
2026-03-04 18:46:22 [main] TRACE [] [ ] [] org.hibernate.orm.jdbc.bind - binding parameter (3:VARCHAR) <- [c2_5f52ade1-c141-4381-90d7-f91bae5315b7@example.com]
2026-03-04 18:46:22 [main] TRACE [] [ ] [] org.hibernate.orm.jdbc.bind - binding parameter (4:VARCHAR) <- [Lead 2]
2026-03-04 18:46:22 [main] TRACE [] [ ] [] org.hibernate.orm.jdbc.bind - binding parameter (5:VARCHAR) <- [456]
2026-03-04 18:46:22 [main] TRACE [] [ ] [] org.hibernate.orm.jdbc.bind - binding parameter (6:VARCHAR) <- [CONTACTED]
2026-03-04 18:46:22 [main] TRACE [] [ ] [] org.hibernate.orm.jdbc.bind - binding parameter (7:TIMESTAMP) <- [2026-03-04T18:46:22.704222]
2026-03-04 18:46:22 [main] TRACE [] [ ] [] org.hibernate.orm.jdbc.bind - binding parameter (8:UUID) <- [80d4acaa-c8c6-42ef-a501-1c3d8db652ef]
2026-03-04 18:46:22 [main] TRACE [] [ ] [] org.hibernate.orm.jdbc.bind - binding parameter (9:UUID) <- [2f9ef43a-d7d2-4d9e-a369-cfb0ac3abad3]
2026-03-04 18:46:22 [main] DEBUG [] [ ] [] org.hibernate.SQL - 
    insert 
    into
        leads
        (created_at, deleted_at, email, name, phone, status, updated_at, user_id, id) 
    values
        (?, ?, ?, ?, ?, ?, ?, ?, ?)
Hibernate: 
    insert 
    into
        leads
        (created_at, deleted_at, email, name, phone, status, updated_at, user_id, id) 
    values
        (?, ?, ?, ?, ?, ?, ?, ?, ?)
2026-03-04 18:46:22 [main] TRACE [] [ ] [] org.hibernate.orm.jdbc.bind - binding parameter (1:TIMESTAMP) <- [2026-03-04T18:46:22.706353]
2026-03-04 18:46:22 [main] TRACE [] [ ] [] org.hibernate.orm.jdbc.bind - binding parameter (2:TIMESTAMP) <- [null]
2026-03-04 18:46:22 [main] TRACE [] [ ] [] org.hibernate.orm.jdbc.bind - binding parameter (3:VARCHAR) <- [c3_a63f39fe-4def-419d-bd61-de1cf90ac347@example.com]
2026-03-04 18:46:22 [main] TRACE [] [ ] [] org.hibernate.orm.jdbc.bind - binding parameter (4:VARCHAR) <- [Lead 3]
2026-03-04 18:46:22 [main] TRACE [] [ ] [] org.hibernate.orm.jdbc.bind - binding parameter (5:VARCHAR) <- [789]
2026-03-04 18:46:22 [main] TRACE [] [ ] [] org.hibernate.orm.jdbc.bind - binding parameter (6:VARCHAR) <- [CONTACTED]
2026-03-04 18:46:22 [main] TRACE [] [ ] [] org.hibernate.orm.jdbc.bind - binding parameter (7:TIMESTAMP) <- [2026-03-04T18:46:22.706353]
2026-03-04 18:46:22 [main] TRACE [] [ ] [] org.hibernate.orm.jdbc.bind - binding parameter (8:UUID) <- [80d4acaa-c8c6-42ef-a501-1c3d8db652ef]
2026-03-04 18:46:22 [main] TRACE [] [ ] [] org.hibernate.orm.jdbc.bind - binding parameter (9:UUID) <- [96306f27-b9a3-4d86-abaf-935265eff567]
2026-03-04 18:46:22 [main] DEBUG [] [ ] [] org.hibernate.SQL - 
    select
        count(l1_0.id) 
    from
        leads l1_0 
    where
        l1_0.status=? 
        and l1_0.deleted_at is null
Hibernate: 
    select
        count(l1_0.id) 
    from
        leads l1_0 
    where
        l1_0.status=? 
        and l1_0.deleted_at is null
2026-03-04 18:46:22 [main] TRACE [] [ ] [] org.hibernate.orm.jdbc.bind - binding parameter (1:VARCHAR) <- [CONTACTED]
2026-03-04 18:46:22 [main] DEBUG [] [ ] [] c.l.b.m.context.TenantContext - Tenant context cleared.
[INFO] Tests run: 5, Failures: 0, Errors: 0, Skipped: 0, Time elapsed: 0.885 s -- in com.leadflow.backend.repository.lead.LeadRepositoryTest
[INFO] Running com.leadflow.backend.repository.user.RoleRepositoryTest
2026-03-04 18:46:22 [scheduler-1] DEBUG [] [ ] [] org.hibernate.SQL - 
    select
        ee1_0.id,
        ee1_0.attempt_count,
        ee1_0.email,
        ee1_0.event_type,
        ee1_0.html_content,
        ee1_0.max_attempts,
        ee1_0.next_retry_at,
        ee1_0.occurred_at,
        ee1_0.processed_at,
        ee1_0.reason,
        ee1_0.status,
        ee1_0.subject,
        ee1_0.updated_at 
    from
        email_events ee1_0 
    where
        ee1_0.status=? 
        and ee1_0.next_retry_at<=? 
    order by
        ee1_0.occurred_at 
    fetch
        first ? rows only
2026-03-04 18:46:22 [scheduler-1] TRACE [] [ ] [] org.hibernate.orm.jdbc.bind - binding parameter (1:VARCHAR) <- [PENDING]
2026-03-04 18:46:22 [scheduler-1] TRACE [] [ ] [] org.hibernate.orm.jdbc.bind - binding parameter (2:TIMESTAMP_UTC) <- [2026-03-04T21:46:22.745947200Z]
2026-03-04 18:46:22 [scheduler-1] TRACE [] [ ] [] org.hibernate.orm.jdbc.bind - binding parameter (3:INTEGER) <- [50]

  .   ____          _            __ _ _
 /\\ / ___'_ __ _ _(_)_ __  __ _ \ \ \ \
( ( )\___ | '_ | '_| | '_ \/ _` | \ \ \ \
 \\/  ___)| |_)| | | | | || (_| |  ) ) ) )
  '  |____| .__|_| |_|_| |_\__, | / / / /
 =========|_|==============|___/=/_/_/_/

 :: Spring Boot ::               (v3.5.11)

2026-03-04 18:46:22 [main] INFO  [] [ ] [] c.l.b.r.user.RoleRepositoryTest - Starting RoleRepositoryTest using Java 17.0.16 with PID 23204 (started by Gabri in C:\Users\Gabri\OneDrive\┴rea de Trabalho\leadflow-backend)
2026-03-04 18:46:22 [main] DEBUG [] [ ] [] c.l.b.r.user.RoleRepositoryTest - Running with Spring Boot v3.5.11, Spring v6.2.16
2026-03-04 18:46:22 [main] INFO  [] [ ] [] c.l.b.r.user.RoleRepositoryTest - The following 1 profile is active: "test"
2026-03-04 18:46:23 [main] WARN  [] [ ] [] org.hibernate.orm.deprecation - HHH90000025: PostgreSQLDialect does not need to be specified explicitly using 'hibernate.dialect' (remove the property setting and it will be selected by default)
2026-03-04 18:46:23 [main] DEBUG [] [ ] [] org.hibernate.SQL - 
    set client_min_messages = WARNING
Hibernate: 
    set client_min_messages = WARNING
2026-03-04 18:46:23 [main] DEBUG [] [ ] [] org.hibernate.SQL - 
    drop table if exists public.roles cascade
Hibernate: 
    drop table if exists public.roles cascade
2026-03-04 18:46:23 [main] DEBUG [] [ ] [] org.hibernate.SQL - 
    drop table if exists public.tenants cascade
Hibernate: 
    drop table if exists public.tenants cascade
2026-03-04 18:46:23 [main] DEBUG [] [ ] [] org.hibernate.SQL - 
    alter table if exists lead_status_history 
       drop constraint if exists fk_lsh_user
Hibernate: 
    alter table if exists lead_status_history 
       drop constraint if exists fk_lsh_user
2026-03-04 18:46:23 [main] DEBUG [] [ ] [] org.hibernate.SQL - 
    alter table if exists lead_status_history 
       drop constraint if exists fk_lsh_lead
Hibernate: 
    alter table if exists lead_status_history 
       drop constraint if exists fk_lsh_lead
2026-03-04 18:46:23 [main] DEBUG [] [ ] [] org.hibernate.SQL - 
    alter table if exists logs 
       drop constraint if exists fk_logs_user
Hibernate: 
    alter table if exists logs 
       drop constraint if exists fk_logs_user
2026-03-04 18:46:23 [main] DEBUG [] [ ] [] org.hibernate.SQL - 
    alter table if exists password_reset_token 
       drop constraint if exists FK83nsrttkwkb6ym0anu051mtxn
Hibernate: 
    alter table if exists password_reset_token 
       drop constraint if exists FK83nsrttkwkb6ym0anu051mtxn
2026-03-04 18:46:23 [main] DEBUG [] [ ] [] org.hibernate.SQL - 
    alter table if exists refresh_tokens 
       drop constraint if exists fk_refresh_token_user
Hibernate: 
    alter table if exists refresh_tokens 
       drop constraint if exists fk_refresh_token_user
2026-03-04 18:46:23 [main] DEBUG [] [ ] [] org.hibernate.SQL - 
    alter table if exists settings 
       drop constraint if exists fk_settings_user
Hibernate: 
    alter table if exists settings 
       drop constraint if exists fk_settings_user
2026-03-04 18:46:23 [main] DEBUG [] [ ] [] org.hibernate.SQL - 
    alter table if exists users 
       drop constraint if exists fk_users_role
Hibernate: 
    alter table if exists users 
       drop constraint if exists fk_users_role
2026-03-04 18:46:23 [main] DEBUG [] [ ] [] org.hibernate.SQL - 
    drop table if exists email_events cascade
Hibernate: 
    drop table if exists email_events cascade
2026-03-04 18:46:23 [main] DEBUG [] [ ] [] org.hibernate.SQL - 
    drop table if exists lead_status_history cascade
Hibernate: 
    drop table if exists lead_status_history cascade
2026-03-04 18:46:23 [scheduler-5] DEBUG [] [ ] [] org.hibernate.SQL - 
    select
        ee1_0.id,
        ee1_0.attempt_count,
        ee1_0.email,
        ee1_0.event_type,
        ee1_0.html_content,
        ee1_0.max_attempts,
        ee1_0.next_retry_at,
        ee1_0.occurred_at,
        ee1_0.processed_at,
        ee1_0.reason,
        ee1_0.status,
        ee1_0.subject,
        ee1_0.updated_at 
    from
        email_events ee1_0 
    where
        ee1_0.status=? 
        and ee1_0.next_retry_at<=? 
    order by
        ee1_0.occurred_at 
    fetch
        first ? rows only
2026-03-04 18:46:23 [main] DEBUG [] [ ] [] org.hibernate.SQL - 
    drop table if exists leads cascade
Hibernate: 
    drop table if exists leads cascade
2026-03-04 18:46:23 [main] DEBUG [] [ ] [] org.hibernate.SQL - 
    drop table if exists login_audit cascade
Hibernate: 
    drop table if exists login_audit cascade
2026-03-04 18:46:23 [scheduler-5] TRACE [] [ ] [] org.hibernate.orm.jdbc.bind - binding parameter (1:VARCHAR) <- [PENDING]
2026-03-04 18:46:23 [scheduler-5] TRACE [] [ ] [] org.hibernate.orm.jdbc.bind - binding parameter (2:TIMESTAMP_UTC) <- [2026-03-04T21:46:23.351575Z]
2026-03-04 18:46:23 [scheduler-5] TRACE [] [ ] [] org.hibernate.orm.jdbc.bind - binding parameter (3:INTEGER) <- [50]
2026-03-04 18:46:23 [main] DEBUG [] [ ] [] org.hibernate.SQL - 
    drop table if exists logs cascade
Hibernate: 
    drop table if exists logs cascade
2026-03-04 18:46:23 [main] DEBUG [] [ ] [] org.hibernate.SQL - 
    drop table if exists password_reset_token cascade
Hibernate: 
    drop table if exists password_reset_token cascade
2026-03-04 18:46:23 [main] DEBUG [] [ ] [] org.hibernate.SQL - 
    drop table if exists refresh_tokens cascade
Hibernate: 
    drop table if exists refresh_tokens cascade
2026-03-04 18:46:23 [main] DEBUG [] [ ] [] org.hibernate.SQL - 
    drop table if exists security_audit_logs cascade
Hibernate: 
    drop table if exists security_audit_logs cascade
2026-03-04 18:46:23 [main] DEBUG [] [ ] [] org.hibernate.SQL - 
    drop table if exists settings cascade
Hibernate: 
    drop table if exists settings cascade
2026-03-04 18:46:23 [main] DEBUG [] [ ] [] org.hibernate.SQL - 
    drop table if exists subscription_history cascade
Hibernate: 
    drop table if exists subscription_history cascade
2026-03-04 18:46:23 [main] DEBUG [] [ ] [] org.hibernate.SQL - 
    drop table if exists user_sessions cascade
Hibernate: 
    drop table if exists user_sessions cascade
2026-03-04 18:46:23 [main] DEBUG [] [ ] [] org.hibernate.SQL - 
    drop table if exists users cascade
Hibernate: 
    drop table if exists users cascade
2026-03-04 18:46:23 [main] DEBUG [] [ ] [] org.hibernate.SQL - 
    drop table if exists vendor_audit_logs cascade
Hibernate: 
    drop table if exists vendor_audit_logs cascade
2026-03-04 18:46:23 [main] DEBUG [] [ ] [] org.hibernate.SQL - 
    drop table if exists vendor_features cascade
Hibernate: 
    drop table if exists vendor_features cascade
2026-03-04 18:46:23 [main] DEBUG [] [ ] [] org.hibernate.SQL - 
    drop table if exists vendor_lead_alerts cascade
Hibernate: 
    drop table if exists vendor_lead_alerts cascade
2026-03-04 18:46:23 [main] DEBUG [] [ ] [] org.hibernate.SQL - 
    drop table if exists vendor_lead_conversations cascade
Hibernate: 
    drop table if exists vendor_lead_conversations cascade
2026-03-04 18:46:23 [main] DEBUG [] [ ] [] org.hibernate.SQL - 
    drop table if exists vendor_lead_messages cascade
Hibernate: 
    drop table if exists vendor_lead_messages cascade
2026-03-04 18:46:23 [main] DEBUG [] [ ] [] org.hibernate.SQL - 
    drop table if exists vendor_lead_stage_history cascade
Hibernate: 
    drop table if exists vendor_lead_stage_history cascade
2026-03-04 18:46:23 [main] DEBUG [] [ ] [] org.hibernate.SQL - 
    drop table if exists vendor_leads cascade
Hibernate: 
    drop table if exists vendor_leads cascade
2026-03-04 18:46:23 [main] DEBUG [] [ ] [] org.hibernate.SQL - 
    drop table if exists vendor_risk_alerts cascade
Hibernate: 
    drop table if exists vendor_risk_alerts cascade
2026-03-04 18:46:23 [main] DEBUG [] [ ] [] org.hibernate.SQL - 
    drop table if exists vendor_usage cascade
Hibernate: 
    drop table if exists vendor_usage cascade
2026-03-04 18:46:23 [main] DEBUG [] [ ] [] org.hibernate.SQL - 
    drop table if exists vendors cascade
Hibernate: 
    drop table if exists vendors cascade
2026-03-04 18:46:23 [main] DEBUG [] [ ] [] org.hibernate.SQL - 
    drop table if exists webhook_events cascade
Hibernate: 
    drop table if exists webhook_events cascade
2026-03-04 18:46:23 [main] DEBUG [] [ ] [] org.hibernate.SQL - 
    create table public.roles (
        created_at timestamp(6) not null,
        updated_at timestamp(6) not null,
        id uuid not null,
        name varchar(50) not null,
        primary key (id),
        constraint uk_roles_name unique (name)
    )
Hibernate: 
    create table public.roles (
        created_at timestamp(6) not null,
        updated_at timestamp(6) not null,
        id uuid not null,
        name varchar(50) not null,
        primary key (id),
        constraint uk_roles_name unique (name)
    )
2026-03-04 18:46:23 [main] DEBUG [] [ ] [] org.hibernate.SQL - 
    create table public.tenants (
        created_at timestamp(6) not null,
        deleted_at timestamp(6),
        updated_at timestamp(6) not null,
        id uuid not null,
        schema_name varchar(50) not null,
        name varchar(100) not null,
        primary key (id),
        constraint uk_tenants_schema_name unique (schema_name)
    )
Hibernate: 
    create table public.tenants (
        created_at timestamp(6) not null,
        deleted_at timestamp(6),
        updated_at timestamp(6) not null,
        id uuid not null,
        schema_name varchar(50) not null,
        name varchar(100) not null,
        primary key (id),
        constraint uk_tenants_schema_name unique (schema_name)
    )
2026-03-04 18:46:23 [main] DEBUG [] [ ] [] org.hibernate.SQL - 
    create index idx_tenants_schema_name 
       on public.tenants (schema_name)
Hibernate: 
    create index idx_tenants_schema_name 
       on public.tenants (schema_name)
2026-03-04 18:46:23 [main] DEBUG [] [ ] [] org.hibernate.SQL - 
    create table email_events (
        attempt_count integer not null,
        max_attempts integer not null,
        next_retry_at timestamp(6) with time zone,
        occurred_at timestamp(6) with time zone not null,
        processed_at timestamp(6) with time zone,
        updated_at timestamp(6) with time zone not null,
        id uuid not null,
        email varchar(255) not null,
        event_type varchar(255) not null,
        html_content TEXT,
        reason varchar(255),
        status varchar(255) not null,
        subject varchar(255),
        primary key (id)
    )
Hibernate: 
    create table email_events (
        attempt_count integer not null,
        max_attempts integer not null,
        next_retry_at timestamp(6) with time zone,
        occurred_at timestamp(6) with time zone not null,
        processed_at timestamp(6) with time zone,
        updated_at timestamp(6) with time zone not null,
        id uuid not null,
        email varchar(255) not null,
        event_type varchar(255) not null,
        html_content TEXT,
        reason varchar(255),
        status varchar(255) not null,
        subject varchar(255),
        primary key (id)
    )
2026-03-04 18:46:23 [main] DEBUG [] [ ] [] org.hibernate.SQL - 
    create table lead_status_history (
        changed_at timestamp(6) not null,
        changed_by uuid,
        id uuid not null,
        lead_id uuid not null,
        status varchar(30) not null check (status in ('NEW','CONTACTED','QUALIFIED','CLOSED')),
        primary key (id)
    )
Hibernate: 
    create table lead_status_history (
        changed_at timestamp(6) not null,
        changed_by uuid,
        id uuid not null,
        lead_id uuid not null,
        status varchar(30) not null check (status in ('NEW','CONTACTED','QUALIFIED','CLOSED')),
        primary key (id)
    )
2026-03-04 18:46:23 [main] DEBUG [] [ ] [] org.hibernate.SQL - 
    create table leads (
        created_at timestamp(6) not null,
        deleted_at timestamp(6),
        updated_at timestamp(6) not null,
        id uuid not null,
        user_id uuid not null,
        phone varchar(20),
        status varchar(30) not null check (status in ('NEW','CONTACTED','QUALIFIED','CLOSED')),
        email varchar(150) not null,
        name varchar(150) not null,
        primary key (id),
        constraint uk_leads_email_user unique (email, user_id)
    )
Hibernate: 
    create table leads (
        created_at timestamp(6) not null,
        deleted_at timestamp(6),
        updated_at timestamp(6) not null,
        id uuid not null,
        user_id uuid not null,
        phone varchar(20),
        status varchar(30) not null check (status in ('NEW','CONTACTED','QUALIFIED','CLOSED')),
        email varchar(150) not null,
        name varchar(150) not null,
        primary key (id),
        constraint uk_leads_email_user unique (email, user_id)
    )
2026-03-04 18:46:23 [main] DEBUG [] [ ] [] org.hibernate.SQL - 
    create table login_audit (
        success boolean not null,
        suspicious boolean not null,
        created_at timestamp(6) with time zone not null,
        id uuid not null,
        tenant_id uuid not null,
        user_id uuid,
        ip_address varchar(45),
        email varchar(320) not null,
        user_agent varchar(512),
        failure_reason varchar(255),
        primary key (id)
    )
Hibernate: 
    create table login_audit (
        success boolean not null,
        suspicious boolean not null,
        created_at timestamp(6) with time zone not null,
        id uuid not null,
        tenant_id uuid not null,
        user_id uuid,
        ip_address varchar(45),
        email varchar(320) not null,
        user_agent varchar(512),
        failure_reason varchar(255),
        primary key (id)
    )
2026-03-04 18:46:23 [main] DEBUG [] [ ] [] org.hibernate.SQL - 
    create table logs (
        created_at timestamp(6) not null,
        id uuid not null,
        user_id uuid,
        action TEXT not null,
        primary key (id)
    )
Hibernate: 
    create table logs (
        created_at timestamp(6) not null,
        id uuid not null,
        user_id uuid,
        action TEXT not null,
        primary key (id)
    )
2026-03-04 18:46:23 [main] DEBUG [] [ ] [] org.hibernate.SQL - 
    create table password_reset_token (
        used boolean not null,
        created_at timestamp(6) not null,
        expires_at timestamp(6) not null,
        id uuid not null,
        user_id uuid not null,
        token_hash varchar(255) not null unique,
        primary key (id)
    )
Hibernate: 
    create table password_reset_token (
        used boolean not null,
        created_at timestamp(6) not null,
        expires_at timestamp(6) not null,
        id uuid not null,
        user_id uuid not null,
        token_hash varchar(255) not null unique,
        primary key (id)
    )
2026-03-04 18:46:23 [main] DEBUG [] [ ] [] org.hibernate.SQL - 
    create table refresh_tokens (
        revoked boolean not null,
        created_at timestamp(6) not null,
        expires_at timestamp(6) not null,
        id uuid not null,
        user_id uuid not null,
        device_fingerprint varchar(255) not null,
        token_hash varchar(255) not null,
        primary key (id),
        constraint uq_refresh_token_hash unique (token_hash)
    )
Hibernate: 
    create table refresh_tokens (
        revoked boolean not null,
        created_at timestamp(6) not null,
        expires_at timestamp(6) not null,
        id uuid not null,
        user_id uuid not null,
        device_fingerprint varchar(255) not null,
        token_hash varchar(255) not null,
        primary key (id),
        constraint uq_refresh_token_hash unique (token_hash)
    )
2026-03-04 18:46:23 [main] DEBUG [] [ ] [] org.hibernate.SQL - 
    create table security_audit_logs (
        success boolean not null,
        created_at timestamp(6) not null,
        id uuid not null,
        action varchar(50) not null check (action in ('LOGIN_SUCCESS','LOGIN_FAILED','ACCOUNT_LOCKED','PASSWORD_RESET_REQUESTED','PASSWORD_RESET_SUCCESS','USER_REGISTERED')),
        correlation_id varchar(100),
        ip_address varchar(100),
        tenant varchar(100) not null,
        email varchar(150) not null,
        user_agent varchar(255),
        primary key (id)
    )
Hibernate: 
    create table security_audit_logs (
        success boolean not null,
        created_at timestamp(6) not null,
        id uuid not null,
        action varchar(50) not null check (action in ('LOGIN_SUCCESS','LOGIN_FAILED','ACCOUNT_LOCKED','PASSWORD_RESET_REQUESTED','PASSWORD_RESET_SUCCESS','USER_REGISTERED')),
        correlation_id varchar(100),
        ip_address varchar(100),
        tenant varchar(100) not null,
        email varchar(150) not null,
        user_agent varchar(255),
        primary key (id)
    )
2026-03-04 18:46:23 [main] DEBUG [] [ ] [] org.hibernate.SQL - 
    create table settings (
        created_at timestamp(6) not null,
        deleted_at timestamp(6),
        updated_at timestamp(6) not null,
        whatsapp varchar(15) not null,
        id uuid not null,
        user_id uuid not null,
        company_name varchar(100),
        vendor_name varchar(100) not null,
        logo TEXT,
        welcome_message TEXT,
        primary key (id)
    )
Hibernate: 
    create table settings (
        created_at timestamp(6) not null,
        deleted_at timestamp(6),
        updated_at timestamp(6) not null,
        whatsapp varchar(15) not null,
        id uuid not null,
        user_id uuid not null,
        company_name varchar(100),
        vendor_name varchar(100) not null,
        logo TEXT,
        welcome_message TEXT,
        primary key (id)
    )
2026-03-04 18:46:23 [main] DEBUG [] [ ] [] org.hibernate.SQL - 
    create table subscription_history (
        changed_at timestamp(6) with time zone not null,
        id uuid not null,
        vendor_id uuid not null,
        external_event_id varchar(255),
        new_status varchar(255) not null check (new_status in ('TRIAL','ATIVA','INADIMPLENTE','SUSPENSA','CANCELADA','EXPIRADA')),
        previous_status varchar(255) not null check (previous_status in ('TRIAL','ATIVA','INADIMPLENTE','SUSPENSA','CANCELADA','EXPIRADA')),
        reason varchar(255),
        primary key (id)
    )
Hibernate: 
    create table subscription_history (
        changed_at timestamp(6) with time zone not null,
        id uuid not null,
        vendor_id uuid not null,
        external_event_id varchar(255),
        new_status varchar(255) not null check (new_status in ('TRIAL','ATIVA','INADIMPLENTE','SUSPENSA','CANCELADA','EXPIRADA')),
        previous_status varchar(255) not null check (previous_status in ('TRIAL','ATIVA','INADIMPLENTE','SUSPENSA','CANCELADA','EXPIRADA')),
        reason varchar(255),
        primary key (id)
    )
2026-03-04 18:46:23 [main] DEBUG [] [ ] [] org.hibernate.SQL - 
    create table user_sessions (
        active boolean not null,
        suspicious boolean not null,
        created_at timestamp(6) with time zone not null,
        last_access_at timestamp(6) with time zone,
        revoked_at timestamp(6) with time zone,
        id uuid not null,
        tenant_id uuid not null,
        user_id uuid not null,
        token_id varchar(36) not null unique,
        initial_ip_address varchar(45),
        ip_address varchar(45),
        initial_user_agent varchar(512),
        user_agent varchar(512),
        primary key (id)
    )
Hibernate: 
    create table user_sessions (
        active boolean not null,
        suspicious boolean not null,
        created_at timestamp(6) with time zone not null,
        last_access_at timestamp(6) with time zone,
        revoked_at timestamp(6) with time zone,
        id uuid not null,
        tenant_id uuid not null,
        user_id uuid not null,
        token_id varchar(36) not null unique,
        initial_ip_address varchar(45),
        ip_address varchar(45),
        initial_user_agent varchar(512),
        user_agent varchar(512),
        primary key (id)
    )
2026-03-04 18:46:23 [main] DEBUG [] [ ] [] org.hibernate.SQL - 
    create table users (
        failed_attempts integer not null,
        created_at timestamp(6) not null,
        credentials_updated_at timestamp(6),
        deleted_at timestamp(6),
        lock_until timestamp(6),
        updated_at timestamp(6) not null,
        id uuid not null,
        role_id uuid not null,
        email varchar(150) not null,
        name varchar(150) not null,
        password varchar(255) not null,
        primary key (id),
        constraint uq_users_email unique (email)
    )
Hibernate: 
    create table users (
        failed_attempts integer not null,
        created_at timestamp(6) not null,
        credentials_updated_at timestamp(6),
        deleted_at timestamp(6),
        lock_until timestamp(6),
        updated_at timestamp(6) not null,
        id uuid not null,
        role_id uuid not null,
        email varchar(150) not null,
        name varchar(150) not null,
        password varchar(255) not null,
        primary key (id),
        constraint uq_users_email unique (email)
    )
2026-03-04 18:46:23 [main] DEBUG [] [ ] [] org.hibernate.SQL - 
    create table vendor_audit_logs (
        created_at timestamp(6) with time zone not null,
        entidade_id uuid not null,
        id uuid not null,
        vendor_id uuid not null,
        acao varchar(255) not null,
        detalhes TEXT,
        entity_type varchar(255) not null,
        user_email varchar(255) not null,
        primary key (id)
    )
Hibernate: 
    create table vendor_audit_logs (
        created_at timestamp(6) with time zone not null,
        entidade_id uuid not null,
        id uuid not null,
        vendor_id uuid not null,
        acao varchar(255) not null,
        detalhes TEXT,
        entity_type varchar(255) not null,
        user_email varchar(255) not null,
        primary key (id)
    )
2026-03-04 18:46:23 [main] DEBUG [] [ ] [] org.hibernate.SQL - 
    create table vendor_features (
        enabled boolean not null,
        created_at timestamp(6) with time zone not null,
        updated_at timestamp(6) with time zone not null,
        id uuid not null,
        vendor_id uuid not null,
        feature_key varchar(255) not null check (feature_key in ('AI_CHAT')),
        primary key (id)
    )
Hibernate: 
    create table vendor_features (
        enabled boolean not null,
        created_at timestamp(6) with time zone not null,
        updated_at timestamp(6) with time zone not null,
        id uuid not null,
        vendor_id uuid not null,
        feature_key varchar(255) not null check (feature_key in ('AI_CHAT')),
        primary key (id)
    )
2026-03-04 18:46:23 [main] DEBUG [] [ ] [] org.hibernate.SQL - 
    create table vendor_lead_alerts (
        resolvido boolean not null,
        created_at timestamp(6) with time zone not null,
        id uuid not null,
        vendor_lead_id uuid not null,
        mensagem TEXT not null,
        tipo varchar(255) not null,
        primary key (id)
    )
Hibernate: 
    create table vendor_lead_alerts (
        resolvido boolean not null,
        created_at timestamp(6) with time zone not null,
        id uuid not null,
        vendor_lead_id uuid not null,
        mensagem TEXT not null,
        tipo varchar(255) not null,
        primary key (id)
    )
2026-03-04 18:46:23 [main] DEBUG [] [ ] [] org.hibernate.SQL - 
    create table vendor_lead_conversations (
        created_at timestamp(6) with time zone not null,
        id uuid not null,
        vendor_lead_id uuid not null,
        content TEXT not null,
        role varchar(255) not null,
        primary key (id)
    )
Hibernate: 
    create table vendor_lead_conversations (
        created_at timestamp(6) with time zone not null,
        id uuid not null,
        vendor_lead_id uuid not null,
        content TEXT not null,
        role varchar(255) not null,
        primary key (id)
    )
2026-03-04 18:46:23 [main] DEBUG [] [ ] [] org.hibernate.SQL - 
    create table vendor_lead_messages (
        created_at timestamp(6) with time zone not null,
        id uuid not null,
        vendor_lead_id uuid not null,
        role varchar(20) not null check (role in ('USER','AI')),
        message TEXT not null,
        primary key (id)
    )
Hibernate: 
    create table vendor_lead_messages (
        created_at timestamp(6) with time zone not null,
        id uuid not null,
        vendor_lead_id uuid not null,
        role varchar(20) not null check (role in ('USER','AI')),
        message TEXT not null,
        primary key (id)
    )
2026-03-04 18:46:23 [main] DEBUG [] [ ] [] org.hibernate.SQL - 
    create table vendor_lead_stage_history (
        changed_at timestamp(6) with time zone not null,
        id uuid not null,
        vendor_lead_id uuid not null,
        new_stage varchar(255) not null,
        previous_stage varchar(255) not null,
        primary key (id)
    )
Hibernate: 
    create table vendor_lead_stage_history (
        changed_at timestamp(6) with time zone not null,
        id uuid not null,
        vendor_lead_id uuid not null,
        new_stage varchar(255) not null,
        previous_stage varchar(255) not null,
        primary key (id)
    )
2026-03-04 18:46:23 [main] DEBUG [] [ ] [] org.hibernate.SQL - 
    create table vendor_leads (
        score integer not null,
        created_date timestamp(6) with time zone not null,
        id uuid not null,
        vendor_id uuid not null,
        nome_completo varchar(255) not null,
        owner_email varchar(255),
        resumo_estrategico TEXT,
        stage varchar(255) not null check (stage in ('NOVO','CONTATO','PROPOSTA','FECHADO','PERDIDO')),
        status varchar(255) not null,
        tipo_consorcio varchar(255),
        urgencia varchar(255),
        valor_credito varchar(255),
        whatsapp varchar(255) not null,
        primary key (id)
    )
Hibernate: 
    create table vendor_leads (
        score integer not null,
        created_date timestamp(6) with time zone not null,
        id uuid not null,
        vendor_id uuid not null,
        nome_completo varchar(255) not null,
        owner_email varchar(255),
        resumo_estrategico TEXT,
        stage varchar(255) not null check (stage in ('NOVO','CONTATO','PROPOSTA','FECHADO','PERDIDO')),
        status varchar(255) not null,
        tipo_consorcio varchar(255),
        urgencia varchar(255),
        valor_credito varchar(255),
        whatsapp varchar(255) not null,
        primary key (id)
    )
2026-03-04 18:46:23 [main] DEBUG [] [ ] [] org.hibernate.SQL - 
    create table vendor_risk_alerts (
        resolved boolean not null,
        score integer not null,
        created_at timestamp(6) with time zone not null,
        id uuid not null,
        vendor_id uuid not null,
        risk_level varchar(255) not null,
        primary key (id)
    )
Hibernate: 
    create table vendor_risk_alerts (
        resolved boolean not null,
        score integer not null,
        created_at timestamp(6) with time zone not null,
        id uuid not null,
        vendor_id uuid not null,
        risk_level varchar(255) not null,
        primary key (id)
    )
2026-03-04 18:46:23 [main] DEBUG [] [ ] [] org.hibernate.SQL - 
    create table vendor_usage (
        alert100sent boolean not null,
        alert80sent boolean not null,
        used integer not null,
        period_end timestamp(6) with time zone not null,
        period_start timestamp(6) with time zone not null,
        id uuid not null,
        vendor_id uuid not null,
        quota_type varchar(255) not null check (quota_type in ('ACTIVE_LEADS','AI_EXECUTIONS')),
        primary key (id)
    )
Hibernate: 
    create table vendor_usage (
        alert100sent boolean not null,
        alert80sent boolean not null,
        used integer not null,
        period_end timestamp(6) with time zone not null,
        period_start timestamp(6) with time zone not null,
        id uuid not null,
        vendor_id uuid not null,
        quota_type varchar(255) not null check (quota_type in ('ACTIVE_LEADS','AI_EXECUTIONS')),
        primary key (id)
    )
2026-03-04 18:46:23 [main] DEBUG [] [ ] [] org.hibernate.SQL - 
    create table vendors (
        email_invalid boolean not null,
        created_at timestamp(6) with time zone not null,
        last_payment_at timestamp(6) with time zone,
        next_billing_at timestamp(6) with time zone,
        subscription_expires_at timestamp(6) with time zone,
        subscription_started_at timestamp(6) with time zone,
        updated_at timestamp(6) with time zone,
        id uuid not null,
        cor_destaque varchar(255) not null,
        external_customer_id varchar(255),
        external_subscription_id varchar(255),
        logo_url varchar(255),
        mensagem_boas_vindas TEXT,
        nome_empresa varchar(255),
        nome_vendedor varchar(255) not null,
        slug varchar(255) not null unique,
        subscription_status varchar(255) not null check (subscription_status in ('TRIAL','ATIVA','INADIMPLENTE','SUSPENSA','CANCELADA','EXPIRADA')),
        user_email varchar(255) not null,
        whatsapp_vendedor varchar(255) not null,
        primary key (id)
    )
Hibernate: 
    create table vendors (
        email_invalid boolean not null,
        created_at timestamp(6) with time zone not null,
        last_payment_at timestamp(6) with time zone,
        next_billing_at timestamp(6) with time zone,
        subscription_expires_at timestamp(6) with time zone,
        subscription_started_at timestamp(6) with time zone,
        updated_at timestamp(6) with time zone,
        id uuid not null,
        cor_destaque varchar(255) not null,
        external_customer_id varchar(255),
        external_subscription_id varchar(255),
        logo_url varchar(255),
        mensagem_boas_vindas TEXT,
        nome_empresa varchar(255),
        nome_vendedor varchar(255) not null,
        slug varchar(255) not null unique,
        subscription_status varchar(255) not null check (subscription_status in ('TRIAL','ATIVA','INADIMPLENTE','SUSPENSA','CANCELADA','EXPIRADA')),
        user_email varchar(255) not null,
        whatsapp_vendedor varchar(255) not null,
        primary key (id)
    )
2026-03-04 18:46:23 [main] DEBUG [] [ ] [] org.hibernate.SQL - 
    create table webhook_events (
        received_at timestamp(6) with time zone not null,
        event_id varchar(255) not null,
        primary key (event_id)
    )
Hibernate: 
    create table webhook_events (
        received_at timestamp(6) with time zone not null,
        event_id varchar(255) not null,
        primary key (event_id)
    )
2026-03-04 18:46:23 [scheduler-5] DEBUG [] [ ] [] org.hibernate.SQL - 
    select
        ee1_0.id,
        ee1_0.attempt_count,
        ee1_0.email,
        ee1_0.event_type,
        ee1_0.html_content,
        ee1_0.max_attempts,
        ee1_0.next_retry_at,
        ee1_0.occurred_at,
        ee1_0.processed_at,
        ee1_0.reason,
        ee1_0.status,
        ee1_0.subject,
        ee1_0.updated_at 
    from
        email_events ee1_0 
    where
        ee1_0.status=? 
        and ee1_0.next_retry_at<=? 
    order by
        ee1_0.occurred_at 
    fetch
        first ? rows only
2026-03-04 18:46:23 [main] DEBUG [] [ ] [] org.hibernate.SQL - 
    create index idx_lsh_lead_id 
       on lead_status_history (lead_id)
Hibernate: 
    create index idx_lsh_lead_id 
       on lead_status_history (lead_id)
2026-03-04 18:46:23 [main] DEBUG [] [ ] [] org.hibernate.SQL - 
    create index idx_lsh_lead_changed_at 
       on lead_status_history (lead_id, changed_at)
Hibernate: 
    create index idx_lsh_lead_changed_at 
       on lead_status_history (lead_id, changed_at)
2026-03-04 18:46:23 [scheduler-5] TRACE [] [ ] [] org.hibernate.orm.jdbc.bind - binding parameter (1:VARCHAR) <- [PENDING]
2026-03-04 18:46:23 [scheduler-5] TRACE [] [ ] [] org.hibernate.orm.jdbc.bind - binding parameter (2:TIMESTAMP_UTC) <- [2026-03-04T21:46:23.459256300Z]
2026-03-04 18:46:23 [scheduler-5] TRACE [] [ ] [] org.hibernate.orm.jdbc.bind - binding parameter (3:INTEGER) <- [50]
2026-03-04 18:46:23 [main] DEBUG [] [ ] [] org.hibernate.SQL - 
    create index idx_leads_email 
       on leads (email)
Hibernate: 
    create index idx_leads_email 
       on leads (email)
2026-03-04 18:46:23 [main] DEBUG [] [ ] [] org.hibernate.SQL - 
    create index idx_leads_user 
       on leads (user_id)
Hibernate: 
    create index idx_leads_user 
       on leads (user_id)
2026-03-04 18:46:23 [main] DEBUG [] [ ] [] org.hibernate.SQL - 
    create index idx_leads_user_email 
       on leads (user_id, email)
Hibernate: 
    create index idx_leads_user_email 
       on leads (user_id, email)
2026-03-04 18:46:23 [main] DEBUG [] [ ] [] org.hibernate.SQL - 
    create index idx_login_user_tenant 
       on login_audit (user_id, tenant_id)
Hibernate: 
    create index idx_login_user_tenant 
       on login_audit (user_id, tenant_id)
2026-03-04 18:46:23 [main] DEBUG [] [ ] [] org.hibernate.SQL - 
    create index idx_login_email_tenant 
       on login_audit (email, tenant_id)
Hibernate: 
    create index idx_login_email_tenant 
       on login_audit (email, tenant_id)
2026-03-04 18:46:23 [main] DEBUG [] [ ] [] org.hibernate.SQL - 
    create index idx_login_created 
       on login_audit (created_at)
Hibernate: 
    create index idx_login_created 
       on login_audit (created_at)
2026-03-04 18:46:23 [main] DEBUG [] [ ] [] org.hibernate.SQL - 
    create index idx_login_success 
       on login_audit (success)
Hibernate: 
    create index idx_login_success 
       on login_audit (success)
2026-03-04 18:46:23 [main] DEBUG [] [ ] [] org.hibernate.SQL - 
    create index idx_logs_user_id 
       on logs (user_id)
Hibernate: 
    create index idx_logs_user_id 
       on logs (user_id)
2026-03-04 18:46:23 [main] DEBUG [] [ ] [] org.hibernate.SQL - 
    create index idx_logs_created_at 
       on logs (created_at)
Hibernate: 
    create index idx_logs_created_at 
       on logs (created_at)
2026-03-04 18:46:23 [main] DEBUG [] [ ] [] org.hibernate.SQL - 
    create index idx_password_reset_token_hash 
       on password_reset_token (token_hash)
Hibernate: 
    create index idx_password_reset_token_hash 
       on password_reset_token (token_hash)
2026-03-04 18:46:23 [main] DEBUG [] [ ] [] org.hibernate.SQL - 
    create index idx_password_reset_token_user 
       on password_reset_token (user_id)
Hibernate: 
    create index idx_password_reset_token_user 
       on password_reset_token (user_id)
2026-03-04 18:46:23 [main] DEBUG [] [ ] [] org.hibernate.SQL - 
    create index idx_password_reset_token_expires 
       on password_reset_token (expires_at)
Hibernate: 
    create index idx_password_reset_token_expires 
       on password_reset_token (expires_at)
2026-03-04 18:46:23 [main] DEBUG [] [ ] [] org.hibernate.SQL - 
    create index idx_refresh_token_user 
       on refresh_tokens (user_id)
Hibernate: 
    create index idx_refresh_token_user 
       on refresh_tokens (user_id)
2026-03-04 18:46:23 [main] DEBUG [] [ ] [] org.hibernate.SQL - 
    create index idx_refresh_token_hash 
       on refresh_tokens (token_hash)
Hibernate: 
    create index idx_refresh_token_hash 
       on refresh_tokens (token_hash)
2026-03-04 18:46:23 [main] DEBUG [] [ ] [] org.hibernate.SQL - 
    create index idx_refresh_token_fingerprint 
       on refresh_tokens (device_fingerprint)
Hibernate: 
    create index idx_refresh_token_fingerprint 
       on refresh_tokens (device_fingerprint)
2026-03-04 18:46:23 [main] DEBUG [] [ ] [] org.hibernate.SQL - 
    create index idx_audit_email 
       on security_audit_logs (email)
Hibernate: 
    create index idx_audit_email 
       on security_audit_logs (email)
2026-03-04 18:46:23 [main] DEBUG [] [ ] [] org.hibernate.SQL - 
    create index idx_audit_tenant 
       on security_audit_logs (tenant)
Hibernate: 
    create index idx_audit_tenant 
       on security_audit_logs (tenant)
2026-03-04 18:46:23 [main] DEBUG [] [ ] [] org.hibernate.SQL - 
    create index idx_audit_created_at 
       on security_audit_logs (created_at)
Hibernate: 
    create index idx_audit_created_at 
       on security_audit_logs (created_at)
2026-03-04 18:46:23 [main] DEBUG [] [ ] [] org.hibernate.SQL - 
    create index idx_settings_user 
       on settings (user_id)
Hibernate: 
    create index idx_settings_user 
       on settings (user_id)
2026-03-04 18:46:23 [main] DEBUG [] [ ] [] org.hibernate.SQL - 
    create index idx_session_token_tenant 
       on user_sessions (token_id, tenant_id)
Hibernate: 
    create index idx_session_token_tenant 
       on user_sessions (token_id, tenant_id)
2026-03-04 18:46:23 [main] DEBUG [] [ ] [] org.hibernate.SQL - 
    create index idx_session_user_tenant 
       on user_sessions (user_id, tenant_id)
Hibernate: 
    create index idx_session_user_tenant 
       on user_sessions (user_id, tenant_id)
2026-03-04 18:46:23 [main] DEBUG [] [ ] [] org.hibernate.SQL - 
    create index idx_session_active 
       on user_sessions (active)
Hibernate: 
    create index idx_session_active 
       on user_sessions (active)
2026-03-04 18:46:23 [main] DEBUG [] [ ] [] org.hibernate.SQL - 
    create index idx_session_last_access 
       on user_sessions (last_access_at)
Hibernate: 
    create index idx_session_last_access 
       on user_sessions (last_access_at)
2026-03-04 18:46:23 [main] DEBUG [] [ ] [] org.hibernate.SQL - 
    create index idx_users_email 
       on users (email)
Hibernate: 
    create index idx_users_email 
       on users (email)
2026-03-04 18:46:23 [main] DEBUG [] [ ] [] org.hibernate.SQL - 
    create index idx_vlm_vendor_lead_id 
       on vendor_lead_messages (vendor_lead_id)
Hibernate: 
    create index idx_vlm_vendor_lead_id 
       on vendor_lead_messages (vendor_lead_id)
2026-03-04 18:46:23 [main] DEBUG [] [ ] [] org.hibernate.SQL - 
    create index idx_vlm_vendor_lead_created_at 
       on vendor_lead_messages (vendor_lead_id, created_at)
Hibernate: 
    create index idx_vlm_vendor_lead_created_at 
       on vendor_lead_messages (vendor_lead_id, created_at)
2026-03-04 18:46:23 [main] DEBUG [] [ ] [] org.hibernate.SQL - 
    alter table if exists lead_status_history 
       add constraint fk_lsh_user 
       foreign key (changed_by) 
       references users
Hibernate: 
    alter table if exists lead_status_history 
       add constraint fk_lsh_user 
       foreign key (changed_by) 
       references users
2026-03-04 18:46:23 [main] DEBUG [] [ ] [] org.hibernate.SQL - 
    alter table if exists lead_status_history 
       add constraint fk_lsh_lead 
       foreign key (lead_id) 
       references leads
Hibernate: 
    alter table if exists lead_status_history 
       add constraint fk_lsh_lead 
       foreign key (lead_id) 
       references leads
2026-03-04 18:46:23 [main] DEBUG [] [ ] [] org.hibernate.SQL - 
    alter table if exists logs 
       add constraint fk_logs_user 
       foreign key (user_id) 
       references users
Hibernate: 
    alter table if exists logs 
       add constraint fk_logs_user 
       foreign key (user_id) 
       references users
2026-03-04 18:46:23 [main] DEBUG [] [ ] [] org.hibernate.SQL - 
    alter table if exists password_reset_token 
       add constraint FK83nsrttkwkb6ym0anu051mtxn 
       foreign key (user_id) 
       references users
Hibernate: 
    alter table if exists password_reset_token 
       add constraint FK83nsrttkwkb6ym0anu051mtxn 
       foreign key (user_id) 
       references users
2026-03-04 18:46:23 [main] DEBUG [] [ ] [] org.hibernate.SQL - 
    alter table if exists refresh_tokens 
       add constraint fk_refresh_token_user 
       foreign key (user_id) 
       references users
Hibernate: 
    alter table if exists refresh_tokens 
       add constraint fk_refresh_token_user 
       foreign key (user_id) 
       references users
2026-03-04 18:46:23 [main] DEBUG [] [ ] [] org.hibernate.SQL - 
    alter table if exists settings 
       add constraint fk_settings_user 
       foreign key (user_id) 
       references users
Hibernate: 
    alter table if exists settings 
       add constraint fk_settings_user 
       foreign key (user_id) 
       references users
2026-03-04 18:46:23 [main] DEBUG [] [ ] [] org.hibernate.SQL - 
    alter table if exists users 
       add constraint fk_users_role 
       foreign key (role_id) 
       references public.roles
Hibernate: 
    alter table if exists users 
       add constraint fk_users_role 
       foreign key (role_id) 
       references public.roles
2026-03-04 18:46:23 [main] INFO  [] [ ] [] c.l.b.r.user.RoleRepositoryTest - Started RoleRepositoryTest in 0.843 seconds (process running for 77.043)
2026-03-04 18:46:23 [main] DEBUG [] [ ] [] org.hibernate.SQL - 
    select
        r1_0.id,
        r1_0.created_at,
        r1_0.name,
        r1_0.updated_at 
    from
        public.roles r1_0
Hibernate: 
    select
        r1_0.id,
        r1_0.created_at,
        r1_0.name,
        r1_0.updated_at 
    from
        public.roles r1_0
2026-03-04 18:46:23 [main] DEBUG [] [ ] [] org.hibernate.SQL - 
    insert 
    into
        public.roles
        (created_at, name, updated_at, id) 
    values
        (?, ?, ?, ?)
Hibernate: 
    insert 
    into
        public.roles
        (created_at, name, updated_at, id) 
    values
        (?, ?, ?, ?)
2026-03-04 18:46:23 [main] TRACE [] [ ] [] org.hibernate.orm.jdbc.bind - binding parameter (1:TIMESTAMP) <- [2026-03-04T18:46:23.683058]
2026-03-04 18:46:23 [main] TRACE [] [ ] [] org.hibernate.orm.jdbc.bind - binding parameter (2:VARCHAR) <- [ADMIN]
2026-03-04 18:46:23 [main] TRACE [] [ ] [] org.hibernate.orm.jdbc.bind - binding parameter (3:TIMESTAMP) <- [2026-03-04T18:46:23.683058]
2026-03-04 18:46:23 [main] TRACE [] [ ] [] org.hibernate.orm.jdbc.bind - binding parameter (4:UUID) <- [afb4f167-01dd-4494-9e41-78605986a816]
2026-03-04 18:46:23 [main] DEBUG [] [ ] [] org.hibernate.SQL - 
    select
        r1_0.id,
        r1_0.created_at,
        r1_0.name,
        r1_0.updated_at 
    from
        public.roles r1_0 
    where
        upper(r1_0.name)=upper(?)
Hibernate: 
    select
        r1_0.id,
        r1_0.created_at,
        r1_0.name,
        r1_0.updated_at 
    from
        public.roles r1_0 
    where
        upper(r1_0.name)=upper(?)
2026-03-04 18:46:23 [main] TRACE [] [ ] [] org.hibernate.orm.jdbc.bind - binding parameter (1:VARCHAR) <- [admin]
2026-03-04 18:46:23 [main] DEBUG [] [ ] [] org.hibernate.SQL - 
    select
        r1_0.id,
        r1_0.created_at,
        r1_0.name,
        r1_0.updated_at 
    from
        public.roles r1_0
Hibernate: 
    select
        r1_0.id,
        r1_0.created_at,
        r1_0.name,
        r1_0.updated_at 
    from
        public.roles r1_0
2026-03-04 18:46:23 [main] DEBUG [] [ ] [] org.hibernate.SQL - 
    insert 
    into
        public.roles
        (created_at, name, updated_at, id) 
    values
        (?, ?, ?, ?)
Hibernate: 
    insert 
    into
        public.roles
        (created_at, name, updated_at, id) 
    values
        (?, ?, ?, ?)
2026-03-04 18:46:23 [main] TRACE [] [ ] [] org.hibernate.orm.jdbc.bind - binding parameter (1:TIMESTAMP) <- [2026-03-04T18:46:23.695446]
2026-03-04 18:46:23 [main] TRACE [] [ ] [] org.hibernate.orm.jdbc.bind - binding parameter (2:VARCHAR) <- [ADMIN]
2026-03-04 18:46:23 [main] TRACE [] [ ] [] org.hibernate.orm.jdbc.bind - binding parameter (3:TIMESTAMP) <- [2026-03-04T18:46:23.695446]
2026-03-04 18:46:23 [main] TRACE [] [ ] [] org.hibernate.orm.jdbc.bind - binding parameter (4:UUID) <- [66695e5c-0377-4c74-aee9-f86f71a7f39a]
2026-03-04 18:46:23 [main] DEBUG [] [ ] [] org.hibernate.SQL - 
    select
        r1_0.id,
        r1_0.created_at,
        r1_0.name,
        r1_0.updated_at 
    from
        public.roles r1_0 
    where
        upper(r1_0.name)=upper(?)
Hibernate: 
    select
        r1_0.id,
        r1_0.created_at,
        r1_0.name,
        r1_0.updated_at 
    from
        public.roles r1_0 
    where
        upper(r1_0.name)=upper(?)
2026-03-04 18:46:23 [main] TRACE [] [ ] [] org.hibernate.orm.jdbc.bind - binding parameter (1:VARCHAR) <- [admin]
2026-03-04 18:46:23 [main] DEBUG [] [ ] [] org.hibernate.SQL - 
    select
        r1_0.id,
        r1_0.created_at,
        r1_0.name,
        r1_0.updated_at 
    from
        public.roles r1_0 
    where
        upper(r1_0.name)=upper(?)
Hibernate: 
    select
        r1_0.id,
        r1_0.created_at,
        r1_0.name,
        r1_0.updated_at 
    from
        public.roles r1_0 
    where
        upper(r1_0.name)=upper(?)
2026-03-04 18:46:23 [main] TRACE [] [ ] [] org.hibernate.orm.jdbc.bind - binding parameter (1:VARCHAR) <- [AdMiN]
2026-03-04 18:46:23 [main] DEBUG [] [ ] [] org.hibernate.SQL - 
    select
        r1_0.id,
        r1_0.created_at,
        r1_0.name,
        r1_0.updated_at 
    from
        public.roles r1_0
Hibernate: 
    select
        r1_0.id,
        r1_0.created_at,
        r1_0.name,
        r1_0.updated_at 
    from
        public.roles r1_0
2026-03-04 18:46:23 [main] DEBUG [] [ ] [] org.hibernate.SQL - 
    insert 
    into
        public.roles
        (created_at, name, updated_at, id) 
    values
        (?, ?, ?, ?)
Hibernate: 
    insert 
    into
        public.roles
        (created_at, name, updated_at, id) 
    values
        (?, ?, ?, ?)
2026-03-04 18:46:23 [main] TRACE [] [ ] [] org.hibernate.orm.jdbc.bind - binding parameter (1:TIMESTAMP) <- [2026-03-04T18:46:23.715892]
2026-03-04 18:46:23 [main] TRACE [] [ ] [] org.hibernate.orm.jdbc.bind - binding parameter (2:VARCHAR) <- [ADMIN]
2026-03-04 18:46:23 [main] TRACE [] [ ] [] org.hibernate.orm.jdbc.bind - binding parameter (3:TIMESTAMP) <- [2026-03-04T18:46:23.715892]
2026-03-04 18:46:23 [main] TRACE [] [ ] [] org.hibernate.orm.jdbc.bind - binding parameter (4:UUID) <- [bf5044a1-16dd-4912-a1ce-e47618b96cc4]
2026-03-04 18:46:23 [main] DEBUG [] [ ] [] org.hibernate.SQL - 
    select
        r1_0.id,
        r1_0.created_at,
        r1_0.name,
        r1_0.updated_at 
    from
        public.roles r1_0 
    where
        upper(r1_0.name)=upper(?)
Hibernate: 
    select
        r1_0.id,
        r1_0.created_at,
        r1_0.name,
        r1_0.updated_at 
    from
        public.roles r1_0 
    where
        upper(r1_0.name)=upper(?)
2026-03-04 18:46:23 [main] TRACE [] [ ] [] org.hibernate.orm.jdbc.bind - binding parameter (1:VARCHAR) <- [USER]
[INFO] Tests run: 3, Failures: 0, Errors: 0, Skipped: 0, Time elapsed: 1.003 s -- in com.leadflow.backend.repository.user.RoleRepositoryTest
[INFO] Running com.leadflow.backend.repository.user.UserRepositoryTest

  .   ____          _            __ _ _
 /\\ / ___'_ __ _ _(_)_ __  __ _ \ \ \ \
( ( )\___ | '_ | '_| | '_ \/ _` | \ \ \ \
 \\/  ___)| |_)| | | | | || (_| |  ) ) ) )
  '  |____| .__|_| |_|_| |_\__, | / / / /
 =========|_|==============|___/=/_/_/_/

 :: Spring Boot ::               (v3.5.11)

2026-03-04 18:46:23 [main] INFO  [] [ ] [] c.l.b.r.user.UserRepositoryTest - Starting UserRepositoryTest using Java 17.0.16 with PID 23204 (started by Gabri in C:\Users\Gabri\OneDrive\┴rea de Trabalho\leadflow-backend)
2026-03-04 18:46:23 [main] DEBUG [] [ ] [] c.l.b.r.user.UserRepositoryTest - Running with Spring Boot v3.5.11, Spring v6.2.16
2026-03-04 18:46:23 [main] INFO  [] [ ] [] c.l.b.r.user.UserRepositoryTest - The following 1 profile is active: "test"
2026-03-04 18:46:23 [scheduler-1] DEBUG [] [ ] [] org.hibernate.SQL - 
    select
        ee1_0.id,
        ee1_0.attempt_count,
        ee1_0.email,
        ee1_0.event_type,
        ee1_0.html_content,
        ee1_0.max_attempts,
        ee1_0.next_retry_at,
        ee1_0.occurred_at,
        ee1_0.processed_at,
        ee1_0.reason,
        ee1_0.status,
        ee1_0.subject,
        ee1_0.updated_at 
    from
        email_events ee1_0 
    where
        ee1_0.status=? 
        and ee1_0.next_retry_at<=? 
    order by
        ee1_0.occurred_at 
    fetch
        first ? rows only
2026-03-04 18:46:23 [scheduler-1] TRACE [] [ ] [] org.hibernate.orm.jdbc.bind - binding parameter (1:VARCHAR) <- [PENDING]
2026-03-04 18:46:23 [scheduler-1] TRACE [] [ ] [] org.hibernate.orm.jdbc.bind - binding parameter (2:TIMESTAMP_UTC) <- [2026-03-04T21:46:23.767849400Z]
2026-03-04 18:46:23 [scheduler-1] TRACE [] [ ] [] org.hibernate.orm.jdbc.bind - binding parameter (3:INTEGER) <- [50]
2026-03-04 18:46:24 [main] WARN  [] [ ] [] org.hibernate.orm.deprecation - HHH90000025: PostgreSQLDialect does not need to be specified explicitly using 'hibernate.dialect' (remove the property setting and it will be selected by default)
2026-03-04 18:46:24 [main] DEBUG [] [ ] [] org.hibernate.SQL - 
    set client_min_messages = WARNING
Hibernate: 
    set client_min_messages = WARNING
2026-03-04 18:46:24 [main] DEBUG [] [ ] [] org.hibernate.SQL - 
    drop table if exists public.roles cascade
Hibernate: 
    drop table if exists public.roles cascade
2026-03-04 18:46:24 [main] DEBUG [] [ ] [] org.hibernate.SQL - 
    drop table if exists public.tenants cascade
Hibernate: 
    drop table if exists public.tenants cascade
2026-03-04 18:46:24 [main] DEBUG [] [ ] [] org.hibernate.SQL - 
    alter table if exists lead_status_history 
       drop constraint if exists fk_lsh_user
Hibernate: 
    alter table if exists lead_status_history 
       drop constraint if exists fk_lsh_user
2026-03-04 18:46:24 [main] DEBUG [] [ ] [] org.hibernate.SQL - 
    alter table if exists lead_status_history 
       drop constraint if exists fk_lsh_lead
Hibernate: 
    alter table if exists lead_status_history 
       drop constraint if exists fk_lsh_lead
2026-03-04 18:46:24 [main] DEBUG [] [ ] [] org.hibernate.SQL - 
    alter table if exists logs 
       drop constraint if exists fk_logs_user
Hibernate: 
    alter table if exists logs 
       drop constraint if exists fk_logs_user
2026-03-04 18:46:24 [main] DEBUG [] [ ] [] org.hibernate.SQL - 
    alter table if exists password_reset_token 
       drop constraint if exists FK83nsrttkwkb6ym0anu051mtxn
Hibernate: 
    alter table if exists password_reset_token 
       drop constraint if exists FK83nsrttkwkb6ym0anu051mtxn
2026-03-04 18:46:24 [main] DEBUG [] [ ] [] org.hibernate.SQL - 
    alter table if exists refresh_tokens 
       drop constraint if exists fk_refresh_token_user
Hibernate: 
    alter table if exists refresh_tokens 
       drop constraint if exists fk_refresh_token_user
2026-03-04 18:46:24 [main] DEBUG [] [ ] [] org.hibernate.SQL - 
    alter table if exists settings 
       drop constraint if exists fk_settings_user
Hibernate: 
    alter table if exists settings 
       drop constraint if exists fk_settings_user
2026-03-04 18:46:24 [main] DEBUG [] [ ] [] org.hibernate.SQL - 
    alter table if exists users 
       drop constraint if exists fk_users_role
Hibernate: 
    alter table if exists users 
       drop constraint if exists fk_users_role
2026-03-04 18:46:24 [main] DEBUG [] [ ] [] org.hibernate.SQL - 
    drop table if exists email_events cascade
Hibernate: 
    drop table if exists email_events cascade
2026-03-04 18:46:24 [main] DEBUG [] [ ] [] org.hibernate.SQL - 
    drop table if exists lead_status_history cascade
Hibernate: 
    drop table if exists lead_status_history cascade
2026-03-04 18:46:24 [main] DEBUG [] [ ] [] org.hibernate.SQL - 
    drop table if exists leads cascade
Hibernate: 
    drop table if exists leads cascade
2026-03-04 18:46:24 [main] DEBUG [] [ ] [] org.hibernate.SQL - 
    drop table if exists login_audit cascade
Hibernate: 
    drop table if exists login_audit cascade
2026-03-04 18:46:24 [main] DEBUG [] [ ] [] org.hibernate.SQL - 
    drop table if exists logs cascade
Hibernate: 
    drop table if exists logs cascade
2026-03-04 18:46:24 [main] DEBUG [] [ ] [] org.hibernate.SQL - 
    drop table if exists password_reset_token cascade
Hibernate: 
    drop table if exists password_reset_token cascade
2026-03-04 18:46:24 [main] DEBUG [] [ ] [] org.hibernate.SQL - 
    drop table if exists refresh_tokens cascade
Hibernate: 
    drop table if exists refresh_tokens cascade
2026-03-04 18:46:24 [main] DEBUG [] [ ] [] org.hibernate.SQL - 
    drop table if exists security_audit_logs cascade
Hibernate: 
    drop table if exists security_audit_logs cascade
2026-03-04 18:46:24 [main] DEBUG [] [ ] [] org.hibernate.SQL - 
    drop table if exists settings cascade
Hibernate: 
    drop table if exists settings cascade
2026-03-04 18:46:24 [main] DEBUG [] [ ] [] org.hibernate.SQL - 
    drop table if exists subscription_history cascade
Hibernate: 
    drop table if exists subscription_history cascade
2026-03-04 18:46:24 [main] DEBUG [] [ ] [] org.hibernate.SQL - 
    drop table if exists user_sessions cascade
Hibernate: 
    drop table if exists user_sessions cascade
2026-03-04 18:46:24 [main] DEBUG [] [ ] [] org.hibernate.SQL - 
    drop table if exists users cascade
Hibernate: 
    drop table if exists users cascade
2026-03-04 18:46:24 [main] DEBUG [] [ ] [] org.hibernate.SQL - 
    drop table if exists vendor_audit_logs cascade
Hibernate: 
    drop table if exists vendor_audit_logs cascade
2026-03-04 18:46:24 [main] DEBUG [] [ ] [] org.hibernate.SQL - 
    drop table if exists vendor_features cascade
Hibernate: 
    drop table if exists vendor_features cascade
2026-03-04 18:46:24 [main] DEBUG [] [ ] [] org.hibernate.SQL - 
    drop table if exists vendor_lead_alerts cascade
Hibernate: 
    drop table if exists vendor_lead_alerts cascade
2026-03-04 18:46:24 [main] DEBUG [] [ ] [] org.hibernate.SQL - 
    drop table if exists vendor_lead_conversations cascade
Hibernate: 
    drop table if exists vendor_lead_conversations cascade
2026-03-04 18:46:24 [main] DEBUG [] [ ] [] org.hibernate.SQL - 
    drop table if exists vendor_lead_messages cascade
Hibernate: 
    drop table if exists vendor_lead_messages cascade
2026-03-04 18:46:24 [main] DEBUG [] [ ] [] org.hibernate.SQL - 
    drop table if exists vendor_lead_stage_history cascade
Hibernate: 
    drop table if exists vendor_lead_stage_history cascade
2026-03-04 18:46:24 [main] DEBUG [] [ ] [] org.hibernate.SQL - 
    drop table if exists vendor_leads cascade
Hibernate: 
    drop table if exists vendor_leads cascade
2026-03-04 18:46:24 [main] DEBUG [] [ ] [] org.hibernate.SQL - 
    drop table if exists vendor_risk_alerts cascade
Hibernate: 
    drop table if exists vendor_risk_alerts cascade
2026-03-04 18:46:24 [main] DEBUG [] [ ] [] org.hibernate.SQL - 
    drop table if exists vendor_usage cascade
Hibernate: 
    drop table if exists vendor_usage cascade
2026-03-04 18:46:24 [main] DEBUG [] [ ] [] org.hibernate.SQL - 
    drop table if exists vendors cascade
Hibernate: 
    drop table if exists vendors cascade
2026-03-04 18:46:24 [main] DEBUG [] [ ] [] org.hibernate.SQL - 
    drop table if exists webhook_events cascade
Hibernate: 
    drop table if exists webhook_events cascade
2026-03-04 18:46:24 [main] DEBUG [] [ ] [] org.hibernate.SQL - 
    create table public.roles (
        created_at timestamp(6) not null,
        updated_at timestamp(6) not null,
        id uuid not null,
        name varchar(50) not null,
        primary key (id),
        constraint uk_roles_name unique (name)
    )
Hibernate: 
    create table public.roles (
        created_at timestamp(6) not null,
        updated_at timestamp(6) not null,
        id uuid not null,
        name varchar(50) not null,
        primary key (id),
        constraint uk_roles_name unique (name)
    )
2026-03-04 18:46:24 [main] DEBUG [] [ ] [] org.hibernate.SQL - 
    create table public.tenants (
        created_at timestamp(6) not null,
        deleted_at timestamp(6),
        updated_at timestamp(6) not null,
        id uuid not null,
        schema_name varchar(50) not null,
        name varchar(100) not null,
        primary key (id),
        constraint uk_tenants_schema_name unique (schema_name)
    )
Hibernate: 
    create table public.tenants (
        created_at timestamp(6) not null,
        deleted_at timestamp(6),
        updated_at timestamp(6) not null,
        id uuid not null,
        schema_name varchar(50) not null,
        name varchar(100) not null,
        primary key (id),
        constraint uk_tenants_schema_name unique (schema_name)
    )
2026-03-04 18:46:24 [main] DEBUG [] [ ] [] org.hibernate.SQL - 
    create index idx_tenants_schema_name 
       on public.tenants (schema_name)
Hibernate: 
    create index idx_tenants_schema_name 
       on public.tenants (schema_name)
2026-03-04 18:46:24 [main] DEBUG [] [ ] [] org.hibernate.SQL - 
    create table email_events (
        attempt_count integer not null,
        max_attempts integer not null,
        next_retry_at timestamp(6) with time zone,
        occurred_at timestamp(6) with time zone not null,
        processed_at timestamp(6) with time zone,
        updated_at timestamp(6) with time zone not null,
        id uuid not null,
        email varchar(255) not null,
        event_type varchar(255) not null,
        html_content TEXT,
        reason varchar(255),
        status varchar(255) not null,
        subject varchar(255),
        primary key (id)
    )
Hibernate: 
    create table email_events (
        attempt_count integer not null,
        max_attempts integer not null,
        next_retry_at timestamp(6) with time zone,
        occurred_at timestamp(6) with time zone not null,
        processed_at timestamp(6) with time zone,
        updated_at timestamp(6) with time zone not null,
        id uuid not null,
        email varchar(255) not null,
        event_type varchar(255) not null,
        html_content TEXT,
        reason varchar(255),
        status varchar(255) not null,
        subject varchar(255),
        primary key (id)
    )
2026-03-04 18:46:24 [main] DEBUG [] [ ] [] org.hibernate.SQL - 
    create table lead_status_history (
        changed_at timestamp(6) not null,
        changed_by uuid,
        id uuid not null,
        lead_id uuid not null,
        status varchar(30) not null check (status in ('NEW','CONTACTED','QUALIFIED','CLOSED')),
        primary key (id)
    )
Hibernate: 
    create table lead_status_history (
        changed_at timestamp(6) not null,
        changed_by uuid,
        id uuid not null,
        lead_id uuid not null,
        status varchar(30) not null check (status in ('NEW','CONTACTED','QUALIFIED','CLOSED')),
        primary key (id)
    )
2026-03-04 18:46:24 [main] DEBUG [] [ ] [] org.hibernate.SQL - 
    create table leads (
        created_at timestamp(6) not null,
        deleted_at timestamp(6),
        updated_at timestamp(6) not null,
        id uuid not null,
        user_id uuid not null,
        phone varchar(20),
        status varchar(30) not null check (status in ('NEW','CONTACTED','QUALIFIED','CLOSED')),
        email varchar(150) not null,
        name varchar(150) not null,
        primary key (id),
        constraint uk_leads_email_user unique (email, user_id)
    )
Hibernate: 
    create table leads (
        created_at timestamp(6) not null,
        deleted_at timestamp(6),
        updated_at timestamp(6) not null,
        id uuid not null,
        user_id uuid not null,
        phone varchar(20),
        status varchar(30) not null check (status in ('NEW','CONTACTED','QUALIFIED','CLOSED')),
        email varchar(150) not null,
        name varchar(150) not null,
        primary key (id),
        constraint uk_leads_email_user unique (email, user_id)
    )
2026-03-04 18:46:24 [main] DEBUG [] [ ] [] org.hibernate.SQL - 
    create table login_audit (
        success boolean not null,
        suspicious boolean not null,
        created_at timestamp(6) with time zone not null,
        id uuid not null,
        tenant_id uuid not null,
        user_id uuid,
        ip_address varchar(45),
        email varchar(320) not null,
        user_agent varchar(512),
        failure_reason varchar(255),
        primary key (id)
    )
Hibernate: 
    create table login_audit (
        success boolean not null,
        suspicious boolean not null,
        created_at timestamp(6) with time zone not null,
        id uuid not null,
        tenant_id uuid not null,
        user_id uuid,
        ip_address varchar(45),
        email varchar(320) not null,
        user_agent varchar(512),
        failure_reason varchar(255),
        primary key (id)
    )
2026-03-04 18:46:24 [main] DEBUG [] [ ] [] org.hibernate.SQL - 
    create table logs (
        created_at timestamp(6) not null,
        id uuid not null,
        user_id uuid,
        action TEXT not null,
        primary key (id)
    )
Hibernate: 
    create table logs (
        created_at timestamp(6) not null,
        id uuid not null,
        user_id uuid,
        action TEXT not null,
        primary key (id)
    )
2026-03-04 18:46:24 [main] DEBUG [] [ ] [] org.hibernate.SQL - 
    create table password_reset_token (
        used boolean not null,
        created_at timestamp(6) not null,
        expires_at timestamp(6) not null,
        id uuid not null,
        user_id uuid not null,
        token_hash varchar(255) not null unique,
        primary key (id)
    )
Hibernate: 
    create table password_reset_token (
        used boolean not null,
        created_at timestamp(6) not null,
        expires_at timestamp(6) not null,
        id uuid not null,
        user_id uuid not null,
        token_hash varchar(255) not null unique,
        primary key (id)
    )
2026-03-04 18:46:24 [main] DEBUG [] [ ] [] org.hibernate.SQL - 
    create table refresh_tokens (
        revoked boolean not null,
        created_at timestamp(6) not null,
        expires_at timestamp(6) not null,
        id uuid not null,
        user_id uuid not null,
        device_fingerprint varchar(255) not null,
        token_hash varchar(255) not null,
        primary key (id),
        constraint uq_refresh_token_hash unique (token_hash)
    )
Hibernate: 
    create table refresh_tokens (
        revoked boolean not null,
        created_at timestamp(6) not null,
        expires_at timestamp(6) not null,
        id uuid not null,
        user_id uuid not null,
        device_fingerprint varchar(255) not null,
        token_hash varchar(255) not null,
        primary key (id),
        constraint uq_refresh_token_hash unique (token_hash)
    )
2026-03-04 18:46:24 [main] DEBUG [] [ ] [] org.hibernate.SQL - 
    create table security_audit_logs (
        success boolean not null,
        created_at timestamp(6) not null,
        id uuid not null,
        action varchar(50) not null check (action in ('LOGIN_SUCCESS','LOGIN_FAILED','ACCOUNT_LOCKED','PASSWORD_RESET_REQUESTED','PASSWORD_RESET_SUCCESS','USER_REGISTERED')),
        correlation_id varchar(100),
        ip_address varchar(100),
        tenant varchar(100) not null,
        email varchar(150) not null,
        user_agent varchar(255),
        primary key (id)
    )
Hibernate: 
    create table security_audit_logs (
        success boolean not null,
        created_at timestamp(6) not null,
        id uuid not null,
        action varchar(50) not null check (action in ('LOGIN_SUCCESS','LOGIN_FAILED','ACCOUNT_LOCKED','PASSWORD_RESET_REQUESTED','PASSWORD_RESET_SUCCESS','USER_REGISTERED')),
        correlation_id varchar(100),
        ip_address varchar(100),
        tenant varchar(100) not null,
        email varchar(150) not null,
        user_agent varchar(255),
        primary key (id)
    )
2026-03-04 18:46:24 [main] DEBUG [] [ ] [] org.hibernate.SQL - 
    create table settings (
        created_at timestamp(6) not null,
        deleted_at timestamp(6),
        updated_at timestamp(6) not null,
        whatsapp varchar(15) not null,
        id uuid not null,
        user_id uuid not null,
        company_name varchar(100),
        vendor_name varchar(100) not null,
        logo TEXT,
        welcome_message TEXT,
        primary key (id)
    )
Hibernate: 
    create table settings (
        created_at timestamp(6) not null,
        deleted_at timestamp(6),
        updated_at timestamp(6) not null,
        whatsapp varchar(15) not null,
        id uuid not null,
        user_id uuid not null,
        company_name varchar(100),
        vendor_name varchar(100) not null,
        logo TEXT,
        welcome_message TEXT,
        primary key (id)
    )
2026-03-04 18:46:24 [main] DEBUG [] [ ] [] org.hibernate.SQL - 
    create table subscription_history (
        changed_at timestamp(6) with time zone not null,
        id uuid not null,
        vendor_id uuid not null,
        external_event_id varchar(255),
        new_status varchar(255) not null check (new_status in ('TRIAL','ATIVA','INADIMPLENTE','SUSPENSA','CANCELADA','EXPIRADA')),
        previous_status varchar(255) not null check (previous_status in ('TRIAL','ATIVA','INADIMPLENTE','SUSPENSA','CANCELADA','EXPIRADA')),
        reason varchar(255),
        primary key (id)
    )
Hibernate: 
    create table subscription_history (
        changed_at timestamp(6) with time zone not null,
        id uuid not null,
        vendor_id uuid not null,
        external_event_id varchar(255),
        new_status varchar(255) not null check (new_status in ('TRIAL','ATIVA','INADIMPLENTE','SUSPENSA','CANCELADA','EXPIRADA')),
        previous_status varchar(255) not null check (previous_status in ('TRIAL','ATIVA','INADIMPLENTE','SUSPENSA','CANCELADA','EXPIRADA')),
        reason varchar(255),
        primary key (id)
    )
2026-03-04 18:46:24 [main] DEBUG [] [ ] [] org.hibernate.SQL - 
    create table user_sessions (
        active boolean not null,
        suspicious boolean not null,
        created_at timestamp(6) with time zone not null,
        last_access_at timestamp(6) with time zone,
        revoked_at timestamp(6) with time zone,
        id uuid not null,
        tenant_id uuid not null,
        user_id uuid not null,
        token_id varchar(36) not null unique,
        initial_ip_address varchar(45),
        ip_address varchar(45),
        initial_user_agent varchar(512),
        user_agent varchar(512),
        primary key (id)
    )
Hibernate: 
    create table user_sessions (
        active boolean not null,
        suspicious boolean not null,
        created_at timestamp(6) with time zone not null,
        last_access_at timestamp(6) with time zone,
        revoked_at timestamp(6) with time zone,
        id uuid not null,
        tenant_id uuid not null,
        user_id uuid not null,
        token_id varchar(36) not null unique,
        initial_ip_address varchar(45),
        ip_address varchar(45),
        initial_user_agent varchar(512),
        user_agent varchar(512),
        primary key (id)
    )
2026-03-04 18:46:24 [main] DEBUG [] [ ] [] org.hibernate.SQL - 
    create table users (
        failed_attempts integer not null,
        created_at timestamp(6) not null,
        credentials_updated_at timestamp(6),
        deleted_at timestamp(6),
        lock_until timestamp(6),
        updated_at timestamp(6) not null,
        id uuid not null,
        role_id uuid not null,
        email varchar(150) not null,
        name varchar(150) not null,
        password varchar(255) not null,
        primary key (id),
        constraint uq_users_email unique (email)
    )
Hibernate: 
    create table users (
        failed_attempts integer not null,
        created_at timestamp(6) not null,
        credentials_updated_at timestamp(6),
        deleted_at timestamp(6),
        lock_until timestamp(6),
        updated_at timestamp(6) not null,
        id uuid not null,
        role_id uuid not null,
        email varchar(150) not null,
        name varchar(150) not null,
        password varchar(255) not null,
        primary key (id),
        constraint uq_users_email unique (email)
    )
2026-03-04 18:46:24 [main] DEBUG [] [ ] [] org.hibernate.SQL - 
    create table vendor_audit_logs (
        created_at timestamp(6) with time zone not null,
        entidade_id uuid not null,
        id uuid not null,
        vendor_id uuid not null,
        acao varchar(255) not null,
        detalhes TEXT,
        entity_type varchar(255) not null,
        user_email varchar(255) not null,
        primary key (id)
    )
Hibernate: 
    create table vendor_audit_logs (
        created_at timestamp(6) with time zone not null,
        entidade_id uuid not null,
        id uuid not null,
        vendor_id uuid not null,
        acao varchar(255) not null,
        detalhes TEXT,
        entity_type varchar(255) not null,
        user_email varchar(255) not null,
        primary key (id)
    )
2026-03-04 18:46:24 [main] DEBUG [] [ ] [] org.hibernate.SQL - 
    create table vendor_features (
        enabled boolean not null,
        created_at timestamp(6) with time zone not null,
        updated_at timestamp(6) with time zone not null,
        id uuid not null,
        vendor_id uuid not null,
        feature_key varchar(255) not null check (feature_key in ('AI_CHAT')),
        primary key (id)
    )
Hibernate: 
    create table vendor_features (
        enabled boolean not null,
        created_at timestamp(6) with time zone not null,
        updated_at timestamp(6) with time zone not null,
        id uuid not null,
        vendor_id uuid not null,
        feature_key varchar(255) not null check (feature_key in ('AI_CHAT')),
        primary key (id)
    )
2026-03-04 18:46:24 [main] DEBUG [] [ ] [] org.hibernate.SQL - 
    create table vendor_lead_alerts (
        resolvido boolean not null,
        created_at timestamp(6) with time zone not null,
        id uuid not null,
        vendor_lead_id uuid not null,
        mensagem TEXT not null,
        tipo varchar(255) not null,
        primary key (id)
    )
Hibernate: 
    create table vendor_lead_alerts (
        resolvido boolean not null,
        created_at timestamp(6) with time zone not null,
        id uuid not null,
        vendor_lead_id uuid not null,
        mensagem TEXT not null,
        tipo varchar(255) not null,
        primary key (id)
    )
2026-03-04 18:46:24 [main] DEBUG [] [ ] [] org.hibernate.SQL - 
    create table vendor_lead_conversations (
        created_at timestamp(6) with time zone not null,
        id uuid not null,
        vendor_lead_id uuid not null,
        content TEXT not null,
        role varchar(255) not null,
        primary key (id)
    )
Hibernate: 
    create table vendor_lead_conversations (
        created_at timestamp(6) with time zone not null,
        id uuid not null,
        vendor_lead_id uuid not null,
        content TEXT not null,
        role varchar(255) not null,
        primary key (id)
    )
2026-03-04 18:46:24 [main] DEBUG [] [ ] [] org.hibernate.SQL - 
    create table vendor_lead_messages (
        created_at timestamp(6) with time zone not null,
        id uuid not null,
        vendor_lead_id uuid not null,
        role varchar(20) not null check (role in ('USER','AI')),
        message TEXT not null,
        primary key (id)
    )
Hibernate: 
    create table vendor_lead_messages (
        created_at timestamp(6) with time zone not null,
        id uuid not null,
        vendor_lead_id uuid not null,
        role varchar(20) not null check (role in ('USER','AI')),
        message TEXT not null,
        primary key (id)
    )
2026-03-04 18:46:24 [main] DEBUG [] [ ] [] org.hibernate.SQL - 
    create table vendor_lead_stage_history (
        changed_at timestamp(6) with time zone not null,
        id uuid not null,
        vendor_lead_id uuid not null,
        new_stage varchar(255) not null,
        previous_stage varchar(255) not null,
        primary key (id)
    )
Hibernate: 
    create table vendor_lead_stage_history (
        changed_at timestamp(6) with time zone not null,
        id uuid not null,
        vendor_lead_id uuid not null,
        new_stage varchar(255) not null,
        previous_stage varchar(255) not null,
        primary key (id)
    )
2026-03-04 18:46:24 [main] DEBUG [] [ ] [] org.hibernate.SQL - 
    create table vendor_leads (
        score integer not null,
        created_date timestamp(6) with time zone not null,
        id uuid not null,
        vendor_id uuid not null,
        nome_completo varchar(255) not null,
        owner_email varchar(255),
        resumo_estrategico TEXT,
        stage varchar(255) not null check (stage in ('NOVO','CONTATO','PROPOSTA','FECHADO','PERDIDO')),
        status varchar(255) not null,
        tipo_consorcio varchar(255),
        urgencia varchar(255),
        valor_credito varchar(255),
        whatsapp varchar(255) not null,
        primary key (id)
    )
Hibernate: 
    create table vendor_leads (
        score integer not null,
        created_date timestamp(6) with time zone not null,
        id uuid not null,
        vendor_id uuid not null,
        nome_completo varchar(255) not null,
        owner_email varchar(255),
        resumo_estrategico TEXT,
        stage varchar(255) not null check (stage in ('NOVO','CONTATO','PROPOSTA','FECHADO','PERDIDO')),
        status varchar(255) not null,
        tipo_consorcio varchar(255),
        urgencia varchar(255),
        valor_credito varchar(255),
        whatsapp varchar(255) not null,
        primary key (id)
    )
2026-03-04 18:46:24 [main] DEBUG [] [ ] [] org.hibernate.SQL - 
    create table vendor_risk_alerts (
        resolved boolean not null,
        score integer not null,
        created_at timestamp(6) with time zone not null,
        id uuid not null,
        vendor_id uuid not null,
        risk_level varchar(255) not null,
        primary key (id)
    )
Hibernate: 
    create table vendor_risk_alerts (
        resolved boolean not null,
        score integer not null,
        created_at timestamp(6) with time zone not null,
        id uuid not null,
        vendor_id uuid not null,
        risk_level varchar(255) not null,
        primary key (id)
    )
2026-03-04 18:46:24 [main] DEBUG [] [ ] [] org.hibernate.SQL - 
    create table vendor_usage (
        alert100sent boolean not null,
        alert80sent boolean not null,
        used integer not null,
        period_end timestamp(6) with time zone not null,
        period_start timestamp(6) with time zone not null,
        id uuid not null,
        vendor_id uuid not null,
        quota_type varchar(255) not null check (quota_type in ('ACTIVE_LEADS','AI_EXECUTIONS')),
        primary key (id)
    )
Hibernate: 
    create table vendor_usage (
        alert100sent boolean not null,
        alert80sent boolean not null,
        used integer not null,
        period_end timestamp(6) with time zone not null,
        period_start timestamp(6) with time zone not null,
        id uuid not null,
        vendor_id uuid not null,
        quota_type varchar(255) not null check (quota_type in ('ACTIVE_LEADS','AI_EXECUTIONS')),
        primary key (id)
    )
2026-03-04 18:46:24 [main] DEBUG [] [ ] [] org.hibernate.SQL - 
    create table vendors (
        email_invalid boolean not null,
        created_at timestamp(6) with time zone not null,
        last_payment_at timestamp(6) with time zone,
        next_billing_at timestamp(6) with time zone,
        subscription_expires_at timestamp(6) with time zone,
        subscription_started_at timestamp(6) with time zone,
        updated_at timestamp(6) with time zone,
        id uuid not null,
        cor_destaque varchar(255) not null,
        external_customer_id varchar(255),
        external_subscription_id varchar(255),
        logo_url varchar(255),
        mensagem_boas_vindas TEXT,
        nome_empresa varchar(255),
        nome_vendedor varchar(255) not null,
        slug varchar(255) not null unique,
        subscription_status varchar(255) not null check (subscription_status in ('TRIAL','ATIVA','INADIMPLENTE','SUSPENSA','CANCELADA','EXPIRADA')),
        user_email varchar(255) not null,
        whatsapp_vendedor varchar(255) not null,
        primary key (id)
    )
Hibernate: 
    create table vendors (
        email_invalid boolean not null,
        created_at timestamp(6) with time zone not null,
        last_payment_at timestamp(6) with time zone,
        next_billing_at timestamp(6) with time zone,
        subscription_expires_at timestamp(6) with time zone,
        subscription_started_at timestamp(6) with time zone,
        updated_at timestamp(6) with time zone,
        id uuid not null,
        cor_destaque varchar(255) not null,
        external_customer_id varchar(255),
        external_subscription_id varchar(255),
        logo_url varchar(255),
        mensagem_boas_vindas TEXT,
        nome_empresa varchar(255),
        nome_vendedor varchar(255) not null,
        slug varchar(255) not null unique,
        subscription_status varchar(255) not null check (subscription_status in ('TRIAL','ATIVA','INADIMPLENTE','SUSPENSA','CANCELADA','EXPIRADA')),
        user_email varchar(255) not null,
        whatsapp_vendedor varchar(255) not null,
        primary key (id)
    )
2026-03-04 18:46:24 [main] DEBUG [] [ ] [] org.hibernate.SQL - 
    create table webhook_events (
        received_at timestamp(6) with time zone not null,
        event_id varchar(255) not null,
        primary key (event_id)
    )
Hibernate: 
    create table webhook_events (
        received_at timestamp(6) with time zone not null,
        event_id varchar(255) not null,
        primary key (event_id)
    )
2026-03-04 18:46:24 [main] DEBUG [] [ ] [] org.hibernate.SQL - 
    create index idx_lsh_lead_id 
       on lead_status_history (lead_id)
Hibernate: 
    create index idx_lsh_lead_id 
       on lead_status_history (lead_id)
2026-03-04 18:46:24 [main] DEBUG [] [ ] [] org.hibernate.SQL - 
    create index idx_lsh_lead_changed_at 
       on lead_status_history (lead_id, changed_at)
Hibernate: 
    create index idx_lsh_lead_changed_at 
       on lead_status_history (lead_id, changed_at)
2026-03-04 18:46:24 [main] DEBUG [] [ ] [] org.hibernate.SQL - 
    create index idx_leads_email 
       on leads (email)
Hibernate: 
    create index idx_leads_email 
       on leads (email)
2026-03-04 18:46:24 [main] DEBUG [] [ ] [] org.hibernate.SQL - 
    create index idx_leads_user 
       on leads (user_id)
Hibernate: 
    create index idx_leads_user 
       on leads (user_id)
2026-03-04 18:46:24 [main] DEBUG [] [ ] [] org.hibernate.SQL - 
    create index idx_leads_user_email 
       on leads (user_id, email)
Hibernate: 
    create index idx_leads_user_email 
       on leads (user_id, email)
2026-03-04 18:46:24 [main] DEBUG [] [ ] [] org.hibernate.SQL - 
    create index idx_login_user_tenant 
       on login_audit (user_id, tenant_id)
Hibernate: 
    create index idx_login_user_tenant 
       on login_audit (user_id, tenant_id)
2026-03-04 18:46:24 [main] DEBUG [] [ ] [] org.hibernate.SQL - 
    create index idx_login_email_tenant 
       on login_audit (email, tenant_id)
Hibernate: 
    create index idx_login_email_tenant 
       on login_audit (email, tenant_id)
2026-03-04 18:46:24 [main] DEBUG [] [ ] [] org.hibernate.SQL - 
    create index idx_login_created 
       on login_audit (created_at)
Hibernate: 
    create index idx_login_created 
       on login_audit (created_at)
2026-03-04 18:46:24 [main] DEBUG [] [ ] [] org.hibernate.SQL - 
    create index idx_login_success 
       on login_audit (success)
Hibernate: 
    create index idx_login_success 
       on login_audit (success)
2026-03-04 18:46:24 [main] DEBUG [] [ ] [] org.hibernate.SQL - 
    create index idx_logs_user_id 
       on logs (user_id)
Hibernate: 
    create index idx_logs_user_id 
       on logs (user_id)
2026-03-04 18:46:24 [main] DEBUG [] [ ] [] org.hibernate.SQL - 
    create index idx_logs_created_at 
       on logs (created_at)
Hibernate: 
    create index idx_logs_created_at 
       on logs (created_at)
2026-03-04 18:46:24 [main] DEBUG [] [ ] [] org.hibernate.SQL - 
    create index idx_password_reset_token_hash 
       on password_reset_token (token_hash)
Hibernate: 
    create index idx_password_reset_token_hash 
       on password_reset_token (token_hash)
2026-03-04 18:46:24 [main] DEBUG [] [ ] [] org.hibernate.SQL - 
    create index idx_password_reset_token_user 
       on password_reset_token (user_id)
Hibernate: 
    create index idx_password_reset_token_user 
       on password_reset_token (user_id)
2026-03-04 18:46:24 [main] DEBUG [] [ ] [] org.hibernate.SQL - 
    create index idx_password_reset_token_expires 
       on password_reset_token (expires_at)
Hibernate: 
    create index idx_password_reset_token_expires 
       on password_reset_token (expires_at)
2026-03-04 18:46:24 [main] DEBUG [] [ ] [] org.hibernate.SQL - 
    create index idx_refresh_token_user 
       on refresh_tokens (user_id)
Hibernate: 
    create index idx_refresh_token_user 
       on refresh_tokens (user_id)
2026-03-04 18:46:24 [main] DEBUG [] [ ] [] org.hibernate.SQL - 
    create index idx_refresh_token_hash 
       on refresh_tokens (token_hash)
Hibernate: 
    create index idx_refresh_token_hash 
       on refresh_tokens (token_hash)
2026-03-04 18:46:24 [main] DEBUG [] [ ] [] org.hibernate.SQL - 
    create index idx_refresh_token_fingerprint 
       on refresh_tokens (device_fingerprint)
Hibernate: 
    create index idx_refresh_token_fingerprint 
       on refresh_tokens (device_fingerprint)
2026-03-04 18:46:24 [main] DEBUG [] [ ] [] org.hibernate.SQL - 
    create index idx_audit_email 
       on security_audit_logs (email)
Hibernate: 
    create index idx_audit_email 
       on security_audit_logs (email)
2026-03-04 18:46:24 [main] DEBUG [] [ ] [] org.hibernate.SQL - 
    create index idx_audit_tenant 
       on security_audit_logs (tenant)
Hibernate: 
    create index idx_audit_tenant 
       on security_audit_logs (tenant)
2026-03-04 18:46:24 [main] DEBUG [] [ ] [] org.hibernate.SQL - 
    create index idx_audit_created_at 
       on security_audit_logs (created_at)
Hibernate: 
    create index idx_audit_created_at 
       on security_audit_logs (created_at)
2026-03-04 18:46:24 [main] DEBUG [] [ ] [] org.hibernate.SQL - 
    create index idx_settings_user 
       on settings (user_id)
Hibernate: 
    create index idx_settings_user 
       on settings (user_id)
2026-03-04 18:46:24 [main] DEBUG [] [ ] [] org.hibernate.SQL - 
    create index idx_session_token_tenant 
       on user_sessions (token_id, tenant_id)
Hibernate: 
    create index idx_session_token_tenant 
       on user_sessions (token_id, tenant_id)
2026-03-04 18:46:24 [main] DEBUG [] [ ] [] org.hibernate.SQL - 
    create index idx_session_user_tenant 
       on user_sessions (user_id, tenant_id)
Hibernate: 
    create index idx_session_user_tenant 
       on user_sessions (user_id, tenant_id)
2026-03-04 18:46:24 [main] DEBUG [] [ ] [] org.hibernate.SQL - 
    create index idx_session_active 
       on user_sessions (active)
Hibernate: 
    create index idx_session_active 
       on user_sessions (active)
2026-03-04 18:46:24 [main] DEBUG [] [ ] [] org.hibernate.SQL - 
    create index idx_session_last_access 
       on user_sessions (last_access_at)
Hibernate: 
    create index idx_session_last_access 
       on user_sessions (last_access_at)
2026-03-04 18:46:24 [main] DEBUG [] [ ] [] org.hibernate.SQL - 
    create index idx_users_email 
       on users (email)
Hibernate: 
    create index idx_users_email 
       on users (email)
2026-03-04 18:46:24 [main] DEBUG [] [ ] [] org.hibernate.SQL - 
    create index idx_vlm_vendor_lead_id 
       on vendor_lead_messages (vendor_lead_id)
Hibernate: 
    create index idx_vlm_vendor_lead_id 
       on vendor_lead_messages (vendor_lead_id)
2026-03-04 18:46:24 [main] DEBUG [] [ ] [] org.hibernate.SQL - 
    create index idx_vlm_vendor_lead_created_at 
       on vendor_lead_messages (vendor_lead_id, created_at)
Hibernate: 
    create index idx_vlm_vendor_lead_created_at 
       on vendor_lead_messages (vendor_lead_id, created_at)
2026-03-04 18:46:24 [main] DEBUG [] [ ] [] org.hibernate.SQL - 
    alter table if exists lead_status_history 
       add constraint fk_lsh_user 
       foreign key (changed_by) 
       references users
Hibernate: 
    alter table if exists lead_status_history 
       add constraint fk_lsh_user 
       foreign key (changed_by) 
       references users
2026-03-04 18:46:24 [main] DEBUG [] [ ] [] org.hibernate.SQL - 
    alter table if exists lead_status_history 
       add constraint fk_lsh_lead 
       foreign key (lead_id) 
       references leads
Hibernate: 
    alter table if exists lead_status_history 
       add constraint fk_lsh_lead 
       foreign key (lead_id) 
       references leads
2026-03-04 18:46:24 [main] DEBUG [] [ ] [] org.hibernate.SQL - 
    alter table if exists logs 
       add constraint fk_logs_user 
       foreign key (user_id) 
       references users
Hibernate: 
    alter table if exists logs 
       add constraint fk_logs_user 
       foreign key (user_id) 
       references users
2026-03-04 18:46:24 [main] DEBUG [] [ ] [] org.hibernate.SQL - 
    alter table if exists password_reset_token 
       add constraint FK83nsrttkwkb6ym0anu051mtxn 
       foreign key (user_id) 
       references users
Hibernate: 
    alter table if exists password_reset_token 
       add constraint FK83nsrttkwkb6ym0anu051mtxn 
       foreign key (user_id) 
       references users
2026-03-04 18:46:24 [main] DEBUG [] [ ] [] org.hibernate.SQL - 
    alter table if exists refresh_tokens 
       add constraint fk_refresh_token_user 
       foreign key (user_id) 
       references users
Hibernate: 
    alter table if exists refresh_tokens 
       add constraint fk_refresh_token_user 
       foreign key (user_id) 
       references users
2026-03-04 18:46:24 [main] DEBUG [] [ ] [] org.hibernate.SQL - 
    alter table if exists settings 
       add constraint fk_settings_user 
       foreign key (user_id) 
       references users
Hibernate: 
    alter table if exists settings 
       add constraint fk_settings_user 
       foreign key (user_id) 
       references users
2026-03-04 18:46:24 [main] DEBUG [] [ ] [] org.hibernate.SQL - 
    alter table if exists users 
       add constraint fk_users_role 
       foreign key (role_id) 
       references public.roles
Hibernate: 
    alter table if exists users 
       add constraint fk_users_role 
       foreign key (role_id) 
       references public.roles
2026-03-04 18:46:24 [scheduler-5] DEBUG [] [ ] [] org.hibernate.SQL - 
    select
        ee1_0.id,
        ee1_0.attempt_count,
        ee1_0.email,
        ee1_0.event_type,
        ee1_0.html_content,
        ee1_0.max_attempts,
        ee1_0.next_retry_at,
        ee1_0.occurred_at,
        ee1_0.processed_at,
        ee1_0.reason,
        ee1_0.status,
        ee1_0.subject,
        ee1_0.updated_at 
    from
        email_events ee1_0 
    where
        ee1_0.status=? 
        and ee1_0.next_retry_at<=? 
    order by
        ee1_0.occurred_at 
    fetch
        first ? rows only
2026-03-04 18:46:24 [scheduler-5] TRACE [] [ ] [] org.hibernate.orm.jdbc.bind - binding parameter (1:VARCHAR) <- [PENDING]
2026-03-04 18:46:24 [scheduler-5] TRACE [] [ ] [] org.hibernate.orm.jdbc.bind - binding parameter (2:TIMESTAMP_UTC) <- [2026-03-04T21:46:24.361646100Z]
2026-03-04 18:46:24 [scheduler-5] TRACE [] [ ] [] org.hibernate.orm.jdbc.bind - binding parameter (3:INTEGER) <- [50]
2026-03-04 18:46:24 [main] INFO  [] [ ] [] c.l.b.r.user.UserRepositoryTest - Started UserRepositoryTest in 0.657 seconds (process running for 77.794)
2026-03-04 18:46:24 [main] DEBUG [] [ ] [] c.l.b.m.context.TenantContext - Tenant set to: public
2026-03-04 18:46:24 [main] DEBUG [] [ ] [] org.hibernate.SQL - 
    select
        u1_0.id,
        u1_0.created_at,
        u1_0.credentials_updated_at,
        u1_0.deleted_at,
        u1_0.email,
        u1_0.failed_attempts,
        u1_0.lock_until,
        u1_0.name,
        u1_0.password,
        u1_0.role_id,
        u1_0.updated_at 
    from
        users u1_0
Hibernate: 
    select
        u1_0.id,
        u1_0.created_at,
        u1_0.credentials_updated_at,
        u1_0.deleted_at,
        u1_0.email,
        u1_0.failed_attempts,
        u1_0.lock_until,
        u1_0.name,
        u1_0.password,
        u1_0.role_id,
        u1_0.updated_at 
    from
        users u1_0
2026-03-04 18:46:24 [main] DEBUG [] [ ] [] org.hibernate.SQL - 
    select
        r1_0.id,
        r1_0.created_at,
        r1_0.name,
        r1_0.updated_at 
    from
        public.roles r1_0
Hibernate: 
    select
        r1_0.id,
        r1_0.created_at,
        r1_0.name,
        r1_0.updated_at 
    from
        public.roles r1_0
2026-03-04 18:46:24 [main] DEBUG [] [ ] [] org.hibernate.SQL - 
    insert 
    into
        public.roles
        (created_at, name, updated_at, id) 
    values
        (?, ?, ?, ?)
Hibernate: 
    insert 
    into
        public.roles
        (created_at, name, updated_at, id) 
    values
        (?, ?, ?, ?)
2026-03-04 18:46:24 [main] TRACE [] [ ] [] org.hibernate.orm.jdbc.bind - binding parameter (1:TIMESTAMP) <- [2026-03-04T18:46:24.444015]
2026-03-04 18:46:24 [main] TRACE [] [ ] [] org.hibernate.orm.jdbc.bind - binding parameter (2:VARCHAR) <- [ROLE_USER]
2026-03-04 18:46:24 [main] TRACE [] [ ] [] org.hibernate.orm.jdbc.bind - binding parameter (3:TIMESTAMP) <- [2026-03-04T18:46:24.444015]
2026-03-04 18:46:24 [main] TRACE [] [ ] [] org.hibernate.orm.jdbc.bind - binding parameter (4:UUID) <- [3fc12f13-fefb-4fe5-8ef7-8cc507db8495]
2026-03-04 18:46:24 [main] DEBUG [] [ ] [] org.hibernate.SQL - 
    insert 
    into
        users
        (created_at, credentials_updated_at, deleted_at, email, failed_attempts, lock_until, name, password, role_id, updated_at, id) 
    values
        (?, ?, ?, ?, ?, ?, ?, ?, ?, ?, ?)
Hibernate: 
    insert 
    into
        users
        (created_at, credentials_updated_at, deleted_at, email, failed_attempts, lock_until, name, password, role_id, updated_at, id) 
    values
        (?, ?, ?, ?, ?, ?, ?, ?, ?, ?, ?)
2026-03-04 18:46:24 [main] TRACE [] [ ] [] org.hibernate.orm.jdbc.bind - binding parameter (1:TIMESTAMP) <- [2026-03-04T18:46:24.446662]
2026-03-04 18:46:24 [main] TRACE [] [ ] [] org.hibernate.orm.jdbc.bind - binding parameter (2:TIMESTAMP) <- [2026-03-04T18:46:24.446131100]
2026-03-04 18:46:24 [main] TRACE [] [ ] [] org.hibernate.orm.jdbc.bind - binding parameter (3:TIMESTAMP) <- [null]
2026-03-04 18:46:24 [main] TRACE [] [ ] [] org.hibernate.orm.jdbc.bind - binding parameter (4:VARCHAR) <- [a4dbdeb2-48b6-475f-baa4-aa03ab7e1986@example.com]
2026-03-04 18:46:24 [main] TRACE [] [ ] [] org.hibernate.orm.jdbc.bind - binding parameter (5:INTEGER) <- [0]
2026-03-04 18:46:24 [main] TRACE [] [ ] [] org.hibernate.orm.jdbc.bind - binding parameter (6:TIMESTAMP) <- [null]
2026-03-04 18:46:24 [main] TRACE [] [ ] [] org.hibernate.orm.jdbc.bind - binding parameter (7:VARCHAR) <- [Test User]
2026-03-04 18:46:24 [main] TRACE [] [ ] [] org.hibernate.orm.jdbc.bind - binding parameter (8:VARCHAR) <- [encoded-password]
2026-03-04 18:46:24 [main] TRACE [] [ ] [] org.hibernate.orm.jdbc.bind - binding parameter (9:UUID) <- [3fc12f13-fefb-4fe5-8ef7-8cc507db8495]
2026-03-04 18:46:24 [main] TRACE [] [ ] [] org.hibernate.orm.jdbc.bind - binding parameter (10:TIMESTAMP) <- [2026-03-04T18:46:24.446662]
2026-03-04 18:46:24 [main] TRACE [] [ ] [] org.hibernate.orm.jdbc.bind - binding parameter (11:UUID) <- [d22d2f48-5908-489e-b6f8-f219e405f83f]
2026-03-04 18:46:24 [main] DEBUG [] [ ] [] org.hibernate.SQL - 
    select
        u1_0.id,
        u1_0.created_at,
        u1_0.credentials_updated_at,
        u1_0.deleted_at,
        u1_0.email,
        u1_0.failed_attempts,
        u1_0.lock_until,
        u1_0.name,
        u1_0.password,
        u1_0.role_id,
        r1_0.id,
        r1_0.created_at,
        r1_0.name,
        r1_0.updated_at,
        u1_0.updated_at 
    from
        users u1_0 
    join
        public.roles r1_0 
            on r1_0.id=u1_0.role_id 
    where
        upper(u1_0.email)=upper(?) 
        and u1_0.deleted_at is null
Hibernate: 
    select
        u1_0.id,
        u1_0.created_at,
        u1_0.credentials_updated_at,
        u1_0.deleted_at,
        u1_0.email,
        u1_0.failed_attempts,
        u1_0.lock_until,
        u1_0.name,
        u1_0.password,
        u1_0.role_id,
        r1_0.id,
        r1_0.created_at,
        r1_0.name,
        r1_0.updated_at,
        u1_0.updated_at 
    from
        users u1_0 
    join
        public.roles r1_0 
            on r1_0.id=u1_0.role_id 
    where
        upper(u1_0.email)=upper(?) 
        and u1_0.deleted_at is null
2026-03-04 18:46:24 [main] TRACE [] [ ] [] org.hibernate.orm.jdbc.bind - binding parameter (1:VARCHAR) <- [a4dbdeb2-48b6-475f-baa4-aa03ab7e1986@example.com]
2026-03-04 18:46:24 [main] DEBUG [] [ ] [] org.hibernate.SQL - 
    update
        users 
    set
        credentials_updated_at=?,
        deleted_at=?,
        email=?,
        failed_attempts=?,
        lock_until=?,
        name=?,
        password=?,
        role_id=?,
        updated_at=? 
    where
        id=?
Hibernate: 
    update
        users 
    set
        credentials_updated_at=?,
        deleted_at=?,
        email=?,
        failed_attempts=?,
        lock_until=?,
        name=?,
        password=?,
        role_id=?,
        updated_at=? 
    where
        id=?
2026-03-04 18:46:24 [main] TRACE [] [ ] [] org.hibernate.orm.jdbc.bind - binding parameter (1:TIMESTAMP) <- [2026-03-04T18:46:24.453584]
2026-03-04 18:46:24 [main] TRACE [] [ ] [] org.hibernate.orm.jdbc.bind - binding parameter (2:TIMESTAMP) <- [2026-03-04T18:46:24.453584]
2026-03-04 18:46:24 [main] TRACE [] [ ] [] org.hibernate.orm.jdbc.bind - binding parameter (3:VARCHAR) <- [a4dbdeb2-48b6-475f-baa4-aa03ab7e1986@example.com]
2026-03-04 18:46:24 [main] TRACE [] [ ] [] org.hibernate.orm.jdbc.bind - binding parameter (4:INTEGER) <- [0]
2026-03-04 18:46:24 [main] TRACE [] [ ] [] org.hibernate.orm.jdbc.bind - binding parameter (5:TIMESTAMP) <- [null]
2026-03-04 18:46:24 [main] TRACE [] [ ] [] org.hibernate.orm.jdbc.bind - binding parameter (6:VARCHAR) <- [Test User]
2026-03-04 18:46:24 [main] TRACE [] [ ] [] org.hibernate.orm.jdbc.bind - binding parameter (7:VARCHAR) <- [encoded-password]
2026-03-04 18:46:24 [main] TRACE [] [ ] [] org.hibernate.orm.jdbc.bind - binding parameter (8:UUID) <- [3fc12f13-fefb-4fe5-8ef7-8cc507db8495]
2026-03-04 18:46:24 [main] TRACE [] [ ] [] org.hibernate.orm.jdbc.bind - binding parameter (9:TIMESTAMP) <- [2026-03-04T18:46:24.454112]
2026-03-04 18:46:24 [main] TRACE [] [ ] [] org.hibernate.orm.jdbc.bind - binding parameter (10:UUID) <- [d22d2f48-5908-489e-b6f8-f219e405f83f]
2026-03-04 18:46:24 [main] DEBUG [] [ ] [] org.hibernate.SQL - 
    select
        u1_0.id 
    from
        users u1_0 
    where
        upper(u1_0.email)=upper(?) 
        and u1_0.deleted_at is null 
    fetch
        first ? rows only
Hibernate: 
    select
        u1_0.id 
    from
        users u1_0 
    where
        upper(u1_0.email)=upper(?) 
        and u1_0.deleted_at is null 
    fetch
        first ? rows only
2026-03-04 18:46:24 [main] TRACE [] [ ] [] org.hibernate.orm.jdbc.bind - binding parameter (1:VARCHAR) <- [a4dbdeb2-48b6-475f-baa4-aa03ab7e1986@example.com]
2026-03-04 18:46:24 [main] TRACE [] [ ] [] org.hibernate.orm.jdbc.bind - binding parameter (2:INTEGER) <- [1]
2026-03-04 18:46:24 [main] DEBUG [] [ ] [] c.l.b.m.context.TenantContext - Tenant context cleared.
2026-03-04 18:46:24 [main] DEBUG [] [ ] [] c.l.b.m.context.TenantContext - Tenant set to: public
2026-03-04 18:46:24 [main] DEBUG [] [ ] [] org.hibernate.SQL - 
    select
        u1_0.id,
        u1_0.created_at,
        u1_0.credentials_updated_at,
        u1_0.deleted_at,
        u1_0.email,
        u1_0.failed_attempts,
        u1_0.lock_until,
        u1_0.name,
        u1_0.password,
        u1_0.role_id,
        u1_0.updated_at 
    from
        users u1_0
Hibernate: 
    select
        u1_0.id,
        u1_0.created_at,
        u1_0.credentials_updated_at,
        u1_0.deleted_at,
        u1_0.email,
        u1_0.failed_attempts,
        u1_0.lock_until,
        u1_0.name,
        u1_0.password,
        u1_0.role_id,
        u1_0.updated_at 
    from
        users u1_0
2026-03-04 18:46:24 [main] DEBUG [] [ ] [] org.hibernate.SQL - 
    select
        r1_0.id,
        r1_0.created_at,
        r1_0.name,
        r1_0.updated_at 
    from
        public.roles r1_0
Hibernate: 
    select
        r1_0.id,
        r1_0.created_at,
        r1_0.name,
        r1_0.updated_at 
    from
        public.roles r1_0
2026-03-04 18:46:24 [main] DEBUG [] [ ] [] org.hibernate.SQL - 
    insert 
    into
        public.roles
        (created_at, name, updated_at, id) 
    values
        (?, ?, ?, ?)
Hibernate: 
    insert 
    into
        public.roles
        (created_at, name, updated_at, id) 
    values
        (?, ?, ?, ?)
2026-03-04 18:46:24 [main] TRACE [] [ ] [] org.hibernate.orm.jdbc.bind - binding parameter (1:TIMESTAMP) <- [2026-03-04T18:46:24.470651]
2026-03-04 18:46:24 [main] TRACE [] [ ] [] org.hibernate.orm.jdbc.bind - binding parameter (2:VARCHAR) <- [ROLE_USER]
2026-03-04 18:46:24 [main] TRACE [] [ ] [] org.hibernate.orm.jdbc.bind - binding parameter (3:TIMESTAMP) <- [2026-03-04T18:46:24.470651]
2026-03-04 18:46:24 [main] TRACE [] [ ] [] org.hibernate.orm.jdbc.bind - binding parameter (4:UUID) <- [804447e5-9b26-498c-a28c-510b62a4e8f1]
2026-03-04 18:46:24 [main] DEBUG [] [ ] [] org.hibernate.SQL - 
    insert 
    into
        users
        (created_at, credentials_updated_at, deleted_at, email, failed_attempts, lock_until, name, password, role_id, updated_at, id) 
    values
        (?, ?, ?, ?, ?, ?, ?, ?, ?, ?, ?)
Hibernate: 
    insert 
    into
        users
        (created_at, credentials_updated_at, deleted_at, email, failed_attempts, lock_until, name, password, role_id, updated_at, id) 
    values
        (?, ?, ?, ?, ?, ?, ?, ?, ?, ?, ?)
2026-03-04 18:46:24 [main] TRACE [] [ ] [] org.hibernate.orm.jdbc.bind - binding parameter (1:TIMESTAMP) <- [2026-03-04T18:46:24.472221]
2026-03-04 18:46:24 [main] TRACE [] [ ] [] org.hibernate.orm.jdbc.bind - binding parameter (2:TIMESTAMP) <- [2026-03-04T18:46:24.472221200]
2026-03-04 18:46:24 [main] TRACE [] [ ] [] org.hibernate.orm.jdbc.bind - binding parameter (3:TIMESTAMP) <- [null]
2026-03-04 18:46:24 [main] TRACE [] [ ] [] org.hibernate.orm.jdbc.bind - binding parameter (4:VARCHAR) <- [37f81531-6cd9-47c7-82a6-149ddb89b890@example.com]
2026-03-04 18:46:24 [main] TRACE [] [ ] [] org.hibernate.orm.jdbc.bind - binding parameter (5:INTEGER) <- [0]
2026-03-04 18:46:24 [main] TRACE [] [ ] [] org.hibernate.orm.jdbc.bind - binding parameter (6:TIMESTAMP) <- [null]
2026-03-04 18:46:24 [main] TRACE [] [ ] [] org.hibernate.orm.jdbc.bind - binding parameter (7:VARCHAR) <- [Test User]
2026-03-04 18:46:24 [main] TRACE [] [ ] [] org.hibernate.orm.jdbc.bind - binding parameter (8:VARCHAR) <- [encoded-password]
2026-03-04 18:46:24 [main] TRACE [] [ ] [] org.hibernate.orm.jdbc.bind - binding parameter (9:UUID) <- [804447e5-9b26-498c-a28c-510b62a4e8f1]
2026-03-04 18:46:24 [main] TRACE [] [ ] [] org.hibernate.orm.jdbc.bind - binding parameter (10:TIMESTAMP) <- [2026-03-04T18:46:24.472221]
2026-03-04 18:46:24 [main] TRACE [] [ ] [] org.hibernate.orm.jdbc.bind - binding parameter (11:UUID) <- [72e09454-62a0-43f5-8669-d7e8a63ac0c9]
2026-03-04 18:46:24 [main] DEBUG [] [ ] [] org.hibernate.SQL - 
    select
        u1_0.id,
        u1_0.created_at,
        u1_0.credentials_updated_at,
        u1_0.deleted_at,
        u1_0.email,
        u1_0.failed_attempts,
        u1_0.lock_until,
        u1_0.name,
        u1_0.password,
        u1_0.role_id,
        r1_0.id,
        r1_0.created_at,
        r1_0.name,
        r1_0.updated_at,
        u1_0.updated_at 
    from
        users u1_0 
    join
        public.roles r1_0 
            on r1_0.id=u1_0.role_id 
    where
        upper(u1_0.email)=upper(?) 
        and u1_0.deleted_at is null
Hibernate: 
    select
        u1_0.id,
        u1_0.created_at,
        u1_0.credentials_updated_at,
        u1_0.deleted_at,
        u1_0.email,
        u1_0.failed_attempts,
        u1_0.lock_until,
        u1_0.name,
        u1_0.password,
        u1_0.role_id,
        r1_0.id,
        r1_0.created_at,
        r1_0.name,
        r1_0.updated_at,
        u1_0.updated_at 
    from
        users u1_0 
    join
        public.roles r1_0 
            on r1_0.id=u1_0.role_id 
    where
        upper(u1_0.email)=upper(?) 
        and u1_0.deleted_at is null
2026-03-04 18:46:24 [main] TRACE [] [ ] [] org.hibernate.orm.jdbc.bind - binding parameter (1:VARCHAR) <- [37f81531-6cd9-47c7-82a6-149ddb89b890@example.com]
2026-03-04 18:46:24 [main] DEBUG [] [ ] [] c.l.b.m.context.TenantContext - Tenant context cleared.
2026-03-04 18:46:24 [main] DEBUG [] [ ] [] c.l.b.m.context.TenantContext - Tenant set to: public
2026-03-04 18:46:24 [scheduler-5] DEBUG [] [ ] [] org.hibernate.SQL - 
    select
        ee1_0.id,
        ee1_0.attempt_count,
        ee1_0.email,
        ee1_0.event_type,
        ee1_0.html_content,
        ee1_0.max_attempts,
        ee1_0.next_retry_at,
        ee1_0.occurred_at,
        ee1_0.processed_at,
        ee1_0.reason,
        ee1_0.status,
        ee1_0.subject,
        ee1_0.updated_at 
    from
        email_events ee1_0 
    where
        ee1_0.status=? 
        and ee1_0.next_retry_at<=? 
    order by
        ee1_0.occurred_at 
    fetch
        first ? rows only
2026-03-04 18:46:24 [main] DEBUG [] [ ] [] org.hibernate.SQL - 
    select
        u1_0.id,
        u1_0.created_at,
        u1_0.credentials_updated_at,
        u1_0.deleted_at,
        u1_0.email,
        u1_0.failed_attempts,
        u1_0.lock_until,
        u1_0.name,
        u1_0.password,
        u1_0.role_id,
        u1_0.updated_at 
    from
        users u1_0
Hibernate: 
    select
        u1_0.id,
        u1_0.created_at,
        u1_0.credentials_updated_at,
        u1_0.deleted_at,
        u1_0.email,
        u1_0.failed_attempts,
        u1_0.lock_until,
        u1_0.name,
        u1_0.password,
        u1_0.role_id,
        u1_0.updated_at 
    from
        users u1_0
2026-03-04 18:46:24 [main] DEBUG [] [ ] [] org.hibernate.SQL - 
    select
        r1_0.id,
        r1_0.created_at,
        r1_0.name,
        r1_0.updated_at 
    from
        public.roles r1_0
Hibernate: 
    select
        r1_0.id,
        r1_0.created_at,
        r1_0.name,
        r1_0.updated_at 
    from
        public.roles r1_0
2026-03-04 18:46:24 [scheduler-5] TRACE [] [ ] [] org.hibernate.orm.jdbc.bind - binding parameter (1:VARCHAR) <- [PENDING]
2026-03-04 18:46:24 [scheduler-5] TRACE [] [ ] [] org.hibernate.orm.jdbc.bind - binding parameter (2:TIMESTAMP_UTC) <- [2026-03-04T21:46:24.480750700Z]
2026-03-04 18:46:24 [scheduler-5] TRACE [] [ ] [] org.hibernate.orm.jdbc.bind - binding parameter (3:INTEGER) <- [50]
2026-03-04 18:46:24 [main] DEBUG [] [ ] [] org.hibernate.SQL - 
    insert 
    into
        public.roles
        (created_at, name, updated_at, id) 
    values
        (?, ?, ?, ?)
Hibernate: 
    insert 
    into
        public.roles
        (created_at, name, updated_at, id) 
    values
        (?, ?, ?, ?)
2026-03-04 18:46:24 [main] TRACE [] [ ] [] org.hibernate.orm.jdbc.bind - binding parameter (1:TIMESTAMP) <- [2026-03-04T18:46:24.486242]
2026-03-04 18:46:24 [main] TRACE [] [ ] [] org.hibernate.orm.jdbc.bind - binding parameter (2:VARCHAR) <- [ROLE_USER]
2026-03-04 18:46:24 [main] TRACE [] [ ] [] org.hibernate.orm.jdbc.bind - binding parameter (3:TIMESTAMP) <- [2026-03-04T18:46:24.486242]
2026-03-04 18:46:24 [main] TRACE [] [ ] [] org.hibernate.orm.jdbc.bind - binding parameter (4:UUID) <- [039eec2b-0df0-4ecc-88dc-796a4b5635fd]
2026-03-04 18:46:24 [main] DEBUG [] [ ] [] org.hibernate.SQL - 
    insert 
    into
        users
        (created_at, credentials_updated_at, deleted_at, email, failed_attempts, lock_until, name, password, role_id, updated_at, id) 
    values
        (?, ?, ?, ?, ?, ?, ?, ?, ?, ?, ?)
Hibernate: 
    insert 
    into
        users
        (created_at, credentials_updated_at, deleted_at, email, failed_attempts, lock_until, name, password, role_id, updated_at, id) 
    values
        (?, ?, ?, ?, ?, ?, ?, ?, ?, ?, ?)
2026-03-04 18:46:24 [main] TRACE [] [ ] [] org.hibernate.orm.jdbc.bind - binding parameter (1:TIMESTAMP) <- [2026-03-04T18:46:24.488353]
2026-03-04 18:46:24 [main] TRACE [] [ ] [] org.hibernate.orm.jdbc.bind - binding parameter (2:TIMESTAMP) <- [2026-03-04T18:46:24.487827300]
2026-03-04 18:46:24 [main] TRACE [] [ ] [] org.hibernate.orm.jdbc.bind - binding parameter (3:TIMESTAMP) <- [null]
2026-03-04 18:46:24 [main] TRACE [] [ ] [] org.hibernate.orm.jdbc.bind - binding parameter (4:VARCHAR) <- [39290120-8657-4a84-a0d1-7e3f025470e8@example.com]
2026-03-04 18:46:24 [main] TRACE [] [ ] [] org.hibernate.orm.jdbc.bind - binding parameter (5:INTEGER) <- [0]
2026-03-04 18:46:24 [main] TRACE [] [ ] [] org.hibernate.orm.jdbc.bind - binding parameter (6:TIMESTAMP) <- [null]
2026-03-04 18:46:24 [main] TRACE [] [ ] [] org.hibernate.orm.jdbc.bind - binding parameter (7:VARCHAR) <- [Test User]
2026-03-04 18:46:24 [main] TRACE [] [ ] [] org.hibernate.orm.jdbc.bind - binding parameter (8:VARCHAR) <- [encoded-password]
2026-03-04 18:46:24 [main] TRACE [] [ ] [] org.hibernate.orm.jdbc.bind - binding parameter (9:UUID) <- [039eec2b-0df0-4ecc-88dc-796a4b5635fd]
2026-03-04 18:46:24 [main] TRACE [] [ ] [] org.hibernate.orm.jdbc.bind - binding parameter (10:TIMESTAMP) <- [2026-03-04T18:46:24.488353]
2026-03-04 18:46:24 [main] TRACE [] [ ] [] org.hibernate.orm.jdbc.bind - binding parameter (11:UUID) <- [e8965e93-259e-40bc-9f90-21934b7f6946]
2026-03-04 18:46:24 [main] DEBUG [] [ ] [] org.hibernate.SQL - 
    insert 
    into
        users
        (created_at, credentials_updated_at, deleted_at, email, failed_attempts, lock_until, name, password, role_id, updated_at, id) 
    values
        (?, ?, ?, ?, ?, ?, ?, ?, ?, ?, ?)
Hibernate: 
    insert 
    into
        users
        (created_at, credentials_updated_at, deleted_at, email, failed_attempts, lock_until, name, password, role_id, updated_at, id) 
    values
        (?, ?, ?, ?, ?, ?, ?, ?, ?, ?, ?)
2026-03-04 18:46:24 [main] TRACE [] [ ] [] org.hibernate.orm.jdbc.bind - binding parameter (1:TIMESTAMP) <- [2026-03-04T18:46:24.490454]
2026-03-04 18:46:24 [main] TRACE [] [ ] [] org.hibernate.orm.jdbc.bind - binding parameter (2:TIMESTAMP) <- [2026-03-04T18:46:24.489933500]
2026-03-04 18:46:24 [main] TRACE [] [ ] [] org.hibernate.orm.jdbc.bind - binding parameter (3:TIMESTAMP) <- [null]
2026-03-04 18:46:24 [main] TRACE [] [ ] [] org.hibernate.orm.jdbc.bind - binding parameter (4:VARCHAR) <- [39290120-8657-4a84-a0d1-7e3f025470e8@example.com]
2026-03-04 18:46:24 [main] TRACE [] [ ] [] org.hibernate.orm.jdbc.bind - binding parameter (5:INTEGER) <- [0]
2026-03-04 18:46:24 [main] TRACE [] [ ] [] org.hibernate.orm.jdbc.bind - binding parameter (6:TIMESTAMP) <- [null]
2026-03-04 18:46:24 [main] TRACE [] [ ] [] org.hibernate.orm.jdbc.bind - binding parameter (7:VARCHAR) <- [Another User]
2026-03-04 18:46:24 [main] TRACE [] [ ] [] org.hibernate.orm.jdbc.bind - binding parameter (8:VARCHAR) <- [password]
2026-03-04 18:46:24 [main] TRACE [] [ ] [] org.hibernate.orm.jdbc.bind - binding parameter (9:UUID) <- [039eec2b-0df0-4ecc-88dc-796a4b5635fd]
2026-03-04 18:46:24 [main] TRACE [] [ ] [] org.hibernate.orm.jdbc.bind - binding parameter (10:TIMESTAMP) <- [2026-03-04T18:46:24.490454]
2026-03-04 18:46:24 [main] TRACE [] [ ] [] org.hibernate.orm.jdbc.bind - binding parameter (11:UUID) <- [7edaa823-4df6-46f5-b2c2-90b24a7f884b]
2026-03-04 18:46:24 [main] WARN  [] [ ] [] o.h.e.jdbc.spi.SqlExceptionHelper - SQL Error: 0, SQLState: 23505
2026-03-04 18:46:24 [main] ERROR [] [ ] [] o.h.e.jdbc.spi.SqlExceptionHelper - ERROR: duplicate key value violates unique constraint "uq_users_email"
  Detalhe: Key (email)=(39290120-8657-4a84-a0d1-7e3f025470e8@example.com) already exists.
2026-03-04 18:46:24 [main] DEBUG [] [ ] [] c.l.b.m.context.TenantContext - Tenant context cleared.
2026-03-04 18:46:24 [main] DEBUG [] [ ] [] c.l.b.m.context.TenantContext - Tenant set to: public
2026-03-04 18:46:24 [main] DEBUG [] [ ] [] org.hibernate.SQL - 
    select
        u1_0.id,
        u1_0.created_at,
        u1_0.credentials_updated_at,
        u1_0.deleted_at,
        u1_0.email,
        u1_0.failed_attempts,
        u1_0.lock_until,
        u1_0.name,
        u1_0.password,
        u1_0.role_id,
        u1_0.updated_at 
    from
        users u1_0
Hibernate: 
    select
        u1_0.id,
        u1_0.created_at,
        u1_0.credentials_updated_at,
        u1_0.deleted_at,
        u1_0.email,
        u1_0.failed_attempts,
        u1_0.lock_until,
        u1_0.name,
        u1_0.password,
        u1_0.role_id,
        u1_0.updated_at 
    from
        users u1_0
2026-03-04 18:46:24 [main] DEBUG [] [ ] [] org.hibernate.SQL - 
    select
        r1_0.id,
        r1_0.created_at,
        r1_0.name,
        r1_0.updated_at 
    from
        public.roles r1_0
Hibernate: 
    select
        r1_0.id,
        r1_0.created_at,
        r1_0.name,
        r1_0.updated_at 
    from
        public.roles r1_0
2026-03-04 18:46:24 [main] DEBUG [] [ ] [] org.hibernate.SQL - 
    insert 
    into
        public.roles
        (created_at, name, updated_at, id) 
    values
        (?, ?, ?, ?)
Hibernate: 
    insert 
    into
        public.roles
        (created_at, name, updated_at, id) 
    values
        (?, ?, ?, ?)
2026-03-04 18:46:24 [main] TRACE [] [ ] [] org.hibernate.orm.jdbc.bind - binding parameter (1:TIMESTAMP) <- [2026-03-04T18:46:24.503169]
2026-03-04 18:46:24 [main] TRACE [] [ ] [] org.hibernate.orm.jdbc.bind - binding parameter (2:VARCHAR) <- [ROLE_USER]
2026-03-04 18:46:24 [main] TRACE [] [ ] [] org.hibernate.orm.jdbc.bind - binding parameter (3:TIMESTAMP) <- [2026-03-04T18:46:24.503169]
2026-03-04 18:46:24 [main] TRACE [] [ ] [] org.hibernate.orm.jdbc.bind - binding parameter (4:UUID) <- [291c6297-5fe6-4fb4-82d7-0b36092f7071]
2026-03-04 18:46:24 [main] DEBUG [] [ ] [] org.hibernate.SQL - 
    insert 
    into
        users
        (created_at, credentials_updated_at, deleted_at, email, failed_attempts, lock_until, name, password, role_id, updated_at, id) 
    values
        (?, ?, ?, ?, ?, ?, ?, ?, ?, ?, ?)
Hibernate: 
    insert 
    into
        users
        (created_at, credentials_updated_at, deleted_at, email, failed_attempts, lock_until, name, password, role_id, updated_at, id) 
    values
        (?, ?, ?, ?, ?, ?, ?, ?, ?, ?, ?)
2026-03-04 18:46:24 [main] TRACE [] [ ] [] org.hibernate.orm.jdbc.bind - binding parameter (1:TIMESTAMP) <- [2026-03-04T18:46:24.505035]
2026-03-04 18:46:24 [main] TRACE [] [ ] [] org.hibernate.orm.jdbc.bind - binding parameter (2:TIMESTAMP) <- [2026-03-04T18:46:24.504340300]
2026-03-04 18:46:24 [main] TRACE [] [ ] [] org.hibernate.orm.jdbc.bind - binding parameter (3:TIMESTAMP) <- [null]
2026-03-04 18:46:24 [main] TRACE [] [ ] [] org.hibernate.orm.jdbc.bind - binding parameter (4:VARCHAR) <- [f0ee5fc0-1826-426e-8fec-1c9fdbcad283@example.com]
2026-03-04 18:46:24 [main] TRACE [] [ ] [] org.hibernate.orm.jdbc.bind - binding parameter (5:INTEGER) <- [0]
2026-03-04 18:46:24 [main] TRACE [] [ ] [] org.hibernate.orm.jdbc.bind - binding parameter (6:TIMESTAMP) <- [null]
2026-03-04 18:46:24 [main] TRACE [] [ ] [] org.hibernate.orm.jdbc.bind - binding parameter (7:VARCHAR) <- [Test User]
2026-03-04 18:46:24 [main] TRACE [] [ ] [] org.hibernate.orm.jdbc.bind - binding parameter (8:VARCHAR) <- [encoded-password]
2026-03-04 18:46:24 [main] TRACE [] [ ] [] org.hibernate.orm.jdbc.bind - binding parameter (9:UUID) <- [291c6297-5fe6-4fb4-82d7-0b36092f7071]
2026-03-04 18:46:24 [main] TRACE [] [ ] [] org.hibernate.orm.jdbc.bind - binding parameter (10:TIMESTAMP) <- [2026-03-04T18:46:24.505035]
2026-03-04 18:46:24 [main] TRACE [] [ ] [] org.hibernate.orm.jdbc.bind - binding parameter (11:UUID) <- [59d981a5-898d-4b2d-99fb-6be97d210ab0]
2026-03-04 18:46:24 [main] DEBUG [] [ ] [] org.hibernate.SQL - 
    select
        u1_0.id 
    from
        users u1_0 
    where
        upper(u1_0.email)=upper(?) 
        and u1_0.deleted_at is null 
    fetch
        first ? rows only
Hibernate: 
    select
        u1_0.id 
    from
        users u1_0 
    where
        upper(u1_0.email)=upper(?) 
        and u1_0.deleted_at is null 
    fetch
        first ? rows only
2026-03-04 18:46:24 [main] TRACE [] [ ] [] org.hibernate.orm.jdbc.bind - binding parameter (1:VARCHAR) <- [f0ee5fc0-1826-426e-8fec-1c9fdbcad283@example.com]
2026-03-04 18:46:24 [main] TRACE [] [ ] [] org.hibernate.orm.jdbc.bind - binding parameter (2:INTEGER) <- [1]
2026-03-04 18:46:24 [main] DEBUG [] [ ] [] c.l.b.m.context.TenantContext - Tenant context cleared.
2026-03-04 18:46:24 [main] DEBUG [] [ ] [] c.l.b.m.context.TenantContext - Tenant set to: public
2026-03-04 18:46:24 [main] DEBUG [] [ ] [] org.hibernate.SQL - 
    select
        u1_0.id,
        u1_0.created_at,
        u1_0.credentials_updated_at,
        u1_0.deleted_at,
        u1_0.email,
        u1_0.failed_attempts,
        u1_0.lock_until,
        u1_0.name,
        u1_0.password,
        u1_0.role_id,
        u1_0.updated_at 
    from
        users u1_0
Hibernate: 
    select
        u1_0.id,
        u1_0.created_at,
        u1_0.credentials_updated_at,
        u1_0.deleted_at,
        u1_0.email,
        u1_0.failed_attempts,
        u1_0.lock_until,
        u1_0.name,
        u1_0.password,
        u1_0.role_id,
        u1_0.updated_at 
    from
        users u1_0
2026-03-04 18:46:24 [main] DEBUG [] [ ] [] org.hibernate.SQL - 
    select
        r1_0.id,
        r1_0.created_at,
        r1_0.name,
        r1_0.updated_at 
    from
        public.roles r1_0
Hibernate: 
    select
        r1_0.id,
        r1_0.created_at,
        r1_0.name,
        r1_0.updated_at 
    from
        public.roles r1_0
2026-03-04 18:46:24 [main] DEBUG [] [ ] [] org.hibernate.SQL - 
    insert 
    into
        public.roles
        (created_at, name, updated_at, id) 
    values
        (?, ?, ?, ?)
Hibernate: 
    insert 
    into
        public.roles
        (created_at, name, updated_at, id) 
    values
        (?, ?, ?, ?)
2026-03-04 18:46:24 [main] TRACE [] [ ] [] org.hibernate.orm.jdbc.bind - binding parameter (1:TIMESTAMP) <- [2026-03-04T18:46:24.517567]
2026-03-04 18:46:24 [main] TRACE [] [ ] [] org.hibernate.orm.jdbc.bind - binding parameter (2:VARCHAR) <- [ROLE_USER]
2026-03-04 18:46:24 [main] TRACE [] [ ] [] org.hibernate.orm.jdbc.bind - binding parameter (3:TIMESTAMP) <- [2026-03-04T18:46:24.517567]
2026-03-04 18:46:24 [main] TRACE [] [ ] [] org.hibernate.orm.jdbc.bind - binding parameter (4:UUID) <- [88a62002-b40a-4898-aa4d-1a569087f3e3]
2026-03-04 18:46:24 [main] DEBUG [] [ ] [] org.hibernate.SQL - 
    insert 
    into
        users
        (created_at, credentials_updated_at, deleted_at, email, failed_attempts, lock_until, name, password, role_id, updated_at, id) 
    values
        (?, ?, ?, ?, ?, ?, ?, ?, ?, ?, ?)
Hibernate: 
    insert 
    into
        users
        (created_at, credentials_updated_at, deleted_at, email, failed_attempts, lock_until, name, password, role_id, updated_at, id) 
    values
        (?, ?, ?, ?, ?, ?, ?, ?, ?, ?, ?)
2026-03-04 18:46:24 [main] TRACE [] [ ] [] org.hibernate.orm.jdbc.bind - binding parameter (1:TIMESTAMP) <- [2026-03-04T18:46:24.519139]
2026-03-04 18:46:24 [main] TRACE [] [ ] [] org.hibernate.orm.jdbc.bind - binding parameter (2:TIMESTAMP) <- [2026-03-04T18:46:24.519139800]
2026-03-04 18:46:24 [main] TRACE [] [ ] [] org.hibernate.orm.jdbc.bind - binding parameter (3:TIMESTAMP) <- [null]
2026-03-04 18:46:24 [main] TRACE [] [ ] [] org.hibernate.orm.jdbc.bind - binding parameter (4:VARCHAR) <- [58dfdb8d-31b7-451f-a59c-93438a661fa0@example.com]
2026-03-04 18:46:24 [main] TRACE [] [ ] [] org.hibernate.orm.jdbc.bind - binding parameter (5:INTEGER) <- [0]
2026-03-04 18:46:24 [main] TRACE [] [ ] [] org.hibernate.orm.jdbc.bind - binding parameter (6:TIMESTAMP) <- [null]
2026-03-04 18:46:24 [main] TRACE [] [ ] [] org.hibernate.orm.jdbc.bind - binding parameter (7:VARCHAR) <- [Test User]
2026-03-04 18:46:24 [main] TRACE [] [ ] [] org.hibernate.orm.jdbc.bind - binding parameter (8:VARCHAR) <- [encoded-password]
2026-03-04 18:46:24 [main] TRACE [] [ ] [] org.hibernate.orm.jdbc.bind - binding parameter (9:UUID) <- [88a62002-b40a-4898-aa4d-1a569087f3e3]
2026-03-04 18:46:24 [main] TRACE [] [ ] [] org.hibernate.orm.jdbc.bind - binding parameter (10:TIMESTAMP) <- [2026-03-04T18:46:24.519139]
2026-03-04 18:46:24 [main] TRACE [] [ ] [] org.hibernate.orm.jdbc.bind - binding parameter (11:UUID) <- [79d84503-ff92-451a-9e49-db0e836f8e72]
2026-03-04 18:46:24 [main] DEBUG [] [ ] [] org.hibernate.SQL - 
    select
        u1_0.id,
        u1_0.created_at,
        u1_0.credentials_updated_at,
        u1_0.deleted_at,
        u1_0.email,
        u1_0.failed_attempts,
        u1_0.lock_until,
        u1_0.name,
        u1_0.password,
        u1_0.role_id,
        r1_0.id,
        r1_0.created_at,
        r1_0.name,
        r1_0.updated_at,
        u1_0.updated_at 
    from
        users u1_0 
    join
        public.roles r1_0 
            on r1_0.id=u1_0.role_id 
    where
        upper(u1_0.email)=upper(?) 
        and u1_0.deleted_at is null
Hibernate: 
    select
        u1_0.id,
        u1_0.created_at,
        u1_0.credentials_updated_at,
        u1_0.deleted_at,
        u1_0.email,
        u1_0.failed_attempts,
        u1_0.lock_until,
        u1_0.name,
        u1_0.password,
        u1_0.role_id,
        r1_0.id,
        r1_0.created_at,
        r1_0.name,
        r1_0.updated_at,
        u1_0.updated_at 
    from
        users u1_0 
    join
        public.roles r1_0 
            on r1_0.id=u1_0.role_id 
    where
        upper(u1_0.email)=upper(?) 
        and u1_0.deleted_at is null
2026-03-04 18:46:24 [main] TRACE [] [ ] [] org.hibernate.orm.jdbc.bind - binding parameter (1:VARCHAR) <- [nonexistent@example.com]
2026-03-04 18:46:24 [main] DEBUG [] [ ] [] c.l.b.m.context.TenantContext - Tenant context cleared.
[INFO] Tests run: 5, Failures: 0, Errors: 0, Skipped: 0, Time elapsed: 0.802 s -- in com.leadflow.backend.repository.user.UserRepositoryTest
[INFO] Running com.leadflow.backend.security.JwtServiceTest
2026-03-04 18:46:24 [main] DEBUG [] [ ] [] c.l.backend.security.jwt.JwtService - JWT Secret successfully loaded: test-secret-key-for-jwt-token-generation-minimum-256-bits-required
2026-03-04 18:46:24 [main] DEBUG [] [ ] [] c.l.backend.security.jwt.JwtService - JWT Expiration time: 3600000 ms
2026-03-04 18:46:24 [main] DEBUG [] [ ] [] c.l.backend.security.jwt.JwtService - JWT Issuer: leadflow
2026-03-04 18:46:24 [main] WARN  [] [ ] [] c.l.backend.security.jwt.JwtService - Invalid JWT detected: Malformed JWT JSON: ?{?'
2026-03-04 18:46:24 [main] DEBUG [] [ ] [] c.l.backend.security.jwt.JwtService - JWT Secret successfully loaded: test-secret-key-for-jwt-token-generation-minimum-256-bits-required
2026-03-04 18:46:24 [main] DEBUG [] [ ] [] c.l.backend.security.jwt.JwtService - JWT Expiration time: 3600000 ms
2026-03-04 18:46:24 [main] DEBUG [] [ ] [] c.l.backend.security.jwt.JwtService - JWT Issuer: leadflow
2026-03-04 18:46:24 [main] DEBUG [] [ ] [] c.l.backend.security.jwt.JwtService - JWT Secret successfully loaded: test-secret-key-for-jwt-token-generation-minimum-256-bits-required
2026-03-04 18:46:24 [main] DEBUG [] [ ] [] c.l.backend.security.jwt.JwtService - JWT Expiration time: 3600000 ms
2026-03-04 18:46:24 [main] DEBUG [] [ ] [] c.l.backend.security.jwt.JwtService - JWT Issuer: leadflow
2026-03-04 18:46:24 [main] DEBUG [] [ ] [] c.l.backend.security.jwt.JwtService - JWT Secret successfully loaded: test-secret-key-for-jwt-token-generation-minimum-256-bits-required
2026-03-04 18:46:24 [main] DEBUG [] [ ] [] c.l.backend.security.jwt.JwtService - JWT Expiration time: 3600000 ms
2026-03-04 18:46:24 [main] DEBUG [] [ ] [] c.l.backend.security.jwt.JwtService - JWT Issuer: leadflow
2026-03-04 18:46:24 [main] DEBUG [] [ ] [] c.l.backend.security.jwt.JwtService - JWT Secret successfully loaded: test-secret-key-for-jwt-token-generation-minimum-256-bits-required
2026-03-04 18:46:24 [main] DEBUG [] [ ] [] c.l.backend.security.jwt.JwtService - JWT Expiration time: 3600000 ms
2026-03-04 18:46:24 [main] DEBUG [] [ ] [] c.l.backend.security.jwt.JwtService - JWT Issuer: leadflow
2026-03-04 18:46:24 [main] DEBUG [] [ ] [] c.l.backend.security.jwt.JwtService - JWT Secret successfully loaded: test-secret-key-for-jwt-token-generation-minimum-256-bits-required
2026-03-04 18:46:24 [main] DEBUG [] [ ] [] c.l.backend.security.jwt.JwtService - JWT Expiration time: 3600000 ms
2026-03-04 18:46:24 [main] DEBUG [] [ ] [] c.l.backend.security.jwt.JwtService - JWT Issuer: leadflow
2026-03-04 18:46:24 [main] DEBUG [] [ ] [] c.l.backend.security.jwt.JwtService - JWT Secret successfully loaded: test-secret-key-for-jwt-token-generation-minimum-256-bits-required
2026-03-04 18:46:24 [main] DEBUG [] [ ] [] c.l.backend.security.jwt.JwtService - JWT Expiration time: 3600000 ms
2026-03-04 18:46:24 [main] DEBUG [] [ ] [] c.l.backend.security.jwt.JwtService - JWT Issuer: leadflow
2026-03-04 18:46:24 [main] DEBUG [] [ ] [] c.l.backend.security.jwt.JwtService - JWT Secret successfully loaded: test-secret-key-for-jwt-token-generation-minimum-256-bits-required
2026-03-04 18:46:24 [main] DEBUG [] [ ] [] c.l.backend.security.jwt.JwtService - JWT Expiration time: 3600000 ms
2026-03-04 18:46:24 [main] DEBUG [] [ ] [] c.l.backend.security.jwt.JwtService - JWT Issuer: leadflow
2026-03-04 18:46:24 [main] DEBUG [] [ ] [] c.l.backend.security.jwt.JwtService - JWT Secret successfully loaded: test-secret-key-for-jwt-token-generation-minimum-256-bits-required
2026-03-04 18:46:24 [main] DEBUG [] [ ] [] c.l.backend.security.jwt.JwtService - JWT Expiration time: 3600000 ms
2026-03-04 18:46:24 [main] DEBUG [] [ ] [] c.l.backend.security.jwt.JwtService - JWT Issuer: leadflow
2026-03-04 18:46:24 [main] DEBUG [] [ ] [] c.l.backend.security.jwt.JwtService - Token is valid: eyJhbGciOiJIUzI1NiJ9.eyJqdGkiOiJkMDJjZDU1My0xYTc4LTQ3ZTgtODNiNS02ODczYTZiMzQwMWIiLCJzdWIiOiJ0ZXN0QGV4YW1wbGUuY29tIiwiaXNzIjoibGVhZGZsb3ciLCJpYXQiOjE3NzI2NjA3ODQsImV4cCI6MTc3MjY2NDM4NCwidXNlcklkIjoiZGU4MjEyNWQtYmI1MS00MzgwLWJmMDQtMzIxN2ZjOWNlOWY5Iiwicm9sZSI6IlJPTEVfVVNFUiIsInRlbmFudCI6InRlc3Rfc2NoZW1hIn0.OEPyfmIxqEC-WtflfJ8vmXYOZCl8a682c4Bkf-_x4qw
[INFO] Tests run: 9, Failures: 0, Errors: 0, Skipped: 0, Time elapsed: 0.025 s -- in com.leadflow.backend.security.JwtServiceTest
[INFO] Running com.leadflow.backend.service.admin.AdminServiceTest
2026-03-04 18:46:24 [scheduler-1] DEBUG [] [ ] [] org.hibernate.SQL - 
    select
        ee1_0.id,
        ee1_0.attempt_count,
        ee1_0.email,
        ee1_0.event_type,
        ee1_0.html_content,
        ee1_0.max_attempts,
        ee1_0.next_retry_at,
        ee1_0.occurred_at,
        ee1_0.processed_at,
        ee1_0.reason,
        ee1_0.status,
        ee1_0.subject,
        ee1_0.updated_at 
    from
        email_events ee1_0 
    where
        ee1_0.status=? 
        and ee1_0.next_retry_at<=? 
    order by
        ee1_0.occurred_at 
    fetch
        first ? rows only
2026-03-04 18:46:24 [scheduler-1] TRACE [] [ ] [] org.hibernate.orm.jdbc.bind - binding parameter (1:VARCHAR) <- [PENDING]
2026-03-04 18:46:24 [scheduler-1] TRACE [] [ ] [] org.hibernate.orm.jdbc.bind - binding parameter (2:TIMESTAMP_UTC) <- [2026-03-04T21:46:24.836024100Z]
2026-03-04 18:46:24 [scheduler-1] TRACE [] [ ] [] org.hibernate.orm.jdbc.bind - binding parameter (3:INTEGER) <- [50]
[INFO] Tests run: 10, Failures: 0, Errors: 0, Skipped: 0, Time elapsed: 0.397 s -- in com.leadflow.backend.service.admin.AdminServiceTest
[INFO] Running com.leadflow.backend.service.ai.AiRateLimiterTest
[INFO] Tests run: 2, Failures: 0, Errors: 0, Skipped: 0, Time elapsed: 0.017 s -- in com.leadflow.backend.service.ai.AiRateLimiterTest
[INFO] Running com.leadflow.backend.service.auth.AuthServiceTest
2026-03-04 18:46:25 [main] DEBUG [] [ ] [] c.l.b.m.context.TenantContext - Tenant set to: tenant_test
2026-03-04 18:46:25 [main] INFO  [] [ ] [] c.l.backend.service.auth.AuthService - User registered successfully: test@example.com
2026-03-04 18:46:25 [scheduler-5] DEBUG [] [ ] [] org.hibernate.SQL - 
    select
        ee1_0.id,
        ee1_0.attempt_count,
        ee1_0.email,
        ee1_0.event_type,
        ee1_0.html_content,
        ee1_0.max_attempts,
        ee1_0.next_retry_at,
        ee1_0.occurred_at,
        ee1_0.processed_at,
        ee1_0.reason,
        ee1_0.status,
        ee1_0.subject,
        ee1_0.updated_at 
    from
        email_events ee1_0 
    where
        ee1_0.status=? 
        and ee1_0.next_retry_at<=? 
    order by
        ee1_0.occurred_at 
    fetch
        first ? rows only
2026-03-04 18:46:25 [scheduler-5] TRACE [] [ ] [] org.hibernate.orm.jdbc.bind - binding parameter (1:VARCHAR) <- [PENDING]
2026-03-04 18:46:25 [scheduler-5] TRACE [] [ ] [] org.hibernate.orm.jdbc.bind - binding parameter (2:TIMESTAMP_UTC) <- [2026-03-04T21:46:25.385101200Z]
2026-03-04 18:46:25 [scheduler-5] TRACE [] [ ] [] org.hibernate.orm.jdbc.bind - binding parameter (3:INTEGER) <- [50]
2026-03-04 18:46:25 [main] DEBUG [] [ ] [] c.l.b.m.context.TenantContext - Tenant context cleared.
2026-03-04 18:46:25 [main] DEBUG [] [ ] [] c.l.b.m.context.TenantContext - Tenant set to: tenant_test
2026-03-04 18:46:25 [scheduler-5] DEBUG [] [ ] [] org.hibernate.SQL - 
    select
        ee1_0.id,
        ee1_0.attempt_count,
        ee1_0.email,
        ee1_0.event_type,
        ee1_0.html_content,
        ee1_0.max_attempts,
        ee1_0.next_retry_at,
        ee1_0.occurred_at,
        ee1_0.processed_at,
        ee1_0.reason,
        ee1_0.status,
        ee1_0.subject,
        ee1_0.updated_at 
    from
        email_events ee1_0 
    where
        ee1_0.status=? 
        and ee1_0.next_retry_at<=? 
    order by
        ee1_0.occurred_at 
    fetch
        first ? rows only
2026-03-04 18:46:25 [scheduler-5] TRACE [] [ ] [] org.hibernate.orm.jdbc.bind - binding parameter (1:VARCHAR) <- [PENDING]
2026-03-04 18:46:25 [scheduler-5] TRACE [] [ ] [] org.hibernate.orm.jdbc.bind - binding parameter (2:TIMESTAMP_UTC) <- [2026-03-04T21:46:25.493770900Z]
2026-03-04 18:46:25 [scheduler-5] TRACE [] [ ] [] org.hibernate.orm.jdbc.bind - binding parameter (3:INTEGER) <- [50]
2026-03-04 18:46:25 [main] INFO  [] [ ] [] c.l.backend.service.auth.AuthService - User authenticated successfully: test@example.com
2026-03-04 18:46:25 [main] DEBUG [] [ ] [] c.l.b.m.context.TenantContext - Tenant context cleared.
2026-03-04 18:46:25 [main] DEBUG [] [ ] [] c.l.b.m.context.TenantContext - Tenant set to: tenant_test
2026-03-04 18:46:25 [main] WARN  [] [ ] [] c.l.backend.service.auth.AuthService - Brute-force blocked for email test@example.com
2026-03-04 18:46:25 [main] DEBUG [] [ ] [] c.l.b.m.context.TenantContext - Tenant context cleared.
2026-03-04 18:46:25 [main] DEBUG [] [ ] [] c.l.b.m.context.TenantContext - Tenant set to: tenant_test
2026-03-04 18:46:25 [main] WARN  [] [ ] [] c.l.backend.service.auth.AuthService - Invalid password attempt for test@example.com
2026-03-04 18:46:25 [main] DEBUG [] [ ] [] c.l.b.m.context.TenantContext - Tenant context cleared.
[INFO] Tests run: 4, Failures: 0, Errors: 0, Skipped: 0, Time elapsed: 0.660 s -- in com.leadflow.backend.service.auth.AuthServiceTest
[INFO] Running com.leadflow.backend.service.auth.UserSessionServiceTest
[INFO] Tests run: 9, Failures: 0, Errors: 0, Skipped: 0, Time elapsed: 0.086 s -- in com.leadflow.backend.service.auth.UserSessionServiceTest
[INFO] Running com.leadflow.backend.service.conversation.ConversationServiceTest
[INFO] Tests run: 3, Failures: 0, Errors: 0, Skipped: 0, Time elapsed: 0.076 s -- in com.leadflow.backend.service.conversation.ConversationServiceTest
[INFO] Running com.leadflow.backend.service.lead.LeadServiceTest
2026-03-04 18:46:25 [scheduler-1] DEBUG [] [ ] [] org.hibernate.SQL - 
    select
        ee1_0.id,
        ee1_0.attempt_count,
        ee1_0.email,
        ee1_0.event_type,
        ee1_0.html_content,
        ee1_0.max_attempts,
        ee1_0.next_retry_at,
        ee1_0.occurred_at,
        ee1_0.processed_at,
        ee1_0.reason,
        ee1_0.status,
        ee1_0.subject,
        ee1_0.updated_at 
    from
        email_events ee1_0 
    where
        ee1_0.status=? 
        and ee1_0.next_retry_at<=? 
    order by
        ee1_0.occurred_at 
    fetch
        first ? rows only
2026-03-04 18:46:25 [scheduler-1] TRACE [] [ ] [] org.hibernate.orm.jdbc.bind - binding parameter (1:VARCHAR) <- [PENDING]
2026-03-04 18:46:25 [scheduler-1] TRACE [] [ ] [] org.hibernate.orm.jdbc.bind - binding parameter (2:TIMESTAMP_UTC) <- [2026-03-04T21:46:25.851374Z]
2026-03-04 18:46:25 [scheduler-1] TRACE [] [ ] [] org.hibernate.orm.jdbc.bind - binding parameter (3:INTEGER) <- [50]
[INFO] Tests run: 7, Failures: 0, Errors: 0, Skipped: 0, Time elapsed: 0.145 s -- in com.leadflow.backend.service.lead.LeadServiceTest
[INFO] Running com.leadflow.backend.service.security.BruteForceProtectionServiceTest
[INFO] Tests run: 1, Failures: 0, Errors: 0, Skipped: 0, Time elapsed: 0.208 s -- in com.leadflow.backend.service.security.BruteForceProtectionServiceTest
[INFO] Running com.leadflow.backend.service.user.UserServiceTest
[INFO] Tests run: 4, Failures: 0, Errors: 0, Skipped: 0, Time elapsed: 0.007 s -- in com.leadflow.backend.service.user.UserServiceTest
[INFO] Running com.leadflow.backend.service.vendor.QuotaServiceTest
2026-03-04 18:46:26 [main] INFO  [] [ ] [] c.l.b.service.vendor.QuotaService - Alerta de 100% enviado para vendor f1b94126-f0dd-4abc-a228-1ee84f4b441a no recurso ACTIVE_LEADS
2026-03-04 18:46:26 [main] INFO  [] [ ] [] c.l.b.service.vendor.QuotaService - Alerta de 80% enviado para vendor 67ea52b4-b956-4902-9537-a26d5a499aac no recurso ACTIVE_LEADS
[INFO] Tests run: 3, Failures: 0, Errors: 0, Skipped: 0, Time elapsed: 0.008 s -- in com.leadflow.backend.service.vendor.QuotaServiceTest
[INFO] Running com.leadflow.backend.service.vendor.VendorFeatureServiceTest
[INFO] Tests run: 2, Failures: 0, Errors: 0, Skipped: 0, Time elapsed: 0.066 s -- in com.leadflow.backend.service.vendor.VendorFeatureServiceTest
[INFO] Running com.leadflow.backend.service.vendor.VendorLeadServiceTest
2026-03-04 18:46:26 [scheduler-5] DEBUG [] [ ] [] org.hibernate.SQL - 
    select
        ee1_0.id,
        ee1_0.attempt_count,
        ee1_0.email,
        ee1_0.event_type,
        ee1_0.html_content,
        ee1_0.max_attempts,
        ee1_0.next_retry_at,
        ee1_0.occurred_at,
        ee1_0.processed_at,
        ee1_0.reason,
        ee1_0.status,
        ee1_0.subject,
        ee1_0.updated_at 
    from
        email_events ee1_0 
    where
        ee1_0.status=? 
        and ee1_0.next_retry_at<=? 
    order by
        ee1_0.occurred_at 
    fetch
        first ? rows only
2026-03-04 18:46:26 [scheduler-5] TRACE [] [ ] [] org.hibernate.orm.jdbc.bind - binding parameter (1:VARCHAR) <- [PENDING]
2026-03-04 18:46:26 [scheduler-5] TRACE [] [ ] [] org.hibernate.orm.jdbc.bind - binding parameter (2:TIMESTAMP_UTC) <- [2026-03-04T21:46:26.413238900Z]
2026-03-04 18:46:26 [scheduler-5] TRACE [] [ ] [] org.hibernate.orm.jdbc.bind - binding parameter (3:INTEGER) <- [50]
2026-03-04 18:46:26 [main] INFO  [] [ ] [] c.l.b.s.vendor.VendorLeadService - lead_owner_assigned vendorId=9af7e330-6d19-4809-b435-6092413033bf leadId=325d097c-9f14-46c4-844b-13effc6eaa25 ownerEmail=user@test.com
2026-03-04 18:46:26 [main] INFO  [] [ ] [] c.l.b.s.vendor.VendorLeadService - lead_stage_changed vendorId=0e1418bf-822f-4144-a6db-cc59519a55c0 leadId=8e4733d2-f86c-4df2-8df6-d432e1c5cf57 from=NOVO to=CONTATO
[INFO] Tests run: 6, Failures: 0, Errors: 0, Skipped: 0, Time elapsed: 0.191 s -- in com.leadflow.backend.service.vendor.VendorLeadServiceTest
[INFO] 
[INFO] Results:
[INFO] 
[INFO] Tests run: 122, Failures: 0, Errors: 0, Skipped: 0
[INFO] 
[INFO] ------------------------------------------------------------------------
[INFO] BUILD SUCCESS
[INFO] ------------------------------------------------------------------------
[INFO] Total time:  01:39 min
[INFO] Finished at: 2026-03-04T18:46:27-03:00
[INFO] ------------------------------------------------------------------------
